
> careconnect-backend@1.0.0 test
> jest extreme-edge-cases-phase5.test.ts --forceExit --testTimeout=120000

  console.log
    [TELEMETRY] Flushed old metrics. Current buffer sizes: parsing=1000, documents=0

      at TelemetryCollector.flushMetrics (src/services/telemetry.ts:276:15)

  console.log
    [TELEMETRY] Flushed old metrics. Current buffer sizes: parsing=1001, documents=0

      at TelemetryCollector.flushMetrics (src/services/telemetry.ts:276:15)

  console.log
    [TELEMETRY] Flushed old metrics. Current buffer sizes: parsing=1002, documents=0

      at TelemetryCollector.flushMetrics (src/services/telemetry.ts:276:15)

  console.log
    [TELEMETRY] Flushed old metrics. Current buffer sizes: parsing=1003, documents=0

      at TelemetryCollector.flushMetrics (src/services/telemetry.ts:276:15)

  console.log
    [TELEMETRY] Flushed old metrics. Current buffer sizes: parsing=1004, documents=0

      at TelemetryCollector.flushMetrics (src/services/telemetry.ts:276:15)

  console.log
    [TELEMETRY] Flushed old metrics. Current buffer sizes: parsing=1005, documents=0

      at TelemetryCollector.flushMetrics (src/services/telemetry.ts:276:15)

  console.log
    [TELEMETRY] Flushed old metrics. Current buffer sizes: parsing=1006, documents=0

      at TelemetryCollector.flushMetrics (src/services/telemetry.ts:276:15)

  console.log
    [TELEMETRY] Flushed old metrics. Current buffer sizes: parsing=1007, documents=0

      at TelemetryCollector.flushMetrics (src/services/telemetry.ts:276:15)

  console.log
    [TELEMETRY] Flushed old metrics. Current buffer sizes: parsing=1008, documents=0

      at TelemetryCollector.flushMetrics (src/services/telemetry.ts:276:15)

  console.log
    [TELEMETRY] Flushed old metrics. Current buffer sizes: parsing=1009, documents=0

      at TelemetryCollector.flushMetrics (src/services/telemetry.ts:276:15)

  console.log
    [TELEMETRY] Flushed old metrics. Current buffer sizes: parsing=1010, documents=0

      at TelemetryCollector.flushMetrics (src/services/telemetry.ts:276:15)

  console.log
    [TELEMETRY] Flushed old metrics. Current buffer sizes: parsing=1011, documents=0

      at TelemetryCollector.flushMetrics (src/services/telemetry.ts:276:15)

  console.log
    [TELEMETRY] Flushed old metrics. Current buffer sizes: parsing=1012, documents=0

      at TelemetryCollector.flushMetrics (src/services/telemetry.ts:276:15)

  console.log
    [TELEMETRY] Flushed old metrics. Current buffer sizes: parsing=1013, documents=0

      at TelemetryCollector.flushMetrics (src/services/telemetry.ts:276:15)

  console.log
    [TELEMETRY] Flushed old metrics. Current buffer sizes: parsing=1014, documents=0

      at TelemetryCollector.flushMetrics (src/services/telemetry.ts:276:15)

  console.log
    [TELEMETRY] Flushed old metrics. Current buffer sizes: parsing=1015, documents=0

      at TelemetryCollector.flushMetrics (src/services/telemetry.ts:276:15)

  console.log
    [TELEMETRY] Flushed old metrics. Current buffer sizes: parsing=1016, documents=0

      at TelemetryCollector.flushMetrics (src/services/telemetry.ts:276:15)

  console.log
    [TELEMETRY] Flushed old metrics. Current buffer sizes: parsing=1017, documents=0

      at TelemetryCollector.flushMetrics (src/services/telemetry.ts:276:15)

  console.log
    [TELEMETRY] Flushed old metrics. Current buffer sizes: parsing=1018, documents=0

      at TelemetryCollector.flushMetrics (src/services/telemetry.ts:276:15)

  console.log
    [TELEMETRY] Flushed old metrics. Current buffer sizes: parsing=1019, documents=0

      at TelemetryCollector.flushMetrics (src/services/telemetry.ts:276:15)

  console.log
    [TELEMETRY] Flushed old metrics. Current buffer sizes: parsing=1020, documents=0

      at TelemetryCollector.flushMetrics (src/services/telemetry.ts:276:15)

  console.log
    [TELEMETRY] Flushed old metrics. Current buffer sizes: parsing=1021, documents=0

      at TelemetryCollector.flushMetrics (src/services/telemetry.ts:276:15)

  console.log
    [TELEMETRY] Flushed old metrics. Current buffer sizes: parsing=1022, documents=0

      at TelemetryCollector.flushMetrics (src/services/telemetry.ts:276:15)

  console.log
    [TELEMETRY] Flushed old metrics. Current buffer sizes: parsing=1023, documents=0

      at TelemetryCollector.flushMetrics (src/services/telemetry.ts:276:15)

  console.log
    [TELEMETRY] Flushed old metrics. Current buffer sizes: parsing=1024, documents=0

      at TelemetryCollector.flushMetrics (src/services/telemetry.ts:276:15)

  console.log
    [TELEMETRY] Flushed old metrics. Current buffer sizes: parsing=1025, documents=0

      at TelemetryCollector.flushMetrics (src/services/telemetry.ts:276:15)

  console.log
    [TELEMETRY] Flushed old metrics. Current buffer sizes: parsing=1026, documents=0

      at TelemetryCollector.flushMetrics (src/services/telemetry.ts:276:15)

  console.log
    [TELEMETRY] Flushed old metrics. Current buffer sizes: parsing=1027, documents=0

      at TelemetryCollector.flushMetrics (src/services/telemetry.ts:276:15)

  console.log
    [TELEMETRY] Flushed old metrics. Current buffer sizes: parsing=1028, documents=0

      at TelemetryCollector.flushMetrics (src/services/telemetry.ts:276:15)

  console.log
    [TELEMETRY] Flushed old metrics. Current buffer sizes: parsing=1029, documents=0

      at TelemetryCollector.flushMetrics (src/services/telemetry.ts:276:15)

  console.log
    [TELEMETRY] Flushed old metrics. Current buffer sizes: parsing=1030, documents=0

      at TelemetryCollector.flushMetrics (src/services/telemetry.ts:276:15)

  console.log
    [TELEMETRY] Flushed old metrics. Current buffer sizes: parsing=1031, documents=0

      at TelemetryCollector.flushMetrics (src/services/telemetry.ts:276:15)

  console.log
    [TELEMETRY] Flushed old metrics. Current buffer sizes: parsing=1032, documents=0

      at TelemetryCollector.flushMetrics (src/services/telemetry.ts:276:15)

  console.log
    [TELEMETRY] Flushed old metrics. Current buffer sizes: parsing=1033, documents=0

      at TelemetryCollector.flushMetrics (src/services/telemetry.ts:276:15)

  console.log
    [TELEMETRY] Flushed old metrics. Current buffer sizes: parsing=1034, documents=0

      at TelemetryCollector.flushMetrics (src/services/telemetry.ts:276:15)

  console.log
    [TELEMETRY] Flushed old metrics. Current buffer sizes: parsing=1035, documents=0

      at TelemetryCollector.flushMetrics (src/services/telemetry.ts:276:15)

  console.log
    [TELEMETRY] Flushed old metrics. Current buffer sizes: parsing=1036, documents=0

      at TelemetryCollector.flushMetrics (src/services/telemetry.ts:276:15)

  console.log
    [TELEMETRY] Flushed old metrics. Current buffer sizes: parsing=1037, documents=0

      at TelemetryCollector.flushMetrics (src/services/telemetry.ts:276:15)

  console.log
    [TELEMETRY] Flushed old metrics. Current buffer sizes: parsing=1038, documents=0

      at TelemetryCollector.flushMetrics (src/services/telemetry.ts:276:15)

  console.log
    [TELEMETRY] Flushed old metrics. Current buffer sizes: parsing=1039, documents=0

      at TelemetryCollector.flushMetrics (src/services/telemetry.ts:276:15)

  console.log
    [TELEMETRY] Flushed old metrics. Current buffer sizes: parsing=1040, documents=0

      at TelemetryCollector.flushMetrics (src/services/telemetry.ts:276:15)

  console.log
    [TELEMETRY] Flushed old metrics. Current buffer sizes: parsing=1041, documents=0

      at TelemetryCollector.flushMetrics (src/services/telemetry.ts:276:15)

  console.log
    [TELEMETRY] Flushed old metrics. Current buffer sizes: parsing=1042, documents=0

      at TelemetryCollector.flushMetrics (src/services/telemetry.ts:276:15)

  console.log
    [TELEMETRY] Flushed old metrics. Current buffer sizes: parsing=1043, documents=0

      at TelemetryCollector.flushMetrics (src/services/telemetry.ts:276:15)

  console.log
    [TELEMETRY] Flushed old metrics. Current buffer sizes: parsing=1044, documents=0

      at TelemetryCollector.flushMetrics (src/services/telemetry.ts:276:15)

  console.log
    [TELEMETRY] Flushed old metrics. Current buffer sizes: parsing=1045, documents=0

      at TelemetryCollector.flushMetrics (src/services/telemetry.ts:276:15)

  console.log
    [TELEMETRY] Flushed old metrics. Current buffer sizes: parsing=1046, documents=0

      at TelemetryCollector.flushMetrics (src/services/telemetry.ts:276:15)

  console.log
    [TELEMETRY] Flushed old metrics. Current buffer sizes: parsing=1047, documents=0

      at TelemetryCollector.flushMetrics (src/services/telemetry.ts:276:15)

  console.log
    [TELEMETRY] Flushed old metrics. Current buffer sizes: parsing=1048, documents=0

      at TelemetryCollector.flushMetrics (src/services/telemetry.ts:276:15)

  console.log
    [TELEMETRY] Flushed old metrics. Current buffer sizes: parsing=1049, documents=0

      at TelemetryCollector.flushMetrics (src/services/telemetry.ts:276:15)

  console.log
    [TELEMETRY] Flushed old metrics. Current buffer sizes: parsing=1050, documents=0

      at TelemetryCollector.flushMetrics (src/services/telemetry.ts:276:15)

  console.log
    [TELEMETRY] Flushed old metrics. Current buffer sizes: parsing=1051, documents=0

      at TelemetryCollector.flushMetrics (src/services/telemetry.ts:276:15)

  console.log
    [TELEMETRY] Flushed old metrics. Current buffer sizes: parsing=1052, documents=0

      at TelemetryCollector.flushMetrics (src/services/telemetry.ts:276:15)

  console.log
    [TELEMETRY] Flushed old metrics. Current buffer sizes: parsing=1053, documents=0

      at TelemetryCollector.flushMetrics (src/services/telemetry.ts:276:15)

  console.log
    [TELEMETRY] Flushed old metrics. Current buffer sizes: parsing=1054, documents=0

      at TelemetryCollector.flushMetrics (src/services/telemetry.ts:276:15)

  console.log
    [TELEMETRY] Flushed old metrics. Current buffer sizes: parsing=1055, documents=0

      at TelemetryCollector.flushMetrics (src/services/telemetry.ts:276:15)

  console.log
    [TELEMETRY] Flushed old metrics. Current buffer sizes: parsing=1056, documents=0

      at TelemetryCollector.flushMetrics (src/services/telemetry.ts:276:15)

  console.log
    [TELEMETRY] Flushed old metrics. Current buffer sizes: parsing=1057, documents=0

      at TelemetryCollector.flushMetrics (src/services/telemetry.ts:276:15)

  console.log
    [TELEMETRY] Flushed old metrics. Current buffer sizes: parsing=1058, documents=0

      at TelemetryCollector.flushMetrics (src/services/telemetry.ts:276:15)

  console.log
    [TELEMETRY] Flushed old metrics. Current buffer sizes: parsing=1059, documents=0

      at TelemetryCollector.flushMetrics (src/services/telemetry.ts:276:15)

  console.log
    [TELEMETRY] Flushed old metrics. Current buffer sizes: parsing=1060, documents=0

      at TelemetryCollector.flushMetrics (src/services/telemetry.ts:276:15)

  console.log
    [TELEMETRY] Flushed old metrics. Current buffer sizes: parsing=1061, documents=0

      at TelemetryCollector.flushMetrics (src/services/telemetry.ts:276:15)

  console.log
    [TELEMETRY] Flushed old metrics. Current buffer sizes: parsing=1062, documents=0

      at TelemetryCollector.flushMetrics (src/services/telemetry.ts:276:15)

  console.log
    [TELEMETRY] Flushed old metrics. Current buffer sizes: parsing=1063, documents=0

      at TelemetryCollector.flushMetrics (src/services/telemetry.ts:276:15)

  console.log
    [TELEMETRY] Flushed old metrics. Current buffer sizes: parsing=1064, documents=0

      at TelemetryCollector.flushMetrics (src/services/telemetry.ts:276:15)

  console.log
    [TELEMETRY] Flushed old metrics. Current buffer sizes: parsing=1065, documents=0

      at TelemetryCollector.flushMetrics (src/services/telemetry.ts:276:15)

  console.log
    [TELEMETRY] Flushed old metrics. Current buffer sizes: parsing=1066, documents=0

      at TelemetryCollector.flushMetrics (src/services/telemetry.ts:276:15)

  console.log
    [TELEMETRY] Flushed old metrics. Current buffer sizes: parsing=1067, documents=0

      at TelemetryCollector.flushMetrics (src/services/telemetry.ts:276:15)

  console.log
    [TELEMETRY] Flushed old metrics. Current buffer sizes: parsing=1068, documents=0

      at TelemetryCollector.flushMetrics (src/services/telemetry.ts:276:15)

  console.log
    [TELEMETRY] Flushed old metrics. Current buffer sizes: parsing=1069, documents=0

      at TelemetryCollector.flushMetrics (src/services/telemetry.ts:276:15)

  console.log
    [TELEMETRY] Flushed old metrics. Current buffer sizes: parsing=1070, documents=0

      at TelemetryCollector.flushMetrics (src/services/telemetry.ts:276:15)

  console.log
    [TELEMETRY] Flushed old metrics. Current buffer sizes: parsing=1071, documents=0

      at TelemetryCollector.flushMetrics (src/services/telemetry.ts:276:15)

  console.log
    [TELEMETRY] Flushed old metrics. Current buffer sizes: parsing=1072, documents=0

      at TelemetryCollector.flushMetrics (src/services/telemetry.ts:276:15)

  console.log
    [TELEMETRY] Flushed old metrics. Current buffer sizes: parsing=1073, documents=0

      at TelemetryCollector.flushMetrics (src/services/telemetry.ts:276:15)

  console.log
    [TELEMETRY] Flushed old metrics. Current buffer sizes: parsing=1074, documents=0

      at TelemetryCollector.flushMetrics (src/services/telemetry.ts:276:15)

  console.log
    [TELEMETRY] Flushed old metrics. Current buffer sizes: parsing=1075, documents=0

      at TelemetryCollector.flushMetrics (src/services/telemetry.ts:276:15)

  console.log
    [TELEMETRY] Flushed old metrics. Current buffer sizes: parsing=1076, documents=0

      at TelemetryCollector.flushMetrics (src/services/telemetry.ts:276:15)

  console.log
    [TELEMETRY] Flushed old metrics. Current buffer sizes: parsing=1077, documents=0

      at TelemetryCollector.flushMetrics (src/services/telemetry.ts:276:15)

  console.log
    [TELEMETRY] Flushed old metrics. Current buffer sizes: parsing=1078, documents=0

      at TelemetryCollector.flushMetrics (src/services/telemetry.ts:276:15)

  console.log
    [TELEMETRY] Flushed old metrics. Current buffer sizes: parsing=1079, documents=0

      at TelemetryCollector.flushMetrics (src/services/telemetry.ts:276:15)

  console.log
    [TELEMETRY] Flushed old metrics. Current buffer sizes: parsing=1080, documents=0

      at TelemetryCollector.flushMetrics (src/services/telemetry.ts:276:15)

  console.log
    [TELEMETRY] Flushed old metrics. Current buffer sizes: parsing=1081, documents=0

      at TelemetryCollector.flushMetrics (src/services/telemetry.ts:276:15)

  console.log
    [TELEMETRY] Flushed old metrics. Current buffer sizes: parsing=1082, documents=0

      at TelemetryCollector.flushMetrics (src/services/telemetry.ts:276:15)

  console.log
    [TELEMETRY] Flushed old metrics. Current buffer sizes: parsing=1083, documents=0

      at TelemetryCollector.flushMetrics (src/services/telemetry.ts:276:15)

  console.log
    [TELEMETRY] Flushed old metrics. Current buffer sizes: parsing=1084, documents=0

      at TelemetryCollector.flushMetrics (src/services/telemetry.ts:276:15)

  console.log
    [TELEMETRY] Flushed old metrics. Current buffer sizes: parsing=1085, documents=0

      at TelemetryCollector.flushMetrics (src/services/telemetry.ts:276:15)

  console.log
    [TELEMETRY] Flushed old metrics. Current buffer sizes: parsing=1086, documents=0

      at TelemetryCollector.flushMetrics (src/services/telemetry.ts:276:15)

  console.log
    [TELEMETRY] Flushed old metrics. Current buffer sizes: parsing=1087, documents=0

      at TelemetryCollector.flushMetrics (src/services/telemetry.ts:276:15)

  console.log
    [TELEMETRY] Flushed old metrics. Current buffer sizes: parsing=1088, documents=0

      at TelemetryCollector.flushMetrics (src/services/telemetry.ts:276:15)

  console.log
    [TELEMETRY] Flushed old metrics. Current buffer sizes: parsing=1089, documents=0

      at TelemetryCollector.flushMetrics (src/services/telemetry.ts:276:15)

  console.log
    [TELEMETRY] Flushed old metrics. Current buffer sizes: parsing=1090, documents=0

      at TelemetryCollector.flushMetrics (src/services/telemetry.ts:276:15)

  console.log
    [TELEMETRY] Flushed old metrics. Current buffer sizes: parsing=1091, documents=0

      at TelemetryCollector.flushMetrics (src/services/telemetry.ts:276:15)

  console.log
    [TELEMETRY] Flushed old metrics. Current buffer sizes: parsing=1092, documents=0

      at TelemetryCollector.flushMetrics (src/services/telemetry.ts:276:15)

  console.log
    [TELEMETRY] Flushed old metrics. Current buffer sizes: parsing=1093, documents=0

      at TelemetryCollector.flushMetrics (src/services/telemetry.ts:276:15)

  console.log
    [TELEMETRY] Flushed old metrics. Current buffer sizes: parsing=1094, documents=0

      at TelemetryCollector.flushMetrics (src/services/telemetry.ts:276:15)

  console.log
    [TELEMETRY] Flushed old metrics. Current buffer sizes: parsing=1095, documents=0

      at TelemetryCollector.flushMetrics (src/services/telemetry.ts:276:15)

  console.log
    [TELEMETRY] Flushed old metrics. Current buffer sizes: parsing=1096, documents=0

      at TelemetryCollector.flushMetrics (src/services/telemetry.ts:276:15)

  console.log
    [TELEMETRY] Flushed old metrics. Current buffer sizes: parsing=1097, documents=0

      at TelemetryCollector.flushMetrics (src/services/telemetry.ts:276:15)

  console.log
    [TELEMETRY] Flushed old metrics. Current buffer sizes: parsing=1098, documents=0

      at TelemetryCollector.flushMetrics (src/services/telemetry.ts:276:15)

  console.log
    [TELEMETRY] Flushed old metrics. Current buffer sizes: parsing=1099, documents=0

      at TelemetryCollector.flushMetrics (src/services/telemetry.ts:276:15)

  console.log
    [TELEMETRY] Flushed old metrics. Current buffer sizes: parsing=1100, documents=0

      at TelemetryCollector.flushMetrics (src/services/telemetry.ts:276:15)

  console.log
    [TELEMETRY] Flushed old metrics. Current buffer sizes: parsing=1101, documents=0

      at TelemetryCollector.flushMetrics (src/services/telemetry.ts:276:15)

  console.log
    [TELEMETRY] Flushed old metrics. Current buffer sizes: parsing=1102, documents=0

      at TelemetryCollector.flushMetrics (src/services/telemetry.ts:276:15)

  console.log
    [TELEMETRY] Flushed old metrics. Current buffer sizes: parsing=1103, documents=0

      at TelemetryCollector.flushMetrics (src/services/telemetry.ts:276:15)

  console.log
    [TELEMETRY] Flushed old metrics. Current buffer sizes: parsing=1104, documents=0

      at TelemetryCollector.flushMetrics (src/services/telemetry.ts:276:15)

  console.log
    [TELEMETRY] Flushed old metrics. Current buffer sizes: parsing=1105, documents=0

      at TelemetryCollector.flushMetrics (src/services/telemetry.ts:276:15)

  console.log
    [TELEMETRY] Flushed old metrics. Current buffer sizes: parsing=1106, documents=0

      at TelemetryCollector.flushMetrics (src/services/telemetry.ts:276:15)

  console.log
    [TELEMETRY] Flushed old metrics. Current buffer sizes: parsing=1107, documents=0

      at TelemetryCollector.flushMetrics (src/services/telemetry.ts:276:15)

  console.log
    [TELEMETRY] Flushed old metrics. Current buffer sizes: parsing=1108, documents=0

      at TelemetryCollector.flushMetrics (src/services/telemetry.ts:276:15)

  console.log
    [TELEMETRY] Flushed old metrics. Current buffer sizes: parsing=1109, documents=0

      at TelemetryCollector.flushMetrics (src/services/telemetry.ts:276:15)

  console.log
    [TELEMETRY] Flushed old metrics. Current buffer sizes: parsing=1110, documents=0

      at TelemetryCollector.flushMetrics (src/services/telemetry.ts:276:15)

  console.log
    [TELEMETRY] Flushed old metrics. Current buffer sizes: parsing=1111, documents=0

      at TelemetryCollector.flushMetrics (src/services/telemetry.ts:276:15)

  console.log
    [TELEMETRY] Flushed old metrics. Current buffer sizes: parsing=1112, documents=0

      at TelemetryCollector.flushMetrics (src/services/telemetry.ts:276:15)

  console.log
    [TELEMETRY] Flushed old metrics. Current buffer sizes: parsing=1113, documents=0

      at TelemetryCollector.flushMetrics (src/services/telemetry.ts:276:15)

  console.log
    [TELEMETRY] Flushed old metrics. Current buffer sizes: parsing=1114, documents=0

      at TelemetryCollector.flushMetrics (src/services/telemetry.ts:276:15)

  console.log
    [TELEMETRY] Flushed old metrics. Current buffer sizes: parsing=1115, documents=0

      at TelemetryCollector.flushMetrics (src/services/telemetry.ts:276:15)

  console.log
    [TELEMETRY] Flushed old metrics. Current buffer sizes: parsing=1116, documents=0

      at TelemetryCollector.flushMetrics (src/services/telemetry.ts:276:15)

  console.log
    [TELEMETRY] Flushed old metrics. Current buffer sizes: parsing=1117, documents=0

      at TelemetryCollector.flushMetrics (src/services/telemetry.ts:276:15)

  console.log
    [TELEMETRY] Flushed old metrics. Current buffer sizes: parsing=1118, documents=0

      at TelemetryCollector.flushMetrics (src/services/telemetry.ts:276:15)

  console.log
    [TELEMETRY] Flushed old metrics. Current buffer sizes: parsing=1119, documents=0

      at TelemetryCollector.flushMetrics (src/services/telemetry.ts:276:15)

  console.log
    [TELEMETRY] Flushed old metrics. Current buffer sizes: parsing=1120, documents=0

      at TelemetryCollector.flushMetrics (src/services/telemetry.ts:276:15)

  console.log
    [TELEMETRY] Flushed old metrics. Current buffer sizes: parsing=1121, documents=0

      at TelemetryCollector.flushMetrics (src/services/telemetry.ts:276:15)

  console.log
    [TELEMETRY] Flushed old metrics. Current buffer sizes: parsing=1122, documents=0

      at TelemetryCollector.flushMetrics (src/services/telemetry.ts:276:15)

  console.log
    [TELEMETRY] Flushed old metrics. Current buffer sizes: parsing=1123, documents=0

      at TelemetryCollector.flushMetrics (src/services/telemetry.ts:276:15)

  console.log
    [TELEMETRY] Flushed old metrics. Current buffer sizes: parsing=1124, documents=0

      at TelemetryCollector.flushMetrics (src/services/telemetry.ts:276:15)

  console.log
    [TELEMETRY] Flushed old metrics. Current buffer sizes: parsing=1125, documents=0

      at TelemetryCollector.flushMetrics (src/services/telemetry.ts:276:15)

  console.log
    [TELEMETRY] Flushed old metrics. Current buffer sizes: parsing=1126, documents=0

      at TelemetryCollector.flushMetrics (src/services/telemetry.ts:276:15)

  console.log
    [TELEMETRY] Flushed old metrics. Current buffer sizes: parsing=1127, documents=0

      at TelemetryCollector.flushMetrics (src/services/telemetry.ts:276:15)

  console.log
    [TELEMETRY] Flushed old metrics. Current buffer sizes: parsing=1128, documents=0

      at TelemetryCollector.flushMetrics (src/services/telemetry.ts:276:15)

  console.log
    [TELEMETRY] Flushed old metrics. Current buffer sizes: parsing=1129, documents=0

      at TelemetryCollector.flushMetrics (src/services/telemetry.ts:276:15)

  console.log
    [TELEMETRY] Flushed old metrics. Current buffer sizes: parsing=1130, documents=0

      at TelemetryCollector.flushMetrics (src/services/telemetry.ts:276:15)

  console.log
    [TELEMETRY] Flushed old metrics. Current buffer sizes: parsing=1131, documents=0

      at TelemetryCollector.flushMetrics (src/services/telemetry.ts:276:15)

  console.log
    [TELEMETRY] Flushed old metrics. Current buffer sizes: parsing=1132, documents=0

      at TelemetryCollector.flushMetrics (src/services/telemetry.ts:276:15)

  console.log
    [TELEMETRY] Flushed old metrics. Current buffer sizes: parsing=1133, documents=0

      at TelemetryCollector.flushMetrics (src/services/telemetry.ts:276:15)

  console.log
    [TELEMETRY] Flushed old metrics. Current buffer sizes: parsing=1134, documents=0

      at TelemetryCollector.flushMetrics (src/services/telemetry.ts:276:15)

  console.log
    [TELEMETRY] Flushed old metrics. Current buffer sizes: parsing=1135, documents=0

      at TelemetryCollector.flushMetrics (src/services/telemetry.ts:276:15)

  console.log
    [TELEMETRY] Flushed old metrics. Current buffer sizes: parsing=1136, documents=0

      at TelemetryCollector.flushMetrics (src/services/telemetry.ts:276:15)

  console.log
    [TELEMETRY] Flushed old metrics. Current buffer sizes: parsing=1137, documents=0

      at TelemetryCollector.flushMetrics (src/services/telemetry.ts:276:15)

  console.log
    [TELEMETRY] Flushed old metrics. Current buffer sizes: parsing=1138, documents=0

      at TelemetryCollector.flushMetrics (src/services/telemetry.ts:276:15)

  console.log
    [TELEMETRY] Flushed old metrics. Current buffer sizes: parsing=1139, documents=0

      at TelemetryCollector.flushMetrics (src/services/telemetry.ts:276:15)

  console.log
    [TELEMETRY] Flushed old metrics. Current buffer sizes: parsing=1140, documents=0

      at TelemetryCollector.flushMetrics (src/services/telemetry.ts:276:15)

  console.log
    [TELEMETRY] Flushed old metrics. Current buffer sizes: parsing=1141, documents=0

      at TelemetryCollector.flushMetrics (src/services/telemetry.ts:276:15)

  console.log
    [TELEMETRY] Flushed old metrics. Current buffer sizes: parsing=1142, documents=0

      at TelemetryCollector.flushMetrics (src/services/telemetry.ts:276:15)

  console.log
    [TELEMETRY] Flushed old metrics. Current buffer sizes: parsing=1143, documents=0

      at TelemetryCollector.flushMetrics (src/services/telemetry.ts:276:15)

  console.log
    [TELEMETRY] Flushed old metrics. Current buffer sizes: parsing=1144, documents=0

      at TelemetryCollector.flushMetrics (src/services/telemetry.ts:276:15)

  console.log
    [TELEMETRY] Flushed old metrics. Current buffer sizes: parsing=1145, documents=0

      at TelemetryCollector.flushMetrics (src/services/telemetry.ts:276:15)

  console.log
    [TELEMETRY] Flushed old metrics. Current buffer sizes: parsing=1146, documents=0

      at TelemetryCollector.flushMetrics (src/services/telemetry.ts:276:15)

  console.log
    [TELEMETRY] Flushed old metrics. Current buffer sizes: parsing=1147, documents=0

      at TelemetryCollector.flushMetrics (src/services/telemetry.ts:276:15)

  console.log
    [TELEMETRY] Flushed old metrics. Current buffer sizes: parsing=1148, documents=0

      at TelemetryCollector.flushMetrics (src/services/telemetry.ts:276:15)

  console.log
    [TELEMETRY] Flushed old metrics. Current buffer sizes: parsing=1149, documents=0

      at TelemetryCollector.flushMetrics (src/services/telemetry.ts:276:15)

  console.log
    [TELEMETRY] Flushed old metrics. Current buffer sizes: parsing=1150, documents=0

      at TelemetryCollector.flushMetrics (src/services/telemetry.ts:276:15)

  console.log
    [TELEMETRY] Flushed old metrics. Current buffer sizes: parsing=1151, documents=0

      at TelemetryCollector.flushMetrics (src/services/telemetry.ts:276:15)

  console.log
    [TELEMETRY] Flushed old metrics. Current buffer sizes: parsing=1152, documents=0

      at TelemetryCollector.flushMetrics (src/services/telemetry.ts:276:15)

  console.log
    [TELEMETRY] Flushed old metrics. Current buffer sizes: parsing=1153, documents=0

      at TelemetryCollector.flushMetrics (src/services/telemetry.ts:276:15)

  console.log
    [TELEMETRY] Flushed old metrics. Current buffer sizes: parsing=1154, documents=0

      at TelemetryCollector.flushMetrics (src/services/telemetry.ts:276:15)

  console.log
    [TELEMETRY] Flushed old metrics. Current buffer sizes: parsing=1155, documents=0

      at TelemetryCollector.flushMetrics (src/services/telemetry.ts:276:15)

  console.log
    [TELEMETRY] Flushed old metrics. Current buffer sizes: parsing=1156, documents=0

      at TelemetryCollector.flushMetrics (src/services/telemetry.ts:276:15)

  console.log
    [TELEMETRY] Flushed old metrics. Current buffer sizes: parsing=1157, documents=0

      at TelemetryCollector.flushMetrics (src/services/telemetry.ts:276:15)

  console.log
    [TELEMETRY] Flushed old metrics. Current buffer sizes: parsing=1158, documents=0

      at TelemetryCollector.flushMetrics (src/services/telemetry.ts:276:15)

  console.log
    [TELEMETRY] Flushed old metrics. Current buffer sizes: parsing=1159, documents=0

      at TelemetryCollector.flushMetrics (src/services/telemetry.ts:276:15)

  console.log
    [TELEMETRY] Flushed old metrics. Current buffer sizes: parsing=1160, documents=0

      at TelemetryCollector.flushMetrics (src/services/telemetry.ts:276:15)

  console.log
    [TELEMETRY] Flushed old metrics. Current buffer sizes: parsing=1161, documents=0

      at TelemetryCollector.flushMetrics (src/services/telemetry.ts:276:15)

  console.log
    [TELEMETRY] Flushed old metrics. Current buffer sizes: parsing=1162, documents=0

      at TelemetryCollector.flushMetrics (src/services/telemetry.ts:276:15)

  console.log
    [TELEMETRY] Flushed old metrics. Current buffer sizes: parsing=1163, documents=0

      at TelemetryCollector.flushMetrics (src/services/telemetry.ts:276:15)

  console.log
    [TELEMETRY] Flushed old metrics. Current buffer sizes: parsing=1164, documents=0

      at TelemetryCollector.flushMetrics (src/services/telemetry.ts:276:15)

  console.log
    [TELEMETRY] Flushed old metrics. Current buffer sizes: parsing=1165, documents=0

      at TelemetryCollector.flushMetrics (src/services/telemetry.ts:276:15)

  console.log
    [TELEMETRY] Flushed old metrics. Current buffer sizes: parsing=1166, documents=0

      at TelemetryCollector.flushMetrics (src/services/telemetry.ts:276:15)

  console.log
    [TELEMETRY] Flushed old metrics. Current buffer sizes: parsing=1167, documents=0

      at TelemetryCollector.flushMetrics (src/services/telemetry.ts:276:15)

  console.log
    [TELEMETRY] Flushed old metrics. Current buffer sizes: parsing=1168, documents=0

      at TelemetryCollector.flushMetrics (src/services/telemetry.ts:276:15)

  console.log
    [TELEMETRY] Flushed old metrics. Current buffer sizes: parsing=1169, documents=0

      at TelemetryCollector.flushMetrics (src/services/telemetry.ts:276:15)

  console.log
    [TELEMETRY] Flushed old metrics. Current buffer sizes: parsing=1170, documents=0

      at TelemetryCollector.flushMetrics (src/services/telemetry.ts:276:15)

  console.log
    [TELEMETRY] Flushed old metrics. Current buffer sizes: parsing=1171, documents=0

      at TelemetryCollector.flushMetrics (src/services/telemetry.ts:276:15)

  console.log
    [TELEMETRY] Flushed old metrics. Current buffer sizes: parsing=1172, documents=0

      at TelemetryCollector.flushMetrics (src/services/telemetry.ts:276:15)

  console.log
    [TELEMETRY] Flushed old metrics. Current buffer sizes: parsing=1173, documents=0

      at TelemetryCollector.flushMetrics (src/services/telemetry.ts:276:15)

  console.log
    [TELEMETRY] Flushed old metrics. Current buffer sizes: parsing=1174, documents=0

      at TelemetryCollector.flushMetrics (src/services/telemetry.ts:276:15)

  console.log
    [TELEMETRY] Flushed old metrics. Current buffer sizes: parsing=1175, documents=0

      at TelemetryCollector.flushMetrics (src/services/telemetry.ts:276:15)

  console.log
    [TELEMETRY] Flushed old metrics. Current buffer sizes: parsing=1176, documents=0

      at TelemetryCollector.flushMetrics (src/services/telemetry.ts:276:15)

  console.log
    [TELEMETRY] Flushed old metrics. Current buffer sizes: parsing=1177, documents=0

      at TelemetryCollector.flushMetrics (src/services/telemetry.ts:276:15)

  console.log
    [TELEMETRY] Flushed old metrics. Current buffer sizes: parsing=1178, documents=0

      at TelemetryCollector.flushMetrics (src/services/telemetry.ts:276:15)

  console.log
    [TELEMETRY] Flushed old metrics. Current buffer sizes: parsing=1179, documents=0

      at TelemetryCollector.flushMetrics (src/services/telemetry.ts:276:15)

  console.log
    [TELEMETRY] Flushed old metrics. Current buffer sizes: parsing=1180, documents=0

      at TelemetryCollector.flushMetrics (src/services/telemetry.ts:276:15)

  console.log
    [TELEMETRY] Flushed old metrics. Current buffer sizes: parsing=1181, documents=0

      at TelemetryCollector.flushMetrics (src/services/telemetry.ts:276:15)

  console.log
    [TELEMETRY] Flushed old metrics. Current buffer sizes: parsing=1182, documents=0

      at TelemetryCollector.flushMetrics (src/services/telemetry.ts:276:15)

  console.log
    [TELEMETRY] Flushed old metrics. Current buffer sizes: parsing=1183, documents=0

      at TelemetryCollector.flushMetrics (src/services/telemetry.ts:276:15)

  console.log
    [TELEMETRY] Flushed old metrics. Current buffer sizes: parsing=1184, documents=0

      at TelemetryCollector.flushMetrics (src/services/telemetry.ts:276:15)

  console.log
    [TELEMETRY] Flushed old metrics. Current buffer sizes: parsing=1185, documents=0

      at TelemetryCollector.flushMetrics (src/services/telemetry.ts:276:15)

  console.log
    [TELEMETRY] Flushed old metrics. Current buffer sizes: parsing=1186, documents=0

      at TelemetryCollector.flushMetrics (src/services/telemetry.ts:276:15)

  console.log
    [TELEMETRY] Flushed old metrics. Current buffer sizes: parsing=1187, documents=0

      at TelemetryCollector.flushMetrics (src/services/telemetry.ts:276:15)

  console.log
    [TELEMETRY] Flushed old metrics. Current buffer sizes: parsing=1188, documents=0

      at TelemetryCollector.flushMetrics (src/services/telemetry.ts:276:15)

  console.log
    [TELEMETRY] Flushed old metrics. Current buffer sizes: parsing=1189, documents=0

      at TelemetryCollector.flushMetrics (src/services/telemetry.ts:276:15)

  console.log
    [TELEMETRY] Flushed old metrics. Current buffer sizes: parsing=1190, documents=0

      at TelemetryCollector.flushMetrics (src/services/telemetry.ts:276:15)

  console.log
    [TELEMETRY] Flushed old metrics. Current buffer sizes: parsing=1191, documents=0

      at TelemetryCollector.flushMetrics (src/services/telemetry.ts:276:15)

  console.log
    [TELEMETRY] Flushed old metrics. Current buffer sizes: parsing=1192, documents=0

      at TelemetryCollector.flushMetrics (src/services/telemetry.ts:276:15)

  console.log
    [TELEMETRY] Flushed old metrics. Current buffer sizes: parsing=1193, documents=0

      at TelemetryCollector.flushMetrics (src/services/telemetry.ts:276:15)

  console.log
    [TELEMETRY] Flushed old metrics. Current buffer sizes: parsing=1194, documents=0

      at TelemetryCollector.flushMetrics (src/services/telemetry.ts:276:15)

  console.log
    [TELEMETRY] Flushed old metrics. Current buffer sizes: parsing=1195, documents=0

      at TelemetryCollector.flushMetrics (src/services/telemetry.ts:276:15)

  console.log
    [TELEMETRY] Flushed old metrics. Current buffer sizes: parsing=1196, documents=0

      at TelemetryCollector.flushMetrics (src/services/telemetry.ts:276:15)

  console.log
    [TELEMETRY] Flushed old metrics. Current buffer sizes: parsing=1197, documents=0

      at TelemetryCollector.flushMetrics (src/services/telemetry.ts:276:15)

  console.log
    [TELEMETRY] Flushed old metrics. Current buffer sizes: parsing=1198, documents=0

      at TelemetryCollector.flushMetrics (src/services/telemetry.ts:276:15)

  console.log
    [TELEMETRY] Flushed old metrics. Current buffer sizes: parsing=1199, documents=0

      at TelemetryCollector.flushMetrics (src/services/telemetry.ts:276:15)

  console.log
    [TELEMETRY] Flushed old metrics. Current buffer sizes: parsing=1200, documents=0

      at TelemetryCollector.flushMetrics (src/services/telemetry.ts:276:15)

  console.log
    [TELEMETRY] Flushed old metrics. Current buffer sizes: parsing=1201, documents=0

      at TelemetryCollector.flushMetrics (src/services/telemetry.ts:276:15)

  console.log
    [TELEMETRY] Flushed old metrics. Current buffer sizes: parsing=1202, documents=0

      at TelemetryCollector.flushMetrics (src/services/telemetry.ts:276:15)

  console.log
    [TELEMETRY] Flushed old metrics. Current buffer sizes: parsing=1203, documents=0

      at TelemetryCollector.flushMetrics (src/services/telemetry.ts:276:15)

  console.log
    [TELEMETRY] Flushed old metrics. Current buffer sizes: parsing=1204, documents=0

      at TelemetryCollector.flushMetrics (src/services/telemetry.ts:276:15)

  console.log
    [TELEMETRY] Flushed old metrics. Current buffer sizes: parsing=1205, documents=0

      at TelemetryCollector.flushMetrics (src/services/telemetry.ts:276:15)

  console.log
    [TELEMETRY] Flushed old metrics. Current buffer sizes: parsing=1206, documents=0

      at TelemetryCollector.flushMetrics (src/services/telemetry.ts:276:15)

  console.log
    [TELEMETRY] Flushed old metrics. Current buffer sizes: parsing=1207, documents=0

      at TelemetryCollector.flushMetrics (src/services/telemetry.ts:276:15)

  console.log
    [TELEMETRY] Flushed old metrics. Current buffer sizes: parsing=1208, documents=0

      at TelemetryCollector.flushMetrics (src/services/telemetry.ts:276:15)

  console.log
    [TELEMETRY] Flushed old metrics. Current buffer sizes: parsing=1209, documents=0

      at TelemetryCollector.flushMetrics (src/services/telemetry.ts:276:15)

  console.log
    [TELEMETRY] Flushed old metrics. Current buffer sizes: parsing=1210, documents=0

      at TelemetryCollector.flushMetrics (src/services/telemetry.ts:276:15)

  console.log
    [TELEMETRY] Flushed old metrics. Current buffer sizes: parsing=1211, documents=0

      at TelemetryCollector.flushMetrics (src/services/telemetry.ts:276:15)

  console.log
    [TELEMETRY] Flushed old metrics. Current buffer sizes: parsing=1212, documents=0

      at TelemetryCollector.flushMetrics (src/services/telemetry.ts:276:15)

  console.log
    [TELEMETRY] Flushed old metrics. Current buffer sizes: parsing=1213, documents=0

      at TelemetryCollector.flushMetrics (src/services/telemetry.ts:276:15)

  console.log
    [TELEMETRY] Flushed old metrics. Current buffer sizes: parsing=1214, documents=0

      at TelemetryCollector.flushMetrics (src/services/telemetry.ts:276:15)

  console.log
    [TELEMETRY] Flushed old metrics. Current buffer sizes: parsing=1215, documents=0

      at TelemetryCollector.flushMetrics (src/services/telemetry.ts:276:15)

  console.log
    [TELEMETRY] Flushed old metrics. Current buffer sizes: parsing=1216, documents=0

      at TelemetryCollector.flushMetrics (src/services/telemetry.ts:276:15)

  console.log
    [TELEMETRY] Flushed old metrics. Current buffer sizes: parsing=1217, documents=0

      at TelemetryCollector.flushMetrics (src/services/telemetry.ts:276:15)

  console.log
    [TELEMETRY] Flushed old metrics. Current buffer sizes: parsing=1218, documents=0

      at TelemetryCollector.flushMetrics (src/services/telemetry.ts:276:15)

  console.log
    [TELEMETRY] Flushed old metrics. Current buffer sizes: parsing=1219, documents=0

      at TelemetryCollector.flushMetrics (src/services/telemetry.ts:276:15)

  console.log
    [TELEMETRY] Flushed old metrics. Current buffer sizes: parsing=1220, documents=0

      at TelemetryCollector.flushMetrics (src/services/telemetry.ts:276:15)

  console.log
    [TELEMETRY] Flushed old metrics. Current buffer sizes: parsing=1221, documents=0

      at TelemetryCollector.flushMetrics (src/services/telemetry.ts:276:15)

  console.log
    [TELEMETRY] Flushed old metrics. Current buffer sizes: parsing=1222, documents=0

      at TelemetryCollector.flushMetrics (src/services/telemetry.ts:276:15)

  console.log
    [TELEMETRY] Flushed old metrics. Current buffer sizes: parsing=1223, documents=0

      at TelemetryCollector.flushMetrics (src/services/telemetry.ts:276:15)

  console.log
    [TELEMETRY] Flushed old metrics. Current buffer sizes: parsing=1224, documents=0

      at TelemetryCollector.flushMetrics (src/services/telemetry.ts:276:15)

  console.log
    [TELEMETRY] Flushed old metrics. Current buffer sizes: parsing=1225, documents=0

      at TelemetryCollector.flushMetrics (src/services/telemetry.ts:276:15)

  console.log
    [TELEMETRY] Flushed old metrics. Current buffer sizes: parsing=1226, documents=0

      at TelemetryCollector.flushMetrics (src/services/telemetry.ts:276:15)

  console.log
    [TELEMETRY] Flushed old metrics. Current buffer sizes: parsing=1227, documents=0

      at TelemetryCollector.flushMetrics (src/services/telemetry.ts:276:15)

  console.log
    [TELEMETRY] Flushed old metrics. Current buffer sizes: parsing=1228, documents=0

      at TelemetryCollector.flushMetrics (src/services/telemetry.ts:276:15)

  console.log
    [TELEMETRY] Flushed old metrics. Current buffer sizes: parsing=1229, documents=0

      at TelemetryCollector.flushMetrics (src/services/telemetry.ts:276:15)

  console.log
    [TELEMETRY] Flushed old metrics. Current buffer sizes: parsing=1230, documents=0

      at TelemetryCollector.flushMetrics (src/services/telemetry.ts:276:15)

  console.log
    [TELEMETRY] Flushed old metrics. Current buffer sizes: parsing=1231, documents=0

      at TelemetryCollector.flushMetrics (src/services/telemetry.ts:276:15)

  console.log
    [TELEMETRY] Flushed old metrics. Current buffer sizes: parsing=1232, documents=0

      at TelemetryCollector.flushMetrics (src/services/telemetry.ts:276:15)

  console.log
    [TELEMETRY] Flushed old metrics. Current buffer sizes: parsing=1233, documents=0

      at TelemetryCollector.flushMetrics (src/services/telemetry.ts:276:15)

  console.log
    [TELEMETRY] Flushed old metrics. Current buffer sizes: parsing=1234, documents=0

      at TelemetryCollector.flushMetrics (src/services/telemetry.ts:276:15)

  console.log
    [TELEMETRY] Flushed old metrics. Current buffer sizes: parsing=1235, documents=0

      at TelemetryCollector.flushMetrics (src/services/telemetry.ts:276:15)

  console.log
    [TELEMETRY] Flushed old metrics. Current buffer sizes: parsing=1236, documents=0

      at TelemetryCollector.flushMetrics (src/services/telemetry.ts:276:15)

  console.log
    [TELEMETRY] Flushed old metrics. Current buffer sizes: parsing=1237, documents=0

      at TelemetryCollector.flushMetrics (src/services/telemetry.ts:276:15)

  console.log
    [TELEMETRY] Flushed old metrics. Current buffer sizes: parsing=1238, documents=0

      at TelemetryCollector.flushMetrics (src/services/telemetry.ts:276:15)

  console.log
    [TELEMETRY] Flushed old metrics. Current buffer sizes: parsing=1239, documents=0

      at TelemetryCollector.flushMetrics (src/services/telemetry.ts:276:15)

  console.log
    [TELEMETRY] Flushed old metrics. Current buffer sizes: parsing=1240, documents=0

      at TelemetryCollector.flushMetrics (src/services/telemetry.ts:276:15)

  console.log
    [TELEMETRY] Flushed old metrics. Current buffer sizes: parsing=1241, documents=0

      at TelemetryCollector.flushMetrics (src/services/telemetry.ts:276:15)

  console.log
    [TELEMETRY] Flushed old metrics. Current buffer sizes: parsing=1242, documents=0

      at TelemetryCollector.flushMetrics (src/services/telemetry.ts:276:15)

  console.log
    [TELEMETRY] Flushed old metrics. Current buffer sizes: parsing=1243, documents=0

      at TelemetryCollector.flushMetrics (src/services/telemetry.ts:276:15)

  console.log
    [TELEMETRY] Flushed old metrics. Current buffer sizes: parsing=1244, documents=0

      at TelemetryCollector.flushMetrics (src/services/telemetry.ts:276:15)

  console.log
    [TELEMETRY] Flushed old metrics. Current buffer sizes: parsing=1245, documents=0

      at TelemetryCollector.flushMetrics (src/services/telemetry.ts:276:15)

  console.log
    [TELEMETRY] Flushed old metrics. Current buffer sizes: parsing=1246, documents=0

      at TelemetryCollector.flushMetrics (src/services/telemetry.ts:276:15)

  console.log
    [TELEMETRY] Flushed old metrics. Current buffer sizes: parsing=1247, documents=0

      at TelemetryCollector.flushMetrics (src/services/telemetry.ts:276:15)

  console.log
    [TELEMETRY] Flushed old metrics. Current buffer sizes: parsing=1248, documents=0

      at TelemetryCollector.flushMetrics (src/services/telemetry.ts:276:15)

  console.log
    [TELEMETRY] Flushed old metrics. Current buffer sizes: parsing=1249, documents=0

      at TelemetryCollector.flushMetrics (src/services/telemetry.ts:276:15)

  console.log
    [TELEMETRY] Flushed old metrics. Current buffer sizes: parsing=1250, documents=0

      at TelemetryCollector.flushMetrics (src/services/telemetry.ts:276:15)

  console.log
    [TELEMETRY] Flushed old metrics. Current buffer sizes: parsing=1251, documents=0

      at TelemetryCollector.flushMetrics (src/services/telemetry.ts:276:15)

  console.log
    [TELEMETRY] Flushed old metrics. Current buffer sizes: parsing=1252, documents=0

      at TelemetryCollector.flushMetrics (src/services/telemetry.ts:276:15)

  console.log
    [TELEMETRY] Flushed old metrics. Current buffer sizes: parsing=1253, documents=0

      at TelemetryCollector.flushMetrics (src/services/telemetry.ts:276:15)

  console.log
    [TELEMETRY] Flushed old metrics. Current buffer sizes: parsing=1254, documents=0

      at TelemetryCollector.flushMetrics (src/services/telemetry.ts:276:15)

  console.log
    [TELEMETRY] Flushed old metrics. Current buffer sizes: parsing=1255, documents=0

      at TelemetryCollector.flushMetrics (src/services/telemetry.ts:276:15)

  console.log
    [TELEMETRY] Flushed old metrics. Current buffer sizes: parsing=1256, documents=0

      at TelemetryCollector.flushMetrics (src/services/telemetry.ts:276:15)

  console.log
    [TELEMETRY] Flushed old metrics. Current buffer sizes: parsing=1257, documents=0

      at TelemetryCollector.flushMetrics (src/services/telemetry.ts:276:15)

  console.log
    [TELEMETRY] Flushed old metrics. Current buffer sizes: parsing=1258, documents=0

      at TelemetryCollector.flushMetrics (src/services/telemetry.ts:276:15)

  console.log
    [TELEMETRY] Flushed old metrics. Current buffer sizes: parsing=1259, documents=0

      at TelemetryCollector.flushMetrics (src/services/telemetry.ts:276:15)

  console.log
    [TELEMETRY] Flushed old metrics. Current buffer sizes: parsing=1260, documents=0

      at TelemetryCollector.flushMetrics (src/services/telemetry.ts:276:15)

  console.log
    [TELEMETRY] Flushed old metrics. Current buffer sizes: parsing=1261, documents=0

      at TelemetryCollector.flushMetrics (src/services/telemetry.ts:276:15)

  console.log
    [TELEMETRY] Flushed old metrics. Current buffer sizes: parsing=1262, documents=0

      at TelemetryCollector.flushMetrics (src/services/telemetry.ts:276:15)

  console.log
    [TELEMETRY] Flushed old metrics. Current buffer sizes: parsing=1263, documents=0

      at TelemetryCollector.flushMetrics (src/services/telemetry.ts:276:15)

  console.log
    [TELEMETRY] Flushed old metrics. Current buffer sizes: parsing=1264, documents=0

      at TelemetryCollector.flushMetrics (src/services/telemetry.ts:276:15)

  console.log
    [TELEMETRY] Flushed old metrics. Current buffer sizes: parsing=1265, documents=0

      at TelemetryCollector.flushMetrics (src/services/telemetry.ts:276:15)

  console.log
    [TELEMETRY] Flushed old metrics. Current buffer sizes: parsing=1266, documents=0

      at TelemetryCollector.flushMetrics (src/services/telemetry.ts:276:15)

  console.log
    [TELEMETRY] Flushed old metrics. Current buffer sizes: parsing=1267, documents=0

      at TelemetryCollector.flushMetrics (src/services/telemetry.ts:276:15)

  console.log
    [TELEMETRY] Flushed old metrics. Current buffer sizes: parsing=1268, documents=0

      at TelemetryCollector.flushMetrics (src/services/telemetry.ts:276:15)

  console.log
    [TELEMETRY] Flushed old metrics. Current buffer sizes: parsing=1269, documents=0

      at TelemetryCollector.flushMetrics (src/services/telemetry.ts:276:15)

  console.log
    [TELEMETRY] Flushed old metrics. Current buffer sizes: parsing=1270, documents=0

      at TelemetryCollector.flushMetrics (src/services/telemetry.ts:276:15)

  console.log
    [TELEMETRY] Flushed old metrics. Current buffer sizes: parsing=1271, documents=0

      at TelemetryCollector.flushMetrics (src/services/telemetry.ts:276:15)

  console.log
    [TELEMETRY] Flushed old metrics. Current buffer sizes: parsing=1272, documents=0

      at TelemetryCollector.flushMetrics (src/services/telemetry.ts:276:15)

  console.log
    [TELEMETRY] Flushed old metrics. Current buffer sizes: parsing=1273, documents=0

      at TelemetryCollector.flushMetrics (src/services/telemetry.ts:276:15)

  console.log
    [TELEMETRY] Flushed old metrics. Current buffer sizes: parsing=1274, documents=0

      at TelemetryCollector.flushMetrics (src/services/telemetry.ts:276:15)

  console.log
    [TELEMETRY] Flushed old metrics. Current buffer sizes: parsing=1275, documents=0

      at TelemetryCollector.flushMetrics (src/services/telemetry.ts:276:15)

  console.log
    [TELEMETRY] Flushed old metrics. Current buffer sizes: parsing=1276, documents=0

      at TelemetryCollector.flushMetrics (src/services/telemetry.ts:276:15)

  console.log
    [TELEMETRY] Flushed old metrics. Current buffer sizes: parsing=1277, documents=0

      at TelemetryCollector.flushMetrics (src/services/telemetry.ts:276:15)

  console.log
    [TELEMETRY] Flushed old metrics. Current buffer sizes: parsing=1278, documents=0

      at TelemetryCollector.flushMetrics (src/services/telemetry.ts:276:15)

  console.log
    [TELEMETRY] Flushed old metrics. Current buffer sizes: parsing=1279, documents=0

      at TelemetryCollector.flushMetrics (src/services/telemetry.ts:276:15)

  console.log
    [TELEMETRY] Flushed old metrics. Current buffer sizes: parsing=1280, documents=0

      at TelemetryCollector.flushMetrics (src/services/telemetry.ts:276:15)

  console.log
    [TELEMETRY] Flushed old metrics. Current buffer sizes: parsing=1281, documents=0

      at TelemetryCollector.flushMetrics (src/services/telemetry.ts:276:15)

  console.log
    [TELEMETRY] Flushed old metrics. Current buffer sizes: parsing=1282, documents=0

      at TelemetryCollector.flushMetrics (src/services/telemetry.ts:276:15)

  console.log
    [TELEMETRY] Flushed old metrics. Current buffer sizes: parsing=1283, documents=0

      at TelemetryCollector.flushMetrics (src/services/telemetry.ts:276:15)

  console.log
    [TELEMETRY] Flushed old metrics. Current buffer sizes: parsing=1284, documents=0

      at TelemetryCollector.flushMetrics (src/services/telemetry.ts:276:15)

  console.log
    [TELEMETRY] Flushed old metrics. Current buffer sizes: parsing=1285, documents=0

      at TelemetryCollector.flushMetrics (src/services/telemetry.ts:276:15)

  console.log
    [TELEMETRY] Flushed old metrics. Current buffer sizes: parsing=1286, documents=0

      at TelemetryCollector.flushMetrics (src/services/telemetry.ts:276:15)

  console.log
    [TELEMETRY] Flushed old metrics. Current buffer sizes: parsing=1287, documents=0

      at TelemetryCollector.flushMetrics (src/services/telemetry.ts:276:15)

  console.log
    [TELEMETRY] Flushed old metrics. Current buffer sizes: parsing=1288, documents=0

      at TelemetryCollector.flushMetrics (src/services/telemetry.ts:276:15)

  console.log
    [TELEMETRY] Flushed old metrics. Current buffer sizes: parsing=1289, documents=0

      at TelemetryCollector.flushMetrics (src/services/telemetry.ts:276:15)

  console.log
    [TELEMETRY] Flushed old metrics. Current buffer sizes: parsing=1290, documents=0

      at TelemetryCollector.flushMetrics (src/services/telemetry.ts:276:15)

  console.log
    [TELEMETRY] Flushed old metrics. Current buffer sizes: parsing=1291, documents=0

      at TelemetryCollector.flushMetrics (src/services/telemetry.ts:276:15)

  console.log
    [TELEMETRY] Flushed old metrics. Current buffer sizes: parsing=1292, documents=0

      at TelemetryCollector.flushMetrics (src/services/telemetry.ts:276:15)

  console.log
    [TELEMETRY] Flushed old metrics. Current buffer sizes: parsing=1293, documents=0

      at TelemetryCollector.flushMetrics (src/services/telemetry.ts:276:15)

  console.log
    [TELEMETRY] Flushed old metrics. Current buffer sizes: parsing=1294, documents=0

      at TelemetryCollector.flushMetrics (src/services/telemetry.ts:276:15)

  console.log
    [TELEMETRY] Flushed old metrics. Current buffer sizes: parsing=1295, documents=0

      at TelemetryCollector.flushMetrics (src/services/telemetry.ts:276:15)

  console.log
    [TELEMETRY] Flushed old metrics. Current buffer sizes: parsing=1296, documents=0

      at TelemetryCollector.flushMetrics (src/services/telemetry.ts:276:15)

  console.log
    [TELEMETRY] Flushed old metrics. Current buffer sizes: parsing=1297, documents=0

      at TelemetryCollector.flushMetrics (src/services/telemetry.ts:276:15)

  console.log
    [TELEMETRY] Flushed old metrics. Current buffer sizes: parsing=1298, documents=0

      at TelemetryCollector.flushMetrics (src/services/telemetry.ts:276:15)

  console.log
    [TELEMETRY] Flushed old metrics. Current buffer sizes: parsing=1299, documents=0

      at TelemetryCollector.flushMetrics (src/services/telemetry.ts:276:15)

  console.log
    [TELEMETRY] Flushed old metrics. Current buffer sizes: parsing=1300, documents=0

      at TelemetryCollector.flushMetrics (src/services/telemetry.ts:276:15)

  console.log
    [TELEMETRY] Flushed old metrics. Current buffer sizes: parsing=1301, documents=0

      at TelemetryCollector.flushMetrics (src/services/telemetry.ts:276:15)

  console.log
    [TELEMETRY] Flushed old metrics. Current buffer sizes: parsing=1302, documents=0

      at TelemetryCollector.flushMetrics (src/services/telemetry.ts:276:15)

  console.log
    [TELEMETRY] Flushed old metrics. Current buffer sizes: parsing=1303, documents=0

      at TelemetryCollector.flushMetrics (src/services/telemetry.ts:276:15)

  console.log
    [TELEMETRY] Flushed old metrics. Current buffer sizes: parsing=1304, documents=0

      at TelemetryCollector.flushMetrics (src/services/telemetry.ts:276:15)

  console.log
    [TELEMETRY] Flushed old metrics. Current buffer sizes: parsing=1305, documents=0

      at TelemetryCollector.flushMetrics (src/services/telemetry.ts:276:15)

  console.log
    [TELEMETRY] Flushed old metrics. Current buffer sizes: parsing=1306, documents=0

      at TelemetryCollector.flushMetrics (src/services/telemetry.ts:276:15)

  console.log
    [TELEMETRY] Flushed old metrics. Current buffer sizes: parsing=1307, documents=0

      at TelemetryCollector.flushMetrics (src/services/telemetry.ts:276:15)

  console.log
    [TELEMETRY] Flushed old metrics. Current buffer sizes: parsing=1308, documents=0

      at TelemetryCollector.flushMetrics (src/services/telemetry.ts:276:15)

  console.log
    [TELEMETRY] Flushed old metrics. Current buffer sizes: parsing=1309, documents=0

      at TelemetryCollector.flushMetrics (src/services/telemetry.ts:276:15)

  console.log
    [TELEMETRY] Flushed old metrics. Current buffer sizes: parsing=1310, documents=0

      at TelemetryCollector.flushMetrics (src/services/telemetry.ts:276:15)

  console.log
    [TELEMETRY] Flushed old metrics. Current buffer sizes: parsing=1311, documents=0

      at TelemetryCollector.flushMetrics (src/services/telemetry.ts:276:15)

  console.log
    [TELEMETRY] Flushed old metrics. Current buffer sizes: parsing=1312, documents=0

      at TelemetryCollector.flushMetrics (src/services/telemetry.ts:276:15)

  console.log
    [TELEMETRY] Flushed old metrics. Current buffer sizes: parsing=1313, documents=0

      at TelemetryCollector.flushMetrics (src/services/telemetry.ts:276:15)

  console.log
    [TELEMETRY] Flushed old metrics. Current buffer sizes: parsing=1314, documents=0

      at TelemetryCollector.flushMetrics (src/services/telemetry.ts:276:15)

  console.log
    [TELEMETRY] Flushed old metrics. Current buffer sizes: parsing=1315, documents=0

      at TelemetryCollector.flushMetrics (src/services/telemetry.ts:276:15)

  console.log
    [TELEMETRY] Flushed old metrics. Current buffer sizes: parsing=1316, documents=0

      at TelemetryCollector.flushMetrics (src/services/telemetry.ts:276:15)

  console.log
    [TELEMETRY] Flushed old metrics. Current buffer sizes: parsing=1317, documents=0

      at TelemetryCollector.flushMetrics (src/services/telemetry.ts:276:15)

  console.log
    [TELEMETRY] Flushed old metrics. Current buffer sizes: parsing=1318, documents=0

      at TelemetryCollector.flushMetrics (src/services/telemetry.ts:276:15)

  console.log
    [TELEMETRY] Flushed old metrics. Current buffer sizes: parsing=1319, documents=0

      at TelemetryCollector.flushMetrics (src/services/telemetry.ts:276:15)

  console.log
    [TELEMETRY] Flushed old metrics. Current buffer sizes: parsing=1320, documents=0

      at TelemetryCollector.flushMetrics (src/services/telemetry.ts:276:15)

  console.log
    [TELEMETRY] Flushed old metrics. Current buffer sizes: parsing=1321, documents=0

      at TelemetryCollector.flushMetrics (src/services/telemetry.ts:276:15)

  console.log
    [TELEMETRY] Flushed old metrics. Current buffer sizes: parsing=1322, documents=0

      at TelemetryCollector.flushMetrics (src/services/telemetry.ts:276:15)

  console.log
    [TELEMETRY] Flushed old metrics. Current buffer sizes: parsing=1323, documents=0

      at TelemetryCollector.flushMetrics (src/services/telemetry.ts:276:15)

  console.log
    [TELEMETRY] Flushed old metrics. Current buffer sizes: parsing=1324, documents=0

      at TelemetryCollector.flushMetrics (src/services/telemetry.ts:276:15)

  console.log
    [TELEMETRY] Flushed old metrics. Current buffer sizes: parsing=1325, documents=0

      at TelemetryCollector.flushMetrics (src/services/telemetry.ts:276:15)

  console.log
    [TELEMETRY] Flushed old metrics. Current buffer sizes: parsing=1326, documents=0

      at TelemetryCollector.flushMetrics (src/services/telemetry.ts:276:15)

  console.log
    [TELEMETRY] Flushed old metrics. Current buffer sizes: parsing=1327, documents=0

      at TelemetryCollector.flushMetrics (src/services/telemetry.ts:276:15)

  console.log
    [TELEMETRY] Flushed old metrics. Current buffer sizes: parsing=1328, documents=0

      at TelemetryCollector.flushMetrics (src/services/telemetry.ts:276:15)

  console.log
    [TELEMETRY] Flushed old metrics. Current buffer sizes: parsing=1329, documents=0

      at TelemetryCollector.flushMetrics (src/services/telemetry.ts:276:15)

  console.log
    [TELEMETRY] Flushed old metrics. Current buffer sizes: parsing=1330, documents=0

      at TelemetryCollector.flushMetrics (src/services/telemetry.ts:276:15)

  console.log
    [TELEMETRY] Flushed old metrics. Current buffer sizes: parsing=1331, documents=0

      at TelemetryCollector.flushMetrics (src/services/telemetry.ts:276:15)

  console.log
    [TELEMETRY] Flushed old metrics. Current buffer sizes: parsing=1332, documents=0

      at TelemetryCollector.flushMetrics (src/services/telemetry.ts:276:15)

  console.log
    [TELEMETRY] Flushed old metrics. Current buffer sizes: parsing=1333, documents=0

      at TelemetryCollector.flushMetrics (src/services/telemetry.ts:276:15)

  console.log
    [TELEMETRY] Flushed old metrics. Current buffer sizes: parsing=1334, documents=0

      at TelemetryCollector.flushMetrics (src/services/telemetry.ts:276:15)

  console.log
    [TELEMETRY] Flushed old metrics. Current buffer sizes: parsing=1335, documents=0

      at TelemetryCollector.flushMetrics (src/services/telemetry.ts:276:15)

  console.log
    [TELEMETRY] Flushed old metrics. Current buffer sizes: parsing=1336, documents=0

      at TelemetryCollector.flushMetrics (src/services/telemetry.ts:276:15)

  console.log
    [TELEMETRY] Flushed old metrics. Current buffer sizes: parsing=1337, documents=0

      at TelemetryCollector.flushMetrics (src/services/telemetry.ts:276:15)

  console.log
    [TELEMETRY] Flushed old metrics. Current buffer sizes: parsing=1338, documents=0

      at TelemetryCollector.flushMetrics (src/services/telemetry.ts:276:15)

  console.log
    [TELEMETRY] Flushed old metrics. Current buffer sizes: parsing=1339, documents=0

      at TelemetryCollector.flushMetrics (src/services/telemetry.ts:276:15)

  console.log
    [TELEMETRY] Flushed old metrics. Current buffer sizes: parsing=1340, documents=0

      at TelemetryCollector.flushMetrics (src/services/telemetry.ts:276:15)

  console.log
    [TELEMETRY] Flushed old metrics. Current buffer sizes: parsing=1341, documents=0

      at TelemetryCollector.flushMetrics (src/services/telemetry.ts:276:15)

  console.log
    [TELEMETRY] Flushed old metrics. Current buffer sizes: parsing=1342, documents=0

      at TelemetryCollector.flushMetrics (src/services/telemetry.ts:276:15)

  console.log
    [TELEMETRY] Flushed old metrics. Current buffer sizes: parsing=1343, documents=0

      at TelemetryCollector.flushMetrics (src/services/telemetry.ts:276:15)

  console.log
    [TELEMETRY] Flushed old metrics. Current buffer sizes: parsing=1344, documents=0

      at TelemetryCollector.flushMetrics (src/services/telemetry.ts:276:15)

  console.log
    [TELEMETRY] Flushed old metrics. Current buffer sizes: parsing=1345, documents=0

      at TelemetryCollector.flushMetrics (src/services/telemetry.ts:276:15)

  console.log
    [TELEMETRY] Flushed old metrics. Current buffer sizes: parsing=1346, documents=0

      at TelemetryCollector.flushMetrics (src/services/telemetry.ts:276:15)

  console.log
    [TELEMETRY] Flushed old metrics. Current buffer sizes: parsing=1347, documents=0

      at TelemetryCollector.flushMetrics (src/services/telemetry.ts:276:15)

  console.log
    [TELEMETRY] Flushed old metrics. Current buffer sizes: parsing=1348, documents=0

      at TelemetryCollector.flushMetrics (src/services/telemetry.ts:276:15)

  console.log
    [TELEMETRY] Flushed old metrics. Current buffer sizes: parsing=1349, documents=0

      at TelemetryCollector.flushMetrics (src/services/telemetry.ts:276:15)

  console.log
    [TELEMETRY] Flushed old metrics. Current buffer sizes: parsing=1350, documents=0

      at TelemetryCollector.flushMetrics (src/services/telemetry.ts:276:15)

  console.log
    [TELEMETRY] Flushed old metrics. Current buffer sizes: parsing=1351, documents=0

      at TelemetryCollector.flushMetrics (src/services/telemetry.ts:276:15)

  console.log
    [TELEMETRY] Flushed old metrics. Current buffer sizes: parsing=1352, documents=0

      at TelemetryCollector.flushMetrics (src/services/telemetry.ts:276:15)

  console.log
    [TELEMETRY] Flushed old metrics. Current buffer sizes: parsing=1353, documents=0

      at TelemetryCollector.flushMetrics (src/services/telemetry.ts:276:15)

  console.log
    [TELEMETRY] Flushed old metrics. Current buffer sizes: parsing=1354, documents=0

      at TelemetryCollector.flushMetrics (src/services/telemetry.ts:276:15)

  console.log
    [TELEMETRY] Flushed old metrics. Current buffer sizes: parsing=1355, documents=0

      at TelemetryCollector.flushMetrics (src/services/telemetry.ts:276:15)

  console.log
    [TELEMETRY] Flushed old metrics. Current buffer sizes: parsing=1356, documents=0

      at TelemetryCollector.flushMetrics (src/services/telemetry.ts:276:15)

  console.log
    [TELEMETRY] Flushed old metrics. Current buffer sizes: parsing=1357, documents=0

      at TelemetryCollector.flushMetrics (src/services/telemetry.ts:276:15)

  console.log
    [TELEMETRY] Flushed old metrics. Current buffer sizes: parsing=1358, documents=0

      at TelemetryCollector.flushMetrics (src/services/telemetry.ts:276:15)

  console.log
    [TELEMETRY] Flushed old metrics. Current buffer sizes: parsing=1359, documents=0

      at TelemetryCollector.flushMetrics (src/services/telemetry.ts:276:15)

  console.log
    [TELEMETRY] Flushed old metrics. Current buffer sizes: parsing=1360, documents=0

      at TelemetryCollector.flushMetrics (src/services/telemetry.ts:276:15)

  console.log
    [TELEMETRY] Flushed old metrics. Current buffer sizes: parsing=1361, documents=0

      at TelemetryCollector.flushMetrics (src/services/telemetry.ts:276:15)

  console.log
    [TELEMETRY] Flushed old metrics. Current buffer sizes: parsing=1362, documents=0

      at TelemetryCollector.flushMetrics (src/services/telemetry.ts:276:15)

  console.log
    [TELEMETRY] Flushed old metrics. Current buffer sizes: parsing=1363, documents=0

      at TelemetryCollector.flushMetrics (src/services/telemetry.ts:276:15)

  console.log
    [TELEMETRY] Flushed old metrics. Current buffer sizes: parsing=1364, documents=0

      at TelemetryCollector.flushMetrics (src/services/telemetry.ts:276:15)

  console.log
    [TELEMETRY] Flushed old metrics. Current buffer sizes: parsing=1365, documents=0

      at TelemetryCollector.flushMetrics (src/services/telemetry.ts:276:15)

  console.log
    [TELEMETRY] Flushed old metrics. Current buffer sizes: parsing=1366, documents=0

      at TelemetryCollector.flushMetrics (src/services/telemetry.ts:276:15)

  console.log
    [TELEMETRY] Flushed old metrics. Current buffer sizes: parsing=1367, documents=0

      at TelemetryCollector.flushMetrics (src/services/telemetry.ts:276:15)

  console.log
    [TELEMETRY] Flushed old metrics. Current buffer sizes: parsing=1368, documents=0

      at TelemetryCollector.flushMetrics (src/services/telemetry.ts:276:15)

  console.log
    [TELEMETRY] Flushed old metrics. Current buffer sizes: parsing=1369, documents=0

      at TelemetryCollector.flushMetrics (src/services/telemetry.ts:276:15)

  console.log
    [TELEMETRY] Flushed old metrics. Current buffer sizes: parsing=1370, documents=0

      at TelemetryCollector.flushMetrics (src/services/telemetry.ts:276:15)

  console.log
    [TELEMETRY] Flushed old metrics. Current buffer sizes: parsing=1371, documents=0

      at TelemetryCollector.flushMetrics (src/services/telemetry.ts:276:15)

  console.log
    [TELEMETRY] Flushed old metrics. Current buffer sizes: parsing=1372, documents=0

      at TelemetryCollector.flushMetrics (src/services/telemetry.ts:276:15)

  console.log
    [TELEMETRY] Flushed old metrics. Current buffer sizes: parsing=1373, documents=0

      at TelemetryCollector.flushMetrics (src/services/telemetry.ts:276:15)

  console.log
    [TELEMETRY] Flushed old metrics. Current buffer sizes: parsing=1374, documents=0

      at TelemetryCollector.flushMetrics (src/services/telemetry.ts:276:15)

  console.log
    [TELEMETRY] Flushed old metrics. Current buffer sizes: parsing=1375, documents=0

      at TelemetryCollector.flushMetrics (src/services/telemetry.ts:276:15)

  console.log
    [TELEMETRY] Flushed old metrics. Current buffer sizes: parsing=1376, documents=0

      at TelemetryCollector.flushMetrics (src/services/telemetry.ts:276:15)

  console.log
    [TELEMETRY] Flushed old metrics. Current buffer sizes: parsing=1377, documents=0

      at TelemetryCollector.flushMetrics (src/services/telemetry.ts:276:15)

  console.log
    [TELEMETRY] Flushed old metrics. Current buffer sizes: parsing=1378, documents=0

      at TelemetryCollector.flushMetrics (src/services/telemetry.ts:276:15)

  console.log
    [TELEMETRY] Flushed old metrics. Current buffer sizes: parsing=1379, documents=0

      at TelemetryCollector.flushMetrics (src/services/telemetry.ts:276:15)

  console.log
    [TELEMETRY] Flushed old metrics. Current buffer sizes: parsing=1380, documents=0

      at TelemetryCollector.flushMetrics (src/services/telemetry.ts:276:15)

  console.log
    [TELEMETRY] Flushed old metrics. Current buffer sizes: parsing=1381, documents=0

      at TelemetryCollector.flushMetrics (src/services/telemetry.ts:276:15)

  console.log
    [TELEMETRY] Flushed old metrics. Current buffer sizes: parsing=1382, documents=0

      at TelemetryCollector.flushMetrics (src/services/telemetry.ts:276:15)

  console.log
    [TELEMETRY] Flushed old metrics. Current buffer sizes: parsing=1383, documents=0

      at TelemetryCollector.flushMetrics (src/services/telemetry.ts:276:15)

  console.log
    [TELEMETRY] Flushed old metrics. Current buffer sizes: parsing=1384, documents=0

      at TelemetryCollector.flushMetrics (src/services/telemetry.ts:276:15)

  console.log
    [TELEMETRY] Flushed old metrics. Current buffer sizes: parsing=1385, documents=0

      at TelemetryCollector.flushMetrics (src/services/telemetry.ts:276:15)

  console.log
    [TELEMETRY] Flushed old metrics. Current buffer sizes: parsing=1386, documents=0

      at TelemetryCollector.flushMetrics (src/services/telemetry.ts:276:15)

  console.log
    [TELEMETRY] Flushed old metrics. Current buffer sizes: parsing=1387, documents=0

      at TelemetryCollector.flushMetrics (src/services/telemetry.ts:276:15)

  console.log
    [TELEMETRY] Flushed old metrics. Current buffer sizes: parsing=1388, documents=0

      at TelemetryCollector.flushMetrics (src/services/telemetry.ts:276:15)

  console.log
    [TELEMETRY] Flushed old metrics. Current buffer sizes: parsing=1389, documents=0

      at TelemetryCollector.flushMetrics (src/services/telemetry.ts:276:15)

  console.log
    [TELEMETRY] Flushed old metrics. Current buffer sizes: parsing=1390, documents=0

      at TelemetryCollector.flushMetrics (src/services/telemetry.ts:276:15)

  console.log
    [TELEMETRY] Flushed old metrics. Current buffer sizes: parsing=1391, documents=0

      at TelemetryCollector.flushMetrics (src/services/telemetry.ts:276:15)

  console.log
    [TELEMETRY] Flushed old metrics. Current buffer sizes: parsing=1392, documents=0

      at TelemetryCollector.flushMetrics (src/services/telemetry.ts:276:15)

  console.log
    [TELEMETRY] Flushed old metrics. Current buffer sizes: parsing=1393, documents=0

      at TelemetryCollector.flushMetrics (src/services/telemetry.ts:276:15)

  console.log
    [TELEMETRY] Flushed old metrics. Current buffer sizes: parsing=1394, documents=0

      at TelemetryCollector.flushMetrics (src/services/telemetry.ts:276:15)

  console.log
    [TELEMETRY] Flushed old metrics. Current buffer sizes: parsing=1395, documents=0

      at TelemetryCollector.flushMetrics (src/services/telemetry.ts:276:15)

  console.log
    [TELEMETRY] Flushed old metrics. Current buffer sizes: parsing=1396, documents=0

      at TelemetryCollector.flushMetrics (src/services/telemetry.ts:276:15)

  console.log
    [TELEMETRY] Flushed old metrics. Current buffer sizes: parsing=1397, documents=0

      at TelemetryCollector.flushMetrics (src/services/telemetry.ts:276:15)

  console.log
    [TELEMETRY] Flushed old metrics. Current buffer sizes: parsing=1398, documents=0

      at TelemetryCollector.flushMetrics (src/services/telemetry.ts:276:15)

  console.log
    [TELEMETRY] Flushed old metrics. Current buffer sizes: parsing=1399, documents=0

      at TelemetryCollector.flushMetrics (src/services/telemetry.ts:276:15)

  console.log
    [TELEMETRY] Flushed old metrics. Current buffer sizes: parsing=1400, documents=0

      at TelemetryCollector.flushMetrics (src/services/telemetry.ts:276:15)

  console.log
    [TELEMETRY] Flushed old metrics. Current buffer sizes: parsing=1401, documents=0

      at TelemetryCollector.flushMetrics (src/services/telemetry.ts:276:15)

  console.log
    [TELEMETRY] Flushed old metrics. Current buffer sizes: parsing=1402, documents=0

      at TelemetryCollector.flushMetrics (src/services/telemetry.ts:276:15)

  console.log
    [TELEMETRY] Flushed old metrics. Current buffer sizes: parsing=1403, documents=0

      at TelemetryCollector.flushMetrics (src/services/telemetry.ts:276:15)

  console.log
    [TELEMETRY] Flushed old metrics. Current buffer sizes: parsing=1404, documents=0

      at TelemetryCollector.flushMetrics (src/services/telemetry.ts:276:15)

  console.log
    [TELEMETRY] Flushed old metrics. Current buffer sizes: parsing=1405, documents=0

      at TelemetryCollector.flushMetrics (src/services/telemetry.ts:276:15)

  console.log
    [TELEMETRY] Flushed old metrics. Current buffer sizes: parsing=1406, documents=0

      at TelemetryCollector.flushMetrics (src/services/telemetry.ts:276:15)

  console.log
    [TELEMETRY] Flushed old metrics. Current buffer sizes: parsing=1407, documents=0

      at TelemetryCollector.flushMetrics (src/services/telemetry.ts:276:15)

  console.log
    [TELEMETRY] Flushed old metrics. Current buffer sizes: parsing=1408, documents=0

      at TelemetryCollector.flushMetrics (src/services/telemetry.ts:276:15)

  console.log
    [TELEMETRY] Flushed old metrics. Current buffer sizes: parsing=1409, documents=0

      at TelemetryCollector.flushMetrics (src/services/telemetry.ts:276:15)

  console.log
    [TELEMETRY] Flushed old metrics. Current buffer sizes: parsing=1410, documents=0

      at TelemetryCollector.flushMetrics (src/services/telemetry.ts:276:15)

  console.log
    [TELEMETRY] Flushed old metrics. Current buffer sizes: parsing=1411, documents=0

      at TelemetryCollector.flushMetrics (src/services/telemetry.ts:276:15)

  console.log
    [TELEMETRY] Flushed old metrics. Current buffer sizes: parsing=1412, documents=0

      at TelemetryCollector.flushMetrics (src/services/telemetry.ts:276:15)

  console.log
    [TELEMETRY] Flushed old metrics. Current buffer sizes: parsing=1413, documents=0

      at TelemetryCollector.flushMetrics (src/services/telemetry.ts:276:15)

  console.log
    [TELEMETRY] Flushed old metrics. Current buffer sizes: parsing=1414, documents=0

      at TelemetryCollector.flushMetrics (src/services/telemetry.ts:276:15)

  console.log
    [TELEMETRY] Flushed old metrics. Current buffer sizes: parsing=1415, documents=0

      at TelemetryCollector.flushMetrics (src/services/telemetry.ts:276:15)

  console.log
    [TELEMETRY] Flushed old metrics. Current buffer sizes: parsing=1416, documents=0

      at TelemetryCollector.flushMetrics (src/services/telemetry.ts:276:15)

  console.log
    [TELEMETRY] Flushed old metrics. Current buffer sizes: parsing=1417, documents=0

      at TelemetryCollector.flushMetrics (src/services/telemetry.ts:276:15)

  console.log
    [TELEMETRY] Flushed old metrics. Current buffer sizes: parsing=1418, documents=0

      at TelemetryCollector.flushMetrics (src/services/telemetry.ts:276:15)

  console.log
    [TELEMETRY] Flushed old metrics. Current buffer sizes: parsing=1419, documents=0

      at TelemetryCollector.flushMetrics (src/services/telemetry.ts:276:15)

  console.log
    [TELEMETRY] Flushed old metrics. Current buffer sizes: parsing=1420, documents=0

      at TelemetryCollector.flushMetrics (src/services/telemetry.ts:276:15)

  console.log
    [TELEMETRY] Flushed old metrics. Current buffer sizes: parsing=1421, documents=0

      at TelemetryCollector.flushMetrics (src/services/telemetry.ts:276:15)

  console.log
    [TELEMETRY] Flushed old metrics. Current buffer sizes: parsing=1422, documents=0

      at TelemetryCollector.flushMetrics (src/services/telemetry.ts:276:15)

  console.log
    [TELEMETRY] Flushed old metrics. Current buffer sizes: parsing=1423, documents=0

      at TelemetryCollector.flushMetrics (src/services/telemetry.ts:276:15)

  console.log
    [TELEMETRY] Flushed old metrics. Current buffer sizes: parsing=1424, documents=0

      at TelemetryCollector.flushMetrics (src/services/telemetry.ts:276:15)

  console.log
    [TELEMETRY] Flushed old metrics. Current buffer sizes: parsing=1425, documents=0

      at TelemetryCollector.flushMetrics (src/services/telemetry.ts:276:15)

  console.log
    [TELEMETRY] Flushed old metrics. Current buffer sizes: parsing=1426, documents=0

      at TelemetryCollector.flushMetrics (src/services/telemetry.ts:276:15)

  console.log
    [TELEMETRY] Flushed old metrics. Current buffer sizes: parsing=1427, documents=0

      at TelemetryCollector.flushMetrics (src/services/telemetry.ts:276:15)

  console.log
    [TELEMETRY] Flushed old metrics. Current buffer sizes: parsing=1428, documents=0

      at TelemetryCollector.flushMetrics (src/services/telemetry.ts:276:15)

  console.log
    [TELEMETRY] Flushed old metrics. Current buffer sizes: parsing=1429, documents=0

      at TelemetryCollector.flushMetrics (src/services/telemetry.ts:276:15)

  console.log
    [TELEMETRY] Flushed old metrics. Current buffer sizes: parsing=1430, documents=0

      at TelemetryCollector.flushMetrics (src/services/telemetry.ts:276:15)

  console.log
    [TELEMETRY] Flushed old metrics. Current buffer sizes: parsing=1431, documents=0

      at TelemetryCollector.flushMetrics (src/services/telemetry.ts:276:15)

  console.log
    [TELEMETRY] Flushed old metrics. Current buffer sizes: parsing=1432, documents=0

      at TelemetryCollector.flushMetrics (src/services/telemetry.ts:276:15)

  console.log
    [TELEMETRY] Flushed old metrics. Current buffer sizes: parsing=1433, documents=0

      at TelemetryCollector.flushMetrics (src/services/telemetry.ts:276:15)

  console.log
    [TELEMETRY] Flushed old metrics. Current buffer sizes: parsing=1434, documents=0

      at TelemetryCollector.flushMetrics (src/services/telemetry.ts:276:15)

  console.log
    [TELEMETRY] Flushed old metrics. Current buffer sizes: parsing=1435, documents=0

      at TelemetryCollector.flushMetrics (src/services/telemetry.ts:276:15)

  console.log
    [TELEMETRY] Flushed old metrics. Current buffer sizes: parsing=1436, documents=0

      at TelemetryCollector.flushMetrics (src/services/telemetry.ts:276:15)

  console.log
    [TELEMETRY] Flushed old metrics. Current buffer sizes: parsing=1437, documents=0

      at TelemetryCollector.flushMetrics (src/services/telemetry.ts:276:15)

  console.log
    [TELEMETRY] Flushed old metrics. Current buffer sizes: parsing=1438, documents=0

      at TelemetryCollector.flushMetrics (src/services/telemetry.ts:276:15)

  console.log
    [TELEMETRY] Flushed old metrics. Current buffer sizes: parsing=1439, documents=0

      at TelemetryCollector.flushMetrics (src/services/telemetry.ts:276:15)

  console.log
    [TELEMETRY] Flushed old metrics. Current buffer sizes: parsing=1440, documents=0

      at TelemetryCollector.flushMetrics (src/services/telemetry.ts:276:15)

  console.log
    [TELEMETRY] Flushed old metrics. Current buffer sizes: parsing=1441, documents=0

      at TelemetryCollector.flushMetrics (src/services/telemetry.ts:276:15)

  console.log
    [TELEMETRY] Flushed old metrics. Current buffer sizes: parsing=1442, documents=0

      at TelemetryCollector.flushMetrics (src/services/telemetry.ts:276:15)

  console.log
    [TELEMETRY] Flushed old metrics. Current buffer sizes: parsing=1443, documents=0

      at TelemetryCollector.flushMetrics (src/services/telemetry.ts:276:15)

  console.log
    [TELEMETRY] Flushed old metrics. Current buffer sizes: parsing=1444, documents=0

      at TelemetryCollector.flushMetrics (src/services/telemetry.ts:276:15)

  console.log
    [TELEMETRY] Flushed old metrics. Current buffer sizes: parsing=1445, documents=0

      at TelemetryCollector.flushMetrics (src/services/telemetry.ts:276:15)

  console.log
    [TELEMETRY] Flushed old metrics. Current buffer sizes: parsing=1446, documents=0

      at TelemetryCollector.flushMetrics (src/services/telemetry.ts:276:15)

  console.log
    [TELEMETRY] Flushed old metrics. Current buffer sizes: parsing=1447, documents=0

      at TelemetryCollector.flushMetrics (src/services/telemetry.ts:276:15)

  console.log
    [TELEMETRY] Flushed old metrics. Current buffer sizes: parsing=1448, documents=0

      at TelemetryCollector.flushMetrics (src/services/telemetry.ts:276:15)

  console.log
    [TELEMETRY] Flushed old metrics. Current buffer sizes: parsing=1449, documents=0

      at TelemetryCollector.flushMetrics (src/services/telemetry.ts:276:15)

  console.log
    [TELEMETRY] Flushed old metrics. Current buffer sizes: parsing=1450, documents=0

      at TelemetryCollector.flushMetrics (src/services/telemetry.ts:276:15)

  console.log
    [TELEMETRY] Flushed old metrics. Current buffer sizes: parsing=1451, documents=0

      at TelemetryCollector.flushMetrics (src/services/telemetry.ts:276:15)

  console.log
    [TELEMETRY] Flushed old metrics. Current buffer sizes: parsing=1452, documents=0

      at TelemetryCollector.flushMetrics (src/services/telemetry.ts:276:15)

  console.log
    [TELEMETRY] Flushed old metrics. Current buffer sizes: parsing=1453, documents=0

      at TelemetryCollector.flushMetrics (src/services/telemetry.ts:276:15)

  console.log
    [TELEMETRY] Flushed old metrics. Current buffer sizes: parsing=1454, documents=0

      at TelemetryCollector.flushMetrics (src/services/telemetry.ts:276:15)

  console.log
    [TELEMETRY] Flushed old metrics. Current buffer sizes: parsing=1455, documents=0

      at TelemetryCollector.flushMetrics (src/services/telemetry.ts:276:15)

  console.log
    [TELEMETRY] Flushed old metrics. Current buffer sizes: parsing=1456, documents=0

      at TelemetryCollector.flushMetrics (src/services/telemetry.ts:276:15)

  console.log
    [TELEMETRY] Flushed old metrics. Current buffer sizes: parsing=1457, documents=0

      at TelemetryCollector.flushMetrics (src/services/telemetry.ts:276:15)

  console.log
    [TELEMETRY] Flushed old metrics. Current buffer sizes: parsing=1458, documents=0

      at TelemetryCollector.flushMetrics (src/services/telemetry.ts:276:15)

  console.log
    [TELEMETRY] Flushed old metrics. Current buffer sizes: parsing=1459, documents=0

      at TelemetryCollector.flushMetrics (src/services/telemetry.ts:276:15)

  console.log
    [TELEMETRY] Flushed old metrics. Current buffer sizes: parsing=1460, documents=0

      at TelemetryCollector.flushMetrics (src/services/telemetry.ts:276:15)

  console.log
    [TELEMETRY] Flushed old metrics. Current buffer sizes: parsing=1461, documents=0

      at TelemetryCollector.flushMetrics (src/services/telemetry.ts:276:15)

  console.log
    [TELEMETRY] Flushed old metrics. Current buffer sizes: parsing=1462, documents=0

      at TelemetryCollector.flushMetrics (src/services/telemetry.ts:276:15)

  console.log
    [TELEMETRY] Flushed old metrics. Current buffer sizes: parsing=1463, documents=0

      at TelemetryCollector.flushMetrics (src/services/telemetry.ts:276:15)

  console.log
    [TELEMETRY] Flushed old metrics. Current buffer sizes: parsing=1464, documents=0

      at TelemetryCollector.flushMetrics (src/services/telemetry.ts:276:15)

  console.log
    [TELEMETRY] Flushed old metrics. Current buffer sizes: parsing=1465, documents=0

      at TelemetryCollector.flushMetrics (src/services/telemetry.ts:276:15)

  console.log
    [TELEMETRY] Flushed old metrics. Current buffer sizes: parsing=1466, documents=0

      at TelemetryCollector.flushMetrics (src/services/telemetry.ts:276:15)

  console.log
    [TELEMETRY] Flushed old metrics. Current buffer sizes: parsing=1467, documents=0

      at TelemetryCollector.flushMetrics (src/services/telemetry.ts:276:15)

  console.log
    [TELEMETRY] Flushed old metrics. Current buffer sizes: parsing=1468, documents=0

      at TelemetryCollector.flushMetrics (src/services/telemetry.ts:276:15)

  console.log
    [TELEMETRY] Flushed old metrics. Current buffer sizes: parsing=1469, documents=0

      at TelemetryCollector.flushMetrics (src/services/telemetry.ts:276:15)

  console.log
    [TELEMETRY] Flushed old metrics. Current buffer sizes: parsing=1470, documents=0

      at TelemetryCollector.flushMetrics (src/services/telemetry.ts:276:15)

  console.log
    [TELEMETRY] Flushed old metrics. Current buffer sizes: parsing=1471, documents=0

      at TelemetryCollector.flushMetrics (src/services/telemetry.ts:276:15)

  console.log
    [TELEMETRY] Flushed old metrics. Current buffer sizes: parsing=1472, documents=0

      at TelemetryCollector.flushMetrics (src/services/telemetry.ts:276:15)

  console.log
    [TELEMETRY] Flushed old metrics. Current buffer sizes: parsing=1473, documents=0

      at TelemetryCollector.flushMetrics (src/services/telemetry.ts:276:15)

  console.log
    [TELEMETRY] Flushed old metrics. Current buffer sizes: parsing=1474, documents=0

      at TelemetryCollector.flushMetrics (src/services/telemetry.ts:276:15)

  console.log
    [TELEMETRY] Flushed old metrics. Current buffer sizes: parsing=1475, documents=0

      at TelemetryCollector.flushMetrics (src/services/telemetry.ts:276:15)

  console.log
    [TELEMETRY] Flushed old metrics. Current buffer sizes: parsing=1476, documents=0

      at TelemetryCollector.flushMetrics (src/services/telemetry.ts:276:15)

  console.log
    [TELEMETRY] Flushed old metrics. Current buffer sizes: parsing=1477, documents=0

      at TelemetryCollector.flushMetrics (src/services/telemetry.ts:276:15)

  console.log
    [TELEMETRY] Flushed old metrics. Current buffer sizes: parsing=1478, documents=0

      at TelemetryCollector.flushMetrics (src/services/telemetry.ts:276:15)

  console.log
    [TELEMETRY] Flushed old metrics. Current buffer sizes: parsing=1479, documents=0

      at TelemetryCollector.flushMetrics (src/services/telemetry.ts:276:15)

  console.log
    [TELEMETRY] Flushed old metrics. Current buffer sizes: parsing=1480, documents=0

      at TelemetryCollector.flushMetrics (src/services/telemetry.ts:276:15)

  console.log
    [TELEMETRY] Flushed old metrics. Current buffer sizes: parsing=1481, documents=0

      at TelemetryCollector.flushMetrics (src/services/telemetry.ts:276:15)

  console.log
    [TELEMETRY] Flushed old metrics. Current buffer sizes: parsing=1482, documents=0

      at TelemetryCollector.flushMetrics (src/services/telemetry.ts:276:15)

  console.log
    [TELEMETRY] Flushed old metrics. Current buffer sizes: parsing=1483, documents=0

      at TelemetryCollector.flushMetrics (src/services/telemetry.ts:276:15)

  console.log
    [TELEMETRY] Flushed old metrics. Current buffer sizes: parsing=1484, documents=0

      at TelemetryCollector.flushMetrics (src/services/telemetry.ts:276:15)

  console.log
    [TELEMETRY] Flushed old metrics. Current buffer sizes: parsing=1485, documents=0

      at TelemetryCollector.flushMetrics (src/services/telemetry.ts:276:15)

  console.log
    [TELEMETRY] Flushed old metrics. Current buffer sizes: parsing=1486, documents=0

      at TelemetryCollector.flushMetrics (src/services/telemetry.ts:276:15)

  console.log
    [TELEMETRY] Flushed old metrics. Current buffer sizes: parsing=1487, documents=0

      at TelemetryCollector.flushMetrics (src/services/telemetry.ts:276:15)

  console.log
    [TELEMETRY] Flushed old metrics. Current buffer sizes: parsing=1488, documents=0

      at TelemetryCollector.flushMetrics (src/services/telemetry.ts:276:15)

  console.log
    [TELEMETRY] Flushed old metrics. Current buffer sizes: parsing=1489, documents=0

      at TelemetryCollector.flushMetrics (src/services/telemetry.ts:276:15)

  console.log
    [TELEMETRY] Flushed old metrics. Current buffer sizes: parsing=1490, documents=0

      at TelemetryCollector.flushMetrics (src/services/telemetry.ts:276:15)

  console.log
    [TELEMETRY] Flushed old metrics. Current buffer sizes: parsing=1491, documents=0

      at TelemetryCollector.flushMetrics (src/services/telemetry.ts:276:15)

  console.log
    [TELEMETRY] Flushed old metrics. Current buffer sizes: parsing=1492, documents=0

      at TelemetryCollector.flushMetrics (src/services/telemetry.ts:276:15)

  console.log
    [TELEMETRY] Flushed old metrics. Current buffer sizes: parsing=1493, documents=0

      at TelemetryCollector.flushMetrics (src/services/telemetry.ts:276:15)

  console.log
    [TELEMETRY] Flushed old metrics. Current buffer sizes: parsing=1494, documents=0

      at TelemetryCollector.flushMetrics (src/services/telemetry.ts:276:15)

  console.log
    [TELEMETRY] Flushed old metrics. Current buffer sizes: parsing=1495, documents=0

      at TelemetryCollector.flushMetrics (src/services/telemetry.ts:276:15)

  console.log
    [TELEMETRY] Flushed old metrics. Current buffer sizes: parsing=1496, documents=0

      at TelemetryCollector.flushMetrics (src/services/telemetry.ts:276:15)

  console.log
    [TELEMETRY] Flushed old metrics. Current buffer sizes: parsing=1497, documents=0

      at TelemetryCollector.flushMetrics (src/services/telemetry.ts:276:15)

  console.log
    [TELEMETRY] Flushed old metrics. Current buffer sizes: parsing=1498, documents=0

      at TelemetryCollector.flushMetrics (src/services/telemetry.ts:276:15)

  console.log
    [TELEMETRY] Flushed old metrics. Current buffer sizes: parsing=1499, documents=0

      at TelemetryCollector.flushMetrics (src/services/telemetry.ts:276:15)

  console.log
    [TELEMETRY] Flushed old metrics. Current buffer sizes: parsing=1500, documents=0

      at TelemetryCollector.flushMetrics (src/services/telemetry.ts:276:15)

  console.log
    [TELEMETRY] Flushed old metrics. Current buffer sizes: parsing=1501, documents=0

      at TelemetryCollector.flushMetrics (src/services/telemetry.ts:276:15)

  console.log
    [TELEMETRY] Flushed old metrics. Current buffer sizes: parsing=1502, documents=0

      at TelemetryCollector.flushMetrics (src/services/telemetry.ts:276:15)

  console.log
    [TELEMETRY] Flushed old metrics. Current buffer sizes: parsing=1503, documents=0

      at TelemetryCollector.flushMetrics (src/services/telemetry.ts:276:15)

  console.log
    [TELEMETRY] Flushed old metrics. Current buffer sizes: parsing=1504, documents=0

      at TelemetryCollector.flushMetrics (src/services/telemetry.ts:276:15)

  console.log
    [TELEMETRY] Flushed old metrics. Current buffer sizes: parsing=1505, documents=0

      at TelemetryCollector.flushMetrics (src/services/telemetry.ts:276:15)

  console.log
    [TELEMETRY] Flushed old metrics. Current buffer sizes: parsing=1506, documents=0

      at TelemetryCollector.flushMetrics (src/services/telemetry.ts:276:15)

  console.log
    [TELEMETRY] Flushed old metrics. Current buffer sizes: parsing=1507, documents=0

      at TelemetryCollector.flushMetrics (src/services/telemetry.ts:276:15)

  console.log
    [TELEMETRY] Flushed old metrics. Current buffer sizes: parsing=1508, documents=0

      at TelemetryCollector.flushMetrics (src/services/telemetry.ts:276:15)

  console.log
    [TELEMETRY] Flushed old metrics. Current buffer sizes: parsing=1509, documents=0

      at TelemetryCollector.flushMetrics (src/services/telemetry.ts:276:15)

  console.log
    [TELEMETRY] Flushed old metrics. Current buffer sizes: parsing=1510, documents=0

      at TelemetryCollector.flushMetrics (src/services/telemetry.ts:276:15)

  console.log
    [TELEMETRY] Flushed old metrics. Current buffer sizes: parsing=1511, documents=0

      at TelemetryCollector.flushMetrics (src/services/telemetry.ts:276:15)

  console.log
    [TELEMETRY] Flushed old metrics. Current buffer sizes: parsing=1512, documents=0

      at TelemetryCollector.flushMetrics (src/services/telemetry.ts:276:15)

  console.log
    [TELEMETRY] Flushed old metrics. Current buffer sizes: parsing=1513, documents=0

      at TelemetryCollector.flushMetrics (src/services/telemetry.ts:276:15)

  console.log
    [TELEMETRY] Flushed old metrics. Current buffer sizes: parsing=1514, documents=0

      at TelemetryCollector.flushMetrics (src/services/telemetry.ts:276:15)

  console.log
    [TELEMETRY] Flushed old metrics. Current buffer sizes: parsing=1515, documents=0

      at TelemetryCollector.flushMetrics (src/services/telemetry.ts:276:15)

  console.log
    [TELEMETRY] Flushed old metrics. Current buffer sizes: parsing=1516, documents=0

      at TelemetryCollector.flushMetrics (src/services/telemetry.ts:276:15)

  console.log
    [TELEMETRY] Flushed old metrics. Current buffer sizes: parsing=1517, documents=0

      at TelemetryCollector.flushMetrics (src/services/telemetry.ts:276:15)

  console.log
    [TELEMETRY] Flushed old metrics. Current buffer sizes: parsing=1518, documents=0

      at TelemetryCollector.flushMetrics (src/services/telemetry.ts:276:15)

  console.log
    [TELEMETRY] Flushed old metrics. Current buffer sizes: parsing=1519, documents=0

      at TelemetryCollector.flushMetrics (src/services/telemetry.ts:276:15)

  console.log
    [TELEMETRY] Flushed old metrics. Current buffer sizes: parsing=1520, documents=0

      at TelemetryCollector.flushMetrics (src/services/telemetry.ts:276:15)

  console.log
    [TELEMETRY] Flushed old metrics. Current buffer sizes: parsing=1521, documents=0

      at TelemetryCollector.flushMetrics (src/services/telemetry.ts:276:15)

  console.log
    [TELEMETRY] Flushed old metrics. Current buffer sizes: parsing=1522, documents=0

      at TelemetryCollector.flushMetrics (src/services/telemetry.ts:276:15)

  console.log
    [TELEMETRY] Flushed old metrics. Current buffer sizes: parsing=1523, documents=0

      at TelemetryCollector.flushMetrics (src/services/telemetry.ts:276:15)

  console.log
    [TELEMETRY] Flushed old metrics. Current buffer sizes: parsing=1524, documents=0

      at TelemetryCollector.flushMetrics (src/services/telemetry.ts:276:15)

  console.log
    [TELEMETRY] Flushed old metrics. Current buffer sizes: parsing=1525, documents=0

      at TelemetryCollector.flushMetrics (src/services/telemetry.ts:276:15)

  console.log
    [TELEMETRY] Flushed old metrics. Current buffer sizes: parsing=1526, documents=0

      at TelemetryCollector.flushMetrics (src/services/telemetry.ts:276:15)

  console.log
    [TELEMETRY] Flushed old metrics. Current buffer sizes: parsing=1527, documents=0

      at TelemetryCollector.flushMetrics (src/services/telemetry.ts:276:15)

  console.log
    [TELEMETRY] Flushed old metrics. Current buffer sizes: parsing=1528, documents=0

      at TelemetryCollector.flushMetrics (src/services/telemetry.ts:276:15)

  console.log
    [TELEMETRY] Flushed old metrics. Current buffer sizes: parsing=1529, documents=0

      at TelemetryCollector.flushMetrics (src/services/telemetry.ts:276:15)

  console.log
    [TELEMETRY] Flushed old metrics. Current buffer sizes: parsing=1530, documents=0

      at TelemetryCollector.flushMetrics (src/services/telemetry.ts:276:15)

  console.log
    [TELEMETRY] Flushed old metrics. Current buffer sizes: parsing=1531, documents=0

      at TelemetryCollector.flushMetrics (src/services/telemetry.ts:276:15)

  console.log
    [TELEMETRY] Flushed old metrics. Current buffer sizes: parsing=1532, documents=0

      at TelemetryCollector.flushMetrics (src/services/telemetry.ts:276:15)

  console.log
    [TELEMETRY] Flushed old metrics. Current buffer sizes: parsing=1533, documents=0

      at TelemetryCollector.flushMetrics (src/services/telemetry.ts:276:15)

  console.log
    [TELEMETRY] Flushed old metrics. Current buffer sizes: parsing=1534, documents=0

      at TelemetryCollector.flushMetrics (src/services/telemetry.ts:276:15)

  console.log
    [TELEMETRY] Flushed old metrics. Current buffer sizes: parsing=1535, documents=0

      at TelemetryCollector.flushMetrics (src/services/telemetry.ts:276:15)

  console.log
    [TELEMETRY] Flushed old metrics. Current buffer sizes: parsing=1536, documents=0

      at TelemetryCollector.flushMetrics (src/services/telemetry.ts:276:15)

  console.log
    [TELEMETRY] Flushed old metrics. Current buffer sizes: parsing=1537, documents=0

      at TelemetryCollector.flushMetrics (src/services/telemetry.ts:276:15)

  console.log
    [TELEMETRY] Flushed old metrics. Current buffer sizes: parsing=1538, documents=0

      at TelemetryCollector.flushMetrics (src/services/telemetry.ts:276:15)

  console.log
    [TELEMETRY] Flushed old metrics. Current buffer sizes: parsing=1539, documents=0

      at TelemetryCollector.flushMetrics (src/services/telemetry.ts:276:15)

  console.log
    [TELEMETRY] Flushed old metrics. Current buffer sizes: parsing=1540, documents=0

      at TelemetryCollector.flushMetrics (src/services/telemetry.ts:276:15)

  console.log
    [TELEMETRY] Flushed old metrics. Current buffer sizes: parsing=1541, documents=0

      at TelemetryCollector.flushMetrics (src/services/telemetry.ts:276:15)

  console.log
    [TELEMETRY] Flushed old metrics. Current buffer sizes: parsing=1542, documents=0

      at TelemetryCollector.flushMetrics (src/services/telemetry.ts:276:15)

  console.log
    [TELEMETRY] Flushed old metrics. Current buffer sizes: parsing=1543, documents=0

      at TelemetryCollector.flushMetrics (src/services/telemetry.ts:276:15)

  console.log
    [TELEMETRY] Flushed old metrics. Current buffer sizes: parsing=1544, documents=0

      at TelemetryCollector.flushMetrics (src/services/telemetry.ts:276:15)

  console.log
    [TELEMETRY] Flushed old metrics. Current buffer sizes: parsing=1545, documents=0

      at TelemetryCollector.flushMetrics (src/services/telemetry.ts:276:15)

  console.log
    [TELEMETRY] Flushed old metrics. Current buffer sizes: parsing=1546, documents=0

      at TelemetryCollector.flushMetrics (src/services/telemetry.ts:276:15)

  console.log
    [TELEMETRY] Flushed old metrics. Current buffer sizes: parsing=1547, documents=0

      at TelemetryCollector.flushMetrics (src/services/telemetry.ts:276:15)

  console.log
    [TELEMETRY] Flushed old metrics. Current buffer sizes: parsing=1548, documents=0

      at TelemetryCollector.flushMetrics (src/services/telemetry.ts:276:15)

  console.log
    [TELEMETRY] Flushed old metrics. Current buffer sizes: parsing=1549, documents=0

      at TelemetryCollector.flushMetrics (src/services/telemetry.ts:276:15)

  console.log
    [TELEMETRY] Flushed old metrics. Current buffer sizes: parsing=1550, documents=0

      at TelemetryCollector.flushMetrics (src/services/telemetry.ts:276:15)

  console.log
    [TELEMETRY] Flushed old metrics. Current buffer sizes: parsing=1551, documents=0

      at TelemetryCollector.flushMetrics (src/services/telemetry.ts:276:15)

  console.log
    [TELEMETRY] Flushed old metrics. Current buffer sizes: parsing=1552, documents=0

      at TelemetryCollector.flushMetrics (src/services/telemetry.ts:276:15)

  console.log
    [TELEMETRY] Flushed old metrics. Current buffer sizes: parsing=1553, documents=0

      at TelemetryCollector.flushMetrics (src/services/telemetry.ts:276:15)

  console.log
    [TELEMETRY] Flushed old metrics. Current buffer sizes: parsing=1554, documents=0

      at TelemetryCollector.flushMetrics (src/services/telemetry.ts:276:15)

  console.log
    [TELEMETRY] Flushed old metrics. Current buffer sizes: parsing=1555, documents=0

      at TelemetryCollector.flushMetrics (src/services/telemetry.ts:276:15)

  console.log
    [TELEMETRY] Flushed old metrics. Current buffer sizes: parsing=1556, documents=0

      at TelemetryCollector.flushMetrics (src/services/telemetry.ts:276:15)

  console.log
    [TELEMETRY] Flushed old metrics. Current buffer sizes: parsing=1557, documents=0

      at TelemetryCollector.flushMetrics (src/services/telemetry.ts:276:15)

  console.log
    [TELEMETRY] Flushed old metrics. Current buffer sizes: parsing=1558, documents=0

      at TelemetryCollector.flushMetrics (src/services/telemetry.ts:276:15)

  console.log
    [TELEMETRY] Flushed old metrics. Current buffer sizes: parsing=1559, documents=0

      at TelemetryCollector.flushMetrics (src/services/telemetry.ts:276:15)

  console.log
    [TELEMETRY] Flushed old metrics. Current buffer sizes: parsing=1560, documents=0

      at TelemetryCollector.flushMetrics (src/services/telemetry.ts:276:15)

  console.log
    [TELEMETRY] Flushed old metrics. Current buffer sizes: parsing=1561, documents=0

      at TelemetryCollector.flushMetrics (src/services/telemetry.ts:276:15)

  console.log
    [TELEMETRY] Flushed old metrics. Current buffer sizes: parsing=1562, documents=0

      at TelemetryCollector.flushMetrics (src/services/telemetry.ts:276:15)

  console.log
    [TELEMETRY] Flushed old metrics. Current buffer sizes: parsing=1563, documents=0

      at TelemetryCollector.flushMetrics (src/services/telemetry.ts:276:15)

  console.log
    [TELEMETRY] Flushed old metrics. Current buffer sizes: parsing=1564, documents=0

      at TelemetryCollector.flushMetrics (src/services/telemetry.ts:276:15)

  console.log
    [TELEMETRY] Flushed old metrics. Current buffer sizes: parsing=1565, documents=0

      at TelemetryCollector.flushMetrics (src/services/telemetry.ts:276:15)

  console.log
    [TELEMETRY] Flushed old metrics. Current buffer sizes: parsing=1566, documents=0

      at TelemetryCollector.flushMetrics (src/services/telemetry.ts:276:15)

  console.log
    [TELEMETRY] Flushed old metrics. Current buffer sizes: parsing=1567, documents=0

      at TelemetryCollector.flushMetrics (src/services/telemetry.ts:276:15)

  console.log
    [TELEMETRY] Flushed old metrics. Current buffer sizes: parsing=1568, documents=0

      at TelemetryCollector.flushMetrics (src/services/telemetry.ts:276:15)

  console.log
    [TELEMETRY] Flushed old metrics. Current buffer sizes: parsing=1569, documents=0

      at TelemetryCollector.flushMetrics (src/services/telemetry.ts:276:15)

  console.log
    [TELEMETRY] Flushed old metrics. Current buffer sizes: parsing=1570, documents=0

      at TelemetryCollector.flushMetrics (src/services/telemetry.ts:276:15)

  console.log
    [TELEMETRY] Flushed old metrics. Current buffer sizes: parsing=1571, documents=0

      at TelemetryCollector.flushMetrics (src/services/telemetry.ts:276:15)

  console.log
    [TELEMETRY] Flushed old metrics. Current buffer sizes: parsing=1572, documents=0

      at TelemetryCollector.flushMetrics (src/services/telemetry.ts:276:15)

  console.log
    [TELEMETRY] Flushed old metrics. Current buffer sizes: parsing=1573, documents=0

      at TelemetryCollector.flushMetrics (src/services/telemetry.ts:276:15)

  console.log
    [TELEMETRY] Flushed old metrics. Current buffer sizes: parsing=1574, documents=0

      at TelemetryCollector.flushMetrics (src/services/telemetry.ts:276:15)

  console.log
    [TELEMETRY] Flushed old metrics. Current buffer sizes: parsing=1575, documents=0

      at TelemetryCollector.flushMetrics (src/services/telemetry.ts:276:15)

  console.log
    [TELEMETRY] Flushed old metrics. Current buffer sizes: parsing=1576, documents=0

      at TelemetryCollector.flushMetrics (src/services/telemetry.ts:276:15)

  console.log
    [TELEMETRY] Flushed old metrics. Current buffer sizes: parsing=1577, documents=0

      at TelemetryCollector.flushMetrics (src/services/telemetry.ts:276:15)

  console.log
    [TELEMETRY] Flushed old metrics. Current buffer sizes: parsing=1578, documents=0

      at TelemetryCollector.flushMetrics (src/services/telemetry.ts:276:15)

  console.log
    [TELEMETRY] Flushed old metrics. Current buffer sizes: parsing=1579, documents=0

      at TelemetryCollector.flushMetrics (src/services/telemetry.ts:276:15)

  console.log
    [TELEMETRY] Flushed old metrics. Current buffer sizes: parsing=1580, documents=0

      at TelemetryCollector.flushMetrics (src/services/telemetry.ts:276:15)

  console.log
    [TELEMETRY] Flushed old metrics. Current buffer sizes: parsing=1581, documents=0

      at TelemetryCollector.flushMetrics (src/services/telemetry.ts:276:15)

  console.log
    [TELEMETRY] Flushed old metrics. Current buffer sizes: parsing=1582, documents=0

      at TelemetryCollector.flushMetrics (src/services/telemetry.ts:276:15)

  console.log
    [TELEMETRY] Flushed old metrics. Current buffer sizes: parsing=1583, documents=0

      at TelemetryCollector.flushMetrics (src/services/telemetry.ts:276:15)

  console.log
    [TELEMETRY] Flushed old metrics. Current buffer sizes: parsing=1584, documents=0

      at TelemetryCollector.flushMetrics (src/services/telemetry.ts:276:15)

  console.log
    [TELEMETRY] Flushed old metrics. Current buffer sizes: parsing=1585, documents=0

      at TelemetryCollector.flushMetrics (src/services/telemetry.ts:276:15)

  console.log
    [TELEMETRY] Flushed old metrics. Current buffer sizes: parsing=1586, documents=0

      at TelemetryCollector.flushMetrics (src/services/telemetry.ts:276:15)

  console.log
    [TELEMETRY] Flushed old metrics. Current buffer sizes: parsing=1587, documents=0

      at TelemetryCollector.flushMetrics (src/services/telemetry.ts:276:15)

  console.log
    [TELEMETRY] Flushed old metrics. Current buffer sizes: parsing=1588, documents=0

      at TelemetryCollector.flushMetrics (src/services/telemetry.ts:276:15)

  console.log
    [TELEMETRY] Flushed old metrics. Current buffer sizes: parsing=1589, documents=0

      at TelemetryCollector.flushMetrics (src/services/telemetry.ts:276:15)

  console.log
    [TELEMETRY] Flushed old metrics. Current buffer sizes: parsing=1590, documents=0

      at TelemetryCollector.flushMetrics (src/services/telemetry.ts:276:15)

  console.log
    [TELEMETRY] Flushed old metrics. Current buffer sizes: parsing=1591, documents=0

      at TelemetryCollector.flushMetrics (src/services/telemetry.ts:276:15)

  console.log
    [TELEMETRY] Flushed old metrics. Current buffer sizes: parsing=1592, documents=0

      at TelemetryCollector.flushMetrics (src/services/telemetry.ts:276:15)

  console.log
    [TELEMETRY] Flushed old metrics. Current buffer sizes: parsing=1593, documents=0

      at TelemetryCollector.flushMetrics (src/services/telemetry.ts:276:15)

  console.log
    [TELEMETRY] Flushed old metrics. Current buffer sizes: parsing=1594, documents=0

      at TelemetryCollector.flushMetrics (src/services/telemetry.ts:276:15)

  console.log
    [TELEMETRY] Flushed old metrics. Current buffer sizes: parsing=1595, documents=0

      at TelemetryCollector.flushMetrics (src/services/telemetry.ts:276:15)

  console.log
    [TELEMETRY] Flushed old metrics. Current buffer sizes: parsing=1596, documents=0

      at TelemetryCollector.flushMetrics (src/services/telemetry.ts:276:15)

  console.log
    [TELEMETRY] Flushed old metrics. Current buffer sizes: parsing=1597, documents=0

      at TelemetryCollector.flushMetrics (src/services/telemetry.ts:276:15)

  console.log
    [TELEMETRY] Flushed old metrics. Current buffer sizes: parsing=1598, documents=0

      at TelemetryCollector.flushMetrics (src/services/telemetry.ts:276:15)

  console.log
    [TELEMETRY] Flushed old metrics. Current buffer sizes: parsing=1599, documents=0

      at TelemetryCollector.flushMetrics (src/services/telemetry.ts:276:15)

  console.log
    [TELEMETRY] Flushed old metrics. Current buffer sizes: parsing=1600, documents=0

      at TelemetryCollector.flushMetrics (src/services/telemetry.ts:276:15)

  console.log
    [TELEMETRY] Flushed old metrics. Current buffer sizes: parsing=1601, documents=0

      at TelemetryCollector.flushMetrics (src/services/telemetry.ts:276:15)

  console.log
    [TELEMETRY] Flushed old metrics. Current buffer sizes: parsing=1602, documents=0

      at TelemetryCollector.flushMetrics (src/services/telemetry.ts:276:15)

  console.log
    [TELEMETRY] Flushed old metrics. Current buffer sizes: parsing=1603, documents=0

      at TelemetryCollector.flushMetrics (src/services/telemetry.ts:276:15)

  console.log
    [TELEMETRY] Flushed old metrics. Current buffer sizes: parsing=1604, documents=0

      at TelemetryCollector.flushMetrics (src/services/telemetry.ts:276:15)

  console.log
    [TELEMETRY] Flushed old metrics. Current buffer sizes: parsing=1605, documents=0

      at TelemetryCollector.flushMetrics (src/services/telemetry.ts:276:15)

  console.log
    [TELEMETRY] Flushed old metrics. Current buffer sizes: parsing=1606, documents=0

      at TelemetryCollector.flushMetrics (src/services/telemetry.ts:276:15)

  console.log
    [TELEMETRY] Flushed old metrics. Current buffer sizes: parsing=1607, documents=0

      at TelemetryCollector.flushMetrics (src/services/telemetry.ts:276:15)

  console.log
    [TELEMETRY] Flushed old metrics. Current buffer sizes: parsing=1608, documents=0

      at TelemetryCollector.flushMetrics (src/services/telemetry.ts:276:15)

  console.log
    [TELEMETRY] Flushed old metrics. Current buffer sizes: parsing=1609, documents=0

      at TelemetryCollector.flushMetrics (src/services/telemetry.ts:276:15)

  console.log
    [TELEMETRY] Flushed old metrics. Current buffer sizes: parsing=1610, documents=0

      at TelemetryCollector.flushMetrics (src/services/telemetry.ts:276:15)

  console.log
    [TELEMETRY] Flushed old metrics. Current buffer sizes: parsing=1611, documents=0

      at TelemetryCollector.flushMetrics (src/services/telemetry.ts:276:15)

  console.log
    [TELEMETRY] Flushed old metrics. Current buffer sizes: parsing=1612, documents=0

      at TelemetryCollector.flushMetrics (src/services/telemetry.ts:276:15)

  console.log
    [TELEMETRY] Flushed old metrics. Current buffer sizes: parsing=1613, documents=0

      at TelemetryCollector.flushMetrics (src/services/telemetry.ts:276:15)

  console.log
    [TELEMETRY] Flushed old metrics. Current buffer sizes: parsing=1614, documents=0

      at TelemetryCollector.flushMetrics (src/services/telemetry.ts:276:15)

  console.log
    [TELEMETRY] Flushed old metrics. Current buffer sizes: parsing=1615, documents=0

      at TelemetryCollector.flushMetrics (src/services/telemetry.ts:276:15)

  console.log
    [TELEMETRY] Flushed old metrics. Current buffer sizes: parsing=1616, documents=0

      at TelemetryCollector.flushMetrics (src/services/telemetry.ts:276:15)

  console.log
    [TELEMETRY] Flushed old metrics. Current buffer sizes: parsing=1617, documents=0

      at TelemetryCollector.flushMetrics (src/services/telemetry.ts:276:15)

  console.log
    [TELEMETRY] Flushed old metrics. Current buffer sizes: parsing=1618, documents=0

      at TelemetryCollector.flushMetrics (src/services/telemetry.ts:276:15)

  console.log
    [TELEMETRY] Flushed old metrics. Current buffer sizes: parsing=1619, documents=0

      at TelemetryCollector.flushMetrics (src/services/telemetry.ts:276:15)

  console.log
    [TELEMETRY] Flushed old metrics. Current buffer sizes: parsing=1620, documents=0

      at TelemetryCollector.flushMetrics (src/services/telemetry.ts:276:15)

  console.log
    [TELEMETRY] Flushed old metrics. Current buffer sizes: parsing=1621, documents=0

      at TelemetryCollector.flushMetrics (src/services/telemetry.ts:276:15)

  console.log
    [TELEMETRY] Flushed old metrics. Current buffer sizes: parsing=1622, documents=0

      at TelemetryCollector.flushMetrics (src/services/telemetry.ts:276:15)

  console.log
    [TELEMETRY] Flushed old metrics. Current buffer sizes: parsing=1623, documents=0

      at TelemetryCollector.flushMetrics (src/services/telemetry.ts:276:15)

  console.log
    [TELEMETRY] Flushed old metrics. Current buffer sizes: parsing=1624, documents=0

      at TelemetryCollector.flushMetrics (src/services/telemetry.ts:276:15)

  console.log
    [TELEMETRY] Flushed old metrics. Current buffer sizes: parsing=1625, documents=0

      at TelemetryCollector.flushMetrics (src/services/telemetry.ts:276:15)

  console.log
    [TELEMETRY] Flushed old metrics. Current buffer sizes: parsing=1626, documents=0

      at TelemetryCollector.flushMetrics (src/services/telemetry.ts:276:15)

  console.log
    [TELEMETRY] Flushed old metrics. Current buffer sizes: parsing=1627, documents=0

      at TelemetryCollector.flushMetrics (src/services/telemetry.ts:276:15)

  console.log
    [TELEMETRY] Flushed old metrics. Current buffer sizes: parsing=1628, documents=0

      at TelemetryCollector.flushMetrics (src/services/telemetry.ts:276:15)

  console.log
    [TELEMETRY] Flushed old metrics. Current buffer sizes: parsing=1629, documents=0

      at TelemetryCollector.flushMetrics (src/services/telemetry.ts:276:15)

  console.log
    [TELEMETRY] Flushed old metrics. Current buffer sizes: parsing=1630, documents=0

      at TelemetryCollector.flushMetrics (src/services/telemetry.ts:276:15)

  console.log
    [TELEMETRY] Flushed old metrics. Current buffer sizes: parsing=1631, documents=0

      at TelemetryCollector.flushMetrics (src/services/telemetry.ts:276:15)

  console.log
    [TELEMETRY] Flushed old metrics. Current buffer sizes: parsing=1632, documents=0

      at TelemetryCollector.flushMetrics (src/services/telemetry.ts:276:15)

  console.log
    [TELEMETRY] Flushed old metrics. Current buffer sizes: parsing=1633, documents=0

      at TelemetryCollector.flushMetrics (src/services/telemetry.ts:276:15)

  console.log
    [TELEMETRY] Flushed old metrics. Current buffer sizes: parsing=1634, documents=0

      at TelemetryCollector.flushMetrics (src/services/telemetry.ts:276:15)

  console.log
    [TELEMETRY] Flushed old metrics. Current buffer sizes: parsing=1635, documents=0

      at TelemetryCollector.flushMetrics (src/services/telemetry.ts:276:15)

  console.log
    [TELEMETRY] Flushed old metrics. Current buffer sizes: parsing=1636, documents=0

      at TelemetryCollector.flushMetrics (src/services/telemetry.ts:276:15)

  console.log
    [TELEMETRY] Flushed old metrics. Current buffer sizes: parsing=1637, documents=0

      at TelemetryCollector.flushMetrics (src/services/telemetry.ts:276:15)

  console.log
    [TELEMETRY] Flushed old metrics. Current buffer sizes: parsing=1638, documents=0

      at TelemetryCollector.flushMetrics (src/services/telemetry.ts:276:15)

  console.log
    [TELEMETRY] Flushed old metrics. Current buffer sizes: parsing=1639, documents=0

      at TelemetryCollector.flushMetrics (src/services/telemetry.ts:276:15)

  console.log
    [TELEMETRY] Flushed old metrics. Current buffer sizes: parsing=1640, documents=0

      at TelemetryCollector.flushMetrics (src/services/telemetry.ts:276:15)

  console.log
    [TELEMETRY] Flushed old metrics. Current buffer sizes: parsing=1641, documents=0

      at TelemetryCollector.flushMetrics (src/services/telemetry.ts:276:15)

  console.log
    [TELEMETRY] Flushed old metrics. Current buffer sizes: parsing=1642, documents=0

      at TelemetryCollector.flushMetrics (src/services/telemetry.ts:276:15)

  console.log
    [TELEMETRY] Flushed old metrics. Current buffer sizes: parsing=1643, documents=0

      at TelemetryCollector.flushMetrics (src/services/telemetry.ts:276:15)

  console.log
    [TELEMETRY] Flushed old metrics. Current buffer sizes: parsing=1644, documents=0

      at TelemetryCollector.flushMetrics (src/services/telemetry.ts:276:15)

  console.log
    [TELEMETRY] Flushed old metrics. Current buffer sizes: parsing=1645, documents=0

      at TelemetryCollector.flushMetrics (src/services/telemetry.ts:276:15)

  console.log
    [TELEMETRY] Flushed old metrics. Current buffer sizes: parsing=1646, documents=0

      at TelemetryCollector.flushMetrics (src/services/telemetry.ts:276:15)

  console.log
    [TELEMETRY] Flushed old metrics. Current buffer sizes: parsing=1647, documents=0

      at TelemetryCollector.flushMetrics (src/services/telemetry.ts:276:15)

  console.log
    [TELEMETRY] Flushed old metrics. Current buffer sizes: parsing=1648, documents=0

      at TelemetryCollector.flushMetrics (src/services/telemetry.ts:276:15)

  console.log
    [TELEMETRY] Flushed old metrics. Current buffer sizes: parsing=1649, documents=0

      at TelemetryCollector.flushMetrics (src/services/telemetry.ts:276:15)

  console.log
    [TELEMETRY] Flushed old metrics. Current buffer sizes: parsing=1650, documents=0

      at TelemetryCollector.flushMetrics (src/services/telemetry.ts:276:15)

  console.log
    [TELEMETRY] Flushed old metrics. Current buffer sizes: parsing=1651, documents=0

      at TelemetryCollector.flushMetrics (src/services/telemetry.ts:276:15)

  console.log
    [TELEMETRY] Flushed old metrics. Current buffer sizes: parsing=1652, documents=0

      at TelemetryCollector.flushMetrics (src/services/telemetry.ts:276:15)

  console.log
    [TELEMETRY] Flushed old metrics. Current buffer sizes: parsing=1653, documents=0

      at TelemetryCollector.flushMetrics (src/services/telemetry.ts:276:15)

  console.log
    [TELEMETRY] Flushed old metrics. Current buffer sizes: parsing=1654, documents=0

      at TelemetryCollector.flushMetrics (src/services/telemetry.ts:276:15)

  console.log
    [TELEMETRY] Flushed old metrics. Current buffer sizes: parsing=1655, documents=0

      at TelemetryCollector.flushMetrics (src/services/telemetry.ts:276:15)

  console.log
    [TELEMETRY] Flushed old metrics. Current buffer sizes: parsing=1656, documents=0

      at TelemetryCollector.flushMetrics (src/services/telemetry.ts:276:15)

  console.log
    [TELEMETRY] Flushed old metrics. Current buffer sizes: parsing=1657, documents=0

      at TelemetryCollector.flushMetrics (src/services/telemetry.ts:276:15)

  console.log
    [TELEMETRY] Flushed old metrics. Current buffer sizes: parsing=1658, documents=0

      at TelemetryCollector.flushMetrics (src/services/telemetry.ts:276:15)

  console.log
    [TELEMETRY] Flushed old metrics. Current buffer sizes: parsing=1659, documents=0

      at TelemetryCollector.flushMetrics (src/services/telemetry.ts:276:15)

  console.log
    [TELEMETRY] Flushed old metrics. Current buffer sizes: parsing=1660, documents=0

      at TelemetryCollector.flushMetrics (src/services/telemetry.ts:276:15)

  console.log
    [TELEMETRY] Flushed old metrics. Current buffer sizes: parsing=1661, documents=0

      at TelemetryCollector.flushMetrics (src/services/telemetry.ts:276:15)

  console.log
    [TELEMETRY] Flushed old metrics. Current buffer sizes: parsing=1662, documents=0

      at TelemetryCollector.flushMetrics (src/services/telemetry.ts:276:15)

  console.log
    [TELEMETRY] Flushed old metrics. Current buffer sizes: parsing=1663, documents=0

      at TelemetryCollector.flushMetrics (src/services/telemetry.ts:276:15)

  console.log
    [TELEMETRY] Flushed old metrics. Current buffer sizes: parsing=1664, documents=0

      at TelemetryCollector.flushMetrics (src/services/telemetry.ts:276:15)

  console.log
    [TELEMETRY] Flushed old metrics. Current buffer sizes: parsing=1665, documents=0

      at TelemetryCollector.flushMetrics (src/services/telemetry.ts:276:15)

  console.log
    [TELEMETRY] Flushed old metrics. Current buffer sizes: parsing=1666, documents=0

      at TelemetryCollector.flushMetrics (src/services/telemetry.ts:276:15)

  console.log
    [TELEMETRY] Flushed old metrics. Current buffer sizes: parsing=1667, documents=0

      at TelemetryCollector.flushMetrics (src/services/telemetry.ts:276:15)

  console.log
    [TELEMETRY] Flushed old metrics. Current buffer sizes: parsing=1668, documents=0

      at TelemetryCollector.flushMetrics (src/services/telemetry.ts:276:15)

  console.log
    [TELEMETRY] Flushed old metrics. Current buffer sizes: parsing=1669, documents=0

      at TelemetryCollector.flushMetrics (src/services/telemetry.ts:276:15)

  console.log
    [TELEMETRY] Flushed old metrics. Current buffer sizes: parsing=1670, documents=0

      at TelemetryCollector.flushMetrics (src/services/telemetry.ts:276:15)

  console.log
    [TELEMETRY] Flushed old metrics. Current buffer sizes: parsing=1671, documents=0

      at TelemetryCollector.flushMetrics (src/services/telemetry.ts:276:15)

  console.log
    [TELEMETRY] Flushed old metrics. Current buffer sizes: parsing=1672, documents=0

      at TelemetryCollector.flushMetrics (src/services/telemetry.ts:276:15)

  console.log
    [TELEMETRY] Flushed old metrics. Current buffer sizes: parsing=1673, documents=0

      at TelemetryCollector.flushMetrics (src/services/telemetry.ts:276:15)

  console.log
    [TELEMETRY] Flushed old metrics. Current buffer sizes: parsing=1674, documents=0

      at TelemetryCollector.flushMetrics (src/services/telemetry.ts:276:15)

  console.log
    [TELEMETRY] Flushed old metrics. Current buffer sizes: parsing=1675, documents=0

      at TelemetryCollector.flushMetrics (src/services/telemetry.ts:276:15)

  console.log
    [TELEMETRY] Flushed old metrics. Current buffer sizes: parsing=1676, documents=0

      at TelemetryCollector.flushMetrics (src/services/telemetry.ts:276:15)

  console.log
    [TELEMETRY] Flushed old metrics. Current buffer sizes: parsing=1677, documents=0

      at TelemetryCollector.flushMetrics (src/services/telemetry.ts:276:15)

  console.log
    [TELEMETRY] Flushed old metrics. Current buffer sizes: parsing=1678, documents=0

      at TelemetryCollector.flushMetrics (src/services/telemetry.ts:276:15)

  console.log
    [TELEMETRY] Flushed old metrics. Current buffer sizes: parsing=1679, documents=0

      at TelemetryCollector.flushMetrics (src/services/telemetry.ts:276:15)

  console.log
    [TELEMETRY] Flushed old metrics. Current buffer sizes: parsing=1680, documents=0

      at TelemetryCollector.flushMetrics (src/services/telemetry.ts:276:15)

  console.log
    [TELEMETRY] Flushed old metrics. Current buffer sizes: parsing=1681, documents=0

      at TelemetryCollector.flushMetrics (src/services/telemetry.ts:276:15)

  console.log
    [TELEMETRY] Flushed old metrics. Current buffer sizes: parsing=1682, documents=0

      at TelemetryCollector.flushMetrics (src/services/telemetry.ts:276:15)

  console.log
    [TELEMETRY] Flushed old metrics. Current buffer sizes: parsing=1683, documents=0

      at TelemetryCollector.flushMetrics (src/services/telemetry.ts:276:15)

  console.log
    [TELEMETRY] Flushed old metrics. Current buffer sizes: parsing=1684, documents=0

      at TelemetryCollector.flushMetrics (src/services/telemetry.ts:276:15)

  console.log
    [TELEMETRY] Flushed old metrics. Current buffer sizes: parsing=1685, documents=0

      at TelemetryCollector.flushMetrics (src/services/telemetry.ts:276:15)

  console.log
    [TELEMETRY] Flushed old metrics. Current buffer sizes: parsing=1686, documents=0

      at TelemetryCollector.flushMetrics (src/services/telemetry.ts:276:15)

  console.log
    [TELEMETRY] Flushed old metrics. Current buffer sizes: parsing=1687, documents=0

      at TelemetryCollector.flushMetrics (src/services/telemetry.ts:276:15)

  console.log
    [TELEMETRY] Flushed old metrics. Current buffer sizes: parsing=1688, documents=0

      at TelemetryCollector.flushMetrics (src/services/telemetry.ts:276:15)

  console.log
    [TELEMETRY] Flushed old metrics. Current buffer sizes: parsing=1689, documents=0

      at TelemetryCollector.flushMetrics (src/services/telemetry.ts:276:15)

  console.log
    [TELEMETRY] Flushed old metrics. Current buffer sizes: parsing=1690, documents=0

      at TelemetryCollector.flushMetrics (src/services/telemetry.ts:276:15)

  console.log
    [TELEMETRY] Flushed old metrics. Current buffer sizes: parsing=1691, documents=0

      at TelemetryCollector.flushMetrics (src/services/telemetry.ts:276:15)

  console.log
    [TELEMETRY] Flushed old metrics. Current buffer sizes: parsing=1692, documents=0

      at TelemetryCollector.flushMetrics (src/services/telemetry.ts:276:15)

  console.log
    [TELEMETRY] Flushed old metrics. Current buffer sizes: parsing=1693, documents=0

      at TelemetryCollector.flushMetrics (src/services/telemetry.ts:276:15)

  console.log
    [TELEMETRY] Flushed old metrics. Current buffer sizes: parsing=1694, documents=0

      at TelemetryCollector.flushMetrics (src/services/telemetry.ts:276:15)

  console.log
    [TELEMETRY] Flushed old metrics. Current buffer sizes: parsing=1695, documents=0

      at TelemetryCollector.flushMetrics (src/services/telemetry.ts:276:15)

  console.log
    [TELEMETRY] Flushed old metrics. Current buffer sizes: parsing=1696, documents=0

      at TelemetryCollector.flushMetrics (src/services/telemetry.ts:276:15)

  console.log
    [TELEMETRY] Flushed old metrics. Current buffer sizes: parsing=1697, documents=0

      at TelemetryCollector.flushMetrics (src/services/telemetry.ts:276:15)

  console.log
    [TELEMETRY] Flushed old metrics. Current buffer sizes: parsing=1698, documents=0

      at TelemetryCollector.flushMetrics (src/services/telemetry.ts:276:15)

  console.log
    [TELEMETRY] Flushed old metrics. Current buffer sizes: parsing=1699, documents=0

      at TelemetryCollector.flushMetrics (src/services/telemetry.ts:276:15)

  console.log
    [TELEMETRY] Flushed old metrics. Current buffer sizes: parsing=1700, documents=0

      at TelemetryCollector.flushMetrics (src/services/telemetry.ts:276:15)

  console.log
    [TELEMETRY] Flushed old metrics. Current buffer sizes: parsing=1701, documents=0

      at TelemetryCollector.flushMetrics (src/services/telemetry.ts:276:15)

  console.log
    [TELEMETRY] Flushed old metrics. Current buffer sizes: parsing=1702, documents=0

      at TelemetryCollector.flushMetrics (src/services/telemetry.ts:276:15)

  console.log
    [TELEMETRY] Flushed old metrics. Current buffer sizes: parsing=1703, documents=0

      at TelemetryCollector.flushMetrics (src/services/telemetry.ts:276:15)

  console.log
    [TELEMETRY] Flushed old metrics. Current buffer sizes: parsing=1704, documents=0

      at TelemetryCollector.flushMetrics (src/services/telemetry.ts:276:15)

  console.log
    [TELEMETRY] Flushed old metrics. Current buffer sizes: parsing=1705, documents=0

      at TelemetryCollector.flushMetrics (src/services/telemetry.ts:276:15)

  console.log
    [TELEMETRY] Flushed old metrics. Current buffer sizes: parsing=1706, documents=0

      at TelemetryCollector.flushMetrics (src/services/telemetry.ts:276:15)

  console.log
    [TELEMETRY] Flushed old metrics. Current buffer sizes: parsing=1707, documents=0

      at TelemetryCollector.flushMetrics (src/services/telemetry.ts:276:15)

  console.log
    [TELEMETRY] Flushed old metrics. Current buffer sizes: parsing=1708, documents=0

      at TelemetryCollector.flushMetrics (src/services/telemetry.ts:276:15)

  console.log
    [TELEMETRY] Flushed old metrics. Current buffer sizes: parsing=1709, documents=0

      at TelemetryCollector.flushMetrics (src/services/telemetry.ts:276:15)

  console.log
    [TELEMETRY] Flushed old metrics. Current buffer sizes: parsing=1710, documents=0

      at TelemetryCollector.flushMetrics (src/services/telemetry.ts:276:15)

  console.log
    [TELEMETRY] Flushed old metrics. Current buffer sizes: parsing=1711, documents=0

      at TelemetryCollector.flushMetrics (src/services/telemetry.ts:276:15)

  console.log
    [TELEMETRY] Flushed old metrics. Current buffer sizes: parsing=1712, documents=0

      at TelemetryCollector.flushMetrics (src/services/telemetry.ts:276:15)

  console.log
    [TELEMETRY] Flushed old metrics. Current buffer sizes: parsing=1713, documents=0

      at TelemetryCollector.flushMetrics (src/services/telemetry.ts:276:15)

  console.log
    [TELEMETRY] Flushed old metrics. Current buffer sizes: parsing=1714, documents=0

      at TelemetryCollector.flushMetrics (src/services/telemetry.ts:276:15)

  console.log
    [TELEMETRY] Flushed old metrics. Current buffer sizes: parsing=1715, documents=0

      at TelemetryCollector.flushMetrics (src/services/telemetry.ts:276:15)

  console.log
    [TELEMETRY] Flushed old metrics. Current buffer sizes: parsing=1716, documents=0

      at TelemetryCollector.flushMetrics (src/services/telemetry.ts:276:15)

  console.log
    [TELEMETRY] Flushed old metrics. Current buffer sizes: parsing=1717, documents=0

      at TelemetryCollector.flushMetrics (src/services/telemetry.ts:276:15)

  console.log
    [TELEMETRY] Flushed old metrics. Current buffer sizes: parsing=1718, documents=0

      at TelemetryCollector.flushMetrics (src/services/telemetry.ts:276:15)

  console.log
    [TELEMETRY] Flushed old metrics. Current buffer sizes: parsing=1719, documents=0

      at TelemetryCollector.flushMetrics (src/services/telemetry.ts:276:15)

  console.log
    [TELEMETRY] Flushed old metrics. Current buffer sizes: parsing=1720, documents=0

      at TelemetryCollector.flushMetrics (src/services/telemetry.ts:276:15)

  console.log
    [TELEMETRY] Flushed old metrics. Current buffer sizes: parsing=1721, documents=0

      at TelemetryCollector.flushMetrics (src/services/telemetry.ts:276:15)

  console.log
    [TELEMETRY] Flushed old metrics. Current buffer sizes: parsing=1722, documents=0

      at TelemetryCollector.flushMetrics (src/services/telemetry.ts:276:15)

  console.log
    [TELEMETRY] Flushed old metrics. Current buffer sizes: parsing=1723, documents=0

      at TelemetryCollector.flushMetrics (src/services/telemetry.ts:276:15)

  console.log
    [TELEMETRY] Flushed old metrics. Current buffer sizes: parsing=1724, documents=0

      at TelemetryCollector.flushMetrics (src/services/telemetry.ts:276:15)

  console.log
    [TELEMETRY] Flushed old metrics. Current buffer sizes: parsing=1725, documents=0

      at TelemetryCollector.flushMetrics (src/services/telemetry.ts:276:15)

  console.log
    [TELEMETRY] Flushed old metrics. Current buffer sizes: parsing=1726, documents=0

      at TelemetryCollector.flushMetrics (src/services/telemetry.ts:276:15)

  console.log
    [TELEMETRY] Flushed old metrics. Current buffer sizes: parsing=1727, documents=0

      at TelemetryCollector.flushMetrics (src/services/telemetry.ts:276:15)

  console.log
    [TELEMETRY] Flushed old metrics. Current buffer sizes: parsing=1728, documents=0

      at TelemetryCollector.flushMetrics (src/services/telemetry.ts:276:15)

  console.log
    [TELEMETRY] Flushed old metrics. Current buffer sizes: parsing=1729, documents=0

      at TelemetryCollector.flushMetrics (src/services/telemetry.ts:276:15)

  console.log
    [TELEMETRY] Flushed old metrics. Current buffer sizes: parsing=1730, documents=0

      at TelemetryCollector.flushMetrics (src/services/telemetry.ts:276:15)

  console.log
    [TELEMETRY] Flushed old metrics. Current buffer sizes: parsing=1731, documents=0

      at TelemetryCollector.flushMetrics (src/services/telemetry.ts:276:15)

  console.log
    [TELEMETRY] Flushed old metrics. Current buffer sizes: parsing=1732, documents=0

      at TelemetryCollector.flushMetrics (src/services/telemetry.ts:276:15)

  console.log
    [TELEMETRY] Flushed old metrics. Current buffer sizes: parsing=1733, documents=0

      at TelemetryCollector.flushMetrics (src/services/telemetry.ts:276:15)

  console.log
    [TELEMETRY] Flushed old metrics. Current buffer sizes: parsing=1734, documents=0

      at TelemetryCollector.flushMetrics (src/services/telemetry.ts:276:15)

  console.log
    [TELEMETRY] Flushed old metrics. Current buffer sizes: parsing=1735, documents=0

      at TelemetryCollector.flushMetrics (src/services/telemetry.ts:276:15)

  console.log
    [TELEMETRY] Flushed old metrics. Current buffer sizes: parsing=1736, documents=0

      at TelemetryCollector.flushMetrics (src/services/telemetry.ts:276:15)

  console.log
    [TELEMETRY] Flushed old metrics. Current buffer sizes: parsing=1737, documents=0

      at TelemetryCollector.flushMetrics (src/services/telemetry.ts:276:15)

  console.log
    [TELEMETRY] Flushed old metrics. Current buffer sizes: parsing=1738, documents=0

      at TelemetryCollector.flushMetrics (src/services/telemetry.ts:276:15)

  console.log
    [TELEMETRY] Flushed old metrics. Current buffer sizes: parsing=1739, documents=0

      at TelemetryCollector.flushMetrics (src/services/telemetry.ts:276:15)

  console.log
    [TELEMETRY] Flushed old metrics. Current buffer sizes: parsing=1740, documents=0

      at TelemetryCollector.flushMetrics (src/services/telemetry.ts:276:15)

  console.log
    [TELEMETRY] Flushed old metrics. Current buffer sizes: parsing=1741, documents=0

      at TelemetryCollector.flushMetrics (src/services/telemetry.ts:276:15)

  console.log
    [TELEMETRY] Flushed old metrics. Current buffer sizes: parsing=1742, documents=0

      at TelemetryCollector.flushMetrics (src/services/telemetry.ts:276:15)

  console.log
    [TELEMETRY] Flushed old metrics. Current buffer sizes: parsing=1743, documents=0

      at TelemetryCollector.flushMetrics (src/services/telemetry.ts:276:15)

  console.log
    [TELEMETRY] Flushed old metrics. Current buffer sizes: parsing=1744, documents=0

      at TelemetryCollector.flushMetrics (src/services/telemetry.ts:276:15)

  console.log
    [TELEMETRY] Flushed old metrics. Current buffer sizes: parsing=1745, documents=0

      at TelemetryCollector.flushMetrics (src/services/telemetry.ts:276:15)

  console.log
    [TELEMETRY] Flushed old metrics. Current buffer sizes: parsing=1746, documents=0

      at TelemetryCollector.flushMetrics (src/services/telemetry.ts:276:15)

  console.log
    [TELEMETRY] Flushed old metrics. Current buffer sizes: parsing=1747, documents=0

      at TelemetryCollector.flushMetrics (src/services/telemetry.ts:276:15)

  console.log
    [TELEMETRY] Flushed old metrics. Current buffer sizes: parsing=1748, documents=0

      at TelemetryCollector.flushMetrics (src/services/telemetry.ts:276:15)

  console.log
    [TELEMETRY] Flushed old metrics. Current buffer sizes: parsing=1749, documents=0

      at TelemetryCollector.flushMetrics (src/services/telemetry.ts:276:15)

  console.log
    [TELEMETRY] Flushed old metrics. Current buffer sizes: parsing=1750, documents=0

      at TelemetryCollector.flushMetrics (src/services/telemetry.ts:276:15)

  console.log
    [TELEMETRY] Flushed old metrics. Current buffer sizes: parsing=1751, documents=0

      at TelemetryCollector.flushMetrics (src/services/telemetry.ts:276:15)

  console.log
    [TELEMETRY] Flushed old metrics. Current buffer sizes: parsing=1752, documents=0

      at TelemetryCollector.flushMetrics (src/services/telemetry.ts:276:15)

  console.log
    [TELEMETRY] Flushed old metrics. Current buffer sizes: parsing=1753, documents=0

      at TelemetryCollector.flushMetrics (src/services/telemetry.ts:276:15)

  console.log
    [TELEMETRY] Flushed old metrics. Current buffer sizes: parsing=1754, documents=0

      at TelemetryCollector.flushMetrics (src/services/telemetry.ts:276:15)

  console.log
    [TELEMETRY] Flushed old metrics. Current buffer sizes: parsing=1755, documents=0

      at TelemetryCollector.flushMetrics (src/services/telemetry.ts:276:15)

  console.log
    [TELEMETRY] Flushed old metrics. Current buffer sizes: parsing=1756, documents=0

      at TelemetryCollector.flushMetrics (src/services/telemetry.ts:276:15)

  console.log
    [TELEMETRY] Flushed old metrics. Current buffer sizes: parsing=1757, documents=0

      at TelemetryCollector.flushMetrics (src/services/telemetry.ts:276:15)

  console.log
    [TELEMETRY] Flushed old metrics. Current buffer sizes: parsing=1758, documents=0

      at TelemetryCollector.flushMetrics (src/services/telemetry.ts:276:15)

  console.log
    [TELEMETRY] Flushed old metrics. Current buffer sizes: parsing=1759, documents=0

      at TelemetryCollector.flushMetrics (src/services/telemetry.ts:276:15)

  console.log
    [TELEMETRY] Flushed old metrics. Current buffer sizes: parsing=1760, documents=0

      at TelemetryCollector.flushMetrics (src/services/telemetry.ts:276:15)

  console.log
    [TELEMETRY] Flushed old metrics. Current buffer sizes: parsing=1761, documents=0

      at TelemetryCollector.flushMetrics (src/services/telemetry.ts:276:15)

  console.log
    [TELEMETRY] Flushed old metrics. Current buffer sizes: parsing=1762, documents=0

      at TelemetryCollector.flushMetrics (src/services/telemetry.ts:276:15)

  console.log
    [TELEMETRY] Flushed old metrics. Current buffer sizes: parsing=1763, documents=0

      at TelemetryCollector.flushMetrics (src/services/telemetry.ts:276:15)

  console.log
    [TELEMETRY] Flushed old metrics. Current buffer sizes: parsing=1764, documents=0

      at TelemetryCollector.flushMetrics (src/services/telemetry.ts:276:15)

  console.log
    [TELEMETRY] Flushed old metrics. Current buffer sizes: parsing=1765, documents=0

      at TelemetryCollector.flushMetrics (src/services/telemetry.ts:276:15)

  console.log
    [TELEMETRY] Flushed old metrics. Current buffer sizes: parsing=1766, documents=0

      at TelemetryCollector.flushMetrics (src/services/telemetry.ts:276:15)

  console.log
    [TELEMETRY] Flushed old metrics. Current buffer sizes: parsing=1767, documents=0

      at TelemetryCollector.flushMetrics (src/services/telemetry.ts:276:15)

  console.log
    [TELEMETRY] Flushed old metrics. Current buffer sizes: parsing=1768, documents=0

      at TelemetryCollector.flushMetrics (src/services/telemetry.ts:276:15)

  console.log
    [TELEMETRY] Flushed old metrics. Current buffer sizes: parsing=1769, documents=0

      at TelemetryCollector.flushMetrics (src/services/telemetry.ts:276:15)

  console.log
    [TELEMETRY] Flushed old metrics. Current buffer sizes: parsing=1770, documents=0

      at TelemetryCollector.flushMetrics (src/services/telemetry.ts:276:15)

  console.log
    [TELEMETRY] Flushed old metrics. Current buffer sizes: parsing=1771, documents=0

      at TelemetryCollector.flushMetrics (src/services/telemetry.ts:276:15)

  console.log
    [TELEMETRY] Flushed old metrics. Current buffer sizes: parsing=1772, documents=0

      at TelemetryCollector.flushMetrics (src/services/telemetry.ts:276:15)

  console.log
    [TELEMETRY] Flushed old metrics. Current buffer sizes: parsing=1773, documents=0

      at TelemetryCollector.flushMetrics (src/services/telemetry.ts:276:15)

  console.log
    [TELEMETRY] Flushed old metrics. Current buffer sizes: parsing=1774, documents=0

      at TelemetryCollector.flushMetrics (src/services/telemetry.ts:276:15)

  console.log
    [TELEMETRY] Flushed old metrics. Current buffer sizes: parsing=1775, documents=0

      at TelemetryCollector.flushMetrics (src/services/telemetry.ts:276:15)

  console.log
    [TELEMETRY] Flushed old metrics. Current buffer sizes: parsing=1776, documents=0

      at TelemetryCollector.flushMetrics (src/services/telemetry.ts:276:15)

  console.log
    [TELEMETRY] Flushed old metrics. Current buffer sizes: parsing=1777, documents=0

      at TelemetryCollector.flushMetrics (src/services/telemetry.ts:276:15)

  console.log
    [TELEMETRY] Flushed old metrics. Current buffer sizes: parsing=1778, documents=0

      at TelemetryCollector.flushMetrics (src/services/telemetry.ts:276:15)

  console.log
    [TELEMETRY] Flushed old metrics. Current buffer sizes: parsing=1779, documents=0

      at TelemetryCollector.flushMetrics (src/services/telemetry.ts:276:15)

  console.log
    [TELEMETRY] Flushed old metrics. Current buffer sizes: parsing=1780, documents=0

      at TelemetryCollector.flushMetrics (src/services/telemetry.ts:276:15)

  console.log
    [TELEMETRY] Flushed old metrics. Current buffer sizes: parsing=1781, documents=0

      at TelemetryCollector.flushMetrics (src/services/telemetry.ts:276:15)

  console.log
    [TELEMETRY] Flushed old metrics. Current buffer sizes: parsing=1782, documents=0

      at TelemetryCollector.flushMetrics (src/services/telemetry.ts:276:15)

  console.log
    [TELEMETRY] Flushed old metrics. Current buffer sizes: parsing=1783, documents=0

      at TelemetryCollector.flushMetrics (src/services/telemetry.ts:276:15)

  console.log
    [TELEMETRY] Flushed old metrics. Current buffer sizes: parsing=1784, documents=0

      at TelemetryCollector.flushMetrics (src/services/telemetry.ts:276:15)

  console.log
    [TELEMETRY] Flushed old metrics. Current buffer sizes: parsing=1785, documents=0

      at TelemetryCollector.flushMetrics (src/services/telemetry.ts:276:15)

  console.log
    [TELEMETRY] Flushed old metrics. Current buffer sizes: parsing=1786, documents=0

      at TelemetryCollector.flushMetrics (src/services/telemetry.ts:276:15)

  console.log
    [TELEMETRY] Flushed old metrics. Current buffer sizes: parsing=1787, documents=0

      at TelemetryCollector.flushMetrics (src/services/telemetry.ts:276:15)

  console.log
    [TELEMETRY] Flushed old metrics. Current buffer sizes: parsing=1788, documents=0

      at TelemetryCollector.flushMetrics (src/services/telemetry.ts:276:15)

  console.log
    [TELEMETRY] Flushed old metrics. Current buffer sizes: parsing=1789, documents=0

      at TelemetryCollector.flushMetrics (src/services/telemetry.ts:276:15)

  console.log
    [TELEMETRY] Flushed old metrics. Current buffer sizes: parsing=1790, documents=0

      at TelemetryCollector.flushMetrics (src/services/telemetry.ts:276:15)

  console.log
    [TELEMETRY] Flushed old metrics. Current buffer sizes: parsing=1791, documents=0

      at TelemetryCollector.flushMetrics (src/services/telemetry.ts:276:15)

  console.log
    [TELEMETRY] Flushed old metrics. Current buffer sizes: parsing=1792, documents=0

      at TelemetryCollector.flushMetrics (src/services/telemetry.ts:276:15)

  console.log
    [TELEMETRY] Flushed old metrics. Current buffer sizes: parsing=1793, documents=0

      at TelemetryCollector.flushMetrics (src/services/telemetry.ts:276:15)

  console.log
    [TELEMETRY] Flushed old metrics. Current buffer sizes: parsing=1794, documents=0

      at TelemetryCollector.flushMetrics (src/services/telemetry.ts:276:15)

  console.log
    [TELEMETRY] Flushed old metrics. Current buffer sizes: parsing=1795, documents=0

      at TelemetryCollector.flushMetrics (src/services/telemetry.ts:276:15)

  console.log
    [TELEMETRY] Flushed old metrics. Current buffer sizes: parsing=1796, documents=0

      at TelemetryCollector.flushMetrics (src/services/telemetry.ts:276:15)

  console.log
    [TELEMETRY] Flushed old metrics. Current buffer sizes: parsing=1797, documents=0

      at TelemetryCollector.flushMetrics (src/services/telemetry.ts:276:15)

  console.log
    [TELEMETRY] Flushed old metrics. Current buffer sizes: parsing=1798, documents=0

      at TelemetryCollector.flushMetrics (src/services/telemetry.ts:276:15)

  console.log
    [TELEMETRY] Flushed old metrics. Current buffer sizes: parsing=1799, documents=0

      at TelemetryCollector.flushMetrics (src/services/telemetry.ts:276:15)

  console.log
    [TELEMETRY] Flushed old metrics. Current buffer sizes: parsing=1800, documents=0

      at TelemetryCollector.flushMetrics (src/services/telemetry.ts:276:15)

  console.log
    [TELEMETRY] Flushed old metrics. Current buffer sizes: parsing=1801, documents=0

      at TelemetryCollector.flushMetrics (src/services/telemetry.ts:276:15)

  console.log
    [TELEMETRY] Flushed old metrics. Current buffer sizes: parsing=1802, documents=0

      at TelemetryCollector.flushMetrics (src/services/telemetry.ts:276:15)

  console.log
    [TELEMETRY] Flushed old metrics. Current buffer sizes: parsing=1803, documents=0

      at TelemetryCollector.flushMetrics (src/services/telemetry.ts:276:15)

  console.log
    [TELEMETRY] Flushed old metrics. Current buffer sizes: parsing=1804, documents=0

      at TelemetryCollector.flushMetrics (src/services/telemetry.ts:276:15)

  console.log
    [TELEMETRY] Flushed old metrics. Current buffer sizes: parsing=1805, documents=0

      at TelemetryCollector.flushMetrics (src/services/telemetry.ts:276:15)

  console.log
    [TELEMETRY] Flushed old metrics. Current buffer sizes: parsing=1806, documents=0

      at TelemetryCollector.flushMetrics (src/services/telemetry.ts:276:15)

  console.log
    [TELEMETRY] Flushed old metrics. Current buffer sizes: parsing=1807, documents=0

      at TelemetryCollector.flushMetrics (src/services/telemetry.ts:276:15)

  console.log
    [TELEMETRY] Flushed old metrics. Current buffer sizes: parsing=1808, documents=0

      at TelemetryCollector.flushMetrics (src/services/telemetry.ts:276:15)

  console.log
    [TELEMETRY] Flushed old metrics. Current buffer sizes: parsing=1809, documents=0

      at TelemetryCollector.flushMetrics (src/services/telemetry.ts:276:15)

  console.log
    [TELEMETRY] Flushed old metrics. Current buffer sizes: parsing=1810, documents=0

      at TelemetryCollector.flushMetrics (src/services/telemetry.ts:276:15)

  console.log
    [TELEMETRY] Flushed old metrics. Current buffer sizes: parsing=1811, documents=0

      at TelemetryCollector.flushMetrics (src/services/telemetry.ts:276:15)

  console.log
    [TELEMETRY] Flushed old metrics. Current buffer sizes: parsing=1812, documents=0

      at TelemetryCollector.flushMetrics (src/services/telemetry.ts:276:15)

  console.log
    [TELEMETRY] Flushed old metrics. Current buffer sizes: parsing=1813, documents=0

      at TelemetryCollector.flushMetrics (src/services/telemetry.ts:276:15)

  console.log
    [TELEMETRY] Flushed old metrics. Current buffer sizes: parsing=1814, documents=0

      at TelemetryCollector.flushMetrics (src/services/telemetry.ts:276:15)

  console.log
    [TELEMETRY] Flushed old metrics. Current buffer sizes: parsing=1815, documents=0

      at TelemetryCollector.flushMetrics (src/services/telemetry.ts:276:15)

  console.log
    [TELEMETRY] Flushed old metrics. Current buffer sizes: parsing=1816, documents=0

      at TelemetryCollector.flushMetrics (src/services/telemetry.ts:276:15)

  console.log
    [TELEMETRY] Flushed old metrics. Current buffer sizes: parsing=1817, documents=0

      at TelemetryCollector.flushMetrics (src/services/telemetry.ts:276:15)

  console.log
    [TELEMETRY] Flushed old metrics. Current buffer sizes: parsing=1818, documents=0

      at TelemetryCollector.flushMetrics (src/services/telemetry.ts:276:15)

  console.log
    [TELEMETRY] Flushed old metrics. Current buffer sizes: parsing=1819, documents=0

      at TelemetryCollector.flushMetrics (src/services/telemetry.ts:276:15)

  console.log
    [TELEMETRY] Flushed old metrics. Current buffer sizes: parsing=1820, documents=0

      at TelemetryCollector.flushMetrics (src/services/telemetry.ts:276:15)

  console.log
    [TELEMETRY] Flushed old metrics. Current buffer sizes: parsing=1821, documents=0

      at TelemetryCollector.flushMetrics (src/services/telemetry.ts:276:15)

  console.log
    [TELEMETRY] Flushed old metrics. Current buffer sizes: parsing=1822, documents=0

      at TelemetryCollector.flushMetrics (src/services/telemetry.ts:276:15)

  console.log
    [TELEMETRY] Flushed old metrics. Current buffer sizes: parsing=1823, documents=0

      at TelemetryCollector.flushMetrics (src/services/telemetry.ts:276:15)

  console.log
    [TELEMETRY] Flushed old metrics. Current buffer sizes: parsing=1824, documents=0

      at TelemetryCollector.flushMetrics (src/services/telemetry.ts:276:15)

  console.log
    [TELEMETRY] Flushed old metrics. Current buffer sizes: parsing=1825, documents=0

      at TelemetryCollector.flushMetrics (src/services/telemetry.ts:276:15)

  console.log
    [TELEMETRY] Flushed old metrics. Current buffer sizes: parsing=1826, documents=0

      at TelemetryCollector.flushMetrics (src/services/telemetry.ts:276:15)

  console.log
    [TELEMETRY] Flushed old metrics. Current buffer sizes: parsing=1827, documents=0

      at TelemetryCollector.flushMetrics (src/services/telemetry.ts:276:15)

  console.log
    [TELEMETRY] Flushed old metrics. Current buffer sizes: parsing=1828, documents=0

      at TelemetryCollector.flushMetrics (src/services/telemetry.ts:276:15)

  console.log
    [TELEMETRY] Flushed old metrics. Current buffer sizes: parsing=1829, documents=0

      at TelemetryCollector.flushMetrics (src/services/telemetry.ts:276:15)

  console.log
    [TELEMETRY] Flushed old metrics. Current buffer sizes: parsing=1830, documents=0

      at TelemetryCollector.flushMetrics (src/services/telemetry.ts:276:15)

  console.log
    [TELEMETRY] Flushed old metrics. Current buffer sizes: parsing=1831, documents=0

      at TelemetryCollector.flushMetrics (src/services/telemetry.ts:276:15)

  console.log
    [TELEMETRY] Flushed old metrics. Current buffer sizes: parsing=1832, documents=0

      at TelemetryCollector.flushMetrics (src/services/telemetry.ts:276:15)

  console.log
    [TELEMETRY] Flushed old metrics. Current buffer sizes: parsing=1833, documents=0

      at TelemetryCollector.flushMetrics (src/services/telemetry.ts:276:15)

  console.log
    [TELEMETRY] Flushed old metrics. Current buffer sizes: parsing=1834, documents=0

      at TelemetryCollector.flushMetrics (src/services/telemetry.ts:276:15)

  console.log
    [TELEMETRY] Flushed old metrics. Current buffer sizes: parsing=1835, documents=0

      at TelemetryCollector.flushMetrics (src/services/telemetry.ts:276:15)

  console.log
    [TELEMETRY] Flushed old metrics. Current buffer sizes: parsing=1836, documents=0

      at TelemetryCollector.flushMetrics (src/services/telemetry.ts:276:15)

  console.log
    [TELEMETRY] Flushed old metrics. Current buffer sizes: parsing=1837, documents=0

      at TelemetryCollector.flushMetrics (src/services/telemetry.ts:276:15)

  console.log
    [TELEMETRY] Flushed old metrics. Current buffer sizes: parsing=1838, documents=0

      at TelemetryCollector.flushMetrics (src/services/telemetry.ts:276:15)

  console.log
    [TELEMETRY] Flushed old metrics. Current buffer sizes: parsing=1839, documents=0

      at TelemetryCollector.flushMetrics (src/services/telemetry.ts:276:15)

  console.log
    [TELEMETRY] Flushed old metrics. Current buffer sizes: parsing=1840, documents=0

      at TelemetryCollector.flushMetrics (src/services/telemetry.ts:276:15)

  console.log
    [TELEMETRY] Flushed old metrics. Current buffer sizes: parsing=1841, documents=0

      at TelemetryCollector.flushMetrics (src/services/telemetry.ts:276:15)

  console.log
    [TELEMETRY] Flushed old metrics. Current buffer sizes: parsing=1842, documents=0

      at TelemetryCollector.flushMetrics (src/services/telemetry.ts:276:15)

  console.log
    [TELEMETRY] Flushed old metrics. Current buffer sizes: parsing=1843, documents=0

      at TelemetryCollector.flushMetrics (src/services/telemetry.ts:276:15)

  console.log
    [TELEMETRY] Flushed old metrics. Current buffer sizes: parsing=1844, documents=0

      at TelemetryCollector.flushMetrics (src/services/telemetry.ts:276:15)

  console.log
    [TELEMETRY] Flushed old metrics. Current buffer sizes: parsing=1845, documents=0

      at TelemetryCollector.flushMetrics (src/services/telemetry.ts:276:15)

  console.log
    [TELEMETRY] Flushed old metrics. Current buffer sizes: parsing=1846, documents=0

      at TelemetryCollector.flushMetrics (src/services/telemetry.ts:276:15)

  console.log
    [TELEMETRY] Flushed old metrics. Current buffer sizes: parsing=1847, documents=0

      at TelemetryCollector.flushMetrics (src/services/telemetry.ts:276:15)

  console.log
    [TELEMETRY] Flushed old metrics. Current buffer sizes: parsing=1848, documents=0

      at TelemetryCollector.flushMetrics (src/services/telemetry.ts:276:15)

  console.log
    [TELEMETRY] Flushed old metrics. Current buffer sizes: parsing=1849, documents=0

      at TelemetryCollector.flushMetrics (src/services/telemetry.ts:276:15)

  console.log
    [TELEMETRY] Flushed old metrics. Current buffer sizes: parsing=1850, documents=0

      at TelemetryCollector.flushMetrics (src/services/telemetry.ts:276:15)

  console.log
    [TELEMETRY] Flushed old metrics. Current buffer sizes: parsing=1851, documents=0

      at TelemetryCollector.flushMetrics (src/services/telemetry.ts:276:15)

  console.log
    [TELEMETRY] Flushed old metrics. Current buffer sizes: parsing=1852, documents=0

      at TelemetryCollector.flushMetrics (src/services/telemetry.ts:276:15)

  console.log
    [TELEMETRY] Flushed old metrics. Current buffer sizes: parsing=1853, documents=0

      at TelemetryCollector.flushMetrics (src/services/telemetry.ts:276:15)

  console.log
    [TELEMETRY] Flushed old metrics. Current buffer sizes: parsing=1854, documents=0

      at TelemetryCollector.flushMetrics (src/services/telemetry.ts:276:15)

  console.log
    [TELEMETRY] Flushed old metrics. Current buffer sizes: parsing=1855, documents=0

      at TelemetryCollector.flushMetrics (src/services/telemetry.ts:276:15)

  console.log
    [TELEMETRY] Flushed old metrics. Current buffer sizes: parsing=1856, documents=0

      at TelemetryCollector.flushMetrics (src/services/telemetry.ts:276:15)

  console.log
    [TELEMETRY] Flushed old metrics. Current buffer sizes: parsing=1857, documents=0

      at TelemetryCollector.flushMetrics (src/services/telemetry.ts:276:15)

  console.log
    [TELEMETRY] Flushed old metrics. Current buffer sizes: parsing=1858, documents=0

      at TelemetryCollector.flushMetrics (src/services/telemetry.ts:276:15)

  console.log
    [TELEMETRY] Flushed old metrics. Current buffer sizes: parsing=1859, documents=0

      at TelemetryCollector.flushMetrics (src/services/telemetry.ts:276:15)

  console.log
    [TELEMETRY] Flushed old metrics. Current buffer sizes: parsing=1860, documents=0

      at TelemetryCollector.flushMetrics (src/services/telemetry.ts:276:15)

  console.log
    [TELEMETRY] Flushed old metrics. Current buffer sizes: parsing=1861, documents=0

      at TelemetryCollector.flushMetrics (src/services/telemetry.ts:276:15)

  console.log
    [TELEMETRY] Flushed old metrics. Current buffer sizes: parsing=1862, documents=0

      at TelemetryCollector.flushMetrics (src/services/telemetry.ts:276:15)

  console.log
    [TELEMETRY] Flushed old metrics. Current buffer sizes: parsing=1863, documents=0

      at TelemetryCollector.flushMetrics (src/services/telemetry.ts:276:15)

  console.log
    [TELEMETRY] Flushed old metrics. Current buffer sizes: parsing=1864, documents=0

      at TelemetryCollector.flushMetrics (src/services/telemetry.ts:276:15)

  console.log
    [TELEMETRY] Flushed old metrics. Current buffer sizes: parsing=1865, documents=0

      at TelemetryCollector.flushMetrics (src/services/telemetry.ts:276:15)

  console.log
    [TELEMETRY] Flushed old metrics. Current buffer sizes: parsing=1866, documents=0

      at TelemetryCollector.flushMetrics (src/services/telemetry.ts:276:15)

  console.log
    [TELEMETRY] Flushed old metrics. Current buffer sizes: parsing=1867, documents=0

      at TelemetryCollector.flushMetrics (src/services/telemetry.ts:276:15)

  console.log
    [TELEMETRY] Flushed old metrics. Current buffer sizes: parsing=1868, documents=0

      at TelemetryCollector.flushMetrics (src/services/telemetry.ts:276:15)

  console.log
    [TELEMETRY] Flushed old metrics. Current buffer sizes: parsing=1869, documents=0

      at TelemetryCollector.flushMetrics (src/services/telemetry.ts:276:15)

  console.log
    [TELEMETRY] Flushed old metrics. Current buffer sizes: parsing=1870, documents=0

      at TelemetryCollector.flushMetrics (src/services/telemetry.ts:276:15)

  console.log
    [TELEMETRY] Flushed old metrics. Current buffer sizes: parsing=1871, documents=0

      at TelemetryCollector.flushMetrics (src/services/telemetry.ts:276:15)

  console.log
    [TELEMETRY] Flushed old metrics. Current buffer sizes: parsing=1872, documents=0

      at TelemetryCollector.flushMetrics (src/services/telemetry.ts:276:15)

  console.log
    [TELEMETRY] Flushed old metrics. Current buffer sizes: parsing=1873, documents=0

      at TelemetryCollector.flushMetrics (src/services/telemetry.ts:276:15)

  console.log
    [TELEMETRY] Flushed old metrics. Current buffer sizes: parsing=1874, documents=0

      at TelemetryCollector.flushMetrics (src/services/telemetry.ts:276:15)

  console.log
    [TELEMETRY] Flushed old metrics. Current buffer sizes: parsing=1875, documents=0

      at TelemetryCollector.flushMetrics (src/services/telemetry.ts:276:15)

  console.log
    [TELEMETRY] Flushed old metrics. Current buffer sizes: parsing=1876, documents=0

      at TelemetryCollector.flushMetrics (src/services/telemetry.ts:276:15)

  console.log
    [TELEMETRY] Flushed old metrics. Current buffer sizes: parsing=1877, documents=0

      at TelemetryCollector.flushMetrics (src/services/telemetry.ts:276:15)

  console.log
    [TELEMETRY] Flushed old metrics. Current buffer sizes: parsing=1878, documents=0

      at TelemetryCollector.flushMetrics (src/services/telemetry.ts:276:15)

  console.log
    [TELEMETRY] Flushed old metrics. Current buffer sizes: parsing=1879, documents=0

      at TelemetryCollector.flushMetrics (src/services/telemetry.ts:276:15)

  console.log
    [TELEMETRY] Flushed old metrics. Current buffer sizes: parsing=1880, documents=0

      at TelemetryCollector.flushMetrics (src/services/telemetry.ts:276:15)

  console.log
    [TELEMETRY] Flushed old metrics. Current buffer sizes: parsing=1881, documents=0

      at TelemetryCollector.flushMetrics (src/services/telemetry.ts:276:15)

  console.log
    [TELEMETRY] Flushed old metrics. Current buffer sizes: parsing=1882, documents=0

      at TelemetryCollector.flushMetrics (src/services/telemetry.ts:276:15)

  console.log
    [TELEMETRY] Flushed old metrics. Current buffer sizes: parsing=1883, documents=0

      at TelemetryCollector.flushMetrics (src/services/telemetry.ts:276:15)

  console.log
    [TELEMETRY] Flushed old metrics. Current buffer sizes: parsing=1884, documents=0

      at TelemetryCollector.flushMetrics (src/services/telemetry.ts:276:15)

  console.log
    [TELEMETRY] Flushed old metrics. Current buffer sizes: parsing=1885, documents=0

      at TelemetryCollector.flushMetrics (src/services/telemetry.ts:276:15)

  console.log
    [TELEMETRY] Flushed old metrics. Current buffer sizes: parsing=1886, documents=0

      at TelemetryCollector.flushMetrics (src/services/telemetry.ts:276:15)

  console.log
    [TELEMETRY] Flushed old metrics. Current buffer sizes: parsing=1887, documents=0

      at TelemetryCollector.flushMetrics (src/services/telemetry.ts:276:15)

  console.log
    [TELEMETRY] Flushed old metrics. Current buffer sizes: parsing=1888, documents=0

      at TelemetryCollector.flushMetrics (src/services/telemetry.ts:276:15)

  console.log
    [TELEMETRY] Flushed old metrics. Current buffer sizes: parsing=1889, documents=0

      at TelemetryCollector.flushMetrics (src/services/telemetry.ts:276:15)

  console.log
    [TELEMETRY] Flushed old metrics. Current buffer sizes: parsing=1890, documents=0

      at TelemetryCollector.flushMetrics (src/services/telemetry.ts:276:15)

  console.log
    [TELEMETRY] Flushed old metrics. Current buffer sizes: parsing=1891, documents=0

      at TelemetryCollector.flushMetrics (src/services/telemetry.ts:276:15)

  console.log
    [TELEMETRY] Flushed old metrics. Current buffer sizes: parsing=1892, documents=0

      at TelemetryCollector.flushMetrics (src/services/telemetry.ts:276:15)

  console.log
    [TELEMETRY] Flushed old metrics. Current buffer sizes: parsing=1893, documents=0

      at TelemetryCollector.flushMetrics (src/services/telemetry.ts:276:15)

  console.log
    [TELEMETRY] Flushed old metrics. Current buffer sizes: parsing=1894, documents=0

      at TelemetryCollector.flushMetrics (src/services/telemetry.ts:276:15)

  console.log
    [TELEMETRY] Flushed old metrics. Current buffer sizes: parsing=1895, documents=0

      at TelemetryCollector.flushMetrics (src/services/telemetry.ts:276:15)

  console.log
    [TELEMETRY] Flushed old metrics. Current buffer sizes: parsing=1896, documents=0

      at TelemetryCollector.flushMetrics (src/services/telemetry.ts:276:15)

  console.log
    [TELEMETRY] Flushed old metrics. Current buffer sizes: parsing=1897, documents=0

      at TelemetryCollector.flushMetrics (src/services/telemetry.ts:276:15)

  console.log
    [TELEMETRY] Flushed old metrics. Current buffer sizes: parsing=1898, documents=0

      at TelemetryCollector.flushMetrics (src/services/telemetry.ts:276:15)

  console.log
    [TELEMETRY] Flushed old metrics. Current buffer sizes: parsing=1899, documents=0

      at TelemetryCollector.flushMetrics (src/services/telemetry.ts:276:15)

  console.log
    [TELEMETRY] Flushed old metrics. Current buffer sizes: parsing=1900, documents=0

      at TelemetryCollector.flushMetrics (src/services/telemetry.ts:276:15)

  console.log
    [TELEMETRY] Flushed old metrics. Current buffer sizes: parsing=1901, documents=0

      at TelemetryCollector.flushMetrics (src/services/telemetry.ts:276:15)

  console.log
    [TELEMETRY] Flushed old metrics. Current buffer sizes: parsing=1902, documents=0

      at TelemetryCollector.flushMetrics (src/services/telemetry.ts:276:15)

  console.log
    [TELEMETRY] Flushed old metrics. Current buffer sizes: parsing=1903, documents=0

      at TelemetryCollector.flushMetrics (src/services/telemetry.ts:276:15)

  console.log
    [TELEMETRY] Flushed old metrics. Current buffer sizes: parsing=1904, documents=0

      at TelemetryCollector.flushMetrics (src/services/telemetry.ts:276:15)

  console.log
    [TELEMETRY] Flushed old metrics. Current buffer sizes: parsing=1905, documents=0

      at TelemetryCollector.flushMetrics (src/services/telemetry.ts:276:15)

  console.log
    [TELEMETRY] Flushed old metrics. Current buffer sizes: parsing=1906, documents=0

      at TelemetryCollector.flushMetrics (src/services/telemetry.ts:276:15)

  console.log
    [TELEMETRY] Flushed old metrics. Current buffer sizes: parsing=1907, documents=0

      at TelemetryCollector.flushMetrics (src/services/telemetry.ts:276:15)

  console.log
    [TELEMETRY] Flushed old metrics. Current buffer sizes: parsing=1908, documents=0

      at TelemetryCollector.flushMetrics (src/services/telemetry.ts:276:15)

  console.log
    [TELEMETRY] Flushed old metrics. Current buffer sizes: parsing=1909, documents=0

      at TelemetryCollector.flushMetrics (src/services/telemetry.ts:276:15)

  console.log
    [TELEMETRY] Flushed old metrics. Current buffer sizes: parsing=1910, documents=0

      at TelemetryCollector.flushMetrics (src/services/telemetry.ts:276:15)

  console.log
    [TELEMETRY] Flushed old metrics. Current buffer sizes: parsing=1911, documents=0

      at TelemetryCollector.flushMetrics (src/services/telemetry.ts:276:15)

  console.log
    [TELEMETRY] Flushed old metrics. Current buffer sizes: parsing=1912, documents=0

      at TelemetryCollector.flushMetrics (src/services/telemetry.ts:276:15)

  console.log
    [TELEMETRY] Flushed old metrics. Current buffer sizes: parsing=1913, documents=0

      at TelemetryCollector.flushMetrics (src/services/telemetry.ts:276:15)

  console.log
    [TELEMETRY] Flushed old metrics. Current buffer sizes: parsing=1914, documents=0

      at TelemetryCollector.flushMetrics (src/services/telemetry.ts:276:15)

  console.log
    [TELEMETRY] Flushed old metrics. Current buffer sizes: parsing=1915, documents=0

      at TelemetryCollector.flushMetrics (src/services/telemetry.ts:276:15)

  console.log
    [TELEMETRY] Flushed old metrics. Current buffer sizes: parsing=1916, documents=0

      at TelemetryCollector.flushMetrics (src/services/telemetry.ts:276:15)

  console.log
    [TELEMETRY] Flushed old metrics. Current buffer sizes: parsing=1917, documents=0

      at TelemetryCollector.flushMetrics (src/services/telemetry.ts:276:15)

  console.log
    [TELEMETRY] Flushed old metrics. Current buffer sizes: parsing=1918, documents=0

      at TelemetryCollector.flushMetrics (src/services/telemetry.ts:276:15)

  console.log
    [TELEMETRY] Flushed old metrics. Current buffer sizes: parsing=1919, documents=0

      at TelemetryCollector.flushMetrics (src/services/telemetry.ts:276:15)

  console.log
    [TELEMETRY] Flushed old metrics. Current buffer sizes: parsing=1920, documents=0

      at TelemetryCollector.flushMetrics (src/services/telemetry.ts:276:15)

  console.log
    [TELEMETRY] Flushed old metrics. Current buffer sizes: parsing=1921, documents=0

      at TelemetryCollector.flushMetrics (src/services/telemetry.ts:276:15)

  console.log
    [TELEMETRY] Flushed old metrics. Current buffer sizes: parsing=1922, documents=0

      at TelemetryCollector.flushMetrics (src/services/telemetry.ts:276:15)

  console.log
    [TELEMETRY] Flushed old metrics. Current buffer sizes: parsing=1923, documents=0

      at TelemetryCollector.flushMetrics (src/services/telemetry.ts:276:15)

  console.log
    [TELEMETRY] Flushed old metrics. Current buffer sizes: parsing=1924, documents=0

      at TelemetryCollector.flushMetrics (src/services/telemetry.ts:276:15)

  console.log
    [TELEMETRY] Flushed old metrics. Current buffer sizes: parsing=1925, documents=0

      at TelemetryCollector.flushMetrics (src/services/telemetry.ts:276:15)

  console.log
    [TELEMETRY] Flushed old metrics. Current buffer sizes: parsing=1926, documents=0

      at TelemetryCollector.flushMetrics (src/services/telemetry.ts:276:15)

  console.log
    [TELEMETRY] Flushed old metrics. Current buffer sizes: parsing=1927, documents=0

      at TelemetryCollector.flushMetrics (src/services/telemetry.ts:276:15)

  console.log
    [TELEMETRY] Flushed old metrics. Current buffer sizes: parsing=1928, documents=0

      at TelemetryCollector.flushMetrics (src/services/telemetry.ts:276:15)

  console.log
    [TELEMETRY] Flushed old metrics. Current buffer sizes: parsing=1929, documents=0

      at TelemetryCollector.flushMetrics (src/services/telemetry.ts:276:15)

  console.log
    [TELEMETRY] Flushed old metrics. Current buffer sizes: parsing=1930, documents=0

      at TelemetryCollector.flushMetrics (src/services/telemetry.ts:276:15)

  console.log
    [TELEMETRY] Flushed old metrics. Current buffer sizes: parsing=1931, documents=0

      at TelemetryCollector.flushMetrics (src/services/telemetry.ts:276:15)

  console.log
    [TELEMETRY] Flushed old metrics. Current buffer sizes: parsing=1932, documents=0

      at TelemetryCollector.flushMetrics (src/services/telemetry.ts:276:15)

  console.log
    [TELEMETRY] Flushed old metrics. Current buffer sizes: parsing=1933, documents=0

      at TelemetryCollector.flushMetrics (src/services/telemetry.ts:276:15)

  console.log
    [TELEMETRY] Flushed old metrics. Current buffer sizes: parsing=1934, documents=0

      at TelemetryCollector.flushMetrics (src/services/telemetry.ts:276:15)

  console.log
    [TELEMETRY] Flushed old metrics. Current buffer sizes: parsing=1935, documents=0

      at TelemetryCollector.flushMetrics (src/services/telemetry.ts:276:15)

  console.log
    [TELEMETRY] Flushed old metrics. Current buffer sizes: parsing=1936, documents=0

      at TelemetryCollector.flushMetrics (src/services/telemetry.ts:276:15)

  console.log
    [TELEMETRY] Flushed old metrics. Current buffer sizes: parsing=1937, documents=0

      at TelemetryCollector.flushMetrics (src/services/telemetry.ts:276:15)

  console.log
    [TELEMETRY] Flushed old metrics. Current buffer sizes: parsing=1938, documents=0

      at TelemetryCollector.flushMetrics (src/services/telemetry.ts:276:15)

  console.log
    [TELEMETRY] Flushed old metrics. Current buffer sizes: parsing=1939, documents=0

      at TelemetryCollector.flushMetrics (src/services/telemetry.ts:276:15)

  console.log
    [TELEMETRY] Flushed old metrics. Current buffer sizes: parsing=1940, documents=0

      at TelemetryCollector.flushMetrics (src/services/telemetry.ts:276:15)

  console.log
    [TELEMETRY] Flushed old metrics. Current buffer sizes: parsing=1941, documents=0

      at TelemetryCollector.flushMetrics (src/services/telemetry.ts:276:15)

  console.log
    [TELEMETRY] Flushed old metrics. Current buffer sizes: parsing=1942, documents=0

      at TelemetryCollector.flushMetrics (src/services/telemetry.ts:276:15)

  console.log
    [TELEMETRY] Flushed old metrics. Current buffer sizes: parsing=1943, documents=0

      at TelemetryCollector.flushMetrics (src/services/telemetry.ts:276:15)

  console.log
    [TELEMETRY] Flushed old metrics. Current buffer sizes: parsing=1944, documents=0

      at TelemetryCollector.flushMetrics (src/services/telemetry.ts:276:15)

  console.log
    [TELEMETRY] Flushed old metrics. Current buffer sizes: parsing=1945, documents=0

      at TelemetryCollector.flushMetrics (src/services/telemetry.ts:276:15)

  console.log
    [TELEMETRY] Flushed old metrics. Current buffer sizes: parsing=1946, documents=0

      at TelemetryCollector.flushMetrics (src/services/telemetry.ts:276:15)

  console.log
    [TELEMETRY] Flushed old metrics. Current buffer sizes: parsing=1947, documents=0

      at TelemetryCollector.flushMetrics (src/services/telemetry.ts:276:15)

  console.log
    [TELEMETRY] Flushed old metrics. Current buffer sizes: parsing=1948, documents=0

      at TelemetryCollector.flushMetrics (src/services/telemetry.ts:276:15)

  console.log
    [TELEMETRY] Flushed old metrics. Current buffer sizes: parsing=1949, documents=0

      at TelemetryCollector.flushMetrics (src/services/telemetry.ts:276:15)

  console.log
    [TELEMETRY] Flushed old metrics. Current buffer sizes: parsing=1950, documents=0

      at TelemetryCollector.flushMetrics (src/services/telemetry.ts:276:15)

  console.log
    [TELEMETRY] Flushed old metrics. Current buffer sizes: parsing=1951, documents=0

      at TelemetryCollector.flushMetrics (src/services/telemetry.ts:276:15)

  console.log
    [TELEMETRY] Flushed old metrics. Current buffer sizes: parsing=1952, documents=0

      at TelemetryCollector.flushMetrics (src/services/telemetry.ts:276:15)

  console.log
    [TELEMETRY] Flushed old metrics. Current buffer sizes: parsing=1953, documents=0

      at TelemetryCollector.flushMetrics (src/services/telemetry.ts:276:15)

  console.log
    [TELEMETRY] Flushed old metrics. Current buffer sizes: parsing=1954, documents=0

      at TelemetryCollector.flushMetrics (src/services/telemetry.ts:276:15)

  console.log
    [TELEMETRY] Flushed old metrics. Current buffer sizes: parsing=1955, documents=0

      at TelemetryCollector.flushMetrics (src/services/telemetry.ts:276:15)

  console.log
    [TELEMETRY] Flushed old metrics. Current buffer sizes: parsing=1956, documents=0

      at TelemetryCollector.flushMetrics (src/services/telemetry.ts:276:15)

  console.log
    [TELEMETRY] Flushed old metrics. Current buffer sizes: parsing=1957, documents=0

      at TelemetryCollector.flushMetrics (src/services/telemetry.ts:276:15)

  console.log
    [TELEMETRY] Flushed old metrics. Current buffer sizes: parsing=1958, documents=0

      at TelemetryCollector.flushMetrics (src/services/telemetry.ts:276:15)

  console.log
    [TELEMETRY] Flushed old metrics. Current buffer sizes: parsing=1959, documents=0

      at TelemetryCollector.flushMetrics (src/services/telemetry.ts:276:15)

  console.log
    [TELEMETRY] Flushed old metrics. Current buffer sizes: parsing=1960, documents=0

      at TelemetryCollector.flushMetrics (src/services/telemetry.ts:276:15)

  console.log
    [TELEMETRY] Flushed old metrics. Current buffer sizes: parsing=1961, documents=0

      at TelemetryCollector.flushMetrics (src/services/telemetry.ts:276:15)

  console.log
    [TELEMETRY] Flushed old metrics. Current buffer sizes: parsing=1962, documents=0

      at TelemetryCollector.flushMetrics (src/services/telemetry.ts:276:15)

  console.log
    [TELEMETRY] Flushed old metrics. Current buffer sizes: parsing=1963, documents=0

      at TelemetryCollector.flushMetrics (src/services/telemetry.ts:276:15)

  console.log
    [TELEMETRY] Flushed old metrics. Current buffer sizes: parsing=1964, documents=0

      at TelemetryCollector.flushMetrics (src/services/telemetry.ts:276:15)

  console.log
    [TELEMETRY] Flushed old metrics. Current buffer sizes: parsing=1965, documents=0

      at TelemetryCollector.flushMetrics (src/services/telemetry.ts:276:15)

  console.log
    [TELEMETRY] Flushed old metrics. Current buffer sizes: parsing=1966, documents=0

      at TelemetryCollector.flushMetrics (src/services/telemetry.ts:276:15)

  console.log
    [TELEMETRY] Flushed old metrics. Current buffer sizes: parsing=1967, documents=0

      at TelemetryCollector.flushMetrics (src/services/telemetry.ts:276:15)

  console.log
    [TELEMETRY] Flushed old metrics. Current buffer sizes: parsing=1968, documents=0

      at TelemetryCollector.flushMetrics (src/services/telemetry.ts:276:15)

  console.log
    [TELEMETRY] Flushed old metrics. Current buffer sizes: parsing=1969, documents=0

      at TelemetryCollector.flushMetrics (src/services/telemetry.ts:276:15)

  console.log
    [TELEMETRY] Flushed old metrics. Current buffer sizes: parsing=1970, documents=0

      at TelemetryCollector.flushMetrics (src/services/telemetry.ts:276:15)

  console.log
    [TELEMETRY] Flushed old metrics. Current buffer sizes: parsing=1971, documents=0

      at TelemetryCollector.flushMetrics (src/services/telemetry.ts:276:15)

  console.log
    [TELEMETRY] Flushed old metrics. Current buffer sizes: parsing=1972, documents=0

      at TelemetryCollector.flushMetrics (src/services/telemetry.ts:276:15)

  console.log
    [TELEMETRY] Flushed old metrics. Current buffer sizes: parsing=1973, documents=0

      at TelemetryCollector.flushMetrics (src/services/telemetry.ts:276:15)

  console.log
    [TELEMETRY] Flushed old metrics. Current buffer sizes: parsing=1974, documents=0

      at TelemetryCollector.flushMetrics (src/services/telemetry.ts:276:15)

  console.log
    [TELEMETRY] Flushed old metrics. Current buffer sizes: parsing=1975, documents=0

      at TelemetryCollector.flushMetrics (src/services/telemetry.ts:276:15)

  console.log
    [TELEMETRY] Flushed old metrics. Current buffer sizes: parsing=1976, documents=0

      at TelemetryCollector.flushMetrics (src/services/telemetry.ts:276:15)

  console.log
    [TELEMETRY] Flushed old metrics. Current buffer sizes: parsing=1977, documents=0

      at TelemetryCollector.flushMetrics (src/services/telemetry.ts:276:15)

  console.log
    [TELEMETRY] Flushed old metrics. Current buffer sizes: parsing=1978, documents=0

      at TelemetryCollector.flushMetrics (src/services/telemetry.ts:276:15)

  console.log
    [TELEMETRY] Flushed old metrics. Current buffer sizes: parsing=1979, documents=0

      at TelemetryCollector.flushMetrics (src/services/telemetry.ts:276:15)

  console.log
    [TELEMETRY] Flushed old metrics. Current buffer sizes: parsing=1980, documents=0

      at TelemetryCollector.flushMetrics (src/services/telemetry.ts:276:15)

  console.log
    [TELEMETRY] Flushed old metrics. Current buffer sizes: parsing=1981, documents=0

      at TelemetryCollector.flushMetrics (src/services/telemetry.ts:276:15)

  console.log
    [TELEMETRY] Flushed old metrics. Current buffer sizes: parsing=1982, documents=0

      at TelemetryCollector.flushMetrics (src/services/telemetry.ts:276:15)

  console.log
    [TELEMETRY] Flushed old metrics. Current buffer sizes: parsing=1983, documents=0

      at TelemetryCollector.flushMetrics (src/services/telemetry.ts:276:15)

  console.log
    [TELEMETRY] Flushed old metrics. Current buffer sizes: parsing=1984, documents=0

      at TelemetryCollector.flushMetrics (src/services/telemetry.ts:276:15)

  console.log
    [TELEMETRY] Flushed old metrics. Current buffer sizes: parsing=1985, documents=0

      at TelemetryCollector.flushMetrics (src/services/telemetry.ts:276:15)

  console.log
    [TELEMETRY] Flushed old metrics. Current buffer sizes: parsing=1986, documents=0

      at TelemetryCollector.flushMetrics (src/services/telemetry.ts:276:15)

  console.log
    [TELEMETRY] Flushed old metrics. Current buffer sizes: parsing=1987, documents=0

      at TelemetryCollector.flushMetrics (src/services/telemetry.ts:276:15)

  console.log
    [TELEMETRY] Flushed old metrics. Current buffer sizes: parsing=1988, documents=0

      at TelemetryCollector.flushMetrics (src/services/telemetry.ts:276:15)

  console.log
    [TELEMETRY] Flushed old metrics. Current buffer sizes: parsing=1989, documents=0

      at TelemetryCollector.flushMetrics (src/services/telemetry.ts:276:15)

  console.log
    [TELEMETRY] Flushed old metrics. Current buffer sizes: parsing=1990, documents=0

      at TelemetryCollector.flushMetrics (src/services/telemetry.ts:276:15)

  console.log
    [TELEMETRY] Flushed old metrics. Current buffer sizes: parsing=1991, documents=0

      at TelemetryCollector.flushMetrics (src/services/telemetry.ts:276:15)

  console.log
    [TELEMETRY] Flushed old metrics. Current buffer sizes: parsing=1992, documents=0

      at TelemetryCollector.flushMetrics (src/services/telemetry.ts:276:15)

  console.log
    [TELEMETRY] Flushed old metrics. Current buffer sizes: parsing=1993, documents=0

      at TelemetryCollector.flushMetrics (src/services/telemetry.ts:276:15)

  console.log
    [TELEMETRY] Flushed old metrics. Current buffer sizes: parsing=1994, documents=0

      at TelemetryCollector.flushMetrics (src/services/telemetry.ts:276:15)

  console.log
    [TELEMETRY] Flushed old metrics. Current buffer sizes: parsing=1995, documents=0

      at TelemetryCollector.flushMetrics (src/services/telemetry.ts:276:15)

  console.log
    [TELEMETRY] Flushed old metrics. Current buffer sizes: parsing=1996, documents=0

      at TelemetryCollector.flushMetrics (src/services/telemetry.ts:276:15)

  console.log
    [TELEMETRY] Flushed old metrics. Current buffer sizes: parsing=1997, documents=0

      at TelemetryCollector.flushMetrics (src/services/telemetry.ts:276:15)

  console.log
    [TELEMETRY] Flushed old metrics. Current buffer sizes: parsing=1998, documents=0

      at TelemetryCollector.flushMetrics (src/services/telemetry.ts:276:15)

  console.log
    [TELEMETRY] Flushed old metrics. Current buffer sizes: parsing=1999, documents=0

      at TelemetryCollector.flushMetrics (src/services/telemetry.ts:276:15)

  console.log
    [TELEMETRY] Flushed old metrics. Current buffer sizes: parsing=2000, documents=0

      at TelemetryCollector.flushMetrics (src/services/telemetry.ts:276:15)

  console.log
    [TELEMETRY] Flushed old metrics. Current buffer sizes: parsing=2001, documents=0

      at TelemetryCollector.flushMetrics (src/services/telemetry.ts:276:15)

  console.log
    [TELEMETRY] Flushed old metrics. Current buffer sizes: parsing=2002, documents=0

      at TelemetryCollector.flushMetrics (src/services/telemetry.ts:276:15)

  console.log
    [TELEMETRY] Flushed old metrics. Current buffer sizes: parsing=2003, documents=0

      at TelemetryCollector.flushMetrics (src/services/telemetry.ts:276:15)

  console.log
    [TELEMETRY] Flushed old metrics. Current buffer sizes: parsing=2004, documents=0

      at TelemetryCollector.flushMetrics (src/services/telemetry.ts:276:15)

  console.log
    [TELEMETRY] Flushed old metrics. Current buffer sizes: parsing=2005, documents=0

      at TelemetryCollector.flushMetrics (src/services/telemetry.ts:276:15)

  console.log
    [TELEMETRY] Flushed old metrics. Current buffer sizes: parsing=2006, documents=0

      at TelemetryCollector.flushMetrics (src/services/telemetry.ts:276:15)

  console.log
    [TELEMETRY] Flushed old metrics. Current buffer sizes: parsing=2007, documents=0

      at TelemetryCollector.flushMetrics (src/services/telemetry.ts:276:15)

  console.log
    [TELEMETRY] Flushed old metrics. Current buffer sizes: parsing=2008, documents=0

      at TelemetryCollector.flushMetrics (src/services/telemetry.ts:276:15)

  console.log
    [TELEMETRY] Flushed old metrics. Current buffer sizes: parsing=2009, documents=0

      at TelemetryCollector.flushMetrics (src/services/telemetry.ts:276:15)

  console.log
    [TELEMETRY] Flushed old metrics. Current buffer sizes: parsing=2010, documents=0

      at TelemetryCollector.flushMetrics (src/services/telemetry.ts:276:15)

  console.log
    [TELEMETRY] Flushed old metrics. Current buffer sizes: parsing=2011, documents=0

      at TelemetryCollector.flushMetrics (src/services/telemetry.ts:276:15)

  console.log
    [TELEMETRY] Flushed old metrics. Current buffer sizes: parsing=2012, documents=0

      at TelemetryCollector.flushMetrics (src/services/telemetry.ts:276:15)

  console.log
    [TELEMETRY] Flushed old metrics. Current buffer sizes: parsing=2013, documents=0

      at TelemetryCollector.flushMetrics (src/services/telemetry.ts:276:15)

  console.log
    [TELEMETRY] Flushed old metrics. Current buffer sizes: parsing=2014, documents=0

      at TelemetryCollector.flushMetrics (src/services/telemetry.ts:276:15)

  console.log
    [TELEMETRY] Flushed old metrics. Current buffer sizes: parsing=2015, documents=0

      at TelemetryCollector.flushMetrics (src/services/telemetry.ts:276:15)

  console.log
    [TELEMETRY] Flushed old metrics. Current buffer sizes: parsing=2016, documents=0

      at TelemetryCollector.flushMetrics (src/services/telemetry.ts:276:15)

  console.log
    [TELEMETRY] Flushed old metrics. Current buffer sizes: parsing=2017, documents=0

      at TelemetryCollector.flushMetrics (src/services/telemetry.ts:276:15)

  console.log
    [TELEMETRY] Flushed old metrics. Current buffer sizes: parsing=2018, documents=0

      at TelemetryCollector.flushMetrics (src/services/telemetry.ts:276:15)

  console.log
    [TELEMETRY] Flushed old metrics. Current buffer sizes: parsing=2019, documents=0

      at TelemetryCollector.flushMetrics (src/services/telemetry.ts:276:15)

  console.log
    [TELEMETRY] Flushed old metrics. Current buffer sizes: parsing=2020, documents=0

      at TelemetryCollector.flushMetrics (src/services/telemetry.ts:276:15)

  console.log
    [TELEMETRY] Flushed old metrics. Current buffer sizes: parsing=2021, documents=0

      at TelemetryCollector.flushMetrics (src/services/telemetry.ts:276:15)

  console.log
    [TELEMETRY] Flushed old metrics. Current buffer sizes: parsing=2022, documents=0

      at TelemetryCollector.flushMetrics (src/services/telemetry.ts:276:15)

  console.log
    [TELEMETRY] Flushed old metrics. Current buffer sizes: parsing=2023, documents=0

      at TelemetryCollector.flushMetrics (src/services/telemetry.ts:276:15)

  console.log
    [TELEMETRY] Flushed old metrics. Current buffer sizes: parsing=2024, documents=0

      at TelemetryCollector.flushMetrics (src/services/telemetry.ts:276:15)

  console.log
    [TELEMETRY] Flushed old metrics. Current buffer sizes: parsing=2025, documents=0

      at TelemetryCollector.flushMetrics (src/services/telemetry.ts:276:15)

  console.log
    [TELEMETRY] Flushed old metrics. Current buffer sizes: parsing=2026, documents=0

      at TelemetryCollector.flushMetrics (src/services/telemetry.ts:276:15)

  console.log
    [TELEMETRY] Flushed old metrics. Current buffer sizes: parsing=2027, documents=0

      at TelemetryCollector.flushMetrics (src/services/telemetry.ts:276:15)

  console.log
    [TELEMETRY] Flushed old metrics. Current buffer sizes: parsing=2028, documents=0

      at TelemetryCollector.flushMetrics (src/services/telemetry.ts:276:15)

  console.log
    [TELEMETRY] Flushed old metrics. Current buffer sizes: parsing=2029, documents=0

      at TelemetryCollector.flushMetrics (src/services/telemetry.ts:276:15)

  console.log
    [TELEMETRY] Flushed old metrics. Current buffer sizes: parsing=2030, documents=0

      at TelemetryCollector.flushMetrics (src/services/telemetry.ts:276:15)

  console.log
    [TELEMETRY] Flushed old metrics. Current buffer sizes: parsing=2031, documents=0

      at TelemetryCollector.flushMetrics (src/services/telemetry.ts:276:15)

  console.log
    [TELEMETRY] Flushed old metrics. Current buffer sizes: parsing=2032, documents=0

      at TelemetryCollector.flushMetrics (src/services/telemetry.ts:276:15)

  console.log
    [TELEMETRY] Flushed old metrics. Current buffer sizes: parsing=2033, documents=0

      at TelemetryCollector.flushMetrics (src/services/telemetry.ts:276:15)

  console.log
    [TELEMETRY] Flushed old metrics. Current buffer sizes: parsing=2034, documents=0

      at TelemetryCollector.flushMetrics (src/services/telemetry.ts:276:15)

  console.log
    [TELEMETRY] Flushed old metrics. Current buffer sizes: parsing=2035, documents=0

      at TelemetryCollector.flushMetrics (src/services/telemetry.ts:276:15)

  console.log
    [TELEMETRY] Flushed old metrics. Current buffer sizes: parsing=2036, documents=0

      at TelemetryCollector.flushMetrics (src/services/telemetry.ts:276:15)

  console.log
    [TELEMETRY] Flushed old metrics. Current buffer sizes: parsing=2037, documents=0

      at TelemetryCollector.flushMetrics (src/services/telemetry.ts:276:15)

  console.log
    [TELEMETRY] Flushed old metrics. Current buffer sizes: parsing=2038, documents=0

      at TelemetryCollector.flushMetrics (src/services/telemetry.ts:276:15)

  console.log
    [TELEMETRY] Flushed old metrics. Current buffer sizes: parsing=2039, documents=0

      at TelemetryCollector.flushMetrics (src/services/telemetry.ts:276:15)

  console.log
    [TELEMETRY] Flushed old metrics. Current buffer sizes: parsing=2040, documents=0

      at TelemetryCollector.flushMetrics (src/services/telemetry.ts:276:15)

  console.log
    [TELEMETRY] Flushed old metrics. Current buffer sizes: parsing=2041, documents=0

      at TelemetryCollector.flushMetrics (src/services/telemetry.ts:276:15)

  console.log
    [TELEMETRY] Flushed old metrics. Current buffer sizes: parsing=2042, documents=0

      at TelemetryCollector.flushMetrics (src/services/telemetry.ts:276:15)

  console.log
    [TELEMETRY] Flushed old metrics. Current buffer sizes: parsing=2043, documents=0

      at TelemetryCollector.flushMetrics (src/services/telemetry.ts:276:15)

  console.log
    [TELEMETRY] Flushed old metrics. Current buffer sizes: parsing=2044, documents=0

      at TelemetryCollector.flushMetrics (src/services/telemetry.ts:276:15)

  console.log
    [TELEMETRY] Flushed old metrics. Current buffer sizes: parsing=2045, documents=0

      at TelemetryCollector.flushMetrics (src/services/telemetry.ts:276:15)

  console.log
    [TELEMETRY] Flushed old metrics. Current buffer sizes: parsing=2046, documents=0

      at TelemetryCollector.flushMetrics (src/services/telemetry.ts:276:15)

  console.log
    [TELEMETRY] Flushed old metrics. Current buffer sizes: parsing=2047, documents=0

      at TelemetryCollector.flushMetrics (src/services/telemetry.ts:276:15)

  console.log
    [TELEMETRY] Flushed old metrics. Current buffer sizes: parsing=2048, documents=0

      at TelemetryCollector.flushMetrics (src/services/telemetry.ts:276:15)

  console.log
    [TELEMETRY] Flushed old metrics. Current buffer sizes: parsing=2049, documents=0

      at TelemetryCollector.flushMetrics (src/services/telemetry.ts:276:15)

  console.log
    [TELEMETRY] Flushed old metrics. Current buffer sizes: parsing=2050, documents=0

      at TelemetryCollector.flushMetrics (src/services/telemetry.ts:276:15)

  console.log
    [TELEMETRY] Flushed old metrics. Current buffer sizes: parsing=2051, documents=0

      at TelemetryCollector.flushMetrics (src/services/telemetry.ts:276:15)

  console.log
    [TELEMETRY] Flushed old metrics. Current buffer sizes: parsing=2052, documents=0

      at TelemetryCollector.flushMetrics (src/services/telemetry.ts:276:15)

  console.log
    [TELEMETRY] Flushed old metrics. Current buffer sizes: parsing=2053, documents=0

      at TelemetryCollector.flushMetrics (src/services/telemetry.ts:276:15)

  console.log
    [TELEMETRY] Flushed old metrics. Current buffer sizes: parsing=2054, documents=0

      at TelemetryCollector.flushMetrics (src/services/telemetry.ts:276:15)

  console.log
    [TELEMETRY] Flushed old metrics. Current buffer sizes: parsing=2055, documents=0

      at TelemetryCollector.flushMetrics (src/services/telemetry.ts:276:15)

  console.log
    [TELEMETRY] Flushed old metrics. Current buffer sizes: parsing=2056, documents=0

      at TelemetryCollector.flushMetrics (src/services/telemetry.ts:276:15)

  console.log
    [TELEMETRY] Flushed old metrics. Current buffer sizes: parsing=2057, documents=0

      at TelemetryCollector.flushMetrics (src/services/telemetry.ts:276:15)

  console.log
    [TELEMETRY] Flushed old metrics. Current buffer sizes: parsing=2058, documents=0

      at TelemetryCollector.flushMetrics (src/services/telemetry.ts:276:15)

  console.log
    [TELEMETRY] Flushed old metrics. Current buffer sizes: parsing=2059, documents=0

      at TelemetryCollector.flushMetrics (src/services/telemetry.ts:276:15)

  console.log
    [TELEMETRY] Flushed old metrics. Current buffer sizes: parsing=2060, documents=0

      at TelemetryCollector.flushMetrics (src/services/telemetry.ts:276:15)

  console.log
    [TELEMETRY] Flushed old metrics. Current buffer sizes: parsing=2061, documents=0

      at TelemetryCollector.flushMetrics (src/services/telemetry.ts:276:15)

  console.log
    [TELEMETRY] Flushed old metrics. Current buffer sizes: parsing=2062, documents=0

      at TelemetryCollector.flushMetrics (src/services/telemetry.ts:276:15)

  console.log
    [TELEMETRY] Flushed old metrics. Current buffer sizes: parsing=2063, documents=0

      at TelemetryCollector.flushMetrics (src/services/telemetry.ts:276:15)

  console.log
    [TELEMETRY] Flushed old metrics. Current buffer sizes: parsing=2064, documents=0

      at TelemetryCollector.flushMetrics (src/services/telemetry.ts:276:15)

  console.log
    [TELEMETRY] Flushed old metrics. Current buffer sizes: parsing=2065, documents=0

      at TelemetryCollector.flushMetrics (src/services/telemetry.ts:276:15)

  console.log
    [TELEMETRY] Flushed old metrics. Current buffer sizes: parsing=2066, documents=0

      at TelemetryCollector.flushMetrics (src/services/telemetry.ts:276:15)

  console.log
    [TELEMETRY] Flushed old metrics. Current buffer sizes: parsing=2067, documents=0

      at TelemetryCollector.flushMetrics (src/services/telemetry.ts:276:15)

  console.log
    [TELEMETRY] Flushed old metrics. Current buffer sizes: parsing=2068, documents=0

      at TelemetryCollector.flushMetrics (src/services/telemetry.ts:276:15)

  console.log
    [TELEMETRY] Flushed old metrics. Current buffer sizes: parsing=2069, documents=0

      at TelemetryCollector.flushMetrics (src/services/telemetry.ts:276:15)

  console.log
    [TELEMETRY] Flushed old metrics. Current buffer sizes: parsing=2070, documents=0

      at TelemetryCollector.flushMetrics (src/services/telemetry.ts:276:15)

  console.log
    [TELEMETRY] Flushed old metrics. Current buffer sizes: parsing=2071, documents=0

      at TelemetryCollector.flushMetrics (src/services/telemetry.ts:276:15)

  console.log
    [TELEMETRY] Flushed old metrics. Current buffer sizes: parsing=2072, documents=0

      at TelemetryCollector.flushMetrics (src/services/telemetry.ts:276:15)

  console.log
    [TELEMETRY] Flushed old metrics. Current buffer sizes: parsing=2073, documents=0

      at TelemetryCollector.flushMetrics (src/services/telemetry.ts:276:15)

  console.log
    [TELEMETRY] Flushed old metrics. Current buffer sizes: parsing=2074, documents=0

      at TelemetryCollector.flushMetrics (src/services/telemetry.ts:276:15)

  console.log
    [TELEMETRY] Flushed old metrics. Current buffer sizes: parsing=2075, documents=0

      at TelemetryCollector.flushMetrics (src/services/telemetry.ts:276:15)

  console.log
    [TELEMETRY] Flushed old metrics. Current buffer sizes: parsing=2076, documents=0

      at TelemetryCollector.flushMetrics (src/services/telemetry.ts:276:15)

  console.log
    [TELEMETRY] Flushed old metrics. Current buffer sizes: parsing=2077, documents=0

      at TelemetryCollector.flushMetrics (src/services/telemetry.ts:276:15)

  console.log
    [TELEMETRY] Flushed old metrics. Current buffer sizes: parsing=2078, documents=0

      at TelemetryCollector.flushMetrics (src/services/telemetry.ts:276:15)

  console.log
    [TELEMETRY] Flushed old metrics. Current buffer sizes: parsing=2079, documents=0

      at TelemetryCollector.flushMetrics (src/services/telemetry.ts:276:15)

  console.log
    [TELEMETRY] Flushed old metrics. Current buffer sizes: parsing=2080, documents=0

      at TelemetryCollector.flushMetrics (src/services/telemetry.ts:276:15)

  console.log
    [TELEMETRY] Flushed old metrics. Current buffer sizes: parsing=2081, documents=0

      at TelemetryCollector.flushMetrics (src/services/telemetry.ts:276:15)

  console.log
    [TELEMETRY] Flushed old metrics. Current buffer sizes: parsing=2082, documents=0

      at TelemetryCollector.flushMetrics (src/services/telemetry.ts:276:15)

  console.log
    [TELEMETRY] Flushed old metrics. Current buffer sizes: parsing=2083, documents=0

      at TelemetryCollector.flushMetrics (src/services/telemetry.ts:276:15)

  console.log
    [TELEMETRY] Flushed old metrics. Current buffer sizes: parsing=2084, documents=0

      at TelemetryCollector.flushMetrics (src/services/telemetry.ts:276:15)

  console.log
    [TELEMETRY] Flushed old metrics. Current buffer sizes: parsing=2085, documents=0

      at TelemetryCollector.flushMetrics (src/services/telemetry.ts:276:15)

  console.log
    [TELEMETRY] Flushed old metrics. Current buffer sizes: parsing=2086, documents=0

      at TelemetryCollector.flushMetrics (src/services/telemetry.ts:276:15)

  console.log
    [TELEMETRY] Flushed old metrics. Current buffer sizes: parsing=2087, documents=0

      at TelemetryCollector.flushMetrics (src/services/telemetry.ts:276:15)

  console.log
    [TELEMETRY] Flushed old metrics. Current buffer sizes: parsing=2088, documents=0

      at TelemetryCollector.flushMetrics (src/services/telemetry.ts:276:15)

  console.log
    [TELEMETRY] Flushed old metrics. Current buffer sizes: parsing=2089, documents=0

      at TelemetryCollector.flushMetrics (src/services/telemetry.ts:276:15)

  console.log
    [TELEMETRY] Flushed old metrics. Current buffer sizes: parsing=2090, documents=0

      at TelemetryCollector.flushMetrics (src/services/telemetry.ts:276:15)

  console.log
    [TELEMETRY] Flushed old metrics. Current buffer sizes: parsing=2091, documents=0

      at TelemetryCollector.flushMetrics (src/services/telemetry.ts:276:15)

  console.log
    [TELEMETRY] Flushed old metrics. Current buffer sizes: parsing=2092, documents=0

      at TelemetryCollector.flushMetrics (src/services/telemetry.ts:276:15)

  console.log
    [TELEMETRY] Flushed old metrics. Current buffer sizes: parsing=2093, documents=0

      at TelemetryCollector.flushMetrics (src/services/telemetry.ts:276:15)

  console.log
    [TELEMETRY] Flushed old metrics. Current buffer sizes: parsing=2094, documents=0

      at TelemetryCollector.flushMetrics (src/services/telemetry.ts:276:15)

  console.log
    [TELEMETRY] Flushed old metrics. Current buffer sizes: parsing=2095, documents=0

      at TelemetryCollector.flushMetrics (src/services/telemetry.ts:276:15)

  console.log
    [TELEMETRY] Flushed old metrics. Current buffer sizes: parsing=2096, documents=0

      at TelemetryCollector.flushMetrics (src/services/telemetry.ts:276:15)

  console.log
    [TELEMETRY] Flushed old metrics. Current buffer sizes: parsing=2097, documents=0

      at TelemetryCollector.flushMetrics (src/services/telemetry.ts:276:15)

  console.log
    [TELEMETRY] Flushed old metrics. Current buffer sizes: parsing=2098, documents=0

      at TelemetryCollector.flushMetrics (src/services/telemetry.ts:276:15)

  console.log
    [TELEMETRY] Flushed old metrics. Current buffer sizes: parsing=2099, documents=0

      at TelemetryCollector.flushMetrics (src/services/telemetry.ts:276:15)

  console.log
    [TELEMETRY] Flushed old metrics. Current buffer sizes: parsing=2100, documents=0

      at TelemetryCollector.flushMetrics (src/services/telemetry.ts:276:15)

  console.log
    [TELEMETRY] Flushed old metrics. Current buffer sizes: parsing=2101, documents=0

      at TelemetryCollector.flushMetrics (src/services/telemetry.ts:276:15)

  console.log
    [TELEMETRY] Flushed old metrics. Current buffer sizes: parsing=2102, documents=0

      at TelemetryCollector.flushMetrics (src/services/telemetry.ts:276:15)

  console.log
    [TELEMETRY] Flushed old metrics. Current buffer sizes: parsing=2103, documents=0

      at TelemetryCollector.flushMetrics (src/services/telemetry.ts:276:15)

  console.log
    [TELEMETRY] Flushed old metrics. Current buffer sizes: parsing=2104, documents=0

      at TelemetryCollector.flushMetrics (src/services/telemetry.ts:276:15)

  console.log
    [TELEMETRY] Flushed old metrics. Current buffer sizes: parsing=2105, documents=0

      at TelemetryCollector.flushMetrics (src/services/telemetry.ts:276:15)

  console.log
    [TELEMETRY] Flushed old metrics. Current buffer sizes: parsing=2106, documents=0

      at TelemetryCollector.flushMetrics (src/services/telemetry.ts:276:15)

  console.log
    [TELEMETRY] Flushed old metrics. Current buffer sizes: parsing=2107, documents=0

      at TelemetryCollector.flushMetrics (src/services/telemetry.ts:276:15)

  console.log
    [TELEMETRY] Flushed old metrics. Current buffer sizes: parsing=2108, documents=0

      at TelemetryCollector.flushMetrics (src/services/telemetry.ts:276:15)

  console.log
    [TELEMETRY] Flushed old metrics. Current buffer sizes: parsing=2109, documents=0

      at TelemetryCollector.flushMetrics (src/services/telemetry.ts:276:15)

  console.log
    [TELEMETRY] Flushed old metrics. Current buffer sizes: parsing=2110, documents=0

      at TelemetryCollector.flushMetrics (src/services/telemetry.ts:276:15)

  console.log
    [TELEMETRY] Flushed old metrics. Current buffer sizes: parsing=2111, documents=0

      at TelemetryCollector.flushMetrics (src/services/telemetry.ts:276:15)

  console.log
    [TELEMETRY] Flushed old metrics. Current buffer sizes: parsing=2112, documents=0

      at TelemetryCollector.flushMetrics (src/services/telemetry.ts:276:15)

  console.log
    [TELEMETRY] Flushed old metrics. Current buffer sizes: parsing=2113, documents=0

      at TelemetryCollector.flushMetrics (src/services/telemetry.ts:276:15)

  console.log
    [TELEMETRY] Flushed old metrics. Current buffer sizes: parsing=2114, documents=0

      at TelemetryCollector.flushMetrics (src/services/telemetry.ts:276:15)

  console.log
    [TELEMETRY] Flushed old metrics. Current buffer sizes: parsing=2115, documents=0

      at TelemetryCollector.flushMetrics (src/services/telemetry.ts:276:15)

  console.log
    [TELEMETRY] Flushed old metrics. Current buffer sizes: parsing=2116, documents=0

      at TelemetryCollector.flushMetrics (src/services/telemetry.ts:276:15)

  console.log
    [TELEMETRY] Flushed old metrics. Current buffer sizes: parsing=2117, documents=0

      at TelemetryCollector.flushMetrics (src/services/telemetry.ts:276:15)

  console.log
    [TELEMETRY] Flushed old metrics. Current buffer sizes: parsing=2118, documents=0

      at TelemetryCollector.flushMetrics (src/services/telemetry.ts:276:15)

  console.log
    [TELEMETRY] Flushed old metrics. Current buffer sizes: parsing=2119, documents=0

      at TelemetryCollector.flushMetrics (src/services/telemetry.ts:276:15)

  console.log
    [TELEMETRY] Flushed old metrics. Current buffer sizes: parsing=2120, documents=0

      at TelemetryCollector.flushMetrics (src/services/telemetry.ts:276:15)

  console.log
    [TELEMETRY] Flushed old metrics. Current buffer sizes: parsing=2121, documents=0

      at TelemetryCollector.flushMetrics (src/services/telemetry.ts:276:15)

  console.log
    [TELEMETRY] Flushed old metrics. Current buffer sizes: parsing=2122, documents=0

      at TelemetryCollector.flushMetrics (src/services/telemetry.ts:276:15)

  console.log
    [TELEMETRY] Flushed old metrics. Current buffer sizes: parsing=2123, documents=0

      at TelemetryCollector.flushMetrics (src/services/telemetry.ts:276:15)

  console.log
    [TELEMETRY] Flushed old metrics. Current buffer sizes: parsing=2124, documents=0

      at TelemetryCollector.flushMetrics (src/services/telemetry.ts:276:15)

  console.log
    [TELEMETRY] Flushed old metrics. Current buffer sizes: parsing=2125, documents=0

      at TelemetryCollector.flushMetrics (src/services/telemetry.ts:276:15)

  console.log
    [TELEMETRY] Flushed old metrics. Current buffer sizes: parsing=2126, documents=0

      at TelemetryCollector.flushMetrics (src/services/telemetry.ts:276:15)

  console.log
    [TELEMETRY] Flushed old metrics. Current buffer sizes: parsing=2127, documents=0

      at TelemetryCollector.flushMetrics (src/services/telemetry.ts:276:15)

  console.log
    [TELEMETRY] Flushed old metrics. Current buffer sizes: parsing=2128, documents=0

      at TelemetryCollector.flushMetrics (src/services/telemetry.ts:276:15)

  console.log
    [TELEMETRY] Flushed old metrics. Current buffer sizes: parsing=2129, documents=0

      at TelemetryCollector.flushMetrics (src/services/telemetry.ts:276:15)

  console.log
    [TELEMETRY] Flushed old metrics. Current buffer sizes: parsing=2130, documents=0

      at TelemetryCollector.flushMetrics (src/services/telemetry.ts:276:15)

  console.log
    [TELEMETRY] Flushed old metrics. Current buffer sizes: parsing=2131, documents=0

      at TelemetryCollector.flushMetrics (src/services/telemetry.ts:276:15)

  console.log
    [TELEMETRY] Flushed old metrics. Current buffer sizes: parsing=2132, documents=0

      at TelemetryCollector.flushMetrics (src/services/telemetry.ts:276:15)

  console.log
    [TELEMETRY] Flushed old metrics. Current buffer sizes: parsing=2133, documents=0

      at TelemetryCollector.flushMetrics (src/services/telemetry.ts:276:15)

  console.log
    [TELEMETRY] Flushed old metrics. Current buffer sizes: parsing=2134, documents=0

      at TelemetryCollector.flushMetrics (src/services/telemetry.ts:276:15)

  console.log
    [TELEMETRY] Flushed old metrics. Current buffer sizes: parsing=2135, documents=0

      at TelemetryCollector.flushMetrics (src/services/telemetry.ts:276:15)

  console.log
    [TELEMETRY] Flushed old metrics. Current buffer sizes: parsing=2136, documents=0

      at TelemetryCollector.flushMetrics (src/services/telemetry.ts:276:15)

  console.log
    [TELEMETRY] Flushed old metrics. Current buffer sizes: parsing=2137, documents=0

      at TelemetryCollector.flushMetrics (src/services/telemetry.ts:276:15)

  console.log
    [TELEMETRY] Flushed old metrics. Current buffer sizes: parsing=2138, documents=0

      at TelemetryCollector.flushMetrics (src/services/telemetry.ts:276:15)

  console.log
    [TELEMETRY] Flushed old metrics. Current buffer sizes: parsing=2139, documents=0

      at TelemetryCollector.flushMetrics (src/services/telemetry.ts:276:15)

  console.log
    [TELEMETRY] Flushed old metrics. Current buffer sizes: parsing=2140, documents=0

      at TelemetryCollector.flushMetrics (src/services/telemetry.ts:276:15)

  console.log
    [TELEMETRY] Flushed old metrics. Current buffer sizes: parsing=2141, documents=0

      at TelemetryCollector.flushMetrics (src/services/telemetry.ts:276:15)

  console.log
    [TELEMETRY] Flushed old metrics. Current buffer sizes: parsing=2142, documents=0

      at TelemetryCollector.flushMetrics (src/services/telemetry.ts:276:15)

  console.log
    [TELEMETRY] Flushed old metrics. Current buffer sizes: parsing=2143, documents=0

      at TelemetryCollector.flushMetrics (src/services/telemetry.ts:276:15)

  console.log
    [TELEMETRY] Flushed old metrics. Current buffer sizes: parsing=2144, documents=0

      at TelemetryCollector.flushMetrics (src/services/telemetry.ts:276:15)

  console.log
    [TELEMETRY] Flushed old metrics. Current buffer sizes: parsing=2145, documents=0

      at TelemetryCollector.flushMetrics (src/services/telemetry.ts:276:15)

  console.log
    [TELEMETRY] Flushed old metrics. Current buffer sizes: parsing=2146, documents=0

      at TelemetryCollector.flushMetrics (src/services/telemetry.ts:276:15)

  console.log
    [TELEMETRY] Flushed old metrics. Current buffer sizes: parsing=2147, documents=0

      at TelemetryCollector.flushMetrics (src/services/telemetry.ts:276:15)

  console.log
    [TELEMETRY] Flushed old metrics. Current buffer sizes: parsing=2148, documents=0

      at TelemetryCollector.flushMetrics (src/services/telemetry.ts:276:15)

  console.log
    [TELEMETRY] Flushed old metrics. Current buffer sizes: parsing=2149, documents=0

      at TelemetryCollector.flushMetrics (src/services/telemetry.ts:276:15)

  console.log
    [TELEMETRY] Flushed old metrics. Current buffer sizes: parsing=2150, documents=0

      at TelemetryCollector.flushMetrics (src/services/telemetry.ts:276:15)

  console.log
    [TELEMETRY] Flushed old metrics. Current buffer sizes: parsing=2151, documents=0

      at TelemetryCollector.flushMetrics (src/services/telemetry.ts:276:15)

  console.log
    [TELEMETRY] Flushed old metrics. Current buffer sizes: parsing=2152, documents=0

      at TelemetryCollector.flushMetrics (src/services/telemetry.ts:276:15)

  console.log
    [TELEMETRY] Flushed old metrics. Current buffer sizes: parsing=2153, documents=0

      at TelemetryCollector.flushMetrics (src/services/telemetry.ts:276:15)

  console.log
    [TELEMETRY] Flushed old metrics. Current buffer sizes: parsing=2154, documents=0

      at TelemetryCollector.flushMetrics (src/services/telemetry.ts:276:15)

  console.log
    [TELEMETRY] Flushed old metrics. Current buffer sizes: parsing=2155, documents=0

      at TelemetryCollector.flushMetrics (src/services/telemetry.ts:276:15)

  console.log
    [TELEMETRY] Flushed old metrics. Current buffer sizes: parsing=2156, documents=0

      at TelemetryCollector.flushMetrics (src/services/telemetry.ts:276:15)

  console.log
    [TELEMETRY] Flushed old metrics. Current buffer sizes: parsing=2157, documents=0

      at TelemetryCollector.flushMetrics (src/services/telemetry.ts:276:15)

  console.log
    [TELEMETRY] Flushed old metrics. Current buffer sizes: parsing=2158, documents=0

      at TelemetryCollector.flushMetrics (src/services/telemetry.ts:276:15)

  console.log
    [TELEMETRY] Flushed old metrics. Current buffer sizes: parsing=2159, documents=0

      at TelemetryCollector.flushMetrics (src/services/telemetry.ts:276:15)

  console.log
    [TELEMETRY] Flushed old metrics. Current buffer sizes: parsing=2160, documents=0

      at TelemetryCollector.flushMetrics (src/services/telemetry.ts:276:15)

  console.log
    [TELEMETRY] Flushed old metrics. Current buffer sizes: parsing=2161, documents=0

      at TelemetryCollector.flushMetrics (src/services/telemetry.ts:276:15)

  console.log
    [TELEMETRY] Flushed old metrics. Current buffer sizes: parsing=2162, documents=0

      at TelemetryCollector.flushMetrics (src/services/telemetry.ts:276:15)

  console.log
    [TELEMETRY] Flushed old metrics. Current buffer sizes: parsing=2163, documents=0

      at TelemetryCollector.flushMetrics (src/services/telemetry.ts:276:15)

  console.log
    [TELEMETRY] Flushed old metrics. Current buffer sizes: parsing=2164, documents=0

      at TelemetryCollector.flushMetrics (src/services/telemetry.ts:276:15)

  console.log
    [TELEMETRY] Flushed old metrics. Current buffer sizes: parsing=2165, documents=0

      at TelemetryCollector.flushMetrics (src/services/telemetry.ts:276:15)

  console.log
    [TELEMETRY] Flushed old metrics. Current buffer sizes: parsing=2166, documents=0

      at TelemetryCollector.flushMetrics (src/services/telemetry.ts:276:15)

  console.log
    [TELEMETRY] Flushed old metrics. Current buffer sizes: parsing=2167, documents=0

      at TelemetryCollector.flushMetrics (src/services/telemetry.ts:276:15)

  console.log
    [TELEMETRY] Flushed old metrics. Current buffer sizes: parsing=2168, documents=0

      at TelemetryCollector.flushMetrics (src/services/telemetry.ts:276:15)

  console.log
    [TELEMETRY] Flushed old metrics. Current buffer sizes: parsing=2169, documents=0

      at TelemetryCollector.flushMetrics (src/services/telemetry.ts:276:15)

  console.log
    [TELEMETRY] Flushed old metrics. Current buffer sizes: parsing=2170, documents=0

      at TelemetryCollector.flushMetrics (src/services/telemetry.ts:276:15)

  console.log
    [TELEMETRY] Flushed old metrics. Current buffer sizes: parsing=2171, documents=0

      at TelemetryCollector.flushMetrics (src/services/telemetry.ts:276:15)

  console.log
    [TELEMETRY] Flushed old metrics. Current buffer sizes: parsing=2172, documents=0

      at TelemetryCollector.flushMetrics (src/services/telemetry.ts:276:15)

  console.log
    [TELEMETRY] Flushed old metrics. Current buffer sizes: parsing=2173, documents=0

      at TelemetryCollector.flushMetrics (src/services/telemetry.ts:276:15)

  console.log
    [TELEMETRY] Flushed old metrics. Current buffer sizes: parsing=2174, documents=0

      at TelemetryCollector.flushMetrics (src/services/telemetry.ts:276:15)

  console.log
    [TELEMETRY] Flushed old metrics. Current buffer sizes: parsing=2175, documents=0

      at TelemetryCollector.flushMetrics (src/services/telemetry.ts:276:15)

  console.log
    [TELEMETRY] Flushed old metrics. Current buffer sizes: parsing=2176, documents=0

      at TelemetryCollector.flushMetrics (src/services/telemetry.ts:276:15)

  console.log
    [TELEMETRY] Flushed old metrics. Current buffer sizes: parsing=2177, documents=0

      at TelemetryCollector.flushMetrics (src/services/telemetry.ts:276:15)

  console.log
    [TELEMETRY] Flushed old metrics. Current buffer sizes: parsing=2178, documents=0

      at TelemetryCollector.flushMetrics (src/services/telemetry.ts:276:15)

  console.log
    [TELEMETRY] Flushed old metrics. Current buffer sizes: parsing=2179, documents=0

      at TelemetryCollector.flushMetrics (src/services/telemetry.ts:276:15)

  console.log
    [TELEMETRY] Flushed old metrics. Current buffer sizes: parsing=2180, documents=0

      at TelemetryCollector.flushMetrics (src/services/telemetry.ts:276:15)

  console.log
    [TELEMETRY] Flushed old metrics. Current buffer sizes: parsing=2181, documents=0

      at TelemetryCollector.flushMetrics (src/services/telemetry.ts:276:15)

  console.log
    [TELEMETRY] Flushed old metrics. Current buffer sizes: parsing=2182, documents=0

      at TelemetryCollector.flushMetrics (src/services/telemetry.ts:276:15)

  console.log
    [TELEMETRY] Flushed old metrics. Current buffer sizes: parsing=2183, documents=0

      at TelemetryCollector.flushMetrics (src/services/telemetry.ts:276:15)

  console.log
    [TELEMETRY] Flushed old metrics. Current buffer sizes: parsing=2184, documents=0

      at TelemetryCollector.flushMetrics (src/services/telemetry.ts:276:15)

  console.log
    [TELEMETRY] Flushed old metrics. Current buffer sizes: parsing=2185, documents=0

      at TelemetryCollector.flushMetrics (src/services/telemetry.ts:276:15)

  console.log
    [TELEMETRY] Flushed old metrics. Current buffer sizes: parsing=2186, documents=0

      at TelemetryCollector.flushMetrics (src/services/telemetry.ts:276:15)

  console.log
    [TELEMETRY] Flushed old metrics. Current buffer sizes: parsing=2187, documents=0

      at TelemetryCollector.flushMetrics (src/services/telemetry.ts:276:15)

  console.log
    [TELEMETRY] Flushed old metrics. Current buffer sizes: parsing=2188, documents=0

      at TelemetryCollector.flushMetrics (src/services/telemetry.ts:276:15)

  console.log
    [TELEMETRY] Flushed old metrics. Current buffer sizes: parsing=2189, documents=0

      at TelemetryCollector.flushMetrics (src/services/telemetry.ts:276:15)

  console.log
    [TELEMETRY] Flushed old metrics. Current buffer sizes: parsing=2190, documents=0

      at TelemetryCollector.flushMetrics (src/services/telemetry.ts:276:15)

  console.log
    [TELEMETRY] Flushed old metrics. Current buffer sizes: parsing=2191, documents=0

      at TelemetryCollector.flushMetrics (src/services/telemetry.ts:276:15)

  console.log
    [TELEMETRY] Flushed old metrics. Current buffer sizes: parsing=2192, documents=0

      at TelemetryCollector.flushMetrics (src/services/telemetry.ts:276:15)

  console.log
    [TELEMETRY] Flushed old metrics. Current buffer sizes: parsing=2193, documents=0

      at TelemetryCollector.flushMetrics (src/services/telemetry.ts:276:15)

  console.log
    [TELEMETRY] Flushed old metrics. Current buffer sizes: parsing=2194, documents=0

      at TelemetryCollector.flushMetrics (src/services/telemetry.ts:276:15)

  console.log
    [TELEMETRY] Flushed old metrics. Current buffer sizes: parsing=2195, documents=0

      at TelemetryCollector.flushMetrics (src/services/telemetry.ts:276:15)

  console.log
    [TELEMETRY] Flushed old metrics. Current buffer sizes: parsing=2196, documents=0

      at TelemetryCollector.flushMetrics (src/services/telemetry.ts:276:15)

  console.log
    [TELEMETRY] Flushed old metrics. Current buffer sizes: parsing=2197, documents=0

      at TelemetryCollector.flushMetrics (src/services/telemetry.ts:276:15)

  console.log
    [TELEMETRY] Flushed old metrics. Current buffer sizes: parsing=2198, documents=0

      at TelemetryCollector.flushMetrics (src/services/telemetry.ts:276:15)

  console.log
    [TELEMETRY] Flushed old metrics. Current buffer sizes: parsing=2199, documents=0

      at TelemetryCollector.flushMetrics (src/services/telemetry.ts:276:15)

  console.log
    [TELEMETRY] Flushed old metrics. Current buffer sizes: parsing=2200, documents=0

      at TelemetryCollector.flushMetrics (src/services/telemetry.ts:276:15)

  console.log
    [TELEMETRY] Flushed old metrics. Current buffer sizes: parsing=2201, documents=0

      at TelemetryCollector.flushMetrics (src/services/telemetry.ts:276:15)

  console.log
    [TELEMETRY] Flushed old metrics. Current buffer sizes: parsing=2202, documents=0

      at TelemetryCollector.flushMetrics (src/services/telemetry.ts:276:15)

  console.log
    [TELEMETRY] Flushed old metrics. Current buffer sizes: parsing=2203, documents=0

      at TelemetryCollector.flushMetrics (src/services/telemetry.ts:276:15)

  console.log
    [TELEMETRY] Flushed old metrics. Current buffer sizes: parsing=2204, documents=0

      at TelemetryCollector.flushMetrics (src/services/telemetry.ts:276:15)

  console.log
    [TELEMETRY] Flushed old metrics. Current buffer sizes: parsing=2205, documents=0

      at TelemetryCollector.flushMetrics (src/services/telemetry.ts:276:15)

  console.log
    [TELEMETRY] Flushed old metrics. Current buffer sizes: parsing=2206, documents=0

      at TelemetryCollector.flushMetrics (src/services/telemetry.ts:276:15)

  console.log
    [TELEMETRY] Flushed old metrics. Current buffer sizes: parsing=2207, documents=0

      at TelemetryCollector.flushMetrics (src/services/telemetry.ts:276:15)

  console.log
    [TELEMETRY] Flushed old metrics. Current buffer sizes: parsing=2208, documents=0

      at TelemetryCollector.flushMetrics (src/services/telemetry.ts:276:15)

  console.log
    [TELEMETRY] Flushed old metrics. Current buffer sizes: parsing=2209, documents=0

      at TelemetryCollector.flushMetrics (src/services/telemetry.ts:276:15)

  console.log
    [TELEMETRY] Flushed old metrics. Current buffer sizes: parsing=2210, documents=0

      at TelemetryCollector.flushMetrics (src/services/telemetry.ts:276:15)

  console.log
    [TELEMETRY] Flushed old metrics. Current buffer sizes: parsing=2211, documents=0

      at TelemetryCollector.flushMetrics (src/services/telemetry.ts:276:15)

  console.log
    [TELEMETRY] Flushed old metrics. Current buffer sizes: parsing=2212, documents=0

      at TelemetryCollector.flushMetrics (src/services/telemetry.ts:276:15)

  console.log
    [TELEMETRY] Flushed old metrics. Current buffer sizes: parsing=2213, documents=0

      at TelemetryCollector.flushMetrics (src/services/telemetry.ts:276:15)

  console.log
    [TELEMETRY] Flushed old metrics. Current buffer sizes: parsing=2214, documents=0

      at TelemetryCollector.flushMetrics (src/services/telemetry.ts:276:15)

  console.log
    [TELEMETRY] Flushed old metrics. Current buffer sizes: parsing=2215, documents=0

      at TelemetryCollector.flushMetrics (src/services/telemetry.ts:276:15)

  console.log
    [TELEMETRY] Flushed old metrics. Current buffer sizes: parsing=2216, documents=0

      at TelemetryCollector.flushMetrics (src/services/telemetry.ts:276:15)

  console.log
    [TELEMETRY] Flushed old metrics. Current buffer sizes: parsing=2217, documents=0

      at TelemetryCollector.flushMetrics (src/services/telemetry.ts:276:15)

  console.log
    [TELEMETRY] Flushed old metrics. Current buffer sizes: parsing=2218, documents=0

      at TelemetryCollector.flushMetrics (src/services/telemetry.ts:276:15)

  console.log
    [TELEMETRY] Flushed old metrics. Current buffer sizes: parsing=2219, documents=0

      at TelemetryCollector.flushMetrics (src/services/telemetry.ts:276:15)

  console.log
    [TELEMETRY] Flushed old metrics. Current buffer sizes: parsing=2220, documents=0

      at TelemetryCollector.flushMetrics (src/services/telemetry.ts:276:15)

  console.log
    [TELEMETRY] Flushed old metrics. Current buffer sizes: parsing=2221, documents=0

      at TelemetryCollector.flushMetrics (src/services/telemetry.ts:276:15)

  console.log
    [TELEMETRY] Flushed old metrics. Current buffer sizes: parsing=2222, documents=0

      at TelemetryCollector.flushMetrics (src/services/telemetry.ts:276:15)

  console.log
    [TELEMETRY] Flushed old metrics. Current buffer sizes: parsing=2223, documents=0

      at TelemetryCollector.flushMetrics (src/services/telemetry.ts:276:15)

  console.log
    [TELEMETRY] Flushed old metrics. Current buffer sizes: parsing=2224, documents=0

      at TelemetryCollector.flushMetrics (src/services/telemetry.ts:276:15)

  console.log
    [TELEMETRY] Flushed old metrics. Current buffer sizes: parsing=2225, documents=0

      at TelemetryCollector.flushMetrics (src/services/telemetry.ts:276:15)

  console.log
    [TELEMETRY] Flushed old metrics. Current buffer sizes: parsing=2226, documents=0

      at TelemetryCollector.flushMetrics (src/services/telemetry.ts:276:15)

  console.log
    [TELEMETRY] Flushed old metrics. Current buffer sizes: parsing=2227, documents=0

      at TelemetryCollector.flushMetrics (src/services/telemetry.ts:276:15)

  console.log
    [TELEMETRY] Flushed old metrics. Current buffer sizes: parsing=2228, documents=0

      at TelemetryCollector.flushMetrics (src/services/telemetry.ts:276:15)

  console.log
    [TELEMETRY] Flushed old metrics. Current buffer sizes: parsing=2229, documents=0

      at TelemetryCollector.flushMetrics (src/services/telemetry.ts:276:15)

  console.log
    [TELEMETRY] Flushed old metrics. Current buffer sizes: parsing=2230, documents=0

      at TelemetryCollector.flushMetrics (src/services/telemetry.ts:276:15)

  console.log
    [TELEMETRY] Flushed old metrics. Current buffer sizes: parsing=2231, documents=0

      at TelemetryCollector.flushMetrics (src/services/telemetry.ts:276:15)

  console.log
    [TELEMETRY] Flushed old metrics. Current buffer sizes: parsing=2232, documents=0

      at TelemetryCollector.flushMetrics (src/services/telemetry.ts:276:15)

  console.log
    [TELEMETRY] Flushed old metrics. Current buffer sizes: parsing=2233, documents=0

      at TelemetryCollector.flushMetrics (src/services/telemetry.ts:276:15)

  console.log
    [TELEMETRY] Flushed old metrics. Current buffer sizes: parsing=2234, documents=0

      at TelemetryCollector.flushMetrics (src/services/telemetry.ts:276:15)

  console.log
    [TELEMETRY] Flushed old metrics. Current buffer sizes: parsing=2235, documents=0

      at TelemetryCollector.flushMetrics (src/services/telemetry.ts:276:15)

  console.log
    [TELEMETRY] Flushed old metrics. Current buffer sizes: parsing=2236, documents=0

      at TelemetryCollector.flushMetrics (src/services/telemetry.ts:276:15)

  console.log
    [TELEMETRY] Flushed old metrics. Current buffer sizes: parsing=2237, documents=0

      at TelemetryCollector.flushMetrics (src/services/telemetry.ts:276:15)

  console.log
    [TELEMETRY] Flushed old metrics. Current buffer sizes: parsing=2238, documents=0

      at TelemetryCollector.flushMetrics (src/services/telemetry.ts:276:15)

  console.log
    [TELEMETRY] Flushed old metrics. Current buffer sizes: parsing=2239, documents=0

      at TelemetryCollector.flushMetrics (src/services/telemetry.ts:276:15)

  console.log
    [TELEMETRY] Flushed old metrics. Current buffer sizes: parsing=2240, documents=0

      at TelemetryCollector.flushMetrics (src/services/telemetry.ts:276:15)

  console.log
    [TELEMETRY] Flushed old metrics. Current buffer sizes: parsing=2241, documents=0

      at TelemetryCollector.flushMetrics (src/services/telemetry.ts:276:15)

  console.log
    [TELEMETRY] Flushed old metrics. Current buffer sizes: parsing=2242, documents=0

      at TelemetryCollector.flushMetrics (src/services/telemetry.ts:276:15)

  console.log
    [TELEMETRY] Flushed old metrics. Current buffer sizes: parsing=2243, documents=0

      at TelemetryCollector.flushMetrics (src/services/telemetry.ts:276:15)

  console.log
    [TELEMETRY] Flushed old metrics. Current buffer sizes: parsing=2244, documents=0

      at TelemetryCollector.flushMetrics (src/services/telemetry.ts:276:15)

  console.log
    [TELEMETRY] Flushed old metrics. Current buffer sizes: parsing=2245, documents=0

      at TelemetryCollector.flushMetrics (src/services/telemetry.ts:276:15)

  console.log
    [TELEMETRY] Flushed old metrics. Current buffer sizes: parsing=2246, documents=0

      at TelemetryCollector.flushMetrics (src/services/telemetry.ts:276:15)

  console.log
    [TELEMETRY] Flushed old metrics. Current buffer sizes: parsing=2247, documents=0

      at TelemetryCollector.flushMetrics (src/services/telemetry.ts:276:15)

  console.log
    [TELEMETRY] Flushed old metrics. Current buffer sizes: parsing=2248, documents=0

      at TelemetryCollector.flushMetrics (src/services/telemetry.ts:276:15)

  console.log
    [TELEMETRY] Flushed old metrics. Current buffer sizes: parsing=2249, documents=0

      at TelemetryCollector.flushMetrics (src/services/telemetry.ts:276:15)

  console.log
    [TELEMETRY] Flushed old metrics. Current buffer sizes: parsing=2250, documents=0

      at TelemetryCollector.flushMetrics (src/services/telemetry.ts:276:15)

  console.log
    [TELEMETRY] Flushed old metrics. Current buffer sizes: parsing=2251, documents=0

      at TelemetryCollector.flushMetrics (src/services/telemetry.ts:276:15)

  console.log
    [TELEMETRY] Flushed old metrics. Current buffer sizes: parsing=2252, documents=0

      at TelemetryCollector.flushMetrics (src/services/telemetry.ts:276:15)

  console.log
    [TELEMETRY] Flushed old metrics. Current buffer sizes: parsing=2253, documents=0

      at TelemetryCollector.flushMetrics (src/services/telemetry.ts:276:15)

  console.log
    [TELEMETRY] Flushed old metrics. Current buffer sizes: parsing=2254, documents=0

      at TelemetryCollector.flushMetrics (src/services/telemetry.ts:276:15)

  console.log
    [TELEMETRY] Flushed old metrics. Current buffer sizes: parsing=2255, documents=0

      at TelemetryCollector.flushMetrics (src/services/telemetry.ts:276:15)

  console.log
    [TELEMETRY] Flushed old metrics. Current buffer sizes: parsing=2256, documents=0

      at TelemetryCollector.flushMetrics (src/services/telemetry.ts:276:15)

  console.log
    [TELEMETRY] Flushed old metrics. Current buffer sizes: parsing=2257, documents=0

      at TelemetryCollector.flushMetrics (src/services/telemetry.ts:276:15)

  console.log
    [TELEMETRY] Flushed old metrics. Current buffer sizes: parsing=2258, documents=0

      at TelemetryCollector.flushMetrics (src/services/telemetry.ts:276:15)

  console.log
    [TELEMETRY] Flushed old metrics. Current buffer sizes: parsing=2259, documents=0

      at TelemetryCollector.flushMetrics (src/services/telemetry.ts:276:15)

  console.log
    [TELEMETRY] Flushed old metrics. Current buffer sizes: parsing=2260, documents=0

      at TelemetryCollector.flushMetrics (src/services/telemetry.ts:276:15)

  console.log
    [TELEMETRY] Flushed old metrics. Current buffer sizes: parsing=2261, documents=0

      at TelemetryCollector.flushMetrics (src/services/telemetry.ts:276:15)

  console.log
    [TELEMETRY] Flushed old metrics. Current buffer sizes: parsing=2262, documents=0

      at TelemetryCollector.flushMetrics (src/services/telemetry.ts:276:15)

  console.log
    [TELEMETRY] Flushed old metrics. Current buffer sizes: parsing=2263, documents=0

      at TelemetryCollector.flushMetrics (src/services/telemetry.ts:276:15)

  console.log
    [TELEMETRY] Flushed old metrics. Current buffer sizes: parsing=2264, documents=0

      at TelemetryCollector.flushMetrics (src/services/telemetry.ts:276:15)

  console.log
    [TELEMETRY] Flushed old metrics. Current buffer sizes: parsing=2265, documents=0

      at TelemetryCollector.flushMetrics (src/services/telemetry.ts:276:15)

  console.log
    [TELEMETRY] Flushed old metrics. Current buffer sizes: parsing=2266, documents=0

      at TelemetryCollector.flushMetrics (src/services/telemetry.ts:276:15)

  console.log
    [TELEMETRY] Flushed old metrics. Current buffer sizes: parsing=2267, documents=0

      at TelemetryCollector.flushMetrics (src/services/telemetry.ts:276:15)

  console.log
    [TELEMETRY] Flushed old metrics. Current buffer sizes: parsing=2268, documents=0

      at TelemetryCollector.flushMetrics (src/services/telemetry.ts:276:15)

  console.log
    [TELEMETRY] Flushed old metrics. Current buffer sizes: parsing=2269, documents=0

      at TelemetryCollector.flushMetrics (src/services/telemetry.ts:276:15)

  console.log
    [TELEMETRY] Flushed old metrics. Current buffer sizes: parsing=2270, documents=0

      at TelemetryCollector.flushMetrics (src/services/telemetry.ts:276:15)

  console.log
    [TELEMETRY] Flushed old metrics. Current buffer sizes: parsing=2271, documents=0

      at TelemetryCollector.flushMetrics (src/services/telemetry.ts:276:15)

  console.log
    [TELEMETRY] Flushed old metrics. Current buffer sizes: parsing=2272, documents=0

      at TelemetryCollector.flushMetrics (src/services/telemetry.ts:276:15)

  console.log
    [TELEMETRY] Flushed old metrics. Current buffer sizes: parsing=2273, documents=0

      at TelemetryCollector.flushMetrics (src/services/telemetry.ts:276:15)

  console.log
    [TELEMETRY] Flushed old metrics. Current buffer sizes: parsing=2274, documents=0

      at TelemetryCollector.flushMetrics (src/services/telemetry.ts:276:15)

  console.log
    [TELEMETRY] Flushed old metrics. Current buffer sizes: parsing=2275, documents=0

      at TelemetryCollector.flushMetrics (src/services/telemetry.ts:276:15)

  console.log
    [TELEMETRY] Flushed old metrics. Current buffer sizes: parsing=2276, documents=0

      at TelemetryCollector.flushMetrics (src/services/telemetry.ts:276:15)

  console.log
    [TELEMETRY] Flushed old metrics. Current buffer sizes: parsing=2277, documents=0

      at TelemetryCollector.flushMetrics (src/services/telemetry.ts:276:15)

  console.log
    [TELEMETRY] Flushed old metrics. Current buffer sizes: parsing=2278, documents=0

      at TelemetryCollector.flushMetrics (src/services/telemetry.ts:276:15)

  console.log
    [TELEMETRY] Flushed old metrics. Current buffer sizes: parsing=2279, documents=0

      at TelemetryCollector.flushMetrics (src/services/telemetry.ts:276:15)

  console.log
    [TELEMETRY] Flushed old metrics. Current buffer sizes: parsing=2280, documents=0

      at TelemetryCollector.flushMetrics (src/services/telemetry.ts:276:15)

  console.log
    [TELEMETRY] Flushed old metrics. Current buffer sizes: parsing=2281, documents=0

      at TelemetryCollector.flushMetrics (src/services/telemetry.ts:276:15)

  console.log
    [TELEMETRY] Flushed old metrics. Current buffer sizes: parsing=2282, documents=0

      at TelemetryCollector.flushMetrics (src/services/telemetry.ts:276:15)

  console.log
    [TELEMETRY] Flushed old metrics. Current buffer sizes: parsing=2283, documents=0

      at TelemetryCollector.flushMetrics (src/services/telemetry.ts:276:15)

  console.log
    [TELEMETRY] Flushed old metrics. Current buffer sizes: parsing=2284, documents=0

      at TelemetryCollector.flushMetrics (src/services/telemetry.ts:276:15)

  console.log
    [TELEMETRY] Flushed old metrics. Current buffer sizes: parsing=2285, documents=0

      at TelemetryCollector.flushMetrics (src/services/telemetry.ts:276:15)

  console.log
    [TELEMETRY] Flushed old metrics. Current buffer sizes: parsing=2286, documents=0

      at TelemetryCollector.flushMetrics (src/services/telemetry.ts:276:15)

  console.log
    [TELEMETRY] Flushed old metrics. Current buffer sizes: parsing=2287, documents=0

      at TelemetryCollector.flushMetrics (src/services/telemetry.ts:276:15)

  console.log
    [TELEMETRY] Flushed old metrics. Current buffer sizes: parsing=2288, documents=0

      at TelemetryCollector.flushMetrics (src/services/telemetry.ts:276:15)

  console.log
    [TELEMETRY] Flushed old metrics. Current buffer sizes: parsing=2289, documents=0

      at TelemetryCollector.flushMetrics (src/services/telemetry.ts:276:15)

  console.log
    [TELEMETRY] Flushed old metrics. Current buffer sizes: parsing=2290, documents=0

      at TelemetryCollector.flushMetrics (src/services/telemetry.ts:276:15)

  console.log
    [TELEMETRY] Flushed old metrics. Current buffer sizes: parsing=2291, documents=0

      at TelemetryCollector.flushMetrics (src/services/telemetry.ts:276:15)

  console.log
    [TELEMETRY] Flushed old metrics. Current buffer sizes: parsing=2292, documents=0

      at TelemetryCollector.flushMetrics (src/services/telemetry.ts:276:15)

  console.log
    [TELEMETRY] Flushed old metrics. Current buffer sizes: parsing=2293, documents=0

      at TelemetryCollector.flushMetrics (src/services/telemetry.ts:276:15)

  console.log
    [TELEMETRY] Flushed old metrics. Current buffer sizes: parsing=2294, documents=0

      at TelemetryCollector.flushMetrics (src/services/telemetry.ts:276:15)

  console.log
    [TELEMETRY] Flushed old metrics. Current buffer sizes: parsing=2295, documents=0

      at TelemetryCollector.flushMetrics (src/services/telemetry.ts:276:15)

  console.log
    [TELEMETRY] Flushed old metrics. Current buffer sizes: parsing=2296, documents=0

      at TelemetryCollector.flushMetrics (src/services/telemetry.ts:276:15)

  console.log
    [TELEMETRY] Flushed old metrics. Current buffer sizes: parsing=2297, documents=0

      at TelemetryCollector.flushMetrics (src/services/telemetry.ts:276:15)

  console.log
    [TELEMETRY] Flushed old metrics. Current buffer sizes: parsing=2298, documents=0

      at TelemetryCollector.flushMetrics (src/services/telemetry.ts:276:15)

  console.log
    [TELEMETRY] Flushed old metrics. Current buffer sizes: parsing=2299, documents=0

      at TelemetryCollector.flushMetrics (src/services/telemetry.ts:276:15)

  console.log
    [TELEMETRY] Flushed old metrics. Current buffer sizes: parsing=2300, documents=0

      at TelemetryCollector.flushMetrics (src/services/telemetry.ts:276:15)

  console.log
    [TELEMETRY] Flushed old metrics. Current buffer sizes: parsing=2301, documents=0

      at TelemetryCollector.flushMetrics (src/services/telemetry.ts:276:15)

  console.log
    [TELEMETRY] Flushed old metrics. Current buffer sizes: parsing=2302, documents=0

      at TelemetryCollector.flushMetrics (src/services/telemetry.ts:276:15)

  console.log
    [TELEMETRY] Flushed old metrics. Current buffer sizes: parsing=2303, documents=0

      at TelemetryCollector.flushMetrics (src/services/telemetry.ts:276:15)

  console.log
    [TELEMETRY] Flushed old metrics. Current buffer sizes: parsing=2304, documents=0

      at TelemetryCollector.flushMetrics (src/services/telemetry.ts:276:15)

  console.log
    [TELEMETRY] Flushed old metrics. Current buffer sizes: parsing=2305, documents=0

      at TelemetryCollector.flushMetrics (src/services/telemetry.ts:276:15)

  console.log
    [TELEMETRY] Flushed old metrics. Current buffer sizes: parsing=2306, documents=0

      at TelemetryCollector.flushMetrics (src/services/telemetry.ts:276:15)

  console.log
    [TELEMETRY] Flushed old metrics. Current buffer sizes: parsing=2307, documents=0

      at TelemetryCollector.flushMetrics (src/services/telemetry.ts:276:15)

  console.log
    [TELEMETRY] Flushed old metrics. Current buffer sizes: parsing=2308, documents=0

      at TelemetryCollector.flushMetrics (src/services/telemetry.ts:276:15)

  console.log
    [TELEMETRY] Flushed old metrics. Current buffer sizes: parsing=2309, documents=0

      at TelemetryCollector.flushMetrics (src/services/telemetry.ts:276:15)

  console.log
    [TELEMETRY] Flushed old metrics. Current buffer sizes: parsing=2310, documents=0

      at TelemetryCollector.flushMetrics (src/services/telemetry.ts:276:15)

  console.log
    [TELEMETRY] Flushed old metrics. Current buffer sizes: parsing=2311, documents=0

      at TelemetryCollector.flushMetrics (src/services/telemetry.ts:276:15)

  console.log
    [TELEMETRY] Flushed old metrics. Current buffer sizes: parsing=2312, documents=0

      at TelemetryCollector.flushMetrics (src/services/telemetry.ts:276:15)

  console.log
    [TELEMETRY] Flushed old metrics. Current buffer sizes: parsing=2313, documents=0

      at TelemetryCollector.flushMetrics (src/services/telemetry.ts:276:15)

  console.log
    [TELEMETRY] Flushed old metrics. Current buffer sizes: parsing=2314, documents=0

      at TelemetryCollector.flushMetrics (src/services/telemetry.ts:276:15)

  console.log
    [TELEMETRY] Flushed old metrics. Current buffer sizes: parsing=2315, documents=0

      at TelemetryCollector.flushMetrics (src/services/telemetry.ts:276:15)

  console.log
    [TELEMETRY] Flushed old metrics. Current buffer sizes: parsing=2316, documents=0

      at TelemetryCollector.flushMetrics (src/services/telemetry.ts:276:15)

  console.log
    [TELEMETRY] Flushed old metrics. Current buffer sizes: parsing=2317, documents=0

      at TelemetryCollector.flushMetrics (src/services/telemetry.ts:276:15)

  console.log
    [TELEMETRY] Flushed old metrics. Current buffer sizes: parsing=2318, documents=0

      at TelemetryCollector.flushMetrics (src/services/telemetry.ts:276:15)

  console.log
    [TELEMETRY] Flushed old metrics. Current buffer sizes: parsing=2319, documents=0

      at TelemetryCollector.flushMetrics (src/services/telemetry.ts:276:15)

  console.log
    [TELEMETRY] Flushed old metrics. Current buffer sizes: parsing=2320, documents=0

      at TelemetryCollector.flushMetrics (src/services/telemetry.ts:276:15)

  console.log
    [TELEMETRY] Flushed old metrics. Current buffer sizes: parsing=2321, documents=0

      at TelemetryCollector.flushMetrics (src/services/telemetry.ts:276:15)

  console.log
    [TELEMETRY] Flushed old metrics. Current buffer sizes: parsing=2322, documents=0

      at TelemetryCollector.flushMetrics (src/services/telemetry.ts:276:15)

  console.log
    [TELEMETRY] Flushed old metrics. Current buffer sizes: parsing=2323, documents=0

      at TelemetryCollector.flushMetrics (src/services/telemetry.ts:276:15)

  console.log
    [TELEMETRY] Flushed old metrics. Current buffer sizes: parsing=2324, documents=0

      at TelemetryCollector.flushMetrics (src/services/telemetry.ts:276:15)

  console.log
    [TELEMETRY] Flushed old metrics. Current buffer sizes: parsing=2325, documents=0

      at TelemetryCollector.flushMetrics (src/services/telemetry.ts:276:15)

  console.log
    [TELEMETRY] Flushed old metrics. Current buffer sizes: parsing=2326, documents=0

      at TelemetryCollector.flushMetrics (src/services/telemetry.ts:276:15)

  console.log
    [TELEMETRY] Flushed old metrics. Current buffer sizes: parsing=2327, documents=0

      at TelemetryCollector.flushMetrics (src/services/telemetry.ts:276:15)

  console.log
    [TELEMETRY] Flushed old metrics. Current buffer sizes: parsing=2328, documents=0

      at TelemetryCollector.flushMetrics (src/services/telemetry.ts:276:15)

  console.log
    [TELEMETRY] Flushed old metrics. Current buffer sizes: parsing=2329, documents=0

      at TelemetryCollector.flushMetrics (src/services/telemetry.ts:276:15)

  console.log
    [TELEMETRY] Flushed old metrics. Current buffer sizes: parsing=2330, documents=0

      at TelemetryCollector.flushMetrics (src/services/telemetry.ts:276:15)

  console.log
    [TELEMETRY] Flushed old metrics. Current buffer sizes: parsing=2331, documents=0

      at TelemetryCollector.flushMetrics (src/services/telemetry.ts:276:15)

  console.log
    [TELEMETRY] Flushed old metrics. Current buffer sizes: parsing=2332, documents=0

      at TelemetryCollector.flushMetrics (src/services/telemetry.ts:276:15)

  console.log
    [TELEMETRY] Flushed old metrics. Current buffer sizes: parsing=2333, documents=0

      at TelemetryCollector.flushMetrics (src/services/telemetry.ts:276:15)

  console.log
    [TELEMETRY] Flushed old metrics. Current buffer sizes: parsing=2334, documents=0

      at TelemetryCollector.flushMetrics (src/services/telemetry.ts:276:15)

  console.log
    [TELEMETRY] Flushed old metrics. Current buffer sizes: parsing=2335, documents=0

      at TelemetryCollector.flushMetrics (src/services/telemetry.ts:276:15)

  console.log
    [TELEMETRY] Flushed old metrics. Current buffer sizes: parsing=2336, documents=0

      at TelemetryCollector.flushMetrics (src/services/telemetry.ts:276:15)

  console.log
    [TELEMETRY] Flushed old metrics. Current buffer sizes: parsing=2337, documents=0

      at TelemetryCollector.flushMetrics (src/services/telemetry.ts:276:15)

  console.log
    [TELEMETRY] Flushed old metrics. Current buffer sizes: parsing=2338, documents=0

      at TelemetryCollector.flushMetrics (src/services/telemetry.ts:276:15)

  console.log
    [TELEMETRY] Flushed old metrics. Current buffer sizes: parsing=2339, documents=0

      at TelemetryCollector.flushMetrics (src/services/telemetry.ts:276:15)

  console.log
    [TELEMETRY] Flushed old metrics. Current buffer sizes: parsing=2340, documents=0

      at TelemetryCollector.flushMetrics (src/services/telemetry.ts:276:15)

  console.log
    [TELEMETRY] Flushed old metrics. Current buffer sizes: parsing=2341, documents=0

      at TelemetryCollector.flushMetrics (src/services/telemetry.ts:276:15)

  console.log
    [TELEMETRY] Flushed old metrics. Current buffer sizes: parsing=2342, documents=0

      at TelemetryCollector.flushMetrics (src/services/telemetry.ts:276:15)

  console.log
    [TELEMETRY] Flushed old metrics. Current buffer sizes: parsing=2343, documents=0

      at TelemetryCollector.flushMetrics (src/services/telemetry.ts:276:15)

  console.log
    [TELEMETRY] Flushed old metrics. Current buffer sizes: parsing=2344, documents=0

      at TelemetryCollector.flushMetrics (src/services/telemetry.ts:276:15)

  console.log
    [TELEMETRY] Flushed old metrics. Current buffer sizes: parsing=2345, documents=0

      at TelemetryCollector.flushMetrics (src/services/telemetry.ts:276:15)

  console.log
    [TELEMETRY] Flushed old metrics. Current buffer sizes: parsing=2346, documents=0

      at TelemetryCollector.flushMetrics (src/services/telemetry.ts:276:15)

  console.log
    [TELEMETRY] Flushed old metrics. Current buffer sizes: parsing=2347, documents=0

      at TelemetryCollector.flushMetrics (src/services/telemetry.ts:276:15)

  console.log
    [TELEMETRY] Flushed old metrics. Current buffer sizes: parsing=2348, documents=0

      at TelemetryCollector.flushMetrics (src/services/telemetry.ts:276:15)

  console.log
    [TELEMETRY] Flushed old metrics. Current buffer sizes: parsing=2349, documents=0

      at TelemetryCollector.flushMetrics (src/services/telemetry.ts:276:15)

  console.log
    [TELEMETRY] Flushed old metrics. Current buffer sizes: parsing=2350, documents=0

      at TelemetryCollector.flushMetrics (src/services/telemetry.ts:276:15)

  console.log
    [TELEMETRY] Flushed old metrics. Current buffer sizes: parsing=2351, documents=0

      at TelemetryCollector.flushMetrics (src/services/telemetry.ts:276:15)

  console.log
    [TELEMETRY] Flushed old metrics. Current buffer sizes: parsing=2352, documents=0

      at TelemetryCollector.flushMetrics (src/services/telemetry.ts:276:15)

  console.log
    [TELEMETRY] Flushed old metrics. Current buffer sizes: parsing=2353, documents=0

      at TelemetryCollector.flushMetrics (src/services/telemetry.ts:276:15)

  console.log
    [TELEMETRY] Flushed old metrics. Current buffer sizes: parsing=2354, documents=0

      at TelemetryCollector.flushMetrics (src/services/telemetry.ts:276:15)

  console.log
    [TELEMETRY] Flushed old metrics. Current buffer sizes: parsing=2355, documents=0

      at TelemetryCollector.flushMetrics (src/services/telemetry.ts:276:15)

  console.log
    [TELEMETRY] Flushed old metrics. Current buffer sizes: parsing=2356, documents=0

      at TelemetryCollector.flushMetrics (src/services/telemetry.ts:276:15)

  console.log
    [TELEMETRY] Flushed old metrics. Current buffer sizes: parsing=2357, documents=0

      at TelemetryCollector.flushMetrics (src/services/telemetry.ts:276:15)

  console.log
    [TELEMETRY] Flushed old metrics. Current buffer sizes: parsing=2358, documents=0

      at TelemetryCollector.flushMetrics (src/services/telemetry.ts:276:15)

  console.log
    [TELEMETRY] Flushed old metrics. Current buffer sizes: parsing=2359, documents=0

      at TelemetryCollector.flushMetrics (src/services/telemetry.ts:276:15)

  console.log
    [TELEMETRY] Flushed old metrics. Current buffer sizes: parsing=2360, documents=0

      at TelemetryCollector.flushMetrics (src/services/telemetry.ts:276:15)

  console.log
    [TELEMETRY] Flushed old metrics. Current buffer sizes: parsing=2361, documents=0

      at TelemetryCollector.flushMetrics (src/services/telemetry.ts:276:15)

  console.log
    [TELEMETRY] Flushed old metrics. Current buffer sizes: parsing=2362, documents=0

      at TelemetryCollector.flushMetrics (src/services/telemetry.ts:276:15)

  console.log
    [TELEMETRY] Flushed old metrics. Current buffer sizes: parsing=2363, documents=0

      at TelemetryCollector.flushMetrics (src/services/telemetry.ts:276:15)

  console.log
    [TELEMETRY] Flushed old metrics. Current buffer sizes: parsing=2364, documents=0

      at TelemetryCollector.flushMetrics (src/services/telemetry.ts:276:15)

  console.log
    [TELEMETRY] Flushed old metrics. Current buffer sizes: parsing=2365, documents=0

      at TelemetryCollector.flushMetrics (src/services/telemetry.ts:276:15)

  console.log
    [TELEMETRY] Flushed old metrics. Current buffer sizes: parsing=2366, documents=0

      at TelemetryCollector.flushMetrics (src/services/telemetry.ts:276:15)

  console.log
    [TELEMETRY] Flushed old metrics. Current buffer sizes: parsing=2367, documents=0

      at TelemetryCollector.flushMetrics (src/services/telemetry.ts:276:15)

  console.log
    [TELEMETRY] Flushed old metrics. Current buffer sizes: parsing=2368, documents=0

      at TelemetryCollector.flushMetrics (src/services/telemetry.ts:276:15)

  console.log
    [TELEMETRY] Flushed old metrics. Current buffer sizes: parsing=2369, documents=0

      at TelemetryCollector.flushMetrics (src/services/telemetry.ts:276:15)

  console.log
    [TELEMETRY] Flushed old metrics. Current buffer sizes: parsing=2370, documents=0

      at TelemetryCollector.flushMetrics (src/services/telemetry.ts:276:15)

  console.log
    [TELEMETRY] Flushed old metrics. Current buffer sizes: parsing=2371, documents=0

      at TelemetryCollector.flushMetrics (src/services/telemetry.ts:276:15)

  console.log
    [TELEMETRY] Flushed old metrics. Current buffer sizes: parsing=2372, documents=0

      at TelemetryCollector.flushMetrics (src/services/telemetry.ts:276:15)

  console.log
    [TELEMETRY] Flushed old metrics. Current buffer sizes: parsing=2373, documents=0

      at TelemetryCollector.flushMetrics (src/services/telemetry.ts:276:15)

  console.log
    [TELEMETRY] Flushed old metrics. Current buffer sizes: parsing=2374, documents=0

      at TelemetryCollector.flushMetrics (src/services/telemetry.ts:276:15)

  console.log
    [TELEMETRY] Flushed old metrics. Current buffer sizes: parsing=2375, documents=0

      at TelemetryCollector.flushMetrics (src/services/telemetry.ts:276:15)

  console.log
    [TELEMETRY] Flushed old metrics. Current buffer sizes: parsing=2376, documents=0

      at TelemetryCollector.flushMetrics (src/services/telemetry.ts:276:15)

  console.log
    [TELEMETRY] Flushed old metrics. Current buffer sizes: parsing=2377, documents=0

      at TelemetryCollector.flushMetrics (src/services/telemetry.ts:276:15)

  console.log
    [TELEMETRY] Flushed old metrics. Current buffer sizes: parsing=2378, documents=0

      at TelemetryCollector.flushMetrics (src/services/telemetry.ts:276:15)

  console.log
    [TELEMETRY] Flushed old metrics. Current buffer sizes: parsing=2379, documents=0

      at TelemetryCollector.flushMetrics (src/services/telemetry.ts:276:15)

  console.log
    [TELEMETRY] Flushed old metrics. Current buffer sizes: parsing=2380, documents=0

      at TelemetryCollector.flushMetrics (src/services/telemetry.ts:276:15)

  console.log
    [TELEMETRY] Flushed old metrics. Current buffer sizes: parsing=2381, documents=0

      at TelemetryCollector.flushMetrics (src/services/telemetry.ts:276:15)

  console.log
    [TELEMETRY] Flushed old metrics. Current buffer sizes: parsing=2382, documents=0

      at TelemetryCollector.flushMetrics (src/services/telemetry.ts:276:15)

  console.log
    [TELEMETRY] Flushed old metrics. Current buffer sizes: parsing=2383, documents=0

      at TelemetryCollector.flushMetrics (src/services/telemetry.ts:276:15)

  console.log
    [TELEMETRY] Flushed old metrics. Current buffer sizes: parsing=2384, documents=0

      at TelemetryCollector.flushMetrics (src/services/telemetry.ts:276:15)

  console.log
    [TELEMETRY] Flushed old metrics. Current buffer sizes: parsing=2385, documents=0

      at TelemetryCollector.flushMetrics (src/services/telemetry.ts:276:15)

  console.log
    [TELEMETRY] Flushed old metrics. Current buffer sizes: parsing=2386, documents=0

      at TelemetryCollector.flushMetrics (src/services/telemetry.ts:276:15)

  console.log
    [TELEMETRY] Flushed old metrics. Current buffer sizes: parsing=2387, documents=0

      at TelemetryCollector.flushMetrics (src/services/telemetry.ts:276:15)

  console.log
    [TELEMETRY] Flushed old metrics. Current buffer sizes: parsing=2388, documents=0

      at TelemetryCollector.flushMetrics (src/services/telemetry.ts:276:15)

  console.log
    [TELEMETRY] Flushed old metrics. Current buffer sizes: parsing=2389, documents=0

      at TelemetryCollector.flushMetrics (src/services/telemetry.ts:276:15)

  console.log
    [TELEMETRY] Flushed old metrics. Current buffer sizes: parsing=2390, documents=0

      at TelemetryCollector.flushMetrics (src/services/telemetry.ts:276:15)

  console.log
    [TELEMETRY] Flushed old metrics. Current buffer sizes: parsing=2391, documents=0

      at TelemetryCollector.flushMetrics (src/services/telemetry.ts:276:15)

  console.log
    [TELEMETRY] Flushed old metrics. Current buffer sizes: parsing=2392, documents=0

      at TelemetryCollector.flushMetrics (src/services/telemetry.ts:276:15)

  console.log
    [TELEMETRY] Flushed old metrics. Current buffer sizes: parsing=2393, documents=0

      at TelemetryCollector.flushMetrics (src/services/telemetry.ts:276:15)

  console.log
    [TELEMETRY] Flushed old metrics. Current buffer sizes: parsing=2394, documents=0

      at TelemetryCollector.flushMetrics (src/services/telemetry.ts:276:15)

  console.log
    [TELEMETRY] Flushed old metrics. Current buffer sizes: parsing=2395, documents=0

      at TelemetryCollector.flushMetrics (src/services/telemetry.ts:276:15)

  console.log
    [TELEMETRY] Flushed old metrics. Current buffer sizes: parsing=2396, documents=0

      at TelemetryCollector.flushMetrics (src/services/telemetry.ts:276:15)

  console.log
    [TELEMETRY] Flushed old metrics. Current buffer sizes: parsing=2397, documents=0

      at TelemetryCollector.flushMetrics (src/services/telemetry.ts:276:15)

  console.log
    [TELEMETRY] Flushed old metrics. Current buffer sizes: parsing=2398, documents=0

      at TelemetryCollector.flushMetrics (src/services/telemetry.ts:276:15)

  console.log
    [TELEMETRY] Flushed old metrics. Current buffer sizes: parsing=2399, documents=0

      at TelemetryCollector.flushMetrics (src/services/telemetry.ts:276:15)

  console.log
    [TELEMETRY] Flushed old metrics. Current buffer sizes: parsing=2400, documents=0

      at TelemetryCollector.flushMetrics (src/services/telemetry.ts:276:15)

  console.log
    [TELEMETRY] Flushed old metrics. Current buffer sizes: parsing=2401, documents=0

      at TelemetryCollector.flushMetrics (src/services/telemetry.ts:276:15)

  console.log
    [TELEMETRY] Flushed old metrics. Current buffer sizes: parsing=2402, documents=0

      at TelemetryCollector.flushMetrics (src/services/telemetry.ts:276:15)

  console.log
    [TELEMETRY] Flushed old metrics. Current buffer sizes: parsing=2403, documents=0

      at TelemetryCollector.flushMetrics (src/services/telemetry.ts:276:15)

  console.log
    [TELEMETRY] Flushed old metrics. Current buffer sizes: parsing=2404, documents=0

      at TelemetryCollector.flushMetrics (src/services/telemetry.ts:276:15)

  console.log
    [TELEMETRY] Flushed old metrics. Current buffer sizes: parsing=2405, documents=0

      at TelemetryCollector.flushMetrics (src/services/telemetry.ts:276:15)

  console.log
    [TELEMETRY] Flushed old metrics. Current buffer sizes: parsing=2406, documents=0

      at TelemetryCollector.flushMetrics (src/services/telemetry.ts:276:15)

  console.log
    [TELEMETRY] Flushed old metrics. Current buffer sizes: parsing=2407, documents=0

      at TelemetryCollector.flushMetrics (src/services/telemetry.ts:276:15)

  console.log
    [TELEMETRY] Flushed old metrics. Current buffer sizes: parsing=2408, documents=0

      at TelemetryCollector.flushMetrics (src/services/telemetry.ts:276:15)

  console.log
    [TELEMETRY] Flushed old metrics. Current buffer sizes: parsing=2409, documents=0

      at TelemetryCollector.flushMetrics (src/services/telemetry.ts:276:15)

  console.log
    [TELEMETRY] Flushed old metrics. Current buffer sizes: parsing=2410, documents=0

      at TelemetryCollector.flushMetrics (src/services/telemetry.ts:276:15)

  console.log
    [TELEMETRY] Flushed old metrics. Current buffer sizes: parsing=2411, documents=0

      at TelemetryCollector.flushMetrics (src/services/telemetry.ts:276:15)

  console.log
    [TELEMETRY] Flushed old metrics. Current buffer sizes: parsing=2412, documents=0

      at TelemetryCollector.flushMetrics (src/services/telemetry.ts:276:15)

  console.log
    [TELEMETRY] Flushed old metrics. Current buffer sizes: parsing=2413, documents=0

      at TelemetryCollector.flushMetrics (src/services/telemetry.ts:276:15)

  console.log
    [TELEMETRY] Flushed old metrics. Current buffer sizes: parsing=2414, documents=0

      at TelemetryCollector.flushMetrics (src/services/telemetry.ts:276:15)

  console.log
    [TELEMETRY] Flushed old metrics. Current buffer sizes: parsing=2415, documents=0

      at TelemetryCollector.flushMetrics (src/services/telemetry.ts:276:15)

  console.log
    [TELEMETRY] Flushed old metrics. Current buffer sizes: parsing=2416, documents=0

      at TelemetryCollector.flushMetrics (src/services/telemetry.ts:276:15)

  console.log
    [TELEMETRY] Flushed old metrics. Current buffer sizes: parsing=2417, documents=0

      at TelemetryCollector.flushMetrics (src/services/telemetry.ts:276:15)

  console.log
    [TELEMETRY] Flushed old metrics. Current buffer sizes: parsing=2418, documents=0

      at TelemetryCollector.flushMetrics (src/services/telemetry.ts:276:15)

  console.log
    [TELEMETRY] Flushed old metrics. Current buffer sizes: parsing=2419, documents=0

      at TelemetryCollector.flushMetrics (src/services/telemetry.ts:276:15)

  console.log
    [TELEMETRY] Flushed old metrics. Current buffer sizes: parsing=2420, documents=0

      at TelemetryCollector.flushMetrics (src/services/telemetry.ts:276:15)

  console.log
    [TELEMETRY] Flushed old metrics. Current buffer sizes: parsing=2421, documents=0

      at TelemetryCollector.flushMetrics (src/services/telemetry.ts:276:15)

  console.log
    [TELEMETRY] Flushed old metrics. Current buffer sizes: parsing=2422, documents=0

      at TelemetryCollector.flushMetrics (src/services/telemetry.ts:276:15)

  console.log
    [TELEMETRY] Flushed old metrics. Current buffer sizes: parsing=2423, documents=0

      at TelemetryCollector.flushMetrics (src/services/telemetry.ts:276:15)

  console.log
    [TELEMETRY] Flushed old metrics. Current buffer sizes: parsing=2424, documents=0

      at TelemetryCollector.flushMetrics (src/services/telemetry.ts:276:15)

  console.log
    [TELEMETRY] Flushed old metrics. Current buffer sizes: parsing=2425, documents=0

      at TelemetryCollector.flushMetrics (src/services/telemetry.ts:276:15)

  console.log
    [TELEMETRY] Flushed old metrics. Current buffer sizes: parsing=2426, documents=0

      at TelemetryCollector.flushMetrics (src/services/telemetry.ts:276:15)

  console.log
    [TELEMETRY] Flushed old metrics. Current buffer sizes: parsing=2427, documents=0

      at TelemetryCollector.flushMetrics (src/services/telemetry.ts:276:15)

  console.log
    [TELEMETRY] Flushed old metrics. Current buffer sizes: parsing=2428, documents=0

      at TelemetryCollector.flushMetrics (src/services/telemetry.ts:276:15)

  console.log
    [TELEMETRY] Flushed old metrics. Current buffer sizes: parsing=2429, documents=0

      at TelemetryCollector.flushMetrics (src/services/telemetry.ts:276:15)

  console.log
    [TELEMETRY] Flushed old metrics. Current buffer sizes: parsing=2430, documents=0

      at TelemetryCollector.flushMetrics (src/services/telemetry.ts:276:15)

  console.log
    [TELEMETRY] Flushed old metrics. Current buffer sizes: parsing=2431, documents=0

      at TelemetryCollector.flushMetrics (src/services/telemetry.ts:276:15)

  console.log
    [TELEMETRY] Flushed old metrics. Current buffer sizes: parsing=2432, documents=0

      at TelemetryCollector.flushMetrics (src/services/telemetry.ts:276:15)

  console.log
    [TELEMETRY] Flushed old metrics. Current buffer sizes: parsing=2433, documents=0

      at TelemetryCollector.flushMetrics (src/services/telemetry.ts:276:15)

  console.log
    [TELEMETRY] Flushed old metrics. Current buffer sizes: parsing=2434, documents=0

      at TelemetryCollector.flushMetrics (src/services/telemetry.ts:276:15)

  console.log
    [TELEMETRY] Flushed old metrics. Current buffer sizes: parsing=2435, documents=0

      at TelemetryCollector.flushMetrics (src/services/telemetry.ts:276:15)

  console.log
    [TELEMETRY] Flushed old metrics. Current buffer sizes: parsing=2436, documents=0

      at TelemetryCollector.flushMetrics (src/services/telemetry.ts:276:15)

  console.log
    [TELEMETRY] Flushed old metrics. Current buffer sizes: parsing=2437, documents=0

      at TelemetryCollector.flushMetrics (src/services/telemetry.ts:276:15)

  console.log
    [TELEMETRY] Flushed old metrics. Current buffer sizes: parsing=2438, documents=0

      at TelemetryCollector.flushMetrics (src/services/telemetry.ts:276:15)

  console.log
    [TELEMETRY] Flushed old metrics. Current buffer sizes: parsing=2439, documents=0

      at TelemetryCollector.flushMetrics (src/services/telemetry.ts:276:15)

  console.log
    [TELEMETRY] Flushed old metrics. Current buffer sizes: parsing=2440, documents=0

      at TelemetryCollector.flushMetrics (src/services/telemetry.ts:276:15)

  console.log
    [TELEMETRY] Flushed old metrics. Current buffer sizes: parsing=2441, documents=0

      at TelemetryCollector.flushMetrics (src/services/telemetry.ts:276:15)

  console.log
    [TELEMETRY] Flushed old metrics. Current buffer sizes: parsing=2442, documents=0

      at TelemetryCollector.flushMetrics (src/services/telemetry.ts:276:15)

  console.log
    [TELEMETRY] Flushed old metrics. Current buffer sizes: parsing=2443, documents=0

      at TelemetryCollector.flushMetrics (src/services/telemetry.ts:276:15)

  console.log
    [TELEMETRY] Flushed old metrics. Current buffer sizes: parsing=2444, documents=0

      at TelemetryCollector.flushMetrics (src/services/telemetry.ts:276:15)

  console.log
    [TELEMETRY] Flushed old metrics. Current buffer sizes: parsing=2445, documents=0

      at TelemetryCollector.flushMetrics (src/services/telemetry.ts:276:15)

  console.log
    [TELEMETRY] Flushed old metrics. Current buffer sizes: parsing=2446, documents=0

      at TelemetryCollector.flushMetrics (src/services/telemetry.ts:276:15)

  console.log
    [TELEMETRY] Flushed old metrics. Current buffer sizes: parsing=2447, documents=0

      at TelemetryCollector.flushMetrics (src/services/telemetry.ts:276:15)

  console.log
    [TELEMETRY] Flushed old metrics. Current buffer sizes: parsing=2448, documents=0

      at TelemetryCollector.flushMetrics (src/services/telemetry.ts:276:15)

  console.log
    [TELEMETRY] Flushed old metrics. Current buffer sizes: parsing=2449, documents=0

      at TelemetryCollector.flushMetrics (src/services/telemetry.ts:276:15)

  console.log
    [TELEMETRY] Flushed old metrics. Current buffer sizes: parsing=2450, documents=0

      at TelemetryCollector.flushMetrics (src/services/telemetry.ts:276:15)

  console.log
    [TELEMETRY] Flushed old metrics. Current buffer sizes: parsing=2451, documents=0

      at TelemetryCollector.flushMetrics (src/services/telemetry.ts:276:15)

  console.log
    [TELEMETRY] Flushed old metrics. Current buffer sizes: parsing=2452, documents=0

      at TelemetryCollector.flushMetrics (src/services/telemetry.ts:276:15)

  console.log
    [TELEMETRY] Flushed old metrics. Current buffer sizes: parsing=2453, documents=0

      at TelemetryCollector.flushMetrics (src/services/telemetry.ts:276:15)

  console.log
    [TELEMETRY] Flushed old metrics. Current buffer sizes: parsing=2454, documents=0

      at TelemetryCollector.flushMetrics (src/services/telemetry.ts:276:15)

  console.log
    [TELEMETRY] Flushed old metrics. Current buffer sizes: parsing=2455, documents=0

      at TelemetryCollector.flushMetrics (src/services/telemetry.ts:276:15)

  console.log
    [TELEMETRY] Flushed old metrics. Current buffer sizes: parsing=2456, documents=0

      at TelemetryCollector.flushMetrics (src/services/telemetry.ts:276:15)

  console.log
    [TELEMETRY] Flushed old metrics. Current buffer sizes: parsing=2457, documents=0

      at TelemetryCollector.flushMetrics (src/services/telemetry.ts:276:15)

  console.log
    [TELEMETRY] Flushed old metrics. Current buffer sizes: parsing=2458, documents=0

      at TelemetryCollector.flushMetrics (src/services/telemetry.ts:276:15)

  console.log
    [TELEMETRY] Flushed old metrics. Current buffer sizes: parsing=2459, documents=0

      at TelemetryCollector.flushMetrics (src/services/telemetry.ts:276:15)

  console.log
    [TELEMETRY] Flushed old metrics. Current buffer sizes: parsing=2460, documents=0

      at TelemetryCollector.flushMetrics (src/services/telemetry.ts:276:15)

  console.log
    [TELEMETRY] Flushed old metrics. Current buffer sizes: parsing=2461, documents=0

      at TelemetryCollector.flushMetrics (src/services/telemetry.ts:276:15)

  console.log
    [TELEMETRY] Flushed old metrics. Current buffer sizes: parsing=2462, documents=0

      at TelemetryCollector.flushMetrics (src/services/telemetry.ts:276:15)

  console.log
    [TELEMETRY] Flushed old metrics. Current buffer sizes: parsing=2463, documents=0

      at TelemetryCollector.flushMetrics (src/services/telemetry.ts:276:15)

  console.log
    [TELEMETRY] Flushed old metrics. Current buffer sizes: parsing=2464, documents=0

      at TelemetryCollector.flushMetrics (src/services/telemetry.ts:276:15)

  console.log
    [TELEMETRY] Flushed old metrics. Current buffer sizes: parsing=2465, documents=0

      at TelemetryCollector.flushMetrics (src/services/telemetry.ts:276:15)

  console.log
    [TELEMETRY] Flushed old metrics. Current buffer sizes: parsing=2466, documents=0

      at TelemetryCollector.flushMetrics (src/services/telemetry.ts:276:15)

  console.log
    [TELEMETRY] Flushed old metrics. Current buffer sizes: parsing=2467, documents=0

      at TelemetryCollector.flushMetrics (src/services/telemetry.ts:276:15)

  console.log
    [TELEMETRY] Flushed old metrics. Current buffer sizes: parsing=2468, documents=0

      at TelemetryCollector.flushMetrics (src/services/telemetry.ts:276:15)

  console.log
    [TELEMETRY] Flushed old metrics. Current buffer sizes: parsing=2469, documents=0

      at TelemetryCollector.flushMetrics (src/services/telemetry.ts:276:15)

  console.log
    [TELEMETRY] Flushed old metrics. Current buffer sizes: parsing=2470, documents=0

      at TelemetryCollector.flushMetrics (src/services/telemetry.ts:276:15)

  console.log
    [TELEMETRY] Flushed old metrics. Current buffer sizes: parsing=2471, documents=0

      at TelemetryCollector.flushMetrics (src/services/telemetry.ts:276:15)

  console.log
    [TELEMETRY] Flushed old metrics. Current buffer sizes: parsing=2472, documents=0

      at TelemetryCollector.flushMetrics (src/services/telemetry.ts:276:15)

  console.log
    [TELEMETRY] Flushed old metrics. Current buffer sizes: parsing=2473, documents=0

      at TelemetryCollector.flushMetrics (src/services/telemetry.ts:276:15)

  console.log
    [TELEMETRY] Flushed old metrics. Current buffer sizes: parsing=2474, documents=0

      at TelemetryCollector.flushMetrics (src/services/telemetry.ts:276:15)

  console.log
    [TELEMETRY] Flushed old metrics. Current buffer sizes: parsing=2475, documents=0

      at TelemetryCollector.flushMetrics (src/services/telemetry.ts:276:15)

  console.log
    [TELEMETRY] Flushed old metrics. Current buffer sizes: parsing=2476, documents=0

      at TelemetryCollector.flushMetrics (src/services/telemetry.ts:276:15)

  console.log
    [TELEMETRY] Flushed old metrics. Current buffer sizes: parsing=2477, documents=0

      at TelemetryCollector.flushMetrics (src/services/telemetry.ts:276:15)

  console.log
    [TELEMETRY] Flushed old metrics. Current buffer sizes: parsing=2478, documents=0

      at TelemetryCollector.flushMetrics (src/services/telemetry.ts:276:15)

  console.log
    [TELEMETRY] Flushed old metrics. Current buffer sizes: parsing=2479, documents=0

      at TelemetryCollector.flushMetrics (src/services/telemetry.ts:276:15)

  console.log
    [TELEMETRY] Flushed old metrics. Current buffer sizes: parsing=2480, documents=0

      at TelemetryCollector.flushMetrics (src/services/telemetry.ts:276:15)

  console.log
    [TELEMETRY] Flushed old metrics. Current buffer sizes: parsing=2481, documents=0

      at TelemetryCollector.flushMetrics (src/services/telemetry.ts:276:15)

  console.log
    [TELEMETRY] Flushed old metrics. Current buffer sizes: parsing=2482, documents=0

      at TelemetryCollector.flushMetrics (src/services/telemetry.ts:276:15)

  console.log
    [TELEMETRY] Flushed old metrics. Current buffer sizes: parsing=2483, documents=0

      at TelemetryCollector.flushMetrics (src/services/telemetry.ts:276:15)

  console.log
    [TELEMETRY] Flushed old metrics. Current buffer sizes: parsing=2484, documents=0

      at TelemetryCollector.flushMetrics (src/services/telemetry.ts:276:15)

  console.log
    [TELEMETRY] Flushed old metrics. Current buffer sizes: parsing=2485, documents=0

      at TelemetryCollector.flushMetrics (src/services/telemetry.ts:276:15)

  console.log
    [TELEMETRY] Flushed old metrics. Current buffer sizes: parsing=2486, documents=0

      at TelemetryCollector.flushMetrics (src/services/telemetry.ts:276:15)

  console.log
    [TELEMETRY] Flushed old metrics. Current buffer sizes: parsing=2487, documents=0

      at TelemetryCollector.flushMetrics (src/services/telemetry.ts:276:15)

  console.log
    [TELEMETRY] Flushed old metrics. Current buffer sizes: parsing=2488, documents=0

      at TelemetryCollector.flushMetrics (src/services/telemetry.ts:276:15)

  console.log
    [TELEMETRY] Flushed old metrics. Current buffer sizes: parsing=2489, documents=0

      at TelemetryCollector.flushMetrics (src/services/telemetry.ts:276:15)

  console.log
    [TELEMETRY] Flushed old metrics. Current buffer sizes: parsing=2490, documents=0

      at TelemetryCollector.flushMetrics (src/services/telemetry.ts:276:15)

  console.log
    [TELEMETRY] Flushed old metrics. Current buffer sizes: parsing=2491, documents=0

      at TelemetryCollector.flushMetrics (src/services/telemetry.ts:276:15)

  console.log
    [TELEMETRY] Flushed old metrics. Current buffer sizes: parsing=2492, documents=0

      at TelemetryCollector.flushMetrics (src/services/telemetry.ts:276:15)

  console.log
    [TELEMETRY] Flushed old metrics. Current buffer sizes: parsing=2493, documents=0

      at TelemetryCollector.flushMetrics (src/services/telemetry.ts:276:15)

  console.log
    [TELEMETRY] Flushed old metrics. Current buffer sizes: parsing=2494, documents=0

      at TelemetryCollector.flushMetrics (src/services/telemetry.ts:276:15)

  console.log
    [TELEMETRY] Flushed old metrics. Current buffer sizes: parsing=2495, documents=0

      at TelemetryCollector.flushMetrics (src/services/telemetry.ts:276:15)

  console.log
    [TELEMETRY] Flushed old metrics. Current buffer sizes: parsing=2496, documents=0

      at TelemetryCollector.flushMetrics (src/services/telemetry.ts:276:15)

  console.log
    [TELEMETRY] Flushed old metrics. Current buffer sizes: parsing=2497, documents=0

      at TelemetryCollector.flushMetrics (src/services/telemetry.ts:276:15)

  console.log
    [TELEMETRY] Flushed old metrics. Current buffer sizes: parsing=2498, documents=0

      at TelemetryCollector.flushMetrics (src/services/telemetry.ts:276:15)

  console.log
    [TELEMETRY] Flushed old metrics. Current buffer sizes: parsing=2499, documents=0

      at TelemetryCollector.flushMetrics (src/services/telemetry.ts:276:15)

  console.log
    [TELEMETRY] Flushed old metrics. Current buffer sizes: parsing=2500, documents=0

      at TelemetryCollector.flushMetrics (src/services/telemetry.ts:276:15)

  console.log
    [TELEMETRY] Flushed old metrics. Current buffer sizes: parsing=2501, documents=0

      at TelemetryCollector.flushMetrics (src/services/telemetry.ts:276:15)

  console.log
    [TELEMETRY] Flushed old metrics. Current buffer sizes: parsing=2502, documents=0

      at TelemetryCollector.flushMetrics (src/services/telemetry.ts:276:15)

  console.log
    [TELEMETRY] Flushed old metrics. Current buffer sizes: parsing=2503, documents=0

      at TelemetryCollector.flushMetrics (src/services/telemetry.ts:276:15)

  console.log
    [TELEMETRY] Flushed old metrics. Current buffer sizes: parsing=2504, documents=0

      at TelemetryCollector.flushMetrics (src/services/telemetry.ts:276:15)

  console.log
    [TELEMETRY] Flushed old metrics. Current buffer sizes: parsing=2505, documents=0

      at TelemetryCollector.flushMetrics (src/services/telemetry.ts:276:15)

  console.log
    [TELEMETRY] Flushed old metrics. Current buffer sizes: parsing=2506, documents=0

      at TelemetryCollector.flushMetrics (src/services/telemetry.ts:276:15)

  console.log
    [TELEMETRY] Flushed old metrics. Current buffer sizes: parsing=2507, documents=0

      at TelemetryCollector.flushMetrics (src/services/telemetry.ts:276:15)

  console.log
    [TELEMETRY] Flushed old metrics. Current buffer sizes: parsing=2508, documents=0

      at TelemetryCollector.flushMetrics (src/services/telemetry.ts:276:15)

  console.log
    [TELEMETRY] Flushed old metrics. Current buffer sizes: parsing=2509, documents=0

      at TelemetryCollector.flushMetrics (src/services/telemetry.ts:276:15)

  console.log
    [TELEMETRY] Flushed old metrics. Current buffer sizes: parsing=2510, documents=0

      at TelemetryCollector.flushMetrics (src/services/telemetry.ts:276:15)

  console.log
    [TELEMETRY] Flushed old metrics. Current buffer sizes: parsing=2511, documents=0

      at TelemetryCollector.flushMetrics (src/services/telemetry.ts:276:15)

  console.log
    [TELEMETRY] Flushed old metrics. Current buffer sizes: parsing=2512, documents=0

      at TelemetryCollector.flushMetrics (src/services/telemetry.ts:276:15)

  console.log
    [TELEMETRY] Flushed old metrics. Current buffer sizes: parsing=2513, documents=0

      at TelemetryCollector.flushMetrics (src/services/telemetry.ts:276:15)

  console.log
    [TELEMETRY] Flushed old metrics. Current buffer sizes: parsing=2514, documents=0

      at TelemetryCollector.flushMetrics (src/services/telemetry.ts:276:15)

  console.log
    [TELEMETRY] Flushed old metrics. Current buffer sizes: parsing=2515, documents=0

      at TelemetryCollector.flushMetrics (src/services/telemetry.ts:276:15)

  console.log
    [TELEMETRY] Flushed old metrics. Current buffer sizes: parsing=2516, documents=0

      at TelemetryCollector.flushMetrics (src/services/telemetry.ts:276:15)

  console.log
    [TELEMETRY] Flushed old metrics. Current buffer sizes: parsing=2517, documents=0

      at TelemetryCollector.flushMetrics (src/services/telemetry.ts:276:15)

  console.log
    [TELEMETRY] Flushed old metrics. Current buffer sizes: parsing=2518, documents=0

      at TelemetryCollector.flushMetrics (src/services/telemetry.ts:276:15)

  console.log
    [TELEMETRY] Flushed old metrics. Current buffer sizes: parsing=2519, documents=0

      at TelemetryCollector.flushMetrics (src/services/telemetry.ts:276:15)

  console.log
    [TELEMETRY] Flushed old metrics. Current buffer sizes: parsing=2520, documents=0

      at TelemetryCollector.flushMetrics (src/services/telemetry.ts:276:15)

  console.log
    [TELEMETRY] Flushed old metrics. Current buffer sizes: parsing=2521, documents=0

      at TelemetryCollector.flushMetrics (src/services/telemetry.ts:276:15)

  console.log
    [TELEMETRY] Flushed old metrics. Current buffer sizes: parsing=2522, documents=0

      at TelemetryCollector.flushMetrics (src/services/telemetry.ts:276:15)

  console.log
    [TELEMETRY] Flushed old metrics. Current buffer sizes: parsing=2523, documents=0

      at TelemetryCollector.flushMetrics (src/services/telemetry.ts:276:15)

  console.log
    [TELEMETRY] Flushed old metrics. Current buffer sizes: parsing=2524, documents=0

      at TelemetryCollector.flushMetrics (src/services/telemetry.ts:276:15)

  console.log
    [TELEMETRY] Flushed old metrics. Current buffer sizes: parsing=2525, documents=0

      at TelemetryCollector.flushMetrics (src/services/telemetry.ts:276:15)

  console.log
    [TELEMETRY] Flushed old metrics. Current buffer sizes: parsing=2526, documents=0

      at TelemetryCollector.flushMetrics (src/services/telemetry.ts:276:15)

  console.log
    [TELEMETRY] Flushed old metrics. Current buffer sizes: parsing=2527, documents=0

      at TelemetryCollector.flushMetrics (src/services/telemetry.ts:276:15)

  console.log
    [TELEMETRY] Flushed old metrics. Current buffer sizes: parsing=2528, documents=0

      at TelemetryCollector.flushMetrics (src/services/telemetry.ts:276:15)

  console.log
    [TELEMETRY] Flushed old metrics. Current buffer sizes: parsing=2529, documents=0

      at TelemetryCollector.flushMetrics (src/services/telemetry.ts:276:15)

  console.log
    [TELEMETRY] Flushed old metrics. Current buffer sizes: parsing=2530, documents=0

      at TelemetryCollector.flushMetrics (src/services/telemetry.ts:276:15)

  console.log
    [TELEMETRY] Flushed old metrics. Current buffer sizes: parsing=2531, documents=0

      at TelemetryCollector.flushMetrics (src/services/telemetry.ts:276:15)

  console.log
    [TELEMETRY] Flushed old metrics. Current buffer sizes: parsing=2532, documents=0

      at TelemetryCollector.flushMetrics (src/services/telemetry.ts:276:15)

  console.log
    [TELEMETRY] Flushed old metrics. Current buffer sizes: parsing=2533, documents=0

      at TelemetryCollector.flushMetrics (src/services/telemetry.ts:276:15)

  console.log
    [TELEMETRY] Flushed old metrics. Current buffer sizes: parsing=2534, documents=0

      at TelemetryCollector.flushMetrics (src/services/telemetry.ts:276:15)

  console.log
    [TELEMETRY] Flushed old metrics. Current buffer sizes: parsing=2535, documents=0

      at TelemetryCollector.flushMetrics (src/services/telemetry.ts:276:15)

  console.log
    [TELEMETRY] Flushed old metrics. Current buffer sizes: parsing=2536, documents=0

      at TelemetryCollector.flushMetrics (src/services/telemetry.ts:276:15)

  console.log
    [TELEMETRY] Flushed old metrics. Current buffer sizes: parsing=2537, documents=0

      at TelemetryCollector.flushMetrics (src/services/telemetry.ts:276:15)

  console.log
    [TELEMETRY] Flushed old metrics. Current buffer sizes: parsing=2538, documents=0

      at TelemetryCollector.flushMetrics (src/services/telemetry.ts:276:15)

  console.log
    [TELEMETRY] Flushed old metrics. Current buffer sizes: parsing=2539, documents=0

      at TelemetryCollector.flushMetrics (src/services/telemetry.ts:276:15)

  console.log
    [TELEMETRY] Flushed old metrics. Current buffer sizes: parsing=2540, documents=0

      at TelemetryCollector.flushMetrics (src/services/telemetry.ts:276:15)

  console.log
    [TELEMETRY] Flushed old metrics. Current buffer sizes: parsing=2541, documents=0

      at TelemetryCollector.flushMetrics (src/services/telemetry.ts:276:15)

  console.log
    [TELEMETRY] Flushed old metrics. Current buffer sizes: parsing=2542, documents=0

      at TelemetryCollector.flushMetrics (src/services/telemetry.ts:276:15)

  console.log
    [TELEMETRY] Flushed old metrics. Current buffer sizes: parsing=2543, documents=0

      at TelemetryCollector.flushMetrics (src/services/telemetry.ts:276:15)

  console.log
    [TELEMETRY] Flushed old metrics. Current buffer sizes: parsing=2544, documents=0

      at TelemetryCollector.flushMetrics (src/services/telemetry.ts:276:15)

  console.log
    [TELEMETRY] Flushed old metrics. Current buffer sizes: parsing=2545, documents=0

      at TelemetryCollector.flushMetrics (src/services/telemetry.ts:276:15)

  console.log
    [TELEMETRY] Flushed old metrics. Current buffer sizes: parsing=2546, documents=0

      at TelemetryCollector.flushMetrics (src/services/telemetry.ts:276:15)

  console.log
    [TELEMETRY] Flushed old metrics. Current buffer sizes: parsing=2547, documents=0

      at TelemetryCollector.flushMetrics (src/services/telemetry.ts:276:15)

  console.log
    [TELEMETRY] Flushed old metrics. Current buffer sizes: parsing=2548, documents=0

      at TelemetryCollector.flushMetrics (src/services/telemetry.ts:276:15)

  console.log
    [TELEMETRY] Flushed old metrics. Current buffer sizes: parsing=2549, documents=0

      at TelemetryCollector.flushMetrics (src/services/telemetry.ts:276:15)

  console.log
    [TELEMETRY] Flushed old metrics. Current buffer sizes: parsing=2550, documents=0

      at TelemetryCollector.flushMetrics (src/services/telemetry.ts:276:15)

  console.log
    [TELEMETRY] Flushed old metrics. Current buffer sizes: parsing=2551, documents=0

      at TelemetryCollector.flushMetrics (src/services/telemetry.ts:276:15)

  console.log
    [TELEMETRY] Flushed old metrics. Current buffer sizes: parsing=2552, documents=0

      at TelemetryCollector.flushMetrics (src/services/telemetry.ts:276:15)

  console.log
    [TELEMETRY] Flushed old metrics. Current buffer sizes: parsing=2553, documents=0

      at TelemetryCollector.flushMetrics (src/services/telemetry.ts:276:15)

  console.log
    [TELEMETRY] Flushed old metrics. Current buffer sizes: parsing=2554, documents=0

      at TelemetryCollector.flushMetrics (src/services/telemetry.ts:276:15)

  console.log
    [TELEMETRY] Flushed old metrics. Current buffer sizes: parsing=2555, documents=0

      at TelemetryCollector.flushMetrics (src/services/telemetry.ts:276:15)

  console.log
    [TELEMETRY] Flushed old metrics. Current buffer sizes: parsing=2556, documents=0

      at TelemetryCollector.flushMetrics (src/services/telemetry.ts:276:15)

  console.log
    [TELEMETRY] Flushed old metrics. Current buffer sizes: parsing=2557, documents=0

      at TelemetryCollector.flushMetrics (src/services/telemetry.ts:276:15)

  console.log
    [TELEMETRY] Flushed old metrics. Current buffer sizes: parsing=2558, documents=0

      at TelemetryCollector.flushMetrics (src/services/telemetry.ts:276:15)

  console.log
    [TELEMETRY] Flushed old metrics. Current buffer sizes: parsing=2559, documents=0

      at TelemetryCollector.flushMetrics (src/services/telemetry.ts:276:15)

  console.log
    [TELEMETRY] Flushed old metrics. Current buffer sizes: parsing=2560, documents=0

      at TelemetryCollector.flushMetrics (src/services/telemetry.ts:276:15)

  console.log
    [TELEMETRY] Flushed old metrics. Current buffer sizes: parsing=2561, documents=0

      at TelemetryCollector.flushMetrics (src/services/telemetry.ts:276:15)

  console.log
    [TELEMETRY] Flushed old metrics. Current buffer sizes: parsing=2562, documents=0

      at TelemetryCollector.flushMetrics (src/services/telemetry.ts:276:15)

  console.log
    [TELEMETRY] Flushed old metrics. Current buffer sizes: parsing=2563, documents=0

      at TelemetryCollector.flushMetrics (src/services/telemetry.ts:276:15)

  console.log
    [TELEMETRY] Flushed old metrics. Current buffer sizes: parsing=2564, documents=0

      at TelemetryCollector.flushMetrics (src/services/telemetry.ts:276:15)

  console.log
    [TELEMETRY] Flushed old metrics. Current buffer sizes: parsing=2565, documents=0

      at TelemetryCollector.flushMetrics (src/services/telemetry.ts:276:15)

  console.log
    [TELEMETRY] Flushed old metrics. Current buffer sizes: parsing=2566, documents=0

      at TelemetryCollector.flushMetrics (src/services/telemetry.ts:276:15)

  console.log
    [TELEMETRY] Flushed old metrics. Current buffer sizes: parsing=2567, documents=0

      at TelemetryCollector.flushMetrics (src/services/telemetry.ts:276:15)

  console.log
    [TELEMETRY] Flushed old metrics. Current buffer sizes: parsing=2568, documents=0

      at TelemetryCollector.flushMetrics (src/services/telemetry.ts:276:15)

  console.log
    [TELEMETRY] Flushed old metrics. Current buffer sizes: parsing=2569, documents=0

      at TelemetryCollector.flushMetrics (src/services/telemetry.ts:276:15)

  console.log
    [TELEMETRY] Flushed old metrics. Current buffer sizes: parsing=2570, documents=0

      at TelemetryCollector.flushMetrics (src/services/telemetry.ts:276:15)

  console.log
    [TELEMETRY] Flushed old metrics. Current buffer sizes: parsing=2571, documents=0

      at TelemetryCollector.flushMetrics (src/services/telemetry.ts:276:15)

  console.log
    [TELEMETRY] Flushed old metrics. Current buffer sizes: parsing=2572, documents=0

      at TelemetryCollector.flushMetrics (src/services/telemetry.ts:276:15)

  console.log
    [TELEMETRY] Flushed old metrics. Current buffer sizes: parsing=2573, documents=0

      at TelemetryCollector.flushMetrics (src/services/telemetry.ts:276:15)

  console.log
    [TELEMETRY] Flushed old metrics. Current buffer sizes: parsing=2574, documents=0

      at TelemetryCollector.flushMetrics (src/services/telemetry.ts:276:15)

  console.log
    [TELEMETRY] Flushed old metrics. Current buffer sizes: parsing=2575, documents=0

      at TelemetryCollector.flushMetrics (src/services/telemetry.ts:276:15)

  console.log
    [TELEMETRY] Flushed old metrics. Current buffer sizes: parsing=2576, documents=0

      at TelemetryCollector.flushMetrics (src/services/telemetry.ts:276:15)

  console.log
    [TELEMETRY] Flushed old metrics. Current buffer sizes: parsing=2577, documents=0

      at TelemetryCollector.flushMetrics (src/services/telemetry.ts:276:15)

  console.log
    [TELEMETRY] Flushed old metrics. Current buffer sizes: parsing=2578, documents=0

      at TelemetryCollector.flushMetrics (src/services/telemetry.ts:276:15)

  console.log
    [TELEMETRY] Flushed old metrics. Current buffer sizes: parsing=2579, documents=0

      at TelemetryCollector.flushMetrics (src/services/telemetry.ts:276:15)

  console.log
    [TELEMETRY] Flushed old metrics. Current buffer sizes: parsing=2580, documents=0

      at TelemetryCollector.flushMetrics (src/services/telemetry.ts:276:15)

  console.log
    [TELEMETRY] Flushed old metrics. Current buffer sizes: parsing=2581, documents=0

      at TelemetryCollector.flushMetrics (src/services/telemetry.ts:276:15)

  console.log
    [TELEMETRY] Flushed old metrics. Current buffer sizes: parsing=2582, documents=0

      at TelemetryCollector.flushMetrics (src/services/telemetry.ts:276:15)

  console.log
    [TELEMETRY] Flushed old metrics. Current buffer sizes: parsing=2583, documents=0

      at TelemetryCollector.flushMetrics (src/services/telemetry.ts:276:15)

  console.log
    [TELEMETRY] Flushed old metrics. Current buffer sizes: parsing=2584, documents=0

      at TelemetryCollector.flushMetrics (src/services/telemetry.ts:276:15)

  console.log
    [TELEMETRY] Flushed old metrics. Current buffer sizes: parsing=2585, documents=0

      at TelemetryCollector.flushMetrics (src/services/telemetry.ts:276:15)

  console.log
    [TELEMETRY] Flushed old metrics. Current buffer sizes: parsing=2586, documents=0

      at TelemetryCollector.flushMetrics (src/services/telemetry.ts:276:15)

  console.log
    [TELEMETRY] Flushed old metrics. Current buffer sizes: parsing=2587, documents=0

      at TelemetryCollector.flushMetrics (src/services/telemetry.ts:276:15)

  console.log
    [TELEMETRY] Flushed old metrics. Current buffer sizes: parsing=2588, documents=0

      at TelemetryCollector.flushMetrics (src/services/telemetry.ts:276:15)

  console.log
    [TELEMETRY] Flushed old metrics. Current buffer sizes: parsing=2589, documents=0

      at TelemetryCollector.flushMetrics (src/services/telemetry.ts:276:15)

  console.log
    [TELEMETRY] Flushed old metrics. Current buffer sizes: parsing=2590, documents=0

      at TelemetryCollector.flushMetrics (src/services/telemetry.ts:276:15)

  console.log
    [TELEMETRY] Flushed old metrics. Current buffer sizes: parsing=2591, documents=0

      at TelemetryCollector.flushMetrics (src/services/telemetry.ts:276:15)

  console.log
    [TELEMETRY] Flushed old metrics. Current buffer sizes: parsing=2592, documents=0

      at TelemetryCollector.flushMetrics (src/services/telemetry.ts:276:15)

  console.log
    [TELEMETRY] Flushed old metrics. Current buffer sizes: parsing=2593, documents=0

      at TelemetryCollector.flushMetrics (src/services/telemetry.ts:276:15)

  console.log
    [TELEMETRY] Flushed old metrics. Current buffer sizes: parsing=2594, documents=0

      at TelemetryCollector.flushMetrics (src/services/telemetry.ts:276:15)

  console.log
    [TELEMETRY] Flushed old metrics. Current buffer sizes: parsing=2595, documents=0

      at TelemetryCollector.flushMetrics (src/services/telemetry.ts:276:15)

  console.log
    [TELEMETRY] Flushed old metrics. Current buffer sizes: parsing=2596, documents=0

      at TelemetryCollector.flushMetrics (src/services/telemetry.ts:276:15)

  console.log
    [TELEMETRY] Flushed old metrics. Current buffer sizes: parsing=2597, documents=0

      at TelemetryCollector.flushMetrics (src/services/telemetry.ts:276:15)

  console.log
    [TELEMETRY] Flushed old metrics. Current buffer sizes: parsing=2598, documents=0

      at TelemetryCollector.flushMetrics (src/services/telemetry.ts:276:15)

  console.log
    [TELEMETRY] Flushed old metrics. Current buffer sizes: parsing=2599, documents=0

      at TelemetryCollector.flushMetrics (src/services/telemetry.ts:276:15)

  console.log
    [TELEMETRY] Flushed old metrics. Current buffer sizes: parsing=2600, documents=0

      at TelemetryCollector.flushMetrics (src/services/telemetry.ts:276:15)

  console.log
    [TELEMETRY] Flushed old metrics. Current buffer sizes: parsing=2601, documents=0

      at TelemetryCollector.flushMetrics (src/services/telemetry.ts:276:15)

  console.log
    [TELEMETRY] Flushed old metrics. Current buffer sizes: parsing=2602, documents=0

      at TelemetryCollector.flushMetrics (src/services/telemetry.ts:276:15)

  console.log
    [TELEMETRY] Flushed old metrics. Current buffer sizes: parsing=2603, documents=0

      at TelemetryCollector.flushMetrics (src/services/telemetry.ts:276:15)

  console.log
    [TELEMETRY] Flushed old metrics. Current buffer sizes: parsing=2604, documents=0

      at TelemetryCollector.flushMetrics (src/services/telemetry.ts:276:15)

  console.log
    [TELEMETRY] Flushed old metrics. Current buffer sizes: parsing=2605, documents=0

      at TelemetryCollector.flushMetrics (src/services/telemetry.ts:276:15)

  console.log
    [TELEMETRY] Flushed old metrics. Current buffer sizes: parsing=2606, documents=0

      at TelemetryCollector.flushMetrics (src/services/telemetry.ts:276:15)

  console.log
    [TELEMETRY] Flushed old metrics. Current buffer sizes: parsing=2607, documents=0

      at TelemetryCollector.flushMetrics (src/services/telemetry.ts:276:15)

  console.log
    [TELEMETRY] Flushed old metrics. Current buffer sizes: parsing=2608, documents=0

      at TelemetryCollector.flushMetrics (src/services/telemetry.ts:276:15)

  console.log
    [TELEMETRY] Flushed old metrics. Current buffer sizes: parsing=2609, documents=0

      at TelemetryCollector.flushMetrics (src/services/telemetry.ts:276:15)

  console.log
    [TELEMETRY] Flushed old metrics. Current buffer sizes: parsing=2610, documents=0

      at TelemetryCollector.flushMetrics (src/services/telemetry.ts:276:15)

  console.log
    [TELEMETRY] Flushed old metrics. Current buffer sizes: parsing=2611, documents=0

      at TelemetryCollector.flushMetrics (src/services/telemetry.ts:276:15)

  console.log
    [TELEMETRY] Flushed old metrics. Current buffer sizes: parsing=2612, documents=0

      at TelemetryCollector.flushMetrics (src/services/telemetry.ts:276:15)

  console.log
    [TELEMETRY] Flushed old metrics. Current buffer sizes: parsing=2613, documents=0

      at TelemetryCollector.flushMetrics (src/services/telemetry.ts:276:15)

  console.log
    [TELEMETRY] Flushed old metrics. Current buffer sizes: parsing=2614, documents=0

      at TelemetryCollector.flushMetrics (src/services/telemetry.ts:276:15)

  console.log
    [TELEMETRY] Flushed old metrics. Current buffer sizes: parsing=2615, documents=0

      at TelemetryCollector.flushMetrics (src/services/telemetry.ts:276:15)

  console.log
    [TELEMETRY] Flushed old metrics. Current buffer sizes: parsing=2616, documents=0

      at TelemetryCollector.flushMetrics (src/services/telemetry.ts:276:15)

  console.log
    [TELEMETRY] Flushed old metrics. Current buffer sizes: parsing=2617, documents=0

      at TelemetryCollector.flushMetrics (src/services/telemetry.ts:276:15)

  console.log
    [TELEMETRY] Flushed old metrics. Current buffer sizes: parsing=2618, documents=0

      at TelemetryCollector.flushMetrics (src/services/telemetry.ts:276:15)

  console.log
    [TELEMETRY] Flushed old metrics. Current buffer sizes: parsing=2619, documents=0

      at TelemetryCollector.flushMetrics (src/services/telemetry.ts:276:15)

  console.log
    [TELEMETRY] Flushed old metrics. Current buffer sizes: parsing=2620, documents=0

      at TelemetryCollector.flushMetrics (src/services/telemetry.ts:276:15)

  console.log
    [TELEMETRY] Flushed old metrics. Current buffer sizes: parsing=2621, documents=0

      at TelemetryCollector.flushMetrics (src/services/telemetry.ts:276:15)

  console.log
    [TELEMETRY] Flushed old metrics. Current buffer sizes: parsing=2622, documents=0

      at TelemetryCollector.flushMetrics (src/services/telemetry.ts:276:15)

  console.log
    [TELEMETRY] Flushed old metrics. Current buffer sizes: parsing=2623, documents=0

      at TelemetryCollector.flushMetrics (src/services/telemetry.ts:276:15)

  console.log
    [TELEMETRY] Flushed old metrics. Current buffer sizes: parsing=2624, documents=0

      at TelemetryCollector.flushMetrics (src/services/telemetry.ts:276:15)

  console.log
    [TELEMETRY] Flushed old metrics. Current buffer sizes: parsing=2625, documents=0

      at TelemetryCollector.flushMetrics (src/services/telemetry.ts:276:15)

  console.log
    [TELEMETRY] Flushed old metrics. Current buffer sizes: parsing=2626, documents=0

      at TelemetryCollector.flushMetrics (src/services/telemetry.ts:276:15)

  console.log
    [TELEMETRY] Flushed old metrics. Current buffer sizes: parsing=2627, documents=0

      at TelemetryCollector.flushMetrics (src/services/telemetry.ts:276:15)

  console.log
    [TELEMETRY] Flushed old metrics. Current buffer sizes: parsing=2628, documents=0

      at TelemetryCollector.flushMetrics (src/services/telemetry.ts:276:15)

  console.log
    [TELEMETRY] Flushed old metrics. Current buffer sizes: parsing=2629, documents=0

      at TelemetryCollector.flushMetrics (src/services/telemetry.ts:276:15)

  console.log
    [TELEMETRY] Flushed old metrics. Current buffer sizes: parsing=2630, documents=0

      at TelemetryCollector.flushMetrics (src/services/telemetry.ts:276:15)

  console.log
    [TELEMETRY] Flushed old metrics. Current buffer sizes: parsing=2631, documents=0

      at TelemetryCollector.flushMetrics (src/services/telemetry.ts:276:15)

  console.log
    [TELEMETRY] Flushed old metrics. Current buffer sizes: parsing=2632, documents=0

      at TelemetryCollector.flushMetrics (src/services/telemetry.ts:276:15)

  console.log
    [TELEMETRY] Flushed old metrics. Current buffer sizes: parsing=2633, documents=0

      at TelemetryCollector.flushMetrics (src/services/telemetry.ts:276:15)

  console.log
    [TELEMETRY] Flushed old metrics. Current buffer sizes: parsing=2634, documents=0

      at TelemetryCollector.flushMetrics (src/services/telemetry.ts:276:15)

  console.log
    [TELEMETRY] Flushed old metrics. Current buffer sizes: parsing=2635, documents=0

      at TelemetryCollector.flushMetrics (src/services/telemetry.ts:276:15)

  console.log
    [TELEMETRY] Flushed old metrics. Current buffer sizes: parsing=2636, documents=0

      at TelemetryCollector.flushMetrics (src/services/telemetry.ts:276:15)

  console.log
    [TELEMETRY] Flushed old metrics. Current buffer sizes: parsing=2637, documents=0

      at TelemetryCollector.flushMetrics (src/services/telemetry.ts:276:15)

  console.log
    [TELEMETRY] Flushed old metrics. Current buffer sizes: parsing=2638, documents=0

      at TelemetryCollector.flushMetrics (src/services/telemetry.ts:276:15)

  console.log
    [TELEMETRY] Flushed old metrics. Current buffer sizes: parsing=2639, documents=0

      at TelemetryCollector.flushMetrics (src/services/telemetry.ts:276:15)

  console.log
    [TELEMETRY] Flushed old metrics. Current buffer sizes: parsing=2640, documents=0

      at TelemetryCollector.flushMetrics (src/services/telemetry.ts:276:15)

  console.log
    [TELEMETRY] Flushed old metrics. Current buffer sizes: parsing=2641, documents=0

      at TelemetryCollector.flushMetrics (src/services/telemetry.ts:276:15)

  console.log
    [TELEMETRY] Flushed old metrics. Current buffer sizes: parsing=2642, documents=0

      at TelemetryCollector.flushMetrics (src/services/telemetry.ts:276:15)

  console.log
    [TELEMETRY] Flushed old metrics. Current buffer sizes: parsing=2643, documents=0

      at TelemetryCollector.flushMetrics (src/services/telemetry.ts:276:15)

  console.log
    [TELEMETRY] Flushed old metrics. Current buffer sizes: parsing=2644, documents=0

      at TelemetryCollector.flushMetrics (src/services/telemetry.ts:276:15)

  console.log
    [TELEMETRY] Flushed old metrics. Current buffer sizes: parsing=2645, documents=0

      at TelemetryCollector.flushMetrics (src/services/telemetry.ts:276:15)

  console.log
    [TELEMETRY] Flushed old metrics. Current buffer sizes: parsing=2646, documents=0

      at TelemetryCollector.flushMetrics (src/services/telemetry.ts:276:15)

  console.log
    [TELEMETRY] Flushed old metrics. Current buffer sizes: parsing=2647, documents=0

      at TelemetryCollector.flushMetrics (src/services/telemetry.ts:276:15)

  console.log
    [TELEMETRY] Flushed old metrics. Current buffer sizes: parsing=2648, documents=0

      at TelemetryCollector.flushMetrics (src/services/telemetry.ts:276:15)

  console.log
    [TELEMETRY] Flushed old metrics. Current buffer sizes: parsing=2649, documents=0

      at TelemetryCollector.flushMetrics (src/services/telemetry.ts:276:15)

  console.log
    [TELEMETRY] Flushed old metrics. Current buffer sizes: parsing=2650, documents=0

      at TelemetryCollector.flushMetrics (src/services/telemetry.ts:276:15)

  console.log
    [TELEMETRY] Flushed old metrics. Current buffer sizes: parsing=2651, documents=0

      at TelemetryCollector.flushMetrics (src/services/telemetry.ts:276:15)

  console.log
    [TELEMETRY] Flushed old metrics. Current buffer sizes: parsing=2652, documents=0

      at TelemetryCollector.flushMetrics (src/services/telemetry.ts:276:15)

  console.log
    [TELEMETRY] Flushed old metrics. Current buffer sizes: parsing=2653, documents=0

      at TelemetryCollector.flushMetrics (src/services/telemetry.ts:276:15)

  console.log
    [TELEMETRY] Flushed old metrics. Current buffer sizes: parsing=2654, documents=0

      at TelemetryCollector.flushMetrics (src/services/telemetry.ts:276:15)

  console.log
    [TELEMETRY] Flushed old metrics. Current buffer sizes: parsing=2655, documents=0

      at TelemetryCollector.flushMetrics (src/services/telemetry.ts:276:15)

  console.log
    [TELEMETRY] Flushed old metrics. Current buffer sizes: parsing=2656, documents=0

      at TelemetryCollector.flushMetrics (src/services/telemetry.ts:276:15)

  console.log
    [TELEMETRY] Flushed old metrics. Current buffer sizes: parsing=2657, documents=0

      at TelemetryCollector.flushMetrics (src/services/telemetry.ts:276:15)

  console.log
    [TELEMETRY] Flushed old metrics. Current buffer sizes: parsing=2658, documents=0

      at TelemetryCollector.flushMetrics (src/services/telemetry.ts:276:15)

  console.log
    [TELEMETRY] Flushed old metrics. Current buffer sizes: parsing=2659, documents=0

      at TelemetryCollector.flushMetrics (src/services/telemetry.ts:276:15)

  console.log
    [TELEMETRY] Flushed old metrics. Current buffer sizes: parsing=2660, documents=0

      at TelemetryCollector.flushMetrics (src/services/telemetry.ts:276:15)

  console.log
    [TELEMETRY] Flushed old metrics. Current buffer sizes: parsing=2661, documents=0

      at TelemetryCollector.flushMetrics (src/services/telemetry.ts:276:15)

  console.log
    [TELEMETRY] Flushed old metrics. Current buffer sizes: parsing=2662, documents=0

      at TelemetryCollector.flushMetrics (src/services/telemetry.ts:276:15)

  console.log
    [TELEMETRY] Flushed old metrics. Current buffer sizes: parsing=2663, documents=0

      at TelemetryCollector.flushMetrics (src/services/telemetry.ts:276:15)

  console.log
    [TELEMETRY] Flushed old metrics. Current buffer sizes: parsing=2664, documents=0

      at TelemetryCollector.flushMetrics (src/services/telemetry.ts:276:15)

  console.log
    [TELEMETRY] Flushed old metrics. Current buffer sizes: parsing=2665, documents=0

      at TelemetryCollector.flushMetrics (src/services/telemetry.ts:276:15)

  console.log
    [TELEMETRY] Flushed old metrics. Current buffer sizes: parsing=2666, documents=0

      at TelemetryCollector.flushMetrics (src/services/telemetry.ts:276:15)

  console.log
    [TELEMETRY] Flushed old metrics. Current buffer sizes: parsing=2667, documents=0

      at TelemetryCollector.flushMetrics (src/services/telemetry.ts:276:15)

  console.log
    [TELEMETRY] Flushed old metrics. Current buffer sizes: parsing=2668, documents=0

      at TelemetryCollector.flushMetrics (src/services/telemetry.ts:276:15)

  console.log
    [TELEMETRY] Flushed old metrics. Current buffer sizes: parsing=2669, documents=0

      at TelemetryCollector.flushMetrics (src/services/telemetry.ts:276:15)

  console.log
    [TELEMETRY] Flushed old metrics. Current buffer sizes: parsing=2670, documents=0

      at TelemetryCollector.flushMetrics (src/services/telemetry.ts:276:15)

  console.log
    [TELEMETRY] Flushed old metrics. Current buffer sizes: parsing=2671, documents=0

      at TelemetryCollector.flushMetrics (src/services/telemetry.ts:276:15)

  console.log
    [TELEMETRY] Flushed old metrics. Current buffer sizes: parsing=2672, documents=0

      at TelemetryCollector.flushMetrics (src/services/telemetry.ts:276:15)

  console.log
    [TELEMETRY] Flushed old metrics. Current buffer sizes: parsing=2673, documents=0

      at TelemetryCollector.flushMetrics (src/services/telemetry.ts:276:15)

  console.log
    [TELEMETRY] Flushed old metrics. Current buffer sizes: parsing=2674, documents=0

      at TelemetryCollector.flushMetrics (src/services/telemetry.ts:276:15)

  console.log
    [TELEMETRY] Flushed old metrics. Current buffer sizes: parsing=2675, documents=0

      at TelemetryCollector.flushMetrics (src/services/telemetry.ts:276:15)

  console.log
    [TELEMETRY] Flushed old metrics. Current buffer sizes: parsing=2676, documents=0

      at TelemetryCollector.flushMetrics (src/services/telemetry.ts:276:15)

  console.log
    [TELEMETRY] Flushed old metrics. Current buffer sizes: parsing=2677, documents=0

      at TelemetryCollector.flushMetrics (src/services/telemetry.ts:276:15)

  console.log
    [TELEMETRY] Flushed old metrics. Current buffer sizes: parsing=2678, documents=0

      at TelemetryCollector.flushMetrics (src/services/telemetry.ts:276:15)

  console.log
    [TELEMETRY] Flushed old metrics. Current buffer sizes: parsing=2679, documents=0

      at TelemetryCollector.flushMetrics (src/services/telemetry.ts:276:15)

  console.log
    [TELEMETRY] Flushed old metrics. Current buffer sizes: parsing=2680, documents=0

      at TelemetryCollector.flushMetrics (src/services/telemetry.ts:276:15)

  console.log
    [TELEMETRY] Flushed old metrics. Current buffer sizes: parsing=2681, documents=0

      at TelemetryCollector.flushMetrics (src/services/telemetry.ts:276:15)

  console.log
    [TELEMETRY] Flushed old metrics. Current buffer sizes: parsing=2682, documents=0

      at TelemetryCollector.flushMetrics (src/services/telemetry.ts:276:15)

  console.log
    [TELEMETRY] Flushed old metrics. Current buffer sizes: parsing=2683, documents=0

      at TelemetryCollector.flushMetrics (src/services/telemetry.ts:276:15)

  console.log
    [TELEMETRY] Flushed old metrics. Current buffer sizes: parsing=2684, documents=0

      at TelemetryCollector.flushMetrics (src/services/telemetry.ts:276:15)

  console.log
    [TELEMETRY] Flushed old metrics. Current buffer sizes: parsing=2685, documents=0

      at TelemetryCollector.flushMetrics (src/services/telemetry.ts:276:15)

  console.log
    [TELEMETRY] Flushed old metrics. Current buffer sizes: parsing=2686, documents=0

      at TelemetryCollector.flushMetrics (src/services/telemetry.ts:276:15)

  console.log
    [TELEMETRY] Flushed old metrics. Current buffer sizes: parsing=2687, documents=0

      at TelemetryCollector.flushMetrics (src/services/telemetry.ts:276:15)

  console.log
    [TELEMETRY] Flushed old metrics. Current buffer sizes: parsing=2688, documents=0

      at TelemetryCollector.flushMetrics (src/services/telemetry.ts:276:15)

  console.log
    [TELEMETRY] Flushed old metrics. Current buffer sizes: parsing=2689, documents=0

      at TelemetryCollector.flushMetrics (src/services/telemetry.ts:276:15)

  console.log
    [TELEMETRY] Flushed old metrics. Current buffer sizes: parsing=2690, documents=0

      at TelemetryCollector.flushMetrics (src/services/telemetry.ts:276:15)

  console.log
    [TELEMETRY] Flushed old metrics. Current buffer sizes: parsing=2691, documents=0

      at TelemetryCollector.flushMetrics (src/services/telemetry.ts:276:15)

  console.log
    [TELEMETRY] Flushed old metrics. Current buffer sizes: parsing=2692, documents=0

      at TelemetryCollector.flushMetrics (src/services/telemetry.ts:276:15)

  console.log
    [TELEMETRY] Flushed old metrics. Current buffer sizes: parsing=2693, documents=0

      at TelemetryCollector.flushMetrics (src/services/telemetry.ts:276:15)

  console.log
    [TELEMETRY] Flushed old metrics. Current buffer sizes: parsing=2694, documents=0

      at TelemetryCollector.flushMetrics (src/services/telemetry.ts:276:15)

  console.log
    [TELEMETRY] Flushed old metrics. Current buffer sizes: parsing=2695, documents=0

      at TelemetryCollector.flushMetrics (src/services/telemetry.ts:276:15)

  console.log
    [TELEMETRY] Flushed old metrics. Current buffer sizes: parsing=2696, documents=0

      at TelemetryCollector.flushMetrics (src/services/telemetry.ts:276:15)

  console.log
    [TELEMETRY] Flushed old metrics. Current buffer sizes: parsing=2697, documents=0

      at TelemetryCollector.flushMetrics (src/services/telemetry.ts:276:15)

  console.log
    [TELEMETRY] Flushed old metrics. Current buffer sizes: parsing=2698, documents=0

      at TelemetryCollector.flushMetrics (src/services/telemetry.ts:276:15)

  console.log
    [TELEMETRY] Flushed old metrics. Current buffer sizes: parsing=2699, documents=0

      at TelemetryCollector.flushMetrics (src/services/telemetry.ts:276:15)

  console.log
    [TELEMETRY] Flushed old metrics. Current buffer sizes: parsing=2700, documents=0

      at TelemetryCollector.flushMetrics (src/services/telemetry.ts:276:15)

  console.log
    [TELEMETRY] Flushed old metrics. Current buffer sizes: parsing=2701, documents=0

      at TelemetryCollector.flushMetrics (src/services/telemetry.ts:276:15)

  console.log
    [TELEMETRY] Flushed old metrics. Current buffer sizes: parsing=2702, documents=0

      at TelemetryCollector.flushMetrics (src/services/telemetry.ts:276:15)

  console.log
    [TELEMETRY] Flushed old metrics. Current buffer sizes: parsing=2703, documents=0

      at TelemetryCollector.flushMetrics (src/services/telemetry.ts:276:15)

  console.log
    [TELEMETRY] Flushed old metrics. Current buffer sizes: parsing=2704, documents=0

      at TelemetryCollector.flushMetrics (src/services/telemetry.ts:276:15)

  console.log
    [TELEMETRY] Flushed old metrics. Current buffer sizes: parsing=2705, documents=0

      at TelemetryCollector.flushMetrics (src/services/telemetry.ts:276:15)

  console.log
    [TELEMETRY] Flushed old metrics. Current buffer sizes: parsing=2706, documents=0

      at TelemetryCollector.flushMetrics (src/services/telemetry.ts:276:15)

  console.log
    [TELEMETRY] Flushed old metrics. Current buffer sizes: parsing=2707, documents=0

      at TelemetryCollector.flushMetrics (src/services/telemetry.ts:276:15)

  console.log
    [TELEMETRY] Flushed old metrics. Current buffer sizes: parsing=2708, documents=0

      at TelemetryCollector.flushMetrics (src/services/telemetry.ts:276:15)

  console.log
    [TELEMETRY] Flushed old metrics. Current buffer sizes: parsing=2709, documents=0

      at TelemetryCollector.flushMetrics (src/services/telemetry.ts:276:15)

  console.log
    [TELEMETRY] Flushed old metrics. Current buffer sizes: parsing=2710, documents=0

      at TelemetryCollector.flushMetrics (src/services/telemetry.ts:276:15)

  console.log
    [TELEMETRY] Flushed old metrics. Current buffer sizes: parsing=2711, documents=0

      at TelemetryCollector.flushMetrics (src/services/telemetry.ts:276:15)

  console.log
    [TELEMETRY] Flushed old metrics. Current buffer sizes: parsing=2712, documents=0

      at TelemetryCollector.flushMetrics (src/services/telemetry.ts:276:15)

  console.log
    [TELEMETRY] Flushed old metrics. Current buffer sizes: parsing=2713, documents=0

      at TelemetryCollector.flushMetrics (src/services/telemetry.ts:276:15)

  console.log
    [TELEMETRY] Flushed old metrics. Current buffer sizes: parsing=2714, documents=0

      at TelemetryCollector.flushMetrics (src/services/telemetry.ts:276:15)

  console.log
    [TELEMETRY] Flushed old metrics. Current buffer sizes: parsing=2715, documents=0

      at TelemetryCollector.flushMetrics (src/services/telemetry.ts:276:15)

  console.log
    [TELEMETRY] Flushed old metrics. Current buffer sizes: parsing=2716, documents=0

      at TelemetryCollector.flushMetrics (src/services/telemetry.ts:276:15)

  console.log
    [TELEMETRY] Flushed old metrics. Current buffer sizes: parsing=2717, documents=0

      at TelemetryCollector.flushMetrics (src/services/telemetry.ts:276:15)

  console.log
    [TELEMETRY] Flushed old metrics. Current buffer sizes: parsing=2718, documents=0

      at TelemetryCollector.flushMetrics (src/services/telemetry.ts:276:15)

  console.log
    [TELEMETRY] Flushed old metrics. Current buffer sizes: parsing=2719, documents=0

      at TelemetryCollector.flushMetrics (src/services/telemetry.ts:276:15)

  console.log
    [TELEMETRY] Flushed old metrics. Current buffer sizes: parsing=2720, documents=0

      at TelemetryCollector.flushMetrics (src/services/telemetry.ts:276:15)

  console.log
    [TELEMETRY] Flushed old metrics. Current buffer sizes: parsing=2721, documents=0

      at TelemetryCollector.flushMetrics (src/services/telemetry.ts:276:15)

  console.log
    [TELEMETRY] Flushed old metrics. Current buffer sizes: parsing=2722, documents=0

      at TelemetryCollector.flushMetrics (src/services/telemetry.ts:276:15)

  console.log
    [TELEMETRY] Flushed old metrics. Current buffer sizes: parsing=2723, documents=0

      at TelemetryCollector.flushMetrics (src/services/telemetry.ts:276:15)

  console.log
    [TELEMETRY] Flushed old metrics. Current buffer sizes: parsing=2724, documents=0

      at TelemetryCollector.flushMetrics (src/services/telemetry.ts:276:15)

  console.log
    [TELEMETRY] Flushed old metrics. Current buffer sizes: parsing=2725, documents=0

      at TelemetryCollector.flushMetrics (src/services/telemetry.ts:276:15)

  console.log
    [TELEMETRY] Flushed old metrics. Current buffer sizes: parsing=2726, documents=0

      at TelemetryCollector.flushMetrics (src/services/telemetry.ts:276:15)

  console.log
    [TELEMETRY] Flushed old metrics. Current buffer sizes: parsing=2727, documents=0

      at TelemetryCollector.flushMetrics (src/services/telemetry.ts:276:15)

  console.log
    [TELEMETRY] Flushed old metrics. Current buffer sizes: parsing=2728, documents=0

      at TelemetryCollector.flushMetrics (src/services/telemetry.ts:276:15)

  console.log
    [TELEMETRY] Flushed old metrics. Current buffer sizes: parsing=2729, documents=0

      at TelemetryCollector.flushMetrics (src/services/telemetry.ts:276:15)

  console.log
    [TELEMETRY] Flushed old metrics. Current buffer sizes: parsing=2730, documents=0

      at TelemetryCollector.flushMetrics (src/services/telemetry.ts:276:15)

  console.log
    [TELEMETRY] Flushed old metrics. Current buffer sizes: parsing=2731, documents=0

      at TelemetryCollector.flushMetrics (src/services/telemetry.ts:276:15)

  console.log
    [TELEMETRY] Flushed old metrics. Current buffer sizes: parsing=2732, documents=0

      at TelemetryCollector.flushMetrics (src/services/telemetry.ts:276:15)

  console.log
    [TELEMETRY] Flushed old metrics. Current buffer sizes: parsing=2733, documents=0

      at TelemetryCollector.flushMetrics (src/services/telemetry.ts:276:15)

  console.log
    [TELEMETRY] Flushed old metrics. Current buffer sizes: parsing=2734, documents=0

      at TelemetryCollector.flushMetrics (src/services/telemetry.ts:276:15)

  console.log
    [TELEMETRY] Flushed old metrics. Current buffer sizes: parsing=2735, documents=0

      at TelemetryCollector.flushMetrics (src/services/telemetry.ts:276:15)

  console.log
    [TELEMETRY] Flushed old metrics. Current buffer sizes: parsing=2736, documents=0

      at TelemetryCollector.flushMetrics (src/services/telemetry.ts:276:15)

  console.log
    [TELEMETRY] Flushed old metrics. Current buffer sizes: parsing=2737, documents=0

      at TelemetryCollector.flushMetrics (src/services/telemetry.ts:276:15)

  console.log
    [TELEMETRY] Flushed old metrics. Current buffer sizes: parsing=2738, documents=0

      at TelemetryCollector.flushMetrics (src/services/telemetry.ts:276:15)

  console.log
    [TELEMETRY] Flushed old metrics. Current buffer sizes: parsing=2739, documents=0

      at TelemetryCollector.flushMetrics (src/services/telemetry.ts:276:15)

  console.log
    [TELEMETRY] Flushed old metrics. Current buffer sizes: parsing=2740, documents=0

      at TelemetryCollector.flushMetrics (src/services/telemetry.ts:276:15)

  console.log
    [TELEMETRY] Flushed old metrics. Current buffer sizes: parsing=2741, documents=0

      at TelemetryCollector.flushMetrics (src/services/telemetry.ts:276:15)

  console.log
    [TELEMETRY] Flushed old metrics. Current buffer sizes: parsing=2742, documents=0

      at TelemetryCollector.flushMetrics (src/services/telemetry.ts:276:15)

  console.log
    [TELEMETRY] Flushed old metrics. Current buffer sizes: parsing=2743, documents=0

      at TelemetryCollector.flushMetrics (src/services/telemetry.ts:276:15)

  console.log
    [TELEMETRY] Flushed old metrics. Current buffer sizes: parsing=2744, documents=0

      at TelemetryCollector.flushMetrics (src/services/telemetry.ts:276:15)

  console.log
    [TELEMETRY] Flushed old metrics. Current buffer sizes: parsing=2745, documents=0

      at TelemetryCollector.flushMetrics (src/services/telemetry.ts:276:15)

  console.log
    [TELEMETRY] Flushed old metrics. Current buffer sizes: parsing=2746, documents=0

      at TelemetryCollector.flushMetrics (src/services/telemetry.ts:276:15)

  console.log
    [TELEMETRY] Flushed old metrics. Current buffer sizes: parsing=2747, documents=0

      at TelemetryCollector.flushMetrics (src/services/telemetry.ts:276:15)

  console.log
    [TELEMETRY] Flushed old metrics. Current buffer sizes: parsing=2748, documents=0

      at TelemetryCollector.flushMetrics (src/services/telemetry.ts:276:15)

  console.log
    [TELEMETRY] Flushed old metrics. Current buffer sizes: parsing=2749, documents=0

      at TelemetryCollector.flushMetrics (src/services/telemetry.ts:276:15)

  console.log
    [TELEMETRY] Flushed old metrics. Current buffer sizes: parsing=2750, documents=0

      at TelemetryCollector.flushMetrics (src/services/telemetry.ts:276:15)

  console.log
    [TELEMETRY] Flushed old metrics. Current buffer sizes: parsing=2751, documents=0

      at TelemetryCollector.flushMetrics (src/services/telemetry.ts:276:15)

  console.log
    [TELEMETRY] Flushed old metrics. Current buffer sizes: parsing=2752, documents=0

      at TelemetryCollector.flushMetrics (src/services/telemetry.ts:276:15)

  console.log
    [TELEMETRY] Flushed old metrics. Current buffer sizes: parsing=2753, documents=0

      at TelemetryCollector.flushMetrics (src/services/telemetry.ts:276:15)

  console.log
    [TELEMETRY] Flushed old metrics. Current buffer sizes: parsing=2754, documents=0

      at TelemetryCollector.flushMetrics (src/services/telemetry.ts:276:15)

  console.log
    [TELEMETRY] Flushed old metrics. Current buffer sizes: parsing=2755, documents=0

      at TelemetryCollector.flushMetrics (src/services/telemetry.ts:276:15)

  console.log
    [TELEMETRY] Flushed old metrics. Current buffer sizes: parsing=2756, documents=0

      at TelemetryCollector.flushMetrics (src/services/telemetry.ts:276:15)

  console.log
    [TELEMETRY] Flushed old metrics. Current buffer sizes: parsing=2757, documents=0

      at TelemetryCollector.flushMetrics (src/services/telemetry.ts:276:15)

  console.log
    [TELEMETRY] Flushed old metrics. Current buffer sizes: parsing=2758, documents=0

      at TelemetryCollector.flushMetrics (src/services/telemetry.ts:276:15)

  console.log
    [TELEMETRY] Flushed old metrics. Current buffer sizes: parsing=2759, documents=0

      at TelemetryCollector.flushMetrics (src/services/telemetry.ts:276:15)

  console.log
    [TELEMETRY] Flushed old metrics. Current buffer sizes: parsing=2760, documents=0

      at TelemetryCollector.flushMetrics (src/services/telemetry.ts:276:15)

  console.log
    [TELEMETRY] Flushed old metrics. Current buffer sizes: parsing=2761, documents=0

      at TelemetryCollector.flushMetrics (src/services/telemetry.ts:276:15)

  console.log
    [TELEMETRY] Flushed old metrics. Current buffer sizes: parsing=2762, documents=0

      at TelemetryCollector.flushMetrics (src/services/telemetry.ts:276:15)

  console.log
    [TELEMETRY] Flushed old metrics. Current buffer sizes: parsing=2763, documents=0

      at TelemetryCollector.flushMetrics (src/services/telemetry.ts:276:15)

  console.log
    [TELEMETRY] Flushed old metrics. Current buffer sizes: parsing=2764, documents=0

      at TelemetryCollector.flushMetrics (src/services/telemetry.ts:276:15)

  console.log
    [TELEMETRY] Flushed old metrics. Current buffer sizes: parsing=2765, documents=0

      at TelemetryCollector.flushMetrics (src/services/telemetry.ts:276:15)

  console.log
    [TELEMETRY] Flushed old metrics. Current buffer sizes: parsing=2766, documents=0

      at TelemetryCollector.flushMetrics (src/services/telemetry.ts:276:15)

  console.log
    [TELEMETRY] Flushed old metrics. Current buffer sizes: parsing=2767, documents=0

      at TelemetryCollector.flushMetrics (src/services/telemetry.ts:276:15)

  console.log
    [TELEMETRY] Flushed old metrics. Current buffer sizes: parsing=2768, documents=0

      at TelemetryCollector.flushMetrics (src/services/telemetry.ts:276:15)

  console.log
    [TELEMETRY] Flushed old metrics. Current buffer sizes: parsing=2769, documents=0

      at TelemetryCollector.flushMetrics (src/services/telemetry.ts:276:15)

  console.log
    [TELEMETRY] Flushed old metrics. Current buffer sizes: parsing=2770, documents=0

      at TelemetryCollector.flushMetrics (src/services/telemetry.ts:276:15)

  console.log
    [TELEMETRY] Flushed old metrics. Current buffer sizes: parsing=2771, documents=0

      at TelemetryCollector.flushMetrics (src/services/telemetry.ts:276:15)

  console.log
    [TELEMETRY] Flushed old metrics. Current buffer sizes: parsing=2772, documents=0

      at TelemetryCollector.flushMetrics (src/services/telemetry.ts:276:15)

  console.log
    [TELEMETRY] Flushed old metrics. Current buffer sizes: parsing=2773, documents=0

      at TelemetryCollector.flushMetrics (src/services/telemetry.ts:276:15)

  console.log
    [TELEMETRY] Flushed old metrics. Current buffer sizes: parsing=2774, documents=0

      at TelemetryCollector.flushMetrics (src/services/telemetry.ts:276:15)

  console.log
    [TELEMETRY] Flushed old metrics. Current buffer sizes: parsing=2775, documents=0

      at TelemetryCollector.flushMetrics (src/services/telemetry.ts:276:15)

  console.log
    [TELEMETRY] Flushed old metrics. Current buffer sizes: parsing=2776, documents=0

      at TelemetryCollector.flushMetrics (src/services/telemetry.ts:276:15)

  console.log
    [TELEMETRY] Flushed old metrics. Current buffer sizes: parsing=2777, documents=0

      at TelemetryCollector.flushMetrics (src/services/telemetry.ts:276:15)

  console.log
    [TELEMETRY] Flushed old metrics. Current buffer sizes: parsing=2778, documents=0

      at TelemetryCollector.flushMetrics (src/services/telemetry.ts:276:15)

  console.log
    [TELEMETRY] Flushed old metrics. Current buffer sizes: parsing=2779, documents=0

      at TelemetryCollector.flushMetrics (src/services/telemetry.ts:276:15)

  console.log
    [TELEMETRY] Flushed old metrics. Current buffer sizes: parsing=2780, documents=0

      at TelemetryCollector.flushMetrics (src/services/telemetry.ts:276:15)

  console.log
    [TELEMETRY] Flushed old metrics. Current buffer sizes: parsing=2781, documents=0

      at TelemetryCollector.flushMetrics (src/services/telemetry.ts:276:15)

  console.log
    [TELEMETRY] Flushed old metrics. Current buffer sizes: parsing=2782, documents=0

      at TelemetryCollector.flushMetrics (src/services/telemetry.ts:276:15)

  console.log
    [TELEMETRY] Flushed old metrics. Current buffer sizes: parsing=2783, documents=0

      at TelemetryCollector.flushMetrics (src/services/telemetry.ts:276:15)

  console.log
    [TELEMETRY] Flushed old metrics. Current buffer sizes: parsing=2784, documents=0

      at TelemetryCollector.flushMetrics (src/services/telemetry.ts:276:15)

  console.log
    [TELEMETRY] Flushed old metrics. Current buffer sizes: parsing=2785, documents=0

      at TelemetryCollector.flushMetrics (src/services/telemetry.ts:276:15)

  console.log
    [TELEMETRY] Flushed old metrics. Current buffer sizes: parsing=2786, documents=0

      at TelemetryCollector.flushMetrics (src/services/telemetry.ts:276:15)

  console.log
    [TELEMETRY] Flushed old metrics. Current buffer sizes: parsing=2787, documents=0

      at TelemetryCollector.flushMetrics (src/services/telemetry.ts:276:15)

  console.log
    [TELEMETRY] Flushed old metrics. Current buffer sizes: parsing=2788, documents=0

      at TelemetryCollector.flushMetrics (src/services/telemetry.ts:276:15)

  console.log
    [TELEMETRY] Flushed old metrics. Current buffer sizes: parsing=2789, documents=0

      at TelemetryCollector.flushMetrics (src/services/telemetry.ts:276:15)

  console.log
    [TELEMETRY] Flushed old metrics. Current buffer sizes: parsing=2790, documents=0

      at TelemetryCollector.flushMetrics (src/services/telemetry.ts:276:15)

  console.log
    [TELEMETRY] Flushed old metrics. Current buffer sizes: parsing=2791, documents=0

      at TelemetryCollector.flushMetrics (src/services/telemetry.ts:276:15)

  console.log
    [TELEMETRY] Flushed old metrics. Current buffer sizes: parsing=2792, documents=0

      at TelemetryCollector.flushMetrics (src/services/telemetry.ts:276:15)

  console.log
    [TELEMETRY] Flushed old metrics. Current buffer sizes: parsing=2793, documents=0

      at TelemetryCollector.flushMetrics (src/services/telemetry.ts:276:15)

  console.log
    [TELEMETRY] Flushed old metrics. Current buffer sizes: parsing=2794, documents=0

      at TelemetryCollector.flushMetrics (src/services/telemetry.ts:276:15)

  console.log
    [TELEMETRY] Flushed old metrics. Current buffer sizes: parsing=2795, documents=0

      at TelemetryCollector.flushMetrics (src/services/telemetry.ts:276:15)

  console.log
    [TELEMETRY] Flushed old metrics. Current buffer sizes: parsing=2796, documents=0

      at TelemetryCollector.flushMetrics (src/services/telemetry.ts:276:15)

  console.log
    [TELEMETRY] Flushed old metrics. Current buffer sizes: parsing=2797, documents=0

      at TelemetryCollector.flushMetrics (src/services/telemetry.ts:276:15)

  console.log
    [TELEMETRY] Flushed old metrics. Current buffer sizes: parsing=2798, documents=0

      at TelemetryCollector.flushMetrics (src/services/telemetry.ts:276:15)

  console.log
    [TELEMETRY] Flushed old metrics. Current buffer sizes: parsing=2799, documents=0

      at TelemetryCollector.flushMetrics (src/services/telemetry.ts:276:15)

  console.log
    [TELEMETRY] Flushed old metrics. Current buffer sizes: parsing=2800, documents=0

      at TelemetryCollector.flushMetrics (src/services/telemetry.ts:276:15)

  console.log
    [TELEMETRY] Flushed old metrics. Current buffer sizes: parsing=2801, documents=0

      at TelemetryCollector.flushMetrics (src/services/telemetry.ts:276:15)

  console.log
    [TELEMETRY] Flushed old metrics. Current buffer sizes: parsing=2802, documents=0

      at TelemetryCollector.flushMetrics (src/services/telemetry.ts:276:15)

  console.log
    [TELEMETRY] Flushed old metrics. Current buffer sizes: parsing=2803, documents=0

      at TelemetryCollector.flushMetrics (src/services/telemetry.ts:276:15)

  console.log
    [TELEMETRY] Flushed old metrics. Current buffer sizes: parsing=2804, documents=0

      at TelemetryCollector.flushMetrics (src/services/telemetry.ts:276:15)

  console.log
    [TELEMETRY] Flushed old metrics. Current buffer sizes: parsing=2805, documents=0

      at TelemetryCollector.flushMetrics (src/services/telemetry.ts:276:15)

  console.log
    [TELEMETRY] Flushed old metrics. Current buffer sizes: parsing=2806, documents=0

      at TelemetryCollector.flushMetrics (src/services/telemetry.ts:276:15)

  console.log
    [TELEMETRY] Flushed old metrics. Current buffer sizes: parsing=2807, documents=0

      at TelemetryCollector.flushMetrics (src/services/telemetry.ts:276:15)

  console.log
    [TELEMETRY] Flushed old metrics. Current buffer sizes: parsing=2808, documents=0

      at TelemetryCollector.flushMetrics (src/services/telemetry.ts:276:15)

  console.log
    [TELEMETRY] Flushed old metrics. Current buffer sizes: parsing=2809, documents=0

      at TelemetryCollector.flushMetrics (src/services/telemetry.ts:276:15)

  console.log
    [TELEMETRY] Flushed old metrics. Current buffer sizes: parsing=2810, documents=0

      at TelemetryCollector.flushMetrics (src/services/telemetry.ts:276:15)

  console.log
    [TELEMETRY] Flushed old metrics. Current buffer sizes: parsing=2811, documents=0

      at TelemetryCollector.flushMetrics (src/services/telemetry.ts:276:15)

  console.log
    [TELEMETRY] Flushed old metrics. Current buffer sizes: parsing=2812, documents=0

      at TelemetryCollector.flushMetrics (src/services/telemetry.ts:276:15)

  console.log
    [TELEMETRY] Flushed old metrics. Current buffer sizes: parsing=2813, documents=0

      at TelemetryCollector.flushMetrics (src/services/telemetry.ts:276:15)

  console.log
    [TELEMETRY] Flushed old metrics. Current buffer sizes: parsing=2814, documents=0

      at TelemetryCollector.flushMetrics (src/services/telemetry.ts:276:15)

  console.log
    [TELEMETRY] Flushed old metrics. Current buffer sizes: parsing=2815, documents=0

      at TelemetryCollector.flushMetrics (src/services/telemetry.ts:276:15)

  console.log
    [TELEMETRY] Flushed old metrics. Current buffer sizes: parsing=2816, documents=0

      at TelemetryCollector.flushMetrics (src/services/telemetry.ts:276:15)

  console.log
    [TELEMETRY] Flushed old metrics. Current buffer sizes: parsing=2817, documents=0

      at TelemetryCollector.flushMetrics (src/services/telemetry.ts:276:15)

  console.log
    [TELEMETRY] Flushed old metrics. Current buffer sizes: parsing=2818, documents=0

      at TelemetryCollector.flushMetrics (src/services/telemetry.ts:276:15)

  console.log
    [TELEMETRY] Flushed old metrics. Current buffer sizes: parsing=2819, documents=0

      at TelemetryCollector.flushMetrics (src/services/telemetry.ts:276:15)

  console.log
    [TELEMETRY] Flushed old metrics. Current buffer sizes: parsing=2820, documents=0

      at TelemetryCollector.flushMetrics (src/services/telemetry.ts:276:15)

  console.log
    [TELEMETRY] Flushed old metrics. Current buffer sizes: parsing=2821, documents=0

      at TelemetryCollector.flushMetrics (src/services/telemetry.ts:276:15)

  console.log
    [TELEMETRY] Flushed old metrics. Current buffer sizes: parsing=2822, documents=0

      at TelemetryCollector.flushMetrics (src/services/telemetry.ts:276:15)

  console.log
    [TELEMETRY] Flushed old metrics. Current buffer sizes: parsing=2823, documents=0

      at TelemetryCollector.flushMetrics (src/services/telemetry.ts:276:15)

  console.log
    [TELEMETRY] Flushed old metrics. Current buffer sizes: parsing=2824, documents=0

      at TelemetryCollector.flushMetrics (src/services/telemetry.ts:276:15)

  console.log
    [TELEMETRY] Flushed old metrics. Current buffer sizes: parsing=2825, documents=0

      at TelemetryCollector.flushMetrics (src/services/telemetry.ts:276:15)

  console.log
    [TELEMETRY] Flushed old metrics. Current buffer sizes: parsing=2826, documents=0

      at TelemetryCollector.flushMetrics (src/services/telemetry.ts:276:15)

  console.log
    [TELEMETRY] Flushed old metrics. Current buffer sizes: parsing=2827, documents=0

      at TelemetryCollector.flushMetrics (src/services/telemetry.ts:276:15)

  console.log
    [TELEMETRY] Flushed old metrics. Current buffer sizes: parsing=2828, documents=0

      at TelemetryCollector.flushMetrics (src/services/telemetry.ts:276:15)

  console.log
    [TELEMETRY] Flushed old metrics. Current buffer sizes: parsing=2829, documents=0

      at TelemetryCollector.flushMetrics (src/services/telemetry.ts:276:15)

  console.log
    [TELEMETRY] Flushed old metrics. Current buffer sizes: parsing=2830, documents=0

      at TelemetryCollector.flushMetrics (src/services/telemetry.ts:276:15)

  console.log
    [TELEMETRY] Flushed old metrics. Current buffer sizes: parsing=2831, documents=0

      at TelemetryCollector.flushMetrics (src/services/telemetry.ts:276:15)

  console.log
    [TELEMETRY] Flushed old metrics. Current buffer sizes: parsing=2832, documents=0

      at TelemetryCollector.flushMetrics (src/services/telemetry.ts:276:15)

  console.log
    [TELEMETRY] Flushed old metrics. Current buffer sizes: parsing=2833, documents=0

      at TelemetryCollector.flushMetrics (src/services/telemetry.ts:276:15)

  console.log
    [TELEMETRY] Flushed old metrics. Current buffer sizes: parsing=2834, documents=0

      at TelemetryCollector.flushMetrics (src/services/telemetry.ts:276:15)

  console.log
    [TELEMETRY] Flushed old metrics. Current buffer sizes: parsing=2835, documents=0

      at TelemetryCollector.flushMetrics (src/services/telemetry.ts:276:15)

  console.log
    [TELEMETRY] Flushed old metrics. Current buffer sizes: parsing=2836, documents=0

      at TelemetryCollector.flushMetrics (src/services/telemetry.ts:276:15)

  console.log
    [TELEMETRY] Flushed old metrics. Current buffer sizes: parsing=2837, documents=0

      at TelemetryCollector.flushMetrics (src/services/telemetry.ts:276:15)

  console.log
    [TELEMETRY] Flushed old metrics. Current buffer sizes: parsing=2838, documents=0

      at TelemetryCollector.flushMetrics (src/services/telemetry.ts:276:15)

  console.log
    [TELEMETRY] Flushed old metrics. Current buffer sizes: parsing=2839, documents=0

      at TelemetryCollector.flushMetrics (src/services/telemetry.ts:276:15)

  console.log
    [TELEMETRY] Flushed old metrics. Current buffer sizes: parsing=2840, documents=0

      at TelemetryCollector.flushMetrics (src/services/telemetry.ts:276:15)

  console.log
    [TELEMETRY] Flushed old metrics. Current buffer sizes: parsing=2841, documents=0

      at TelemetryCollector.flushMetrics (src/services/telemetry.ts:276:15)

  console.log
    [TELEMETRY] Flushed old metrics. Current buffer sizes: parsing=2842, documents=0

      at TelemetryCollector.flushMetrics (src/services/telemetry.ts:276:15)

  console.log
    [TELEMETRY] Flushed old metrics. Current buffer sizes: parsing=2843, documents=0

      at TelemetryCollector.flushMetrics (src/services/telemetry.ts:276:15)

  console.log
    [TELEMETRY] Flushed old metrics. Current buffer sizes: parsing=2844, documents=0

      at TelemetryCollector.flushMetrics (src/services/telemetry.ts:276:15)

  console.log
    [TELEMETRY] Flushed old metrics. Current buffer sizes: parsing=2845, documents=0

      at TelemetryCollector.flushMetrics (src/services/telemetry.ts:276:15)

  console.log
    [TELEMETRY] Flushed old metrics. Current buffer sizes: parsing=2846, documents=0

      at TelemetryCollector.flushMetrics (src/services/telemetry.ts:276:15)

  console.log
    [TELEMETRY] Flushed old metrics. Current buffer sizes: parsing=2847, documents=0

      at TelemetryCollector.flushMetrics (src/services/telemetry.ts:276:15)

  console.log
    [TELEMETRY] Flushed old metrics. Current buffer sizes: parsing=2848, documents=0

      at TelemetryCollector.flushMetrics (src/services/telemetry.ts:276:15)

  console.log
    [TELEMETRY] Flushed old metrics. Current buffer sizes: parsing=2849, documents=0

      at TelemetryCollector.flushMetrics (src/services/telemetry.ts:276:15)

  console.log
    [TELEMETRY] Flushed old metrics. Current buffer sizes: parsing=2850, documents=0

      at TelemetryCollector.flushMetrics (src/services/telemetry.ts:276:15)

  console.log
    [TELEMETRY] Flushed old metrics. Current buffer sizes: parsing=2851, documents=0

      at TelemetryCollector.flushMetrics (src/services/telemetry.ts:276:15)

  console.log
    [TELEMETRY] Flushed old metrics. Current buffer sizes: parsing=2852, documents=0

      at TelemetryCollector.flushMetrics (src/services/telemetry.ts:276:15)

  console.log
    [TELEMETRY] Flushed old metrics. Current buffer sizes: parsing=2853, documents=0

      at TelemetryCollector.flushMetrics (src/services/telemetry.ts:276:15)

  console.log
    [TELEMETRY] Flushed old metrics. Current buffer sizes: parsing=2854, documents=0

      at TelemetryCollector.flushMetrics (src/services/telemetry.ts:276:15)

  console.log
    [TELEMETRY] Flushed old metrics. Current buffer sizes: parsing=2855, documents=0

      at TelemetryCollector.flushMetrics (src/services/telemetry.ts:276:15)

  console.log
    [TELEMETRY] Flushed old metrics. Current buffer sizes: parsing=2856, documents=0

      at TelemetryCollector.flushMetrics (src/services/telemetry.ts:276:15)

  console.log
    [TELEMETRY] Flushed old metrics. Current buffer sizes: parsing=2857, documents=0

      at TelemetryCollector.flushMetrics (src/services/telemetry.ts:276:15)

  console.log
    [TELEMETRY] Flushed old metrics. Current buffer sizes: parsing=2858, documents=0

      at TelemetryCollector.flushMetrics (src/services/telemetry.ts:276:15)

  console.log
    [TELEMETRY] Flushed old metrics. Current buffer sizes: parsing=2859, documents=0

      at TelemetryCollector.flushMetrics (src/services/telemetry.ts:276:15)

  console.log
    [TELEMETRY] Flushed old metrics. Current buffer sizes: parsing=2860, documents=0

      at TelemetryCollector.flushMetrics (src/services/telemetry.ts:276:15)

  console.log
    [TELEMETRY] Flushed old metrics. Current buffer sizes: parsing=2861, documents=0

      at TelemetryCollector.flushMetrics (src/services/telemetry.ts:276:15)

  console.log
    [TELEMETRY] Flushed old metrics. Current buffer sizes: parsing=2862, documents=0

      at TelemetryCollector.flushMetrics (src/services/telemetry.ts:276:15)

  console.log
    [TELEMETRY] Flushed old metrics. Current buffer sizes: parsing=2863, documents=0

      at TelemetryCollector.flushMetrics (src/services/telemetry.ts:276:15)

  console.log
    [TELEMETRY] Flushed old metrics. Current buffer sizes: parsing=2864, documents=0

      at TelemetryCollector.flushMetrics (src/services/telemetry.ts:276:15)

  console.log
    [TELEMETRY] Flushed old metrics. Current buffer sizes: parsing=2865, documents=0

      at TelemetryCollector.flushMetrics (src/services/telemetry.ts:276:15)

  console.log
    [TELEMETRY] Flushed old metrics. Current buffer sizes: parsing=2866, documents=0

      at TelemetryCollector.flushMetrics (src/services/telemetry.ts:276:15)

  console.log
    [TELEMETRY] Flushed old metrics. Current buffer sizes: parsing=2867, documents=0

      at TelemetryCollector.flushMetrics (src/services/telemetry.ts:276:15)

  console.log
    [TELEMETRY] Flushed old metrics. Current buffer sizes: parsing=2868, documents=0

      at TelemetryCollector.flushMetrics (src/services/telemetry.ts:276:15)

  console.log
    [TELEMETRY] Flushed old metrics. Current buffer sizes: parsing=2869, documents=0

      at TelemetryCollector.flushMetrics (src/services/telemetry.ts:276:15)

  console.log
    [TELEMETRY] Flushed old metrics. Current buffer sizes: parsing=2870, documents=0

      at TelemetryCollector.flushMetrics (src/services/telemetry.ts:276:15)

  console.log
    [TELEMETRY] Flushed old metrics. Current buffer sizes: parsing=2871, documents=0

      at TelemetryCollector.flushMetrics (src/services/telemetry.ts:276:15)

  console.log
    [TELEMETRY] Flushed old metrics. Current buffer sizes: parsing=2872, documents=0

      at TelemetryCollector.flushMetrics (src/services/telemetry.ts:276:15)

  console.log
    [TELEMETRY] Flushed old metrics. Current buffer sizes: parsing=2873, documents=0

      at TelemetryCollector.flushMetrics (src/services/telemetry.ts:276:15)

  console.log
    [TELEMETRY] Flushed old metrics. Current buffer sizes: parsing=2874, documents=0

      at TelemetryCollector.flushMetrics (src/services/telemetry.ts:276:15)

  console.log
    [TELEMETRY] Flushed old metrics. Current buffer sizes: parsing=2875, documents=0

      at TelemetryCollector.flushMetrics (src/services/telemetry.ts:276:15)

  console.log
    [TELEMETRY] Flushed old metrics. Current buffer sizes: parsing=2876, documents=0

      at TelemetryCollector.flushMetrics (src/services/telemetry.ts:276:15)

  console.log
    [TELEMETRY] Flushed old metrics. Current buffer sizes: parsing=2877, documents=0

      at TelemetryCollector.flushMetrics (src/services/telemetry.ts:276:15)

  console.log
    [TELEMETRY] Flushed old metrics. Current buffer sizes: parsing=2878, documents=0

      at TelemetryCollector.flushMetrics (src/services/telemetry.ts:276:15)

  console.log
    [TELEMETRY] Flushed old metrics. Current buffer sizes: parsing=2879, documents=0

      at TelemetryCollector.flushMetrics (src/services/telemetry.ts:276:15)

  console.log
    [TELEMETRY] Flushed old metrics. Current buffer sizes: parsing=2880, documents=0

      at TelemetryCollector.flushMetrics (src/services/telemetry.ts:276:15)

  console.log
    [TELEMETRY] Flushed old metrics. Current buffer sizes: parsing=2881, documents=0

      at TelemetryCollector.flushMetrics (src/services/telemetry.ts:276:15)

  console.log
    [TELEMETRY] Flushed old metrics. Current buffer sizes: parsing=2882, documents=0

      at TelemetryCollector.flushMetrics (src/services/telemetry.ts:276:15)

  console.log
    [TELEMETRY] Flushed old metrics. Current buffer sizes: parsing=2883, documents=0

      at TelemetryCollector.flushMetrics (src/services/telemetry.ts:276:15)

  console.log
    [TELEMETRY] Flushed old metrics. Current buffer sizes: parsing=2884, documents=0

      at TelemetryCollector.flushMetrics (src/services/telemetry.ts:276:15)

  console.log
    [TELEMETRY] Flushed old metrics. Current buffer sizes: parsing=2885, documents=0

      at TelemetryCollector.flushMetrics (src/services/telemetry.ts:276:15)

  console.log
    [TELEMETRY] Flushed old metrics. Current buffer sizes: parsing=2886, documents=0

      at TelemetryCollector.flushMetrics (src/services/telemetry.ts:276:15)

  console.log
    [TELEMETRY] Flushed old metrics. Current buffer sizes: parsing=2887, documents=0

      at TelemetryCollector.flushMetrics (src/services/telemetry.ts:276:15)

  console.log
    [TELEMETRY] Flushed old metrics. Current buffer sizes: parsing=2888, documents=0

      at TelemetryCollector.flushMetrics (src/services/telemetry.ts:276:15)

  console.log
    [TELEMETRY] Flushed old metrics. Current buffer sizes: parsing=2889, documents=0

      at TelemetryCollector.flushMetrics (src/services/telemetry.ts:276:15)

  console.log
    [TELEMETRY] Flushed old metrics. Current buffer sizes: parsing=2890, documents=0

      at TelemetryCollector.flushMetrics (src/services/telemetry.ts:276:15)

  console.log
    [TELEMETRY] Flushed old metrics. Current buffer sizes: parsing=2891, documents=0

      at TelemetryCollector.flushMetrics (src/services/telemetry.ts:276:15)

  console.log
    [TELEMETRY] Flushed old metrics. Current buffer sizes: parsing=2892, documents=0

      at TelemetryCollector.flushMetrics (src/services/telemetry.ts:276:15)

  console.log
    [TELEMETRY] Flushed old metrics. Current buffer sizes: parsing=2893, documents=0

      at TelemetryCollector.flushMetrics (src/services/telemetry.ts:276:15)

  console.log
    [TELEMETRY] Flushed old metrics. Current buffer sizes: parsing=2894, documents=0

      at TelemetryCollector.flushMetrics (src/services/telemetry.ts:276:15)

  console.log
    [TELEMETRY] Flushed old metrics. Current buffer sizes: parsing=2895, documents=0

      at TelemetryCollector.flushMetrics (src/services/telemetry.ts:276:15)

  console.log
    [TELEMETRY] Flushed old metrics. Current buffer sizes: parsing=2896, documents=0

      at TelemetryCollector.flushMetrics (src/services/telemetry.ts:276:15)

  console.log
    [TELEMETRY] Flushed old metrics. Current buffer sizes: parsing=2897, documents=0

      at TelemetryCollector.flushMetrics (src/services/telemetry.ts:276:15)

  console.log
    [TELEMETRY] Flushed old metrics. Current buffer sizes: parsing=2898, documents=0

      at TelemetryCollector.flushMetrics (src/services/telemetry.ts:276:15)

  console.log
    [TELEMETRY] Flushed old metrics. Current buffer sizes: parsing=2899, documents=0

      at TelemetryCollector.flushMetrics (src/services/telemetry.ts:276:15)

  console.log
    [TELEMETRY] Flushed old metrics. Current buffer sizes: parsing=2900, documents=0

      at TelemetryCollector.flushMetrics (src/services/telemetry.ts:276:15)

  console.log
    [TELEMETRY] Flushed old metrics. Current buffer sizes: parsing=2901, documents=0

      at TelemetryCollector.flushMetrics (src/services/telemetry.ts:276:15)

  console.log
    [TELEMETRY] Flushed old metrics. Current buffer sizes: parsing=2902, documents=0

      at TelemetryCollector.flushMetrics (src/services/telemetry.ts:276:15)

  console.log
    [TELEMETRY] Flushed old metrics. Current buffer sizes: parsing=2903, documents=0

      at TelemetryCollector.flushMetrics (src/services/telemetry.ts:276:15)

  console.log
    [TELEMETRY] Flushed old metrics. Current buffer sizes: parsing=2904, documents=0

      at TelemetryCollector.flushMetrics (src/services/telemetry.ts:276:15)

  console.log
    [TELEMETRY] Flushed old metrics. Current buffer sizes: parsing=2905, documents=0

      at TelemetryCollector.flushMetrics (src/services/telemetry.ts:276:15)

  console.log
    [TELEMETRY] Flushed old metrics. Current buffer sizes: parsing=2906, documents=0

      at TelemetryCollector.flushMetrics (src/services/telemetry.ts:276:15)

  console.log
    [TELEMETRY] Flushed old metrics. Current buffer sizes: parsing=2907, documents=0

      at TelemetryCollector.flushMetrics (src/services/telemetry.ts:276:15)

  console.log
    [TELEMETRY] Flushed old metrics. Current buffer sizes: parsing=2908, documents=0

      at TelemetryCollector.flushMetrics (src/services/telemetry.ts:276:15)

  console.log
    [TELEMETRY] Flushed old metrics. Current buffer sizes: parsing=2909, documents=0

      at TelemetryCollector.flushMetrics (src/services/telemetry.ts:276:15)

  console.log
    [TELEMETRY] Flushed old metrics. Current buffer sizes: parsing=2910, documents=0

      at TelemetryCollector.flushMetrics (src/services/telemetry.ts:276:15)

  console.log
    [TELEMETRY] Flushed old metrics. Current buffer sizes: parsing=2911, documents=0

      at TelemetryCollector.flushMetrics (src/services/telemetry.ts:276:15)

  console.log
    [TELEMETRY] Flushed old metrics. Current buffer sizes: parsing=2912, documents=0

      at TelemetryCollector.flushMetrics (src/services/telemetry.ts:276:15)

  console.log
    [TELEMETRY] Flushed old metrics. Current buffer sizes: parsing=2913, documents=0

      at TelemetryCollector.flushMetrics (src/services/telemetry.ts:276:15)

  console.log
    [TELEMETRY] Flushed old metrics. Current buffer sizes: parsing=2914, documents=0

      at TelemetryCollector.flushMetrics (src/services/telemetry.ts:276:15)

  console.log
    [TELEMETRY] Flushed old metrics. Current buffer sizes: parsing=2915, documents=0

      at TelemetryCollector.flushMetrics (src/services/telemetry.ts:276:15)

  console.log
    [TELEMETRY] Flushed old metrics. Current buffer sizes: parsing=2916, documents=0

      at TelemetryCollector.flushMetrics (src/services/telemetry.ts:276:15)

  console.log
    [TELEMETRY] Flushed old metrics. Current buffer sizes: parsing=2917, documents=0

      at TelemetryCollector.flushMetrics (src/services/telemetry.ts:276:15)

  console.log
    [TELEMETRY] Flushed old metrics. Current buffer sizes: parsing=2918, documents=0

      at TelemetryCollector.flushMetrics (src/services/telemetry.ts:276:15)

  console.log
    [TELEMETRY] Flushed old metrics. Current buffer sizes: parsing=2919, documents=0

      at TelemetryCollector.flushMetrics (src/services/telemetry.ts:276:15)

  console.log
    [TELEMETRY] Flushed old metrics. Current buffer sizes: parsing=2920, documents=0

      at TelemetryCollector.flushMetrics (src/services/telemetry.ts:276:15)

  console.log
    [TELEMETRY] Flushed old metrics. Current buffer sizes: parsing=2921, documents=0

      at TelemetryCollector.flushMetrics (src/services/telemetry.ts:276:15)

  console.log
    [TELEMETRY] Flushed old metrics. Current buffer sizes: parsing=2922, documents=0

      at TelemetryCollector.flushMetrics (src/services/telemetry.ts:276:15)

  console.log
    [TELEMETRY] Flushed old metrics. Current buffer sizes: parsing=2923, documents=0

      at TelemetryCollector.flushMetrics (src/services/telemetry.ts:276:15)

  console.log
    [TELEMETRY] Flushed old metrics. Current buffer sizes: parsing=2924, documents=0

      at TelemetryCollector.flushMetrics (src/services/telemetry.ts:276:15)

  console.log
    [TELEMETRY] Flushed old metrics. Current buffer sizes: parsing=2925, documents=0

      at TelemetryCollector.flushMetrics (src/services/telemetry.ts:276:15)

  console.log
    [TELEMETRY] Flushed old metrics. Current buffer sizes: parsing=2926, documents=0

      at TelemetryCollector.flushMetrics (src/services/telemetry.ts:276:15)

  console.log
    [TELEMETRY] Flushed old metrics. Current buffer sizes: parsing=2927, documents=0

      at TelemetryCollector.flushMetrics (src/services/telemetry.ts:276:15)

  console.log
    [TELEMETRY] Flushed old metrics. Current buffer sizes: parsing=2928, documents=0

      at TelemetryCollector.flushMetrics (src/services/telemetry.ts:276:15)

  console.log
    [TELEMETRY] Flushed old metrics. Current buffer sizes: parsing=2929, documents=0

      at TelemetryCollector.flushMetrics (src/services/telemetry.ts:276:15)

  console.log
    [TELEMETRY] Flushed old metrics. Current buffer sizes: parsing=2930, documents=0

      at TelemetryCollector.flushMetrics (src/services/telemetry.ts:276:15)

  console.log
    [TELEMETRY] Flushed old metrics. Current buffer sizes: parsing=2931, documents=0

      at TelemetryCollector.flushMetrics (src/services/telemetry.ts:276:15)

  console.log
    [TELEMETRY] Flushed old metrics. Current buffer sizes: parsing=2932, documents=0

      at TelemetryCollector.flushMetrics (src/services/telemetry.ts:276:15)

  console.log
    [TELEMETRY] Flushed old metrics. Current buffer sizes: parsing=2933, documents=0

      at TelemetryCollector.flushMetrics (src/services/telemetry.ts:276:15)

  console.log
    [TELEMETRY] Flushed old metrics. Current buffer sizes: parsing=2934, documents=0

      at TelemetryCollector.flushMetrics (src/services/telemetry.ts:276:15)

  console.log
    [TELEMETRY] Flushed old metrics. Current buffer sizes: parsing=2935, documents=0

      at TelemetryCollector.flushMetrics (src/services/telemetry.ts:276:15)

  console.log
    [TELEMETRY] Flushed old metrics. Current buffer sizes: parsing=2936, documents=0

      at TelemetryCollector.flushMetrics (src/services/telemetry.ts:276:15)

  console.log
    [TELEMETRY] Flushed old metrics. Current buffer sizes: parsing=2937, documents=0

      at TelemetryCollector.flushMetrics (src/services/telemetry.ts:276:15)

  console.log
    [TELEMETRY] Flushed old metrics. Current buffer sizes: parsing=2938, documents=0

      at TelemetryCollector.flushMetrics (src/services/telemetry.ts:276:15)

  console.log
    [TELEMETRY] Flushed old metrics. Current buffer sizes: parsing=2939, documents=0

      at TelemetryCollector.flushMetrics (src/services/telemetry.ts:276:15)

  console.log
    [TELEMETRY] Flushed old metrics. Current buffer sizes: parsing=2940, documents=0

      at TelemetryCollector.flushMetrics (src/services/telemetry.ts:276:15)

  console.log
    [TELEMETRY] Flushed old metrics. Current buffer sizes: parsing=2941, documents=0

      at TelemetryCollector.flushMetrics (src/services/telemetry.ts:276:15)

  console.log
    [TELEMETRY] Flushed old metrics. Current buffer sizes: parsing=2942, documents=0

      at TelemetryCollector.flushMetrics (src/services/telemetry.ts:276:15)

  console.log
    [TELEMETRY] Flushed old metrics. Current buffer sizes: parsing=2943, documents=0

      at TelemetryCollector.flushMetrics (src/services/telemetry.ts:276:15)

  console.log
    [TELEMETRY] Flushed old metrics. Current buffer sizes: parsing=2944, documents=0

      at TelemetryCollector.flushMetrics (src/services/telemetry.ts:276:15)

  console.log
    [TELEMETRY] Flushed old metrics. Current buffer sizes: parsing=2945, documents=0

      at TelemetryCollector.flushMetrics (src/services/telemetry.ts:276:15)

  console.log
    [TELEMETRY] Flushed old metrics. Current buffer sizes: parsing=2946, documents=0

      at TelemetryCollector.flushMetrics (src/services/telemetry.ts:276:15)

  console.log
    [TELEMETRY] Flushed old metrics. Current buffer sizes: parsing=2947, documents=0

      at TelemetryCollector.flushMetrics (src/services/telemetry.ts:276:15)

  console.log
    [TELEMETRY] Flushed old metrics. Current buffer sizes: parsing=2948, documents=0

      at TelemetryCollector.flushMetrics (src/services/telemetry.ts:276:15)

  console.log
    [TELEMETRY] Flushed old metrics. Current buffer sizes: parsing=2949, documents=0

      at TelemetryCollector.flushMetrics (src/services/telemetry.ts:276:15)

  console.log
    [TELEMETRY] Flushed old metrics. Current buffer sizes: parsing=2950, documents=0

      at TelemetryCollector.flushMetrics (src/services/telemetry.ts:276:15)

  console.log
    [TELEMETRY] Flushed old metrics. Current buffer sizes: parsing=2951, documents=0

      at TelemetryCollector.flushMetrics (src/services/telemetry.ts:276:15)

  console.log
    [TELEMETRY] Flushed old metrics. Current buffer sizes: parsing=2952, documents=0

      at TelemetryCollector.flushMetrics (src/services/telemetry.ts:276:15)

  console.log
    [TELEMETRY] Flushed old metrics. Current buffer sizes: parsing=2953, documents=0

      at TelemetryCollector.flushMetrics (src/services/telemetry.ts:276:15)

  console.log
    [TELEMETRY] Flushed old metrics. Current buffer sizes: parsing=2954, documents=0

      at TelemetryCollector.flushMetrics (src/services/telemetry.ts:276:15)

  console.log
    [TELEMETRY] Flushed old metrics. Current buffer sizes: parsing=2955, documents=0

      at TelemetryCollector.flushMetrics (src/services/telemetry.ts:276:15)

  console.log
    [TELEMETRY] Flushed old metrics. Current buffer sizes: parsing=2956, documents=0

      at TelemetryCollector.flushMetrics (src/services/telemetry.ts:276:15)

  console.log
    [TELEMETRY] Flushed old metrics. Current buffer sizes: parsing=2957, documents=0

      at TelemetryCollector.flushMetrics (src/services/telemetry.ts:276:15)

  console.log
    [TELEMETRY] Flushed old metrics. Current buffer sizes: parsing=2958, documents=0

      at TelemetryCollector.flushMetrics (src/services/telemetry.ts:276:15)

  console.log
    [TELEMETRY] Flushed old metrics. Current buffer sizes: parsing=2959, documents=0

      at TelemetryCollector.flushMetrics (src/services/telemetry.ts:276:15)

  console.log
    [TELEMETRY] Flushed old metrics. Current buffer sizes: parsing=2960, documents=0

      at TelemetryCollector.flushMetrics (src/services/telemetry.ts:276:15)

  console.log
    [TELEMETRY] Flushed old metrics. Current buffer sizes: parsing=2961, documents=0

      at TelemetryCollector.flushMetrics (src/services/telemetry.ts:276:15)

  console.log
    [TELEMETRY] Flushed old metrics. Current buffer sizes: parsing=2962, documents=0

      at TelemetryCollector.flushMetrics (src/services/telemetry.ts:276:15)

  console.log
    [TELEMETRY] Flushed old metrics. Current buffer sizes: parsing=2963, documents=0

      at TelemetryCollector.flushMetrics (src/services/telemetry.ts:276:15)

  console.log
    [TELEMETRY] Flushed old metrics. Current buffer sizes: parsing=2964, documents=0

      at TelemetryCollector.flushMetrics (src/services/telemetry.ts:276:15)

  console.log
    [TELEMETRY] Flushed old metrics. Current buffer sizes: parsing=2965, documents=0

      at TelemetryCollector.flushMetrics (src/services/telemetry.ts:276:15)

  console.log
    [TELEMETRY] Flushed old metrics. Current buffer sizes: parsing=2966, documents=0

      at TelemetryCollector.flushMetrics (src/services/telemetry.ts:276:15)

  console.log
    [TELEMETRY] Flushed old metrics. Current buffer sizes: parsing=2967, documents=0

      at TelemetryCollector.flushMetrics (src/services/telemetry.ts:276:15)

  console.log
    [TELEMETRY] Flushed old metrics. Current buffer sizes: parsing=2968, documents=0

      at TelemetryCollector.flushMetrics (src/services/telemetry.ts:276:15)

  console.log
    [TELEMETRY] Flushed old metrics. Current buffer sizes: parsing=2969, documents=0

      at TelemetryCollector.flushMetrics (src/services/telemetry.ts:276:15)

  console.log
    [TELEMETRY] Flushed old metrics. Current buffer sizes: parsing=2970, documents=0

      at TelemetryCollector.flushMetrics (src/services/telemetry.ts:276:15)

  console.log
    [TELEMETRY] Flushed old metrics. Current buffer sizes: parsing=2971, documents=0

      at TelemetryCollector.flushMetrics (src/services/telemetry.ts:276:15)

  console.log
    [TELEMETRY] Flushed old metrics. Current buffer sizes: parsing=2972, documents=0

      at TelemetryCollector.flushMetrics (src/services/telemetry.ts:276:15)

  console.log
    [TELEMETRY] Flushed old metrics. Current buffer sizes: parsing=2973, documents=0

      at TelemetryCollector.flushMetrics (src/services/telemetry.ts:276:15)

  console.log
    [TELEMETRY] Flushed old metrics. Current buffer sizes: parsing=2974, documents=0

      at TelemetryCollector.flushMetrics (src/services/telemetry.ts:276:15)

  console.log
    [TELEMETRY] Flushed old metrics. Current buffer sizes: parsing=2975, documents=0

      at TelemetryCollector.flushMetrics (src/services/telemetry.ts:276:15)

  console.log
    [TELEMETRY] Flushed old metrics. Current buffer sizes: parsing=2976, documents=0

      at TelemetryCollector.flushMetrics (src/services/telemetry.ts:276:15)

  console.log
    [TELEMETRY] Flushed old metrics. Current buffer sizes: parsing=2977, documents=0

      at TelemetryCollector.flushMetrics (src/services/telemetry.ts:276:15)

  console.log
    [TELEMETRY] Flushed old metrics. Current buffer sizes: parsing=2978, documents=0

      at TelemetryCollector.flushMetrics (src/services/telemetry.ts:276:15)

  console.log
    [TELEMETRY] Flushed old metrics. Current buffer sizes: parsing=2979, documents=0

      at TelemetryCollector.flushMetrics (src/services/telemetry.ts:276:15)

  console.log
    [TELEMETRY] Flushed old metrics. Current buffer sizes: parsing=2980, documents=0

      at TelemetryCollector.flushMetrics (src/services/telemetry.ts:276:15)

  console.log
    [TELEMETRY] Flushed old metrics. Current buffer sizes: parsing=2981, documents=0

      at TelemetryCollector.flushMetrics (src/services/telemetry.ts:276:15)

  console.log
    [TELEMETRY] Flushed old metrics. Current buffer sizes: parsing=2982, documents=0

      at TelemetryCollector.flushMetrics (src/services/telemetry.ts:276:15)

  console.log
    [TELEMETRY] Flushed old metrics. Current buffer sizes: parsing=2983, documents=0

      at TelemetryCollector.flushMetrics (src/services/telemetry.ts:276:15)

  console.log
    [TELEMETRY] Flushed old metrics. Current buffer sizes: parsing=2984, documents=0

      at TelemetryCollector.flushMetrics (src/services/telemetry.ts:276:15)

  console.log
    [TELEMETRY] Flushed old metrics. Current buffer sizes: parsing=2985, documents=0

      at TelemetryCollector.flushMetrics (src/services/telemetry.ts:276:15)

  console.log
    [TELEMETRY] Flushed old metrics. Current buffer sizes: parsing=2986, documents=0

      at TelemetryCollector.flushMetrics (src/services/telemetry.ts:276:15)

  console.log
    [TELEMETRY] Flushed old metrics. Current buffer sizes: parsing=2987, documents=0

      at TelemetryCollector.flushMetrics (src/services/telemetry.ts:276:15)

  console.log
    [TELEMETRY] Flushed old metrics. Current buffer sizes: parsing=2988, documents=0

      at TelemetryCollector.flushMetrics (src/services/telemetry.ts:276:15)

  console.log
    [TELEMETRY] Flushed old metrics. Current buffer sizes: parsing=2989, documents=0

      at TelemetryCollector.flushMetrics (src/services/telemetry.ts:276:15)

  console.log
    [TELEMETRY] Flushed old metrics. Current buffer sizes: parsing=2990, documents=0

      at TelemetryCollector.flushMetrics (src/services/telemetry.ts:276:15)

  console.log
    [TELEMETRY] Flushed old metrics. Current buffer sizes: parsing=2991, documents=0

      at TelemetryCollector.flushMetrics (src/services/telemetry.ts:276:15)

  console.log
    [TELEMETRY] Flushed old metrics. Current buffer sizes: parsing=2992, documents=0

      at TelemetryCollector.flushMetrics (src/services/telemetry.ts:276:15)

  console.log
    [TELEMETRY] Flushed old metrics. Current buffer sizes: parsing=2993, documents=0

      at TelemetryCollector.flushMetrics (src/services/telemetry.ts:276:15)

  console.log
    [TELEMETRY] Flushed old metrics. Current buffer sizes: parsing=2994, documents=0

      at TelemetryCollector.flushMetrics (src/services/telemetry.ts:276:15)

  console.log
    [TELEMETRY] Flushed old metrics. Current buffer sizes: parsing=2995, documents=0

      at TelemetryCollector.flushMetrics (src/services/telemetry.ts:276:15)

  console.log
    [TELEMETRY] Flushed old metrics. Current buffer sizes: parsing=2996, documents=0

      at TelemetryCollector.flushMetrics (src/services/telemetry.ts:276:15)

  console.log
    [TELEMETRY] Flushed old metrics. Current buffer sizes: parsing=2997, documents=0

      at TelemetryCollector.flushMetrics (src/services/telemetry.ts:276:15)

  console.log
    [TELEMETRY] Flushed old metrics. Current buffer sizes: parsing=2998, documents=0

      at TelemetryCollector.flushMetrics (src/services/telemetry.ts:276:15)

  console.log
    [TELEMETRY] Flushed old metrics. Current buffer sizes: parsing=2999, documents=0

      at TelemetryCollector.flushMetrics (src/services/telemetry.ts:276:15)

  console.log
    [TELEMETRY] Flushed old metrics. Current buffer sizes: parsing=3000, documents=0

      at TelemetryCollector.flushMetrics (src/services/telemetry.ts:276:15)

  console.log
    [TELEMETRY] Flushed old metrics. Current buffer sizes: parsing=3001, documents=0

      at TelemetryCollector.flushMetrics (src/services/telemetry.ts:276:15)

  console.log
    [TELEMETRY] Flushed old metrics. Current buffer sizes: parsing=3002, documents=0

      at TelemetryCollector.flushMetrics (src/services/telemetry.ts:276:15)

  console.log
    [TELEMETRY] Flushed old metrics. Current buffer sizes: parsing=3003, documents=0

      at TelemetryCollector.flushMetrics (src/services/telemetry.ts:276:15)

  console.log
    [TELEMETRY] Flushed old metrics. Current buffer sizes: parsing=3004, documents=0

      at TelemetryCollector.flushMetrics (src/services/telemetry.ts:276:15)

  console.log
    [TELEMETRY] Flushed old metrics. Current buffer sizes: parsing=3005, documents=0

      at TelemetryCollector.flushMetrics (src/services/telemetry.ts:276:15)

  console.log
    [TELEMETRY] Flushed old metrics. Current buffer sizes: parsing=3006, documents=0

      at TelemetryCollector.flushMetrics (src/services/telemetry.ts:276:15)

  console.log
    [TELEMETRY] Flushed old metrics. Current buffer sizes: parsing=3007, documents=0

      at TelemetryCollector.flushMetrics (src/services/telemetry.ts:276:15)

  console.log
    [TELEMETRY] Flushed old metrics. Current buffer sizes: parsing=3008, documents=0

      at TelemetryCollector.flushMetrics (src/services/telemetry.ts:276:15)

  console.log
    [TELEMETRY] Flushed old metrics. Current buffer sizes: parsing=3009, documents=0

      at TelemetryCollector.flushMetrics (src/services/telemetry.ts:276:15)

  console.log
    [TELEMETRY] Flushed old metrics. Current buffer sizes: parsing=3010, documents=0

      at TelemetryCollector.flushMetrics (src/services/telemetry.ts:276:15)

  console.log
    [TELEMETRY] Flushed old metrics. Current buffer sizes: parsing=3011, documents=0

      at TelemetryCollector.flushMetrics (src/services/telemetry.ts:276:15)

  console.log
    [TELEMETRY] Flushed old metrics. Current buffer sizes: parsing=3012, documents=0

      at TelemetryCollector.flushMetrics (src/services/telemetry.ts:276:15)

  console.log
    [TELEMETRY] Flushed old metrics. Current buffer sizes: parsing=3013, documents=0

      at TelemetryCollector.flushMetrics (src/services/telemetry.ts:276:15)

  console.log
    [TELEMETRY] Flushed old metrics. Current buffer sizes: parsing=3014, documents=0

      at TelemetryCollector.flushMetrics (src/services/telemetry.ts:276:15)

  console.log
    [TELEMETRY] Flushed old metrics. Current buffer sizes: parsing=3015, documents=0

      at TelemetryCollector.flushMetrics (src/services/telemetry.ts:276:15)

  console.log
    [TELEMETRY] Flushed old metrics. Current buffer sizes: parsing=3016, documents=0

      at TelemetryCollector.flushMetrics (src/services/telemetry.ts:276:15)

  console.log
    [TELEMETRY] Flushed old metrics. Current buffer sizes: parsing=3017, documents=0

      at TelemetryCollector.flushMetrics (src/services/telemetry.ts:276:15)

  console.log
    [TELEMETRY] Flushed old metrics. Current buffer sizes: parsing=3018, documents=0

      at TelemetryCollector.flushMetrics (src/services/telemetry.ts:276:15)

  console.log
    [TELEMETRY] Flushed old metrics. Current buffer sizes: parsing=3019, documents=0

      at TelemetryCollector.flushMetrics (src/services/telemetry.ts:276:15)

  console.log
    [TELEMETRY] Flushed old metrics. Current buffer sizes: parsing=3020, documents=0

      at TelemetryCollector.flushMetrics (src/services/telemetry.ts:276:15)

  console.log
    [TELEMETRY] Flushed old metrics. Current buffer sizes: parsing=3021, documents=0

      at TelemetryCollector.flushMetrics (src/services/telemetry.ts:276:15)

  console.log
    [TELEMETRY] Flushed old metrics. Current buffer sizes: parsing=3022, documents=0

      at TelemetryCollector.flushMetrics (src/services/telemetry.ts:276:15)

  console.log
    [TELEMETRY] Flushed old metrics. Current buffer sizes: parsing=3023, documents=0

      at TelemetryCollector.flushMetrics (src/services/telemetry.ts:276:15)

  console.log
    [TELEMETRY] Flushed old metrics. Current buffer sizes: parsing=3024, documents=0

      at TelemetryCollector.flushMetrics (src/services/telemetry.ts:276:15)

  console.log
    [TELEMETRY] Flushed old metrics. Current buffer sizes: parsing=3025, documents=0

      at TelemetryCollector.flushMetrics (src/services/telemetry.ts:276:15)

  console.log
    [TELEMETRY] Flushed old metrics. Current buffer sizes: parsing=3026, documents=0

      at TelemetryCollector.flushMetrics (src/services/telemetry.ts:276:15)

  console.log
    [TELEMETRY] Flushed old metrics. Current buffer sizes: parsing=3027, documents=0

      at TelemetryCollector.flushMetrics (src/services/telemetry.ts:276:15)

  console.log
    [TELEMETRY] Flushed old metrics. Current buffer sizes: parsing=3028, documents=0

      at TelemetryCollector.flushMetrics (src/services/telemetry.ts:276:15)

  console.log
    [TELEMETRY] Flushed old metrics. Current buffer sizes: parsing=3029, documents=0

      at TelemetryCollector.flushMetrics (src/services/telemetry.ts:276:15)

  console.log
    [TELEMETRY] Flushed old metrics. Current buffer sizes: parsing=3030, documents=0

      at TelemetryCollector.flushMetrics (src/services/telemetry.ts:276:15)

  console.log
    [TELEMETRY] Flushed old metrics. Current buffer sizes: parsing=3031, documents=0

      at TelemetryCollector.flushMetrics (src/services/telemetry.ts:276:15)

  console.log
    [TELEMETRY] Flushed old metrics. Current buffer sizes: parsing=3032, documents=0

      at TelemetryCollector.flushMetrics (src/services/telemetry.ts:276:15)

  console.log
    [TELEMETRY] Flushed old metrics. Current buffer sizes: parsing=3033, documents=0

      at TelemetryCollector.flushMetrics (src/services/telemetry.ts:276:15)

  console.log
    [TELEMETRY] Flushed old metrics. Current buffer sizes: parsing=3034, documents=0

      at TelemetryCollector.flushMetrics (src/services/telemetry.ts:276:15)

  console.log
    [TELEMETRY] Flushed old metrics. Current buffer sizes: parsing=3035, documents=0

      at TelemetryCollector.flushMetrics (src/services/telemetry.ts:276:15)

  console.log
    [TELEMETRY] Flushed old metrics. Current buffer sizes: parsing=3036, documents=0

      at TelemetryCollector.flushMetrics (src/services/telemetry.ts:276:15)

  console.log
    [TELEMETRY] Flushed old metrics. Current buffer sizes: parsing=3037, documents=0

      at TelemetryCollector.flushMetrics (src/services/telemetry.ts:276:15)

  console.log
    [TELEMETRY] Flushed old metrics. Current buffer sizes: parsing=3038, documents=0

      at TelemetryCollector.flushMetrics (src/services/telemetry.ts:276:15)

  console.log
    [TELEMETRY] Flushed old metrics. Current buffer sizes: parsing=3039, documents=0

      at TelemetryCollector.flushMetrics (src/services/telemetry.ts:276:15)

  console.log
    [TELEMETRY] Flushed old metrics. Current buffer sizes: parsing=3040, documents=0

      at TelemetryCollector.flushMetrics (src/services/telemetry.ts:276:15)

  console.log
    [TELEMETRY] Flushed old metrics. Current buffer sizes: parsing=3041, documents=0

      at TelemetryCollector.flushMetrics (src/services/telemetry.ts:276:15)

  console.log
    [TELEMETRY] Flushed old metrics. Current buffer sizes: parsing=3042, documents=0

      at TelemetryCollector.flushMetrics (src/services/telemetry.ts:276:15)

  console.log
    [TELEMETRY] Flushed old metrics. Current buffer sizes: parsing=3043, documents=0

      at TelemetryCollector.flushMetrics (src/services/telemetry.ts:276:15)

  console.log
    [TELEMETRY] Flushed old metrics. Current buffer sizes: parsing=3044, documents=0

      at TelemetryCollector.flushMetrics (src/services/telemetry.ts:276:15)

  console.log
    [TELEMETRY] Flushed old metrics. Current buffer sizes: parsing=3045, documents=0

      at TelemetryCollector.flushMetrics (src/services/telemetry.ts:276:15)

  console.log
    [TELEMETRY] Flushed old metrics. Current buffer sizes: parsing=3046, documents=0

      at TelemetryCollector.flushMetrics (src/services/telemetry.ts:276:15)

  console.log
    [TELEMETRY] Flushed old metrics. Current buffer sizes: parsing=3047, documents=0

      at TelemetryCollector.flushMetrics (src/services/telemetry.ts:276:15)

  console.log
    [TELEMETRY] Flushed old metrics. Current buffer sizes: parsing=3048, documents=0

      at TelemetryCollector.flushMetrics (src/services/telemetry.ts:276:15)

  console.log
    [TELEMETRY] Flushed old metrics. Current buffer sizes: parsing=3049, documents=0

      at TelemetryCollector.flushMetrics (src/services/telemetry.ts:276:15)

  console.log
    [TELEMETRY] Flushed old metrics. Current buffer sizes: parsing=3050, documents=0

      at TelemetryCollector.flushMetrics (src/services/telemetry.ts:276:15)

  console.log
    [TELEMETRY] Flushed old metrics. Current buffer sizes: parsing=3051, documents=0

      at TelemetryCollector.flushMetrics (src/services/telemetry.ts:276:15)

  console.log
    [TELEMETRY] Flushed old metrics. Current buffer sizes: parsing=3052, documents=0

      at TelemetryCollector.flushMetrics (src/services/telemetry.ts:276:15)

  console.log
    [TELEMETRY] Flushed old metrics. Current buffer sizes: parsing=3053, documents=0

      at TelemetryCollector.flushMetrics (src/services/telemetry.ts:276:15)

  console.log
    [TELEMETRY] Flushed old metrics. Current buffer sizes: parsing=3054, documents=0

      at TelemetryCollector.flushMetrics (src/services/telemetry.ts:276:15)

  console.log
    [TELEMETRY] Flushed old metrics. Current buffer sizes: parsing=3055, documents=0

      at TelemetryCollector.flushMetrics (src/services/telemetry.ts:276:15)

  console.log
    [TELEMETRY] Flushed old metrics. Current buffer sizes: parsing=3056, documents=0

      at TelemetryCollector.flushMetrics (src/services/telemetry.ts:276:15)

  console.log
    [TELEMETRY] Flushed old metrics. Current buffer sizes: parsing=3057, documents=0

      at TelemetryCollector.flushMetrics (src/services/telemetry.ts:276:15)

  console.log
    [TELEMETRY] Flushed old metrics. Current buffer sizes: parsing=3058, documents=0

      at TelemetryCollector.flushMetrics (src/services/telemetry.ts:276:15)

  console.log
    [TELEMETRY] Flushed old metrics. Current buffer sizes: parsing=3059, documents=0

      at TelemetryCollector.flushMetrics (src/services/telemetry.ts:276:15)

  console.log
    [TELEMETRY] Flushed old metrics. Current buffer sizes: parsing=3060, documents=0

      at TelemetryCollector.flushMetrics (src/services/telemetry.ts:276:15)

  console.log
    [TELEMETRY] Flushed old metrics. Current buffer sizes: parsing=3061, documents=0

      at TelemetryCollector.flushMetrics (src/services/telemetry.ts:276:15)

  console.log
    [TELEMETRY] Flushed old metrics. Current buffer sizes: parsing=3062, documents=0

      at TelemetryCollector.flushMetrics (src/services/telemetry.ts:276:15)

  console.log
    [TELEMETRY] Flushed old metrics. Current buffer sizes: parsing=3063, documents=0

      at TelemetryCollector.flushMetrics (src/services/telemetry.ts:276:15)

  console.log
    [TELEMETRY] Flushed old metrics. Current buffer sizes: parsing=3064, documents=0

      at TelemetryCollector.flushMetrics (src/services/telemetry.ts:276:15)

  console.log
    [TELEMETRY] Flushed old metrics. Current buffer sizes: parsing=3065, documents=0

      at TelemetryCollector.flushMetrics (src/services/telemetry.ts:276:15)

  console.log
    [TELEMETRY] Flushed old metrics. Current buffer sizes: parsing=3066, documents=0

      at TelemetryCollector.flushMetrics (src/services/telemetry.ts:276:15)

  console.log
    [TELEMETRY] Flushed old metrics. Current buffer sizes: parsing=3067, documents=0

      at TelemetryCollector.flushMetrics (src/services/telemetry.ts:276:15)

  console.log
    [TELEMETRY] Flushed old metrics. Current buffer sizes: parsing=3068, documents=0

      at TelemetryCollector.flushMetrics (src/services/telemetry.ts:276:15)

  console.log
    [TELEMETRY] Flushed old metrics. Current buffer sizes: parsing=3069, documents=0

      at TelemetryCollector.flushMetrics (src/services/telemetry.ts:276:15)

  console.log
    [TELEMETRY] Flushed old metrics. Current buffer sizes: parsing=3070, documents=0

      at TelemetryCollector.flushMetrics (src/services/telemetry.ts:276:15)

  console.log
    [TELEMETRY] Flushed old metrics. Current buffer sizes: parsing=3071, documents=0

      at TelemetryCollector.flushMetrics (src/services/telemetry.ts:276:15)

  console.log
    [TELEMETRY] Flushed old metrics. Current buffer sizes: parsing=3072, documents=0

      at TelemetryCollector.flushMetrics (src/services/telemetry.ts:276:15)

  console.log
    [TELEMETRY] Flushed old metrics. Current buffer sizes: parsing=3073, documents=0

      at TelemetryCollector.flushMetrics (src/services/telemetry.ts:276:15)

  console.log
    [TELEMETRY] Flushed old metrics. Current buffer sizes: parsing=3074, documents=0

      at TelemetryCollector.flushMetrics (src/services/telemetry.ts:276:15)

  console.log
    [TELEMETRY] Flushed old metrics. Current buffer sizes: parsing=3075, documents=0

      at TelemetryCollector.flushMetrics (src/services/telemetry.ts:276:15)

  console.log
    [TELEMETRY] Flushed old metrics. Current buffer sizes: parsing=3076, documents=0

      at TelemetryCollector.flushMetrics (src/services/telemetry.ts:276:15)

  console.log
    [TELEMETRY] Flushed old metrics. Current buffer sizes: parsing=3077, documents=0

      at TelemetryCollector.flushMetrics (src/services/telemetry.ts:276:15)

  console.log
    [TELEMETRY] Flushed old metrics. Current buffer sizes: parsing=3078, documents=0

      at TelemetryCollector.flushMetrics (src/services/telemetry.ts:276:15)

  console.log
    [TELEMETRY] Flushed old metrics. Current buffer sizes: parsing=3079, documents=0

      at TelemetryCollector.flushMetrics (src/services/telemetry.ts:276:15)

  console.log
    [TELEMETRY] Flushed old metrics. Current buffer sizes: parsing=3080, documents=0

      at TelemetryCollector.flushMetrics (src/services/telemetry.ts:276:15)

  console.log
    [TELEMETRY] Flushed old metrics. Current buffer sizes: parsing=3081, documents=0

      at TelemetryCollector.flushMetrics (src/services/telemetry.ts:276:15)

  console.log
    [TELEMETRY] Flushed old metrics. Current buffer sizes: parsing=3082, documents=0

      at TelemetryCollector.flushMetrics (src/services/telemetry.ts:276:15)

  console.log
    [TELEMETRY] Flushed old metrics. Current buffer sizes: parsing=3083, documents=0

      at TelemetryCollector.flushMetrics (src/services/telemetry.ts:276:15)

  console.log
    [TELEMETRY] Flushed old metrics. Current buffer sizes: parsing=3084, documents=0

      at TelemetryCollector.flushMetrics (src/services/telemetry.ts:276:15)

  console.log
    [TELEMETRY] Flushed old metrics. Current buffer sizes: parsing=3085, documents=0

      at TelemetryCollector.flushMetrics (src/services/telemetry.ts:276:15)

  console.log
    [TELEMETRY] Flushed old metrics. Current buffer sizes: parsing=3086, documents=0

      at TelemetryCollector.flushMetrics (src/services/telemetry.ts:276:15)

  console.log
    [TELEMETRY] Flushed old metrics. Current buffer sizes: parsing=3087, documents=0

      at TelemetryCollector.flushMetrics (src/services/telemetry.ts:276:15)

  console.log
    [TELEMETRY] Flushed old metrics. Current buffer sizes: parsing=3088, documents=0

      at TelemetryCollector.flushMetrics (src/services/telemetry.ts:276:15)

  console.log
    [TELEMETRY] Flushed old metrics. Current buffer sizes: parsing=3089, documents=0

      at TelemetryCollector.flushMetrics (src/services/telemetry.ts:276:15)

  console.log
    [TELEMETRY] Flushed old metrics. Current buffer sizes: parsing=3090, documents=0

      at TelemetryCollector.flushMetrics (src/services/telemetry.ts:276:15)

  console.log
    [TELEMETRY] Flushed old metrics. Current buffer sizes: parsing=3091, documents=0

      at TelemetryCollector.flushMetrics (src/services/telemetry.ts:276:15)

  console.log
    [TELEMETRY] Flushed old metrics. Current buffer sizes: parsing=3092, documents=0

      at TelemetryCollector.flushMetrics (src/services/telemetry.ts:276:15)

  console.log
    [TELEMETRY] Flushed old metrics. Current buffer sizes: parsing=3093, documents=0

      at TelemetryCollector.flushMetrics (src/services/telemetry.ts:276:15)

  console.log
    [TELEMETRY] Flushed old metrics. Current buffer sizes: parsing=3094, documents=0

      at TelemetryCollector.flushMetrics (src/services/telemetry.ts:276:15)

  console.log
    [TELEMETRY] Flushed old metrics. Current buffer sizes: parsing=3095, documents=0

      at TelemetryCollector.flushMetrics (src/services/telemetry.ts:276:15)

  console.log
    [TELEMETRY] Flushed old metrics. Current buffer sizes: parsing=3096, documents=0

      at TelemetryCollector.flushMetrics (src/services/telemetry.ts:276:15)

  console.log
    [TELEMETRY] Flushed old metrics. Current buffer sizes: parsing=3097, documents=0

      at TelemetryCollector.flushMetrics (src/services/telemetry.ts:276:15)

  console.log
    [TELEMETRY] Flushed old metrics. Current buffer sizes: parsing=3098, documents=0

      at TelemetryCollector.flushMetrics (src/services/telemetry.ts:276:15)

  console.log
    [TELEMETRY] Flushed old metrics. Current buffer sizes: parsing=3099, documents=0

      at TelemetryCollector.flushMetrics (src/services/telemetry.ts:276:15)

  console.log
    [TELEMETRY] Flushed old metrics. Current buffer sizes: parsing=3100, documents=0

      at TelemetryCollector.flushMetrics (src/services/telemetry.ts:276:15)

  console.log
    [TELEMETRY] Flushed old metrics. Current buffer sizes: parsing=3101, documents=0

      at TelemetryCollector.flushMetrics (src/services/telemetry.ts:276:15)

  console.log
    [TELEMETRY] Flushed old metrics. Current buffer sizes: parsing=3102, documents=0

      at TelemetryCollector.flushMetrics (src/services/telemetry.ts:276:15)

  console.log
    [TELEMETRY] Flushed old metrics. Current buffer sizes: parsing=3103, documents=0

      at TelemetryCollector.flushMetrics (src/services/telemetry.ts:276:15)

  console.log
    [TELEMETRY] Flushed old metrics. Current buffer sizes: parsing=3104, documents=0

      at TelemetryCollector.flushMetrics (src/services/telemetry.ts:276:15)

  console.log
    [TELEMETRY] Flushed old metrics. Current buffer sizes: parsing=3105, documents=0

      at TelemetryCollector.flushMetrics (src/services/telemetry.ts:276:15)

  console.log
    [TELEMETRY] Flushed old metrics. Current buffer sizes: parsing=3106, documents=0

      at TelemetryCollector.flushMetrics (src/services/telemetry.ts:276:15)

  console.log
    [TELEMETRY] Flushed old metrics. Current buffer sizes: parsing=3107, documents=0

      at TelemetryCollector.flushMetrics (src/services/telemetry.ts:276:15)

  console.log
    [TELEMETRY] Flushed old metrics. Current buffer sizes: parsing=3108, documents=0

      at TelemetryCollector.flushMetrics (src/services/telemetry.ts:276:15)

  console.log
    [TELEMETRY] Flushed old metrics. Current buffer sizes: parsing=3109, documents=0

      at TelemetryCollector.flushMetrics (src/services/telemetry.ts:276:15)

  console.log
    [TELEMETRY] Flushed old metrics. Current buffer sizes: parsing=3110, documents=0

      at TelemetryCollector.flushMetrics (src/services/telemetry.ts:276:15)

  console.log
    [TELEMETRY] Flushed old metrics. Current buffer sizes: parsing=3111, documents=0

      at TelemetryCollector.flushMetrics (src/services/telemetry.ts:276:15)

  console.log
    [TELEMETRY] Flushed old metrics. Current buffer sizes: parsing=3112, documents=0

      at TelemetryCollector.flushMetrics (src/services/telemetry.ts:276:15)

  console.log
    [TELEMETRY] Flushed old metrics. Current buffer sizes: parsing=3113, documents=0

      at TelemetryCollector.flushMetrics (src/services/telemetry.ts:276:15)

  console.log
    [TELEMETRY] Flushed old metrics. Current buffer sizes: parsing=3114, documents=0

      at TelemetryCollector.flushMetrics (src/services/telemetry.ts:276:15)

  console.log
    [TELEMETRY] Flushed old metrics. Current buffer sizes: parsing=3115, documents=0

      at TelemetryCollector.flushMetrics (src/services/telemetry.ts:276:15)

  console.log
    [TELEMETRY] Flushed old metrics. Current buffer sizes: parsing=3116, documents=0

      at TelemetryCollector.flushMetrics (src/services/telemetry.ts:276:15)

  console.log
    [TELEMETRY] Flushed old metrics. Current buffer sizes: parsing=3117, documents=0

      at TelemetryCollector.flushMetrics (src/services/telemetry.ts:276:15)

  console.log
    [TELEMETRY] Flushed old metrics. Current buffer sizes: parsing=3118, documents=0

      at TelemetryCollector.flushMetrics (src/services/telemetry.ts:276:15)

  console.log
    [TELEMETRY] Flushed old metrics. Current buffer sizes: parsing=3119, documents=0

      at TelemetryCollector.flushMetrics (src/services/telemetry.ts:276:15)

  console.log
    [TELEMETRY] Flushed old metrics. Current buffer sizes: parsing=3120, documents=0

      at TelemetryCollector.flushMetrics (src/services/telemetry.ts:276:15)

  console.log
    [TELEMETRY] Flushed old metrics. Current buffer sizes: parsing=3121, documents=0

      at TelemetryCollector.flushMetrics (src/services/telemetry.ts:276:15)

  console.log
    [TELEMETRY] Flushed old metrics. Current buffer sizes: parsing=3122, documents=0

      at TelemetryCollector.flushMetrics (src/services/telemetry.ts:276:15)

  console.log
    [TELEMETRY] Flushed old metrics. Current buffer sizes: parsing=3123, documents=0

      at TelemetryCollector.flushMetrics (src/services/telemetry.ts:276:15)

  console.log
    [TELEMETRY] Flushed old metrics. Current buffer sizes: parsing=3124, documents=0

      at TelemetryCollector.flushMetrics (src/services/telemetry.ts:276:15)

  console.log
    [TELEMETRY] Flushed old metrics. Current buffer sizes: parsing=3125, documents=0

      at TelemetryCollector.flushMetrics (src/services/telemetry.ts:276:15)

  console.log
    [TELEMETRY] Flushed old metrics. Current buffer sizes: parsing=3126, documents=0

      at TelemetryCollector.flushMetrics (src/services/telemetry.ts:276:15)

  console.log
    [TELEMETRY] Flushed old metrics. Current buffer sizes: parsing=3127, documents=0

      at TelemetryCollector.flushMetrics (src/services/telemetry.ts:276:15)

  console.log
    [TELEMETRY] Flushed old metrics. Current buffer sizes: parsing=3128, documents=0

      at TelemetryCollector.flushMetrics (src/services/telemetry.ts:276:15)

  console.log
    [TELEMETRY] Flushed old metrics. Current buffer sizes: parsing=3129, documents=0

      at TelemetryCollector.flushMetrics (src/services/telemetry.ts:276:15)

  console.log
    [TELEMETRY] Flushed old metrics. Current buffer sizes: parsing=3130, documents=0

      at TelemetryCollector.flushMetrics (src/services/telemetry.ts:276:15)

  console.log
    [TELEMETRY] Flushed old metrics. Current buffer sizes: parsing=3131, documents=0

      at TelemetryCollector.flushMetrics (src/services/telemetry.ts:276:15)

  console.log
    [TELEMETRY] Flushed old metrics. Current buffer sizes: parsing=3132, documents=0

      at TelemetryCollector.flushMetrics (src/services/telemetry.ts:276:15)

  console.log
    [TELEMETRY] Flushed old metrics. Current buffer sizes: parsing=3133, documents=0

      at TelemetryCollector.flushMetrics (src/services/telemetry.ts:276:15)

  console.log
    [TELEMETRY] Flushed old metrics. Current buffer sizes: parsing=3134, documents=0

      at TelemetryCollector.flushMetrics (src/services/telemetry.ts:276:15)

  console.log
    [TELEMETRY] Flushed old metrics. Current buffer sizes: parsing=3135, documents=0

      at TelemetryCollector.flushMetrics (src/services/telemetry.ts:276:15)

  console.log
    [TELEMETRY] Flushed old metrics. Current buffer sizes: parsing=3136, documents=0

      at TelemetryCollector.flushMetrics (src/services/telemetry.ts:276:15)

  console.log
    [TELEMETRY] Flushed old metrics. Current buffer sizes: parsing=3137, documents=0

      at TelemetryCollector.flushMetrics (src/services/telemetry.ts:276:15)

  console.log
    [TELEMETRY] Flushed old metrics. Current buffer sizes: parsing=3138, documents=0

      at TelemetryCollector.flushMetrics (src/services/telemetry.ts:276:15)

  console.log
    [TELEMETRY] Flushed old metrics. Current buffer sizes: parsing=3139, documents=0

      at TelemetryCollector.flushMetrics (src/services/telemetry.ts:276:15)

  console.log
    [TELEMETRY] Flushed old metrics. Current buffer sizes: parsing=3140, documents=0

      at TelemetryCollector.flushMetrics (src/services/telemetry.ts:276:15)

  console.log
    [TELEMETRY] Flushed old metrics. Current buffer sizes: parsing=3141, documents=0

      at TelemetryCollector.flushMetrics (src/services/telemetry.ts:276:15)

  console.log
    [TELEMETRY] Flushed old metrics. Current buffer sizes: parsing=3142, documents=0

      at TelemetryCollector.flushMetrics (src/services/telemetry.ts:276:15)

  console.log
    [TELEMETRY] Flushed old metrics. Current buffer sizes: parsing=3143, documents=0

      at TelemetryCollector.flushMetrics (src/services/telemetry.ts:276:15)

  console.log
    [TELEMETRY] Flushed old metrics. Current buffer sizes: parsing=3144, documents=0

      at TelemetryCollector.flushMetrics (src/services/telemetry.ts:276:15)

  console.log
    [TELEMETRY] Flushed old metrics. Current buffer sizes: parsing=3145, documents=0

      at TelemetryCollector.flushMetrics (src/services/telemetry.ts:276:15)

  console.log
    [TELEMETRY] Flushed old metrics. Current buffer sizes: parsing=3146, documents=0

      at TelemetryCollector.flushMetrics (src/services/telemetry.ts:276:15)

  console.log
    [TELEMETRY] Flushed old metrics. Current buffer sizes: parsing=3147, documents=0

      at TelemetryCollector.flushMetrics (src/services/telemetry.ts:276:15)

  console.log
    [TELEMETRY] Flushed old metrics. Current buffer sizes: parsing=3148, documents=0

      at TelemetryCollector.flushMetrics (src/services/telemetry.ts:276:15)

  console.log
    [TELEMETRY] Flushed old metrics. Current buffer sizes: parsing=3149, documents=0

      at TelemetryCollector.flushMetrics (src/services/telemetry.ts:276:15)

  console.log
    [TELEMETRY] Flushed old metrics. Current buffer sizes: parsing=3150, documents=0

      at TelemetryCollector.flushMetrics (src/services/telemetry.ts:276:15)

  console.log
    [TELEMETRY] Flushed old metrics. Current buffer sizes: parsing=3151, documents=0

      at TelemetryCollector.flushMetrics (src/services/telemetry.ts:276:15)

  console.log
    [TELEMETRY] Flushed old metrics. Current buffer sizes: parsing=3152, documents=0

      at TelemetryCollector.flushMetrics (src/services/telemetry.ts:276:15)

  console.log
    [TELEMETRY] Flushed old metrics. Current buffer sizes: parsing=3153, documents=0

      at TelemetryCollector.flushMetrics (src/services/telemetry.ts:276:15)

  console.log
    [TELEMETRY] Flushed old metrics. Current buffer sizes: parsing=3154, documents=0

      at TelemetryCollector.flushMetrics (src/services/telemetry.ts:276:15)

  console.log
    [TELEMETRY] Flushed old metrics. Current buffer sizes: parsing=3155, documents=0

      at TelemetryCollector.flushMetrics (src/services/telemetry.ts:276:15)

  console.log
    [TELEMETRY] Flushed old metrics. Current buffer sizes: parsing=3156, documents=0

      at TelemetryCollector.flushMetrics (src/services/telemetry.ts:276:15)

  console.log
    [TELEMETRY] Flushed old metrics. Current buffer sizes: parsing=3157, documents=0

      at TelemetryCollector.flushMetrics (src/services/telemetry.ts:276:15)

  console.log
    [TELEMETRY] Flushed old metrics. Current buffer sizes: parsing=3158, documents=0

      at TelemetryCollector.flushMetrics (src/services/telemetry.ts:276:15)

  console.log
    [TELEMETRY] Flushed old metrics. Current buffer sizes: parsing=3159, documents=0

      at TelemetryCollector.flushMetrics (src/services/telemetry.ts:276:15)

  console.log
    [TELEMETRY] Flushed old metrics. Current buffer sizes: parsing=3160, documents=0

      at TelemetryCollector.flushMetrics (src/services/telemetry.ts:276:15)

  console.log
    [TELEMETRY] Flushed old metrics. Current buffer sizes: parsing=3161, documents=0

      at TelemetryCollector.flushMetrics (src/services/telemetry.ts:276:15)

  console.log
    [TELEMETRY] Flushed old metrics. Current buffer sizes: parsing=3162, documents=0

      at TelemetryCollector.flushMetrics (src/services/telemetry.ts:276:15)

  console.log
    [TELEMETRY] Flushed old metrics. Current buffer sizes: parsing=3163, documents=0

      at TelemetryCollector.flushMetrics (src/services/telemetry.ts:276:15)

  console.log
    [TELEMETRY] Flushed old metrics. Current buffer sizes: parsing=3164, documents=0

      at TelemetryCollector.flushMetrics (src/services/telemetry.ts:276:15)

  console.log
    [TELEMETRY] Flushed old metrics. Current buffer sizes: parsing=3165, documents=0

      at TelemetryCollector.flushMetrics (src/services/telemetry.ts:276:15)

  console.log
    [TELEMETRY] Flushed old metrics. Current buffer sizes: parsing=3166, documents=0

      at TelemetryCollector.flushMetrics (src/services/telemetry.ts:276:15)

  console.log
    [TELEMETRY] Flushed old metrics. Current buffer sizes: parsing=3167, documents=0

      at TelemetryCollector.flushMetrics (src/services/telemetry.ts:276:15)

  console.log
    [TELEMETRY] Flushed old metrics. Current buffer sizes: parsing=3168, documents=0

      at TelemetryCollector.flushMetrics (src/services/telemetry.ts:276:15)

  console.log
    [TELEMETRY] Flushed old metrics. Current buffer sizes: parsing=3169, documents=0

      at TelemetryCollector.flushMetrics (src/services/telemetry.ts:276:15)

  console.log
    [TELEMETRY] Flushed old metrics. Current buffer sizes: parsing=3170, documents=0

      at TelemetryCollector.flushMetrics (src/services/telemetry.ts:276:15)

  console.log
    [TELEMETRY] Flushed old metrics. Current buffer sizes: parsing=3171, documents=0

      at TelemetryCollector.flushMetrics (src/services/telemetry.ts:276:15)

  console.log
    [TELEMETRY] Flushed old metrics. Current buffer sizes: parsing=3172, documents=0

      at TelemetryCollector.flushMetrics (src/services/telemetry.ts:276:15)

  console.log
    [TELEMETRY] Flushed old metrics. Current buffer sizes: parsing=3173, documents=0

      at TelemetryCollector.flushMetrics (src/services/telemetry.ts:276:15)

  console.log
    [TELEMETRY] Flushed old metrics. Current buffer sizes: parsing=3174, documents=0

      at TelemetryCollector.flushMetrics (src/services/telemetry.ts:276:15)

  console.log
    [TELEMETRY] Flushed old metrics. Current buffer sizes: parsing=3175, documents=0

      at TelemetryCollector.flushMetrics (src/services/telemetry.ts:276:15)

  console.log
    [TELEMETRY] Flushed old metrics. Current buffer sizes: parsing=3176, documents=0

      at TelemetryCollector.flushMetrics (src/services/telemetry.ts:276:15)

  console.log
    [TELEMETRY] Flushed old metrics. Current buffer sizes: parsing=3177, documents=0

      at TelemetryCollector.flushMetrics (src/services/telemetry.ts:276:15)

  console.log
    [TELEMETRY] Flushed old metrics. Current buffer sizes: parsing=3178, documents=0

      at TelemetryCollector.flushMetrics (src/services/telemetry.ts:276:15)

  console.log
    [TELEMETRY] Flushed old metrics. Current buffer sizes: parsing=3179, documents=0

      at TelemetryCollector.flushMetrics (src/services/telemetry.ts:276:15)

  console.log
    [TELEMETRY] Flushed old metrics. Current buffer sizes: parsing=3180, documents=0

      at TelemetryCollector.flushMetrics (src/services/telemetry.ts:276:15)

  console.log
    [TELEMETRY] Flushed old metrics. Current buffer sizes: parsing=3181, documents=0

      at TelemetryCollector.flushMetrics (src/services/telemetry.ts:276:15)

  console.log
    [TELEMETRY] Flushed old metrics. Current buffer sizes: parsing=3182, documents=0

      at TelemetryCollector.flushMetrics (src/services/telemetry.ts:276:15)

  console.log
    [TELEMETRY] Flushed old metrics. Current buffer sizes: parsing=3183, documents=0

      at TelemetryCollector.flushMetrics (src/services/telemetry.ts:276:15)

  console.log
    [TELEMETRY] Flushed old metrics. Current buffer sizes: parsing=3184, documents=0

      at TelemetryCollector.flushMetrics (src/services/telemetry.ts:276:15)

  console.log
    [TELEMETRY] Flushed old metrics. Current buffer sizes: parsing=3185, documents=0

      at TelemetryCollector.flushMetrics (src/services/telemetry.ts:276:15)

  console.log
    [TELEMETRY] Flushed old metrics. Current buffer sizes: parsing=3186, documents=0

      at TelemetryCollector.flushMetrics (src/services/telemetry.ts:276:15)

  console.log
    [TELEMETRY] Flushed old metrics. Current buffer sizes: parsing=3187, documents=0

      at TelemetryCollector.flushMetrics (src/services/telemetry.ts:276:15)

  console.log
    [TELEMETRY] Flushed old metrics. Current buffer sizes: parsing=3188, documents=0

      at TelemetryCollector.flushMetrics (src/services/telemetry.ts:276:15)

  console.log
    [TELEMETRY] Flushed old metrics. Current buffer sizes: parsing=3189, documents=0

      at TelemetryCollector.flushMetrics (src/services/telemetry.ts:276:15)

  console.log
    [TELEMETRY] Flushed old metrics. Current buffer sizes: parsing=3190, documents=0

      at TelemetryCollector.flushMetrics (src/services/telemetry.ts:276:15)

  console.log
    [TELEMETRY] Flushed old metrics. Current buffer sizes: parsing=3191, documents=0

      at TelemetryCollector.flushMetrics (src/services/telemetry.ts:276:15)

  console.log
    [TELEMETRY] Flushed old metrics. Current buffer sizes: parsing=3192, documents=0

      at TelemetryCollector.flushMetrics (src/services/telemetry.ts:276:15)

  console.log
    [TELEMETRY] Flushed old metrics. Current buffer sizes: parsing=3193, documents=0

      at TelemetryCollector.flushMetrics (src/services/telemetry.ts:276:15)

  console.log
    [TELEMETRY] Flushed old metrics. Current buffer sizes: parsing=3194, documents=0

      at TelemetryCollector.flushMetrics (src/services/telemetry.ts:276:15)

  console.log
    [TELEMETRY] Flushed old metrics. Current buffer sizes: parsing=3195, documents=0

      at TelemetryCollector.flushMetrics (src/services/telemetry.ts:276:15)

  console.log
    [TELEMETRY] Flushed old metrics. Current buffer sizes: parsing=3196, documents=0

      at TelemetryCollector.flushMetrics (src/services/telemetry.ts:276:15)

  console.log
    [TELEMETRY] Flushed old metrics. Current buffer sizes: parsing=3197, documents=0

      at TelemetryCollector.flushMetrics (src/services/telemetry.ts:276:15)

  console.log
    [TELEMETRY] Flushed old metrics. Current buffer sizes: parsing=3198, documents=0

      at TelemetryCollector.flushMetrics (src/services/telemetry.ts:276:15)

  console.log
    [TELEMETRY] Flushed old metrics. Current buffer sizes: parsing=3199, documents=0

      at TelemetryCollector.flushMetrics (src/services/telemetry.ts:276:15)

  console.log
    [TELEMETRY] Flushed old metrics. Current buffer sizes: parsing=3200, documents=0

      at TelemetryCollector.flushMetrics (src/services/telemetry.ts:276:15)

  console.log
    [TELEMETRY] Flushed old metrics. Current buffer sizes: parsing=3201, documents=0

      at TelemetryCollector.flushMetrics (src/services/telemetry.ts:276:15)

  console.log
    [TELEMETRY] Flushed old metrics. Current buffer sizes: parsing=3202, documents=0

      at TelemetryCollector.flushMetrics (src/services/telemetry.ts:276:15)

  console.log
    [TELEMETRY] Flushed old metrics. Current buffer sizes: parsing=3203, documents=0

      at TelemetryCollector.flushMetrics (src/services/telemetry.ts:276:15)

  console.log
    [TELEMETRY] Flushed old metrics. Current buffer sizes: parsing=3204, documents=0

      at TelemetryCollector.flushMetrics (src/services/telemetry.ts:276:15)

  console.log
    [TELEMETRY] Flushed old metrics. Current buffer sizes: parsing=3205, documents=0

      at TelemetryCollector.flushMetrics (src/services/telemetry.ts:276:15)

  console.log
    [TELEMETRY] Flushed old metrics. Current buffer sizes: parsing=3206, documents=0

      at TelemetryCollector.flushMetrics (src/services/telemetry.ts:276:15)

  console.log
    [TELEMETRY] Flushed old metrics. Current buffer sizes: parsing=3207, documents=0

      at TelemetryCollector.flushMetrics (src/services/telemetry.ts:276:15)

  console.log
    [TELEMETRY] Flushed old metrics. Current buffer sizes: parsing=3208, documents=0

      at TelemetryCollector.flushMetrics (src/services/telemetry.ts:276:15)

  console.log
    [TELEMETRY] Flushed old metrics. Current buffer sizes: parsing=3209, documents=0

      at TelemetryCollector.flushMetrics (src/services/telemetry.ts:276:15)

  console.log
    [TELEMETRY] Flushed old metrics. Current buffer sizes: parsing=3210, documents=0

      at TelemetryCollector.flushMetrics (src/services/telemetry.ts:276:15)

  console.log
    [TELEMETRY] Flushed old metrics. Current buffer sizes: parsing=3211, documents=0

      at TelemetryCollector.flushMetrics (src/services/telemetry.ts:276:15)

  console.log
    [TELEMETRY] Flushed old metrics. Current buffer sizes: parsing=3212, documents=0

      at TelemetryCollector.flushMetrics (src/services/telemetry.ts:276:15)

  console.log
    [TELEMETRY] Flushed old metrics. Current buffer sizes: parsing=3213, documents=0

      at TelemetryCollector.flushMetrics (src/services/telemetry.ts:276:15)

  console.log
    [TELEMETRY] Flushed old metrics. Current buffer sizes: parsing=3214, documents=0

      at TelemetryCollector.flushMetrics (src/services/telemetry.ts:276:15)

  console.log
    [TELEMETRY] Flushed old metrics. Current buffer sizes: parsing=3215, documents=0

      at TelemetryCollector.flushMetrics (src/services/telemetry.ts:276:15)

  console.log
    [TELEMETRY] Flushed old metrics. Current buffer sizes: parsing=3216, documents=0

      at TelemetryCollector.flushMetrics (src/services/telemetry.ts:276:15)

  console.log
    [TELEMETRY] Flushed old metrics. Current buffer sizes: parsing=3217, documents=0

      at TelemetryCollector.flushMetrics (src/services/telemetry.ts:276:15)

  console.log
    [TELEMETRY] Flushed old metrics. Current buffer sizes: parsing=3218, documents=0

      at TelemetryCollector.flushMetrics (src/services/telemetry.ts:276:15)

  console.log
    [TELEMETRY] Flushed old metrics. Current buffer sizes: parsing=3219, documents=0

      at TelemetryCollector.flushMetrics (src/services/telemetry.ts:276:15)

  console.log
    [TELEMETRY] Flushed old metrics. Current buffer sizes: parsing=3220, documents=0

      at TelemetryCollector.flushMetrics (src/services/telemetry.ts:276:15)

  console.log
    [TELEMETRY] Flushed old metrics. Current buffer sizes: parsing=3221, documents=0

      at TelemetryCollector.flushMetrics (src/services/telemetry.ts:276:15)

  console.log
    [TELEMETRY] Flushed old metrics. Current buffer sizes: parsing=3222, documents=0

      at TelemetryCollector.flushMetrics (src/services/telemetry.ts:276:15)

  console.log
    [TELEMETRY] Flushed old metrics. Current buffer sizes: parsing=3223, documents=0

      at TelemetryCollector.flushMetrics (src/services/telemetry.ts:276:15)

  console.log
    [TELEMETRY] Flushed old metrics. Current buffer sizes: parsing=3224, documents=0

      at TelemetryCollector.flushMetrics (src/services/telemetry.ts:276:15)

  console.log
    [TELEMETRY] Flushed old metrics. Current buffer sizes: parsing=3225, documents=0

      at TelemetryCollector.flushMetrics (src/services/telemetry.ts:276:15)

  console.log
    [TELEMETRY] Flushed old metrics. Current buffer sizes: parsing=3226, documents=0

      at TelemetryCollector.flushMetrics (src/services/telemetry.ts:276:15)

  console.log
    [TELEMETRY] Flushed old metrics. Current buffer sizes: parsing=3227, documents=0

      at TelemetryCollector.flushMetrics (src/services/telemetry.ts:276:15)

  console.log
    [TELEMETRY] Flushed old metrics. Current buffer sizes: parsing=3228, documents=0

      at TelemetryCollector.flushMetrics (src/services/telemetry.ts:276:15)

  console.log
    [TELEMETRY] Flushed old metrics. Current buffer sizes: parsing=3229, documents=0

      at TelemetryCollector.flushMetrics (src/services/telemetry.ts:276:15)

  console.log
    [TELEMETRY] Flushed old metrics. Current buffer sizes: parsing=3230, documents=0

      at TelemetryCollector.flushMetrics (src/services/telemetry.ts:276:15)

  console.log
    [TELEMETRY] Flushed old metrics. Current buffer sizes: parsing=3231, documents=0

      at TelemetryCollector.flushMetrics (src/services/telemetry.ts:276:15)

  console.log
    [TELEMETRY] Flushed old metrics. Current buffer sizes: parsing=3232, documents=0

      at TelemetryCollector.flushMetrics (src/services/telemetry.ts:276:15)

  console.log
    [TELEMETRY] Flushed old metrics. Current buffer sizes: parsing=3233, documents=0

      at TelemetryCollector.flushMetrics (src/services/telemetry.ts:276:15)

  console.log
    [TELEMETRY] Flushed old metrics. Current buffer sizes: parsing=3234, documents=0

      at TelemetryCollector.flushMetrics (src/services/telemetry.ts:276:15)

  console.log
    [TELEMETRY] Flushed old metrics. Current buffer sizes: parsing=3235, documents=0

      at TelemetryCollector.flushMetrics (src/services/telemetry.ts:276:15)

  console.log
    [TELEMETRY] Flushed old metrics. Current buffer sizes: parsing=3236, documents=0

      at TelemetryCollector.flushMetrics (src/services/telemetry.ts:276:15)

  console.log
    [TELEMETRY] Flushed old metrics. Current buffer sizes: parsing=3237, documents=0

      at TelemetryCollector.flushMetrics (src/services/telemetry.ts:276:15)

  console.log
    [TELEMETRY] Flushed old metrics. Current buffer sizes: parsing=3238, documents=0

      at TelemetryCollector.flushMetrics (src/services/telemetry.ts:276:15)

  console.log
    [TELEMETRY] Flushed old metrics. Current buffer sizes: parsing=3239, documents=0

      at TelemetryCollector.flushMetrics (src/services/telemetry.ts:276:15)

  console.log
    [TELEMETRY] Flushed old metrics. Current buffer sizes: parsing=3240, documents=0

      at TelemetryCollector.flushMetrics (src/services/telemetry.ts:276:15)

  console.log
    [TELEMETRY] Flushed old metrics. Current buffer sizes: parsing=3241, documents=0

      at TelemetryCollector.flushMetrics (src/services/telemetry.ts:276:15)

  console.log
    [TELEMETRY] Flushed old metrics. Current buffer sizes: parsing=3242, documents=0

      at TelemetryCollector.flushMetrics (src/services/telemetry.ts:276:15)

  console.log
    [TELEMETRY] Flushed old metrics. Current buffer sizes: parsing=3243, documents=0

      at TelemetryCollector.flushMetrics (src/services/telemetry.ts:276:15)

  console.log
    [TELEMETRY] Flushed old metrics. Current buffer sizes: parsing=3244, documents=0

      at TelemetryCollector.flushMetrics (src/services/telemetry.ts:276:15)

  console.log
    [TELEMETRY] Flushed old metrics. Current buffer sizes: parsing=3245, documents=0

      at TelemetryCollector.flushMetrics (src/services/telemetry.ts:276:15)

  console.log
    [TELEMETRY] Flushed old metrics. Current buffer sizes: parsing=3246, documents=0

      at TelemetryCollector.flushMetrics (src/services/telemetry.ts:276:15)

  console.log
    [TELEMETRY] Flushed old metrics. Current buffer sizes: parsing=3247, documents=0

      at TelemetryCollector.flushMetrics (src/services/telemetry.ts:276:15)

  console.log
    [TELEMETRY] Flushed old metrics. Current buffer sizes: parsing=3248, documents=0

      at TelemetryCollector.flushMetrics (src/services/telemetry.ts:276:15)

  console.log
    [TELEMETRY] Flushed old metrics. Current buffer sizes: parsing=3249, documents=0

      at TelemetryCollector.flushMetrics (src/services/telemetry.ts:276:15)

  console.log
    [TELEMETRY] Flushed old metrics. Current buffer sizes: parsing=3250, documents=0

      at TelemetryCollector.flushMetrics (src/services/telemetry.ts:276:15)

  console.log
    [TELEMETRY] Flushed old metrics. Current buffer sizes: parsing=3251, documents=0

      at TelemetryCollector.flushMetrics (src/services/telemetry.ts:276:15)

  console.log
    [TELEMETRY] Flushed old metrics. Current buffer sizes: parsing=3252, documents=0

      at TelemetryCollector.flushMetrics (src/services/telemetry.ts:276:15)

  console.log
    [TELEMETRY] Flushed old metrics. Current buffer sizes: parsing=3253, documents=0

      at TelemetryCollector.flushMetrics (src/services/telemetry.ts:276:15)

  console.log
    [TELEMETRY] Flushed old metrics. Current buffer sizes: parsing=3254, documents=0

      at TelemetryCollector.flushMetrics (src/services/telemetry.ts:276:15)

  console.log
    [TELEMETRY] Flushed old metrics. Current buffer sizes: parsing=3255, documents=0

      at TelemetryCollector.flushMetrics (src/services/telemetry.ts:276:15)

  console.log
    [TELEMETRY] Flushed old metrics. Current buffer sizes: parsing=3256, documents=0

      at TelemetryCollector.flushMetrics (src/services/telemetry.ts:276:15)

  console.log
    [TELEMETRY] Flushed old metrics. Current buffer sizes: parsing=3257, documents=0

      at TelemetryCollector.flushMetrics (src/services/telemetry.ts:276:15)

  console.log
    [TELEMETRY] Flushed old metrics. Current buffer sizes: parsing=3258, documents=0

      at TelemetryCollector.flushMetrics (src/services/telemetry.ts:276:15)

  console.log
    [TELEMETRY] Flushed old metrics. Current buffer sizes: parsing=3259, documents=0

      at TelemetryCollector.flushMetrics (src/services/telemetry.ts:276:15)

  console.log
    [TELEMETRY] Flushed old metrics. Current buffer sizes: parsing=3260, documents=0

      at TelemetryCollector.flushMetrics (src/services/telemetry.ts:276:15)

  console.log
    [TELEMETRY] Flushed old metrics. Current buffer sizes: parsing=3261, documents=0

      at TelemetryCollector.flushMetrics (src/services/telemetry.ts:276:15)

  console.log
    [TELEMETRY] Flushed old metrics. Current buffer sizes: parsing=3262, documents=0

      at TelemetryCollector.flushMetrics (src/services/telemetry.ts:276:15)

  console.log
    [TELEMETRY] Flushed old metrics. Current buffer sizes: parsing=3263, documents=0

      at TelemetryCollector.flushMetrics (src/services/telemetry.ts:276:15)

  console.log
    [TELEMETRY] Flushed old metrics. Current buffer sizes: parsing=3264, documents=0

      at TelemetryCollector.flushMetrics (src/services/telemetry.ts:276:15)

  console.log
    [TELEMETRY] Flushed old metrics. Current buffer sizes: parsing=3265, documents=0

      at TelemetryCollector.flushMetrics (src/services/telemetry.ts:276:15)

  console.log
    [TELEMETRY] Flushed old metrics. Current buffer sizes: parsing=3266, documents=0

      at TelemetryCollector.flushMetrics (src/services/telemetry.ts:276:15)

  console.log
    [TELEMETRY] Flushed old metrics. Current buffer sizes: parsing=3267, documents=0

      at TelemetryCollector.flushMetrics (src/services/telemetry.ts:276:15)

  console.log
    [TELEMETRY] Flushed old metrics. Current buffer sizes: parsing=3268, documents=0

      at TelemetryCollector.flushMetrics (src/services/telemetry.ts:276:15)

  console.log
    [TELEMETRY] Flushed old metrics. Current buffer sizes: parsing=3269, documents=0

      at TelemetryCollector.flushMetrics (src/services/telemetry.ts:276:15)

  console.log
    [TELEMETRY] Flushed old metrics. Current buffer sizes: parsing=3270, documents=0

      at TelemetryCollector.flushMetrics (src/services/telemetry.ts:276:15)

  console.log
    [TELEMETRY] Flushed old metrics. Current buffer sizes: parsing=3271, documents=0

      at TelemetryCollector.flushMetrics (src/services/telemetry.ts:276:15)

  console.log
    [TELEMETRY] Flushed old metrics. Current buffer sizes: parsing=3272, documents=0

      at TelemetryCollector.flushMetrics (src/services/telemetry.ts:276:15)

  console.log
    [TELEMETRY] Flushed old metrics. Current buffer sizes: parsing=3273, documents=0

      at TelemetryCollector.flushMetrics (src/services/telemetry.ts:276:15)

  console.log
    [TELEMETRY] Flushed old metrics. Current buffer sizes: parsing=3274, documents=0

      at TelemetryCollector.flushMetrics (src/services/telemetry.ts:276:15)

  console.log
    [TELEMETRY] Flushed old metrics. Current buffer sizes: parsing=3275, documents=0

      at TelemetryCollector.flushMetrics (src/services/telemetry.ts:276:15)

  console.log
    [TELEMETRY] Flushed old metrics. Current buffer sizes: parsing=3276, documents=0

      at TelemetryCollector.flushMetrics (src/services/telemetry.ts:276:15)

  console.log
    [TELEMETRY] Flushed old metrics. Current buffer sizes: parsing=3277, documents=0

      at TelemetryCollector.flushMetrics (src/services/telemetry.ts:276:15)

  console.log
    [TELEMETRY] Flushed old metrics. Current buffer sizes: parsing=3278, documents=0

      at TelemetryCollector.flushMetrics (src/services/telemetry.ts:276:15)

  console.log
    [TELEMETRY] Flushed old metrics. Current buffer sizes: parsing=3279, documents=0

      at TelemetryCollector.flushMetrics (src/services/telemetry.ts:276:15)

  console.log
    [TELEMETRY] Flushed old metrics. Current buffer sizes: parsing=3280, documents=0

      at TelemetryCollector.flushMetrics (src/services/telemetry.ts:276:15)

  console.log
    [TELEMETRY] Flushed old metrics. Current buffer sizes: parsing=3281, documents=0

      at TelemetryCollector.flushMetrics (src/services/telemetry.ts:276:15)

  console.log
    [TELEMETRY] Flushed old metrics. Current buffer sizes: parsing=3282, documents=0

      at TelemetryCollector.flushMetrics (src/services/telemetry.ts:276:15)

  console.log
    [TELEMETRY] Flushed old metrics. Current buffer sizes: parsing=3283, documents=0

      at TelemetryCollector.flushMetrics (src/services/telemetry.ts:276:15)

  console.log
    [TELEMETRY] Flushed old metrics. Current buffer sizes: parsing=3284, documents=0

      at TelemetryCollector.flushMetrics (src/services/telemetry.ts:276:15)

  console.log
    [TELEMETRY] Flushed old metrics. Current buffer sizes: parsing=3285, documents=0

      at TelemetryCollector.flushMetrics (src/services/telemetry.ts:276:15)

  console.log
    [TELEMETRY] Flushed old metrics. Current buffer sizes: parsing=3286, documents=0

      at TelemetryCollector.flushMetrics (src/services/telemetry.ts:276:15)

  console.log
    [TELEMETRY] Flushed old metrics. Current buffer sizes: parsing=3287, documents=0

      at TelemetryCollector.flushMetrics (src/services/telemetry.ts:276:15)

  console.log
    [TELEMETRY] Flushed old metrics. Current buffer sizes: parsing=3288, documents=0

      at TelemetryCollector.flushMetrics (src/services/telemetry.ts:276:15)

  console.log
    [TELEMETRY] Flushed old metrics. Current buffer sizes: parsing=3289, documents=0

      at TelemetryCollector.flushMetrics (src/services/telemetry.ts:276:15)

  console.log
    [TELEMETRY] Flushed old metrics. Current buffer sizes: parsing=3290, documents=0

      at TelemetryCollector.flushMetrics (src/services/telemetry.ts:276:15)

  console.log
    [TELEMETRY] Flushed old metrics. Current buffer sizes: parsing=3291, documents=0

      at TelemetryCollector.flushMetrics (src/services/telemetry.ts:276:15)

  console.log
    [TELEMETRY] Flushed old metrics. Current buffer sizes: parsing=3292, documents=0

      at TelemetryCollector.flushMetrics (src/services/telemetry.ts:276:15)

  console.log
    [TELEMETRY] Flushed old metrics. Current buffer sizes: parsing=3293, documents=0

      at TelemetryCollector.flushMetrics (src/services/telemetry.ts:276:15)

  console.log
    [TELEMETRY] Flushed old metrics. Current buffer sizes: parsing=3294, documents=0

      at TelemetryCollector.flushMetrics (src/services/telemetry.ts:276:15)

  console.log
    [TELEMETRY] Flushed old metrics. Current buffer sizes: parsing=3295, documents=0

      at TelemetryCollector.flushMetrics (src/services/telemetry.ts:276:15)

  console.log
    [TELEMETRY] Flushed old metrics. Current buffer sizes: parsing=3296, documents=0

      at TelemetryCollector.flushMetrics (src/services/telemetry.ts:276:15)

  console.log
    [TELEMETRY] Flushed old metrics. Current buffer sizes: parsing=3297, documents=0

      at TelemetryCollector.flushMetrics (src/services/telemetry.ts:276:15)

  console.log
    [TELEMETRY] Flushed old metrics. Current buffer sizes: parsing=3298, documents=0

      at TelemetryCollector.flushMetrics (src/services/telemetry.ts:276:15)

  console.log
    [TELEMETRY] Flushed old metrics. Current buffer sizes: parsing=3299, documents=0

      at TelemetryCollector.flushMetrics (src/services/telemetry.ts:276:15)

  console.log
    [TELEMETRY] Flushed old metrics. Current buffer sizes: parsing=3300, documents=0

      at TelemetryCollector.flushMetrics (src/services/telemetry.ts:276:15)

  console.log
    [TELEMETRY] Flushed old metrics. Current buffer sizes: parsing=3301, documents=0

      at TelemetryCollector.flushMetrics (src/services/telemetry.ts:276:15)

  console.log
    [TELEMETRY] Flushed old metrics. Current buffer sizes: parsing=3302, documents=0

      at TelemetryCollector.flushMetrics (src/services/telemetry.ts:276:15)

  console.log
    [TELEMETRY] Flushed old metrics. Current buffer sizes: parsing=3303, documents=0

      at TelemetryCollector.flushMetrics (src/services/telemetry.ts:276:15)

  console.log
    [TELEMETRY] Flushed old metrics. Current buffer sizes: parsing=3304, documents=0

      at TelemetryCollector.flushMetrics (src/services/telemetry.ts:276:15)

  console.log
    [TELEMETRY] Flushed old metrics. Current buffer sizes: parsing=3305, documents=0

      at TelemetryCollector.flushMetrics (src/services/telemetry.ts:276:15)

  console.log
    [TELEMETRY] Flushed old metrics. Current buffer sizes: parsing=3306, documents=0

      at TelemetryCollector.flushMetrics (src/services/telemetry.ts:276:15)

  console.log
    [TELEMETRY] Flushed old metrics. Current buffer sizes: parsing=3307, documents=0

      at TelemetryCollector.flushMetrics (src/services/telemetry.ts:276:15)

  console.log
    [TELEMETRY] Flushed old metrics. Current buffer sizes: parsing=3308, documents=0

      at TelemetryCollector.flushMetrics (src/services/telemetry.ts:276:15)

  console.log
    [TELEMETRY] Flushed old metrics. Current buffer sizes: parsing=3309, documents=0

      at TelemetryCollector.flushMetrics (src/services/telemetry.ts:276:15)

  console.log
    [TELEMETRY] Flushed old metrics. Current buffer sizes: parsing=3310, documents=0

      at TelemetryCollector.flushMetrics (src/services/telemetry.ts:276:15)

  console.log
    [TELEMETRY] Flushed old metrics. Current buffer sizes: parsing=3311, documents=0

      at TelemetryCollector.flushMetrics (src/services/telemetry.ts:276:15)

  console.log
    [TELEMETRY] Flushed old metrics. Current buffer sizes: parsing=3312, documents=0

      at TelemetryCollector.flushMetrics (src/services/telemetry.ts:276:15)

  console.log
    [TELEMETRY] Flushed old metrics. Current buffer sizes: parsing=3313, documents=0

      at TelemetryCollector.flushMetrics (src/services/telemetry.ts:276:15)

  console.log
    [TELEMETRY] Flushed old metrics. Current buffer sizes: parsing=3314, documents=0

      at TelemetryCollector.flushMetrics (src/services/telemetry.ts:276:15)

  console.log
    [TELEMETRY] Flushed old metrics. Current buffer sizes: parsing=3315, documents=0

      at TelemetryCollector.flushMetrics (src/services/telemetry.ts:276:15)

  console.log
    [TELEMETRY] Flushed old metrics. Current buffer sizes: parsing=3316, documents=0

      at TelemetryCollector.flushMetrics (src/services/telemetry.ts:276:15)

  console.log
    [TELEMETRY] Flushed old metrics. Current buffer sizes: parsing=3317, documents=0

      at TelemetryCollector.flushMetrics (src/services/telemetry.ts:276:15)

  console.log
    [TELEMETRY] Flushed old metrics. Current buffer sizes: parsing=3318, documents=0

      at TelemetryCollector.flushMetrics (src/services/telemetry.ts:276:15)

  console.log
    [TELEMETRY] Flushed old metrics. Current buffer sizes: parsing=3319, documents=0

      at TelemetryCollector.flushMetrics (src/services/telemetry.ts:276:15)

  console.log
    [TELEMETRY] Flushed old metrics. Current buffer sizes: parsing=3320, documents=0

      at TelemetryCollector.flushMetrics (src/services/telemetry.ts:276:15)

  console.log
    [TELEMETRY] Flushed old metrics. Current buffer sizes: parsing=3321, documents=0

      at TelemetryCollector.flushMetrics (src/services/telemetry.ts:276:15)

  console.log
    [TELEMETRY] Flushed old metrics. Current buffer sizes: parsing=3322, documents=0

      at TelemetryCollector.flushMetrics (src/services/telemetry.ts:276:15)

  console.log
    [TELEMETRY] Flushed old metrics. Current buffer sizes: parsing=3323, documents=0

      at TelemetryCollector.flushMetrics (src/services/telemetry.ts:276:15)

  console.log
    [TELEMETRY] Flushed old metrics. Current buffer sizes: parsing=3324, documents=0

      at TelemetryCollector.flushMetrics (src/services/telemetry.ts:276:15)

  console.log
    [TELEMETRY] Flushed old metrics. Current buffer sizes: parsing=3325, documents=0

      at TelemetryCollector.flushMetrics (src/services/telemetry.ts:276:15)

  console.log
    [TELEMETRY] Flushed old metrics. Current buffer sizes: parsing=3326, documents=0

      at TelemetryCollector.flushMetrics (src/services/telemetry.ts:276:15)

  console.log
    [TELEMETRY] Flushed old metrics. Current buffer sizes: parsing=3327, documents=0

      at TelemetryCollector.flushMetrics (src/services/telemetry.ts:276:15)

  console.log
    [TELEMETRY] Flushed old metrics. Current buffer sizes: parsing=3328, documents=0

      at TelemetryCollector.flushMetrics (src/services/telemetry.ts:276:15)

  console.log
    [TELEMETRY] Flushed old metrics. Current buffer sizes: parsing=3329, documents=0

      at TelemetryCollector.flushMetrics (src/services/telemetry.ts:276:15)

  console.log
    [TELEMETRY] Flushed old metrics. Current buffer sizes: parsing=3330, documents=0

      at TelemetryCollector.flushMetrics (src/services/telemetry.ts:276:15)

  console.log
    [TELEMETRY] Flushed old metrics. Current buffer sizes: parsing=3331, documents=0

      at TelemetryCollector.flushMetrics (src/services/telemetry.ts:276:15)

  console.log
    [TELEMETRY] Flushed old metrics. Current buffer sizes: parsing=3332, documents=0

      at TelemetryCollector.flushMetrics (src/services/telemetry.ts:276:15)

  console.log
    [TELEMETRY] Flushed old metrics. Current buffer sizes: parsing=3333, documents=0

      at TelemetryCollector.flushMetrics (src/services/telemetry.ts:276:15)

  console.log
    [TELEMETRY] Flushed old metrics. Current buffer sizes: parsing=3334, documents=0

      at TelemetryCollector.flushMetrics (src/services/telemetry.ts:276:15)

  console.log
    [TELEMETRY] Flushed old metrics. Current buffer sizes: parsing=3335, documents=0

      at TelemetryCollector.flushMetrics (src/services/telemetry.ts:276:15)

  console.log
    [TELEMETRY] Flushed old metrics. Current buffer sizes: parsing=3336, documents=0

      at TelemetryCollector.flushMetrics (src/services/telemetry.ts:276:15)

  console.log
    [TELEMETRY] Flushed old metrics. Current buffer sizes: parsing=3337, documents=0

      at TelemetryCollector.flushMetrics (src/services/telemetry.ts:276:15)

  console.log
    [TELEMETRY] Flushed old metrics. Current buffer sizes: parsing=3338, documents=0

      at TelemetryCollector.flushMetrics (src/services/telemetry.ts:276:15)

  console.log
    [TELEMETRY] Flushed old metrics. Current buffer sizes: parsing=3339, documents=0

      at TelemetryCollector.flushMetrics (src/services/telemetry.ts:276:15)

  console.log
    [TELEMETRY] Flushed old metrics. Current buffer sizes: parsing=3340, documents=0

      at TelemetryCollector.flushMetrics (src/services/telemetry.ts:276:15)

  console.log
    [TELEMETRY] Flushed old metrics. Current buffer sizes: parsing=3341, documents=0

      at TelemetryCollector.flushMetrics (src/services/telemetry.ts:276:15)

  console.log
    [TELEMETRY] Flushed old metrics. Current buffer sizes: parsing=3342, documents=0

      at TelemetryCollector.flushMetrics (src/services/telemetry.ts:276:15)

  console.log
    [TELEMETRY] Flushed old metrics. Current buffer sizes: parsing=3343, documents=0

      at TelemetryCollector.flushMetrics (src/services/telemetry.ts:276:15)

  console.log
    [TELEMETRY] Flushed old metrics. Current buffer sizes: parsing=3344, documents=0

      at TelemetryCollector.flushMetrics (src/services/telemetry.ts:276:15)

  console.log
    [TELEMETRY] Flushed old metrics. Current buffer sizes: parsing=3345, documents=0

      at TelemetryCollector.flushMetrics (src/services/telemetry.ts:276:15)

  console.log
    [TELEMETRY] Flushed old metrics. Current buffer sizes: parsing=3346, documents=0

      at TelemetryCollector.flushMetrics (src/services/telemetry.ts:276:15)

  console.log
    [TELEMETRY] Flushed old metrics. Current buffer sizes: parsing=3347, documents=0

      at TelemetryCollector.flushMetrics (src/services/telemetry.ts:276:15)

  console.log
    [TELEMETRY] Flushed old metrics. Current buffer sizes: parsing=3348, documents=0

      at TelemetryCollector.flushMetrics (src/services/telemetry.ts:276:15)

  console.log
    [TELEMETRY] Flushed old metrics. Current buffer sizes: parsing=3349, documents=0

      at TelemetryCollector.flushMetrics (src/services/telemetry.ts:276:15)

  console.log
    [TELEMETRY] Flushed old metrics. Current buffer sizes: parsing=3350, documents=0

      at TelemetryCollector.flushMetrics (src/services/telemetry.ts:276:15)

  console.log
    [TELEMETRY] Flushed old metrics. Current buffer sizes: parsing=3351, documents=0

      at TelemetryCollector.flushMetrics (src/services/telemetry.ts:276:15)

  console.log
    [TELEMETRY] Flushed old metrics. Current buffer sizes: parsing=3352, documents=0

      at TelemetryCollector.flushMetrics (src/services/telemetry.ts:276:15)

  console.log
    [TELEMETRY] Flushed old metrics. Current buffer sizes: parsing=3353, documents=0

      at TelemetryCollector.flushMetrics (src/services/telemetry.ts:276:15)

  console.log
    [TELEMETRY] Flushed old metrics. Current buffer sizes: parsing=3354, documents=0

      at TelemetryCollector.flushMetrics (src/services/telemetry.ts:276:15)

  console.log
    [TELEMETRY] Flushed old metrics. Current buffer sizes: parsing=3355, documents=0

      at TelemetryCollector.flushMetrics (src/services/telemetry.ts:276:15)

  console.log
    [TELEMETRY] Flushed old metrics. Current buffer sizes: parsing=3356, documents=0

      at TelemetryCollector.flushMetrics (src/services/telemetry.ts:276:15)

  console.log
    [TELEMETRY] Flushed old metrics. Current buffer sizes: parsing=3357, documents=0

      at TelemetryCollector.flushMetrics (src/services/telemetry.ts:276:15)

  console.log
    [TELEMETRY] Flushed old metrics. Current buffer sizes: parsing=3358, documents=0

      at TelemetryCollector.flushMetrics (src/services/telemetry.ts:276:15)

  console.log
    [TELEMETRY] Flushed old metrics. Current buffer sizes: parsing=3359, documents=0

      at TelemetryCollector.flushMetrics (src/services/telemetry.ts:276:15)

  console.log
    [TELEMETRY] Flushed old metrics. Current buffer sizes: parsing=3360, documents=0

      at TelemetryCollector.flushMetrics (src/services/telemetry.ts:276:15)

  console.log
    [TELEMETRY] Flushed old metrics. Current buffer sizes: parsing=3361, documents=0

      at TelemetryCollector.flushMetrics (src/services/telemetry.ts:276:15)

  console.log
    [TELEMETRY] Flushed old metrics. Current buffer sizes: parsing=3362, documents=0

      at TelemetryCollector.flushMetrics (src/services/telemetry.ts:276:15)

  console.log
    [TELEMETRY] Flushed old metrics. Current buffer sizes: parsing=3363, documents=0

      at TelemetryCollector.flushMetrics (src/services/telemetry.ts:276:15)

  console.log
    [TELEMETRY] Flushed old metrics. Current buffer sizes: parsing=3364, documents=0

      at TelemetryCollector.flushMetrics (src/services/telemetry.ts:276:15)

  console.log
    [TELEMETRY] Flushed old metrics. Current buffer sizes: parsing=3365, documents=0

      at TelemetryCollector.flushMetrics (src/services/telemetry.ts:276:15)

  console.log
    [TELEMETRY] Flushed old metrics. Current buffer sizes: parsing=3366, documents=0

      at TelemetryCollector.flushMetrics (src/services/telemetry.ts:276:15)

  console.log
    [TELEMETRY] Flushed old metrics. Current buffer sizes: parsing=3367, documents=0

      at TelemetryCollector.flushMetrics (src/services/telemetry.ts:276:15)

  console.log
    [TELEMETRY] Flushed old metrics. Current buffer sizes: parsing=3368, documents=0

      at TelemetryCollector.flushMetrics (src/services/telemetry.ts:276:15)

  console.log
    [TELEMETRY] Flushed old metrics. Current buffer sizes: parsing=3369, documents=0

      at TelemetryCollector.flushMetrics (src/services/telemetry.ts:276:15)

  console.log
    [TELEMETRY] Flushed old metrics. Current buffer sizes: parsing=3370, documents=0

      at TelemetryCollector.flushMetrics (src/services/telemetry.ts:276:15)

  console.log
    [TELEMETRY] Flushed old metrics. Current buffer sizes: parsing=3371, documents=0

      at TelemetryCollector.flushMetrics (src/services/telemetry.ts:276:15)

  console.log
    [TELEMETRY] Flushed old metrics. Current buffer sizes: parsing=3372, documents=0

      at TelemetryCollector.flushMetrics (src/services/telemetry.ts:276:15)

  console.log
    [TELEMETRY] Flushed old metrics. Current buffer sizes: parsing=3373, documents=0

      at TelemetryCollector.flushMetrics (src/services/telemetry.ts:276:15)

  console.log
    [TELEMETRY] Flushed old metrics. Current buffer sizes: parsing=3374, documents=0

      at TelemetryCollector.flushMetrics (src/services/telemetry.ts:276:15)

  console.log
    [TELEMETRY] Flushed old metrics. Current buffer sizes: parsing=3375, documents=0

      at TelemetryCollector.flushMetrics (src/services/telemetry.ts:276:15)

  console.log
    [TELEMETRY] Flushed old metrics. Current buffer sizes: parsing=3376, documents=0

      at TelemetryCollector.flushMetrics (src/services/telemetry.ts:276:15)

  console.log
    [TELEMETRY] Flushed old metrics. Current buffer sizes: parsing=3377, documents=0

      at TelemetryCollector.flushMetrics (src/services/telemetry.ts:276:15)

  console.log
    [TELEMETRY] Flushed old metrics. Current buffer sizes: parsing=3378, documents=0

      at TelemetryCollector.flushMetrics (src/services/telemetry.ts:276:15)

  console.log
    [TELEMETRY] Flushed old metrics. Current buffer sizes: parsing=3379, documents=0

      at TelemetryCollector.flushMetrics (src/services/telemetry.ts:276:15)

  console.log
    [TELEMETRY] Flushed old metrics. Current buffer sizes: parsing=3380, documents=0

      at TelemetryCollector.flushMetrics (src/services/telemetry.ts:276:15)

  console.log
    [TELEMETRY] Flushed old metrics. Current buffer sizes: parsing=3381, documents=0

      at TelemetryCollector.flushMetrics (src/services/telemetry.ts:276:15)

  console.log
    [TELEMETRY] Flushed old metrics. Current buffer sizes: parsing=3382, documents=0

      at TelemetryCollector.flushMetrics (src/services/telemetry.ts:276:15)

  console.log
    [TELEMETRY] Flushed old metrics. Current buffer sizes: parsing=3383, documents=0

      at TelemetryCollector.flushMetrics (src/services/telemetry.ts:276:15)

  console.log
    [TELEMETRY] Flushed old metrics. Current buffer sizes: parsing=3384, documents=0

      at TelemetryCollector.flushMetrics (src/services/telemetry.ts:276:15)

  console.log
    [TELEMETRY] Flushed old metrics. Current buffer sizes: parsing=3385, documents=0

      at TelemetryCollector.flushMetrics (src/services/telemetry.ts:276:15)

  console.log
    [TELEMETRY] Flushed old metrics. Current buffer sizes: parsing=3386, documents=0

      at TelemetryCollector.flushMetrics (src/services/telemetry.ts:276:15)

  console.log
    [TELEMETRY] Flushed old metrics. Current buffer sizes: parsing=3387, documents=0

      at TelemetryCollector.flushMetrics (src/services/telemetry.ts:276:15)

  console.log
    [TELEMETRY] Flushed old metrics. Current buffer sizes: parsing=3388, documents=0

      at TelemetryCollector.flushMetrics (src/services/telemetry.ts:276:15)

  console.log
    [TELEMETRY] Flushed old metrics. Current buffer sizes: parsing=3389, documents=0

      at TelemetryCollector.flushMetrics (src/services/telemetry.ts:276:15)

  console.log
    [TELEMETRY] Flushed old metrics. Current buffer sizes: parsing=3390, documents=0

      at TelemetryCollector.flushMetrics (src/services/telemetry.ts:276:15)

  console.log
    [TELEMETRY] Flushed old metrics. Current buffer sizes: parsing=3391, documents=0

      at TelemetryCollector.flushMetrics (src/services/telemetry.ts:276:15)

  console.log
    [TELEMETRY] Flushed old metrics. Current buffer sizes: parsing=3392, documents=0

      at TelemetryCollector.flushMetrics (src/services/telemetry.ts:276:15)

  console.log
    [TELEMETRY] Flushed old metrics. Current buffer sizes: parsing=3393, documents=0

      at TelemetryCollector.flushMetrics (src/services/telemetry.ts:276:15)

  console.log
    [TELEMETRY] Flushed old metrics. Current buffer sizes: parsing=3394, documents=0

      at TelemetryCollector.flushMetrics (src/services/telemetry.ts:276:15)

  console.log
    [TELEMETRY] Flushed old metrics. Current buffer sizes: parsing=3395, documents=0

      at TelemetryCollector.flushMetrics (src/services/telemetry.ts:276:15)

  console.log
    [TELEMETRY] Flushed old metrics. Current buffer sizes: parsing=3396, documents=0

      at TelemetryCollector.flushMetrics (src/services/telemetry.ts:276:15)

  console.log
    [TELEMETRY] Flushed old metrics. Current buffer sizes: parsing=3397, documents=0

      at TelemetryCollector.flushMetrics (src/services/telemetry.ts:276:15)

  console.log
    [TELEMETRY] Flushed old metrics. Current buffer sizes: parsing=3398, documents=0

      at TelemetryCollector.flushMetrics (src/services/telemetry.ts:276:15)

  console.log
    [TELEMETRY] Flushed old metrics. Current buffer sizes: parsing=3399, documents=0

      at TelemetryCollector.flushMetrics (src/services/telemetry.ts:276:15)

  console.log
    [TELEMETRY] Flushed old metrics. Current buffer sizes: parsing=3400, documents=0

      at TelemetryCollector.flushMetrics (src/services/telemetry.ts:276:15)

  console.log
    [TELEMETRY] Flushed old metrics. Current buffer sizes: parsing=3401, documents=0

      at TelemetryCollector.flushMetrics (src/services/telemetry.ts:276:15)

  console.log
    [TELEMETRY] Flushed old metrics. Current buffer sizes: parsing=3402, documents=0

      at TelemetryCollector.flushMetrics (src/services/telemetry.ts:276:15)

  console.log
    [TELEMETRY] Flushed old metrics. Current buffer sizes: parsing=3403, documents=0

      at TelemetryCollector.flushMetrics (src/services/telemetry.ts:276:15)

  console.log
    [TELEMETRY] Flushed old metrics. Current buffer sizes: parsing=3404, documents=0

      at TelemetryCollector.flushMetrics (src/services/telemetry.ts:276:15)

  console.log
    [TELEMETRY] Flushed old metrics. Current buffer sizes: parsing=3405, documents=0

      at TelemetryCollector.flushMetrics (src/services/telemetry.ts:276:15)

  console.log
    [TELEMETRY] Flushed old metrics. Current buffer sizes: parsing=3406, documents=0

      at TelemetryCollector.flushMetrics (src/services/telemetry.ts:276:15)

  console.log
    [TELEMETRY] Flushed old metrics. Current buffer sizes: parsing=3407, documents=0

      at TelemetryCollector.flushMetrics (src/services/telemetry.ts:276:15)

  console.log
    [TELEMETRY] Flushed old metrics. Current buffer sizes: parsing=3408, documents=0

      at TelemetryCollector.flushMetrics (src/services/telemetry.ts:276:15)

  console.log
    [TELEMETRY] Flushed old metrics. Current buffer sizes: parsing=3409, documents=0

      at TelemetryCollector.flushMetrics (src/services/telemetry.ts:276:15)

  console.log
    [TELEMETRY] Flushed old metrics. Current buffer sizes: parsing=3410, documents=0

      at TelemetryCollector.flushMetrics (src/services/telemetry.ts:276:15)

  console.log
    [TELEMETRY] Flushed old metrics. Current buffer sizes: parsing=3411, documents=0

      at TelemetryCollector.flushMetrics (src/services/telemetry.ts:276:15)

  console.log
    [TELEMETRY] Flushed old metrics. Current buffer sizes: parsing=3412, documents=0

      at TelemetryCollector.flushMetrics (src/services/telemetry.ts:276:15)

  console.log
    [TELEMETRY] Flushed old metrics. Current buffer sizes: parsing=3413, documents=0

      at TelemetryCollector.flushMetrics (src/services/telemetry.ts:276:15)

  console.log
    [TELEMETRY] Flushed old metrics. Current buffer sizes: parsing=3414, documents=0

      at TelemetryCollector.flushMetrics (src/services/telemetry.ts:276:15)

  console.log
    [TELEMETRY] Flushed old metrics. Current buffer sizes: parsing=3415, documents=0

      at TelemetryCollector.flushMetrics (src/services/telemetry.ts:276:15)

  console.log
    [TELEMETRY] Flushed old metrics. Current buffer sizes: parsing=3416, documents=0

      at TelemetryCollector.flushMetrics (src/services/telemetry.ts:276:15)

  console.log
    [TELEMETRY] Flushed old metrics. Current buffer sizes: parsing=3417, documents=0

      at TelemetryCollector.flushMetrics (src/services/telemetry.ts:276:15)

  console.log
    [TELEMETRY] Flushed old metrics. Current buffer sizes: parsing=3418, documents=0

      at TelemetryCollector.flushMetrics (src/services/telemetry.ts:276:15)

  console.log
    [TELEMETRY] Flushed old metrics. Current buffer sizes: parsing=3419, documents=0

      at TelemetryCollector.flushMetrics (src/services/telemetry.ts:276:15)

  console.log
    [TELEMETRY] Flushed old metrics. Current buffer sizes: parsing=3420, documents=0

      at TelemetryCollector.flushMetrics (src/services/telemetry.ts:276:15)

  console.log
    [TELEMETRY] Flushed old metrics. Current buffer sizes: parsing=3421, documents=0

      at TelemetryCollector.flushMetrics (src/services/telemetry.ts:276:15)

  console.log
    [TELEMETRY] Flushed old metrics. Current buffer sizes: parsing=3422, documents=0

      at TelemetryCollector.flushMetrics (src/services/telemetry.ts:276:15)

  console.log
    [TELEMETRY] Flushed old metrics. Current buffer sizes: parsing=3423, documents=0

      at TelemetryCollector.flushMetrics (src/services/telemetry.ts:276:15)

  console.log
    [TELEMETRY] Flushed old metrics. Current buffer sizes: parsing=3424, documents=0

      at TelemetryCollector.flushMetrics (src/services/telemetry.ts:276:15)

  console.log
    [TELEMETRY] Flushed old metrics. Current buffer sizes: parsing=3425, documents=0

      at TelemetryCollector.flushMetrics (src/services/telemetry.ts:276:15)

  console.log
    [TELEMETRY] Flushed old metrics. Current buffer sizes: parsing=3426, documents=0

      at TelemetryCollector.flushMetrics (src/services/telemetry.ts:276:15)

  console.log
    [TELEMETRY] Flushed old metrics. Current buffer sizes: parsing=3427, documents=0

      at TelemetryCollector.flushMetrics (src/services/telemetry.ts:276:15)

  console.log
    [TELEMETRY] Flushed old metrics. Current buffer sizes: parsing=3428, documents=0

      at TelemetryCollector.flushMetrics (src/services/telemetry.ts:276:15)

  console.log
    [TELEMETRY] Flushed old metrics. Current buffer sizes: parsing=3429, documents=0

      at TelemetryCollector.flushMetrics (src/services/telemetry.ts:276:15)

  console.log
    [TELEMETRY] Flushed old metrics. Current buffer sizes: parsing=3430, documents=0

      at TelemetryCollector.flushMetrics (src/services/telemetry.ts:276:15)

  console.log
    [TELEMETRY] Flushed old metrics. Current buffer sizes: parsing=3431, documents=0

      at TelemetryCollector.flushMetrics (src/services/telemetry.ts:276:15)

  console.log
    [TELEMETRY] Flushed old metrics. Current buffer sizes: parsing=3432, documents=0

      at TelemetryCollector.flushMetrics (src/services/telemetry.ts:276:15)

  console.log
    [TELEMETRY] Flushed old metrics. Current buffer sizes: parsing=3433, documents=0

      at TelemetryCollector.flushMetrics (src/services/telemetry.ts:276:15)

  console.log
    [TELEMETRY] Flushed old metrics. Current buffer sizes: parsing=3434, documents=0

      at TelemetryCollector.flushMetrics (src/services/telemetry.ts:276:15)

  console.log
    [TELEMETRY] Flushed old metrics. Current buffer sizes: parsing=3435, documents=0

      at TelemetryCollector.flushMetrics (src/services/telemetry.ts:276:15)

  console.log
    [TELEMETRY] Flushed old metrics. Current buffer sizes: parsing=3436, documents=0

      at TelemetryCollector.flushMetrics (src/services/telemetry.ts:276:15)

  console.log
    [TELEMETRY] Flushed old metrics. Current buffer sizes: parsing=3437, documents=0

      at TelemetryCollector.flushMetrics (src/services/telemetry.ts:276:15)

  console.log
    [TELEMETRY] Flushed old metrics. Current buffer sizes: parsing=3438, documents=0

      at TelemetryCollector.flushMetrics (src/services/telemetry.ts:276:15)

  console.log
    [TELEMETRY] Flushed old metrics. Current buffer sizes: parsing=3439, documents=0

      at TelemetryCollector.flushMetrics (src/services/telemetry.ts:276:15)

  console.log
    [TELEMETRY] Flushed old metrics. Current buffer sizes: parsing=3440, documents=0

      at TelemetryCollector.flushMetrics (src/services/telemetry.ts:276:15)

  console.log
    [TELEMETRY] Flushed old metrics. Current buffer sizes: parsing=3441, documents=0

      at TelemetryCollector.flushMetrics (src/services/telemetry.ts:276:15)

  console.log
    [TELEMETRY] Flushed old metrics. Current buffer sizes: parsing=3442, documents=0

      at TelemetryCollector.flushMetrics (src/services/telemetry.ts:276:15)

  console.log
    [TELEMETRY] Flushed old metrics. Current buffer sizes: parsing=3443, documents=0

      at TelemetryCollector.flushMetrics (src/services/telemetry.ts:276:15)

  console.log
    [TELEMETRY] Flushed old metrics. Current buffer sizes: parsing=3444, documents=0

      at TelemetryCollector.flushMetrics (src/services/telemetry.ts:276:15)

  console.log
    [TELEMETRY] Flushed old metrics. Current buffer sizes: parsing=3445, documents=0

      at TelemetryCollector.flushMetrics (src/services/telemetry.ts:276:15)

  console.log
    [TELEMETRY] Flushed old metrics. Current buffer sizes: parsing=3446, documents=0

      at TelemetryCollector.flushMetrics (src/services/telemetry.ts:276:15)

  console.log
    [TELEMETRY] Flushed old metrics. Current buffer sizes: parsing=3447, documents=0

      at TelemetryCollector.flushMetrics (src/services/telemetry.ts:276:15)

  console.log
    [TELEMETRY] Flushed old metrics. Current buffer sizes: parsing=3448, documents=0

      at TelemetryCollector.flushMetrics (src/services/telemetry.ts:276:15)

  console.log
    [TELEMETRY] Flushed old metrics. Current buffer sizes: parsing=3449, documents=0

      at TelemetryCollector.flushMetrics (src/services/telemetry.ts:276:15)

  console.log
    [TELEMETRY] Flushed old metrics. Current buffer sizes: parsing=3450, documents=0

      at TelemetryCollector.flushMetrics (src/services/telemetry.ts:276:15)

  console.log
    [TELEMETRY] Flushed old metrics. Current buffer sizes: parsing=3451, documents=0

      at TelemetryCollector.flushMetrics (src/services/telemetry.ts:276:15)

  console.log
    [TELEMETRY] Flushed old metrics. Current buffer sizes: parsing=3452, documents=0

      at TelemetryCollector.flushMetrics (src/services/telemetry.ts:276:15)

  console.log
    [TELEMETRY] Flushed old metrics. Current buffer sizes: parsing=3453, documents=0

      at TelemetryCollector.flushMetrics (src/services/telemetry.ts:276:15)

  console.log
    [TELEMETRY] Flushed old metrics. Current buffer sizes: parsing=3454, documents=0

      at TelemetryCollector.flushMetrics (src/services/telemetry.ts:276:15)

  console.log
    [TELEMETRY] Flushed old metrics. Current buffer sizes: parsing=3455, documents=0

      at TelemetryCollector.flushMetrics (src/services/telemetry.ts:276:15)

  console.log
    [TELEMETRY] Flushed old metrics. Current buffer sizes: parsing=3456, documents=0

      at TelemetryCollector.flushMetrics (src/services/telemetry.ts:276:15)

  console.log
    [TELEMETRY] Flushed old metrics. Current buffer sizes: parsing=3457, documents=0

      at TelemetryCollector.flushMetrics (src/services/telemetry.ts:276:15)

  console.log
    [TELEMETRY] Flushed old metrics. Current buffer sizes: parsing=3458, documents=0

      at TelemetryCollector.flushMetrics (src/services/telemetry.ts:276:15)

  console.log
    [TELEMETRY] Flushed old metrics. Current buffer sizes: parsing=3459, documents=0

      at TelemetryCollector.flushMetrics (src/services/telemetry.ts:276:15)

  console.log
    [TELEMETRY] Flushed old metrics. Current buffer sizes: parsing=3460, documents=0

      at TelemetryCollector.flushMetrics (src/services/telemetry.ts:276:15)

  console.log
    [TELEMETRY] Flushed old metrics. Current buffer sizes: parsing=3461, documents=0

      at TelemetryCollector.flushMetrics (src/services/telemetry.ts:276:15)

  console.log
    [TELEMETRY] Flushed old metrics. Current buffer sizes: parsing=3462, documents=0

      at TelemetryCollector.flushMetrics (src/services/telemetry.ts:276:15)

  console.log
    [TELEMETRY] Flushed old metrics. Current buffer sizes: parsing=3463, documents=0

      at TelemetryCollector.flushMetrics (src/services/telemetry.ts:276:15)

  console.log
    [TELEMETRY] Flushed old metrics. Current buffer sizes: parsing=3464, documents=0

      at TelemetryCollector.flushMetrics (src/services/telemetry.ts:276:15)

  console.log
    [TELEMETRY] Flushed old metrics. Current buffer sizes: parsing=3465, documents=0

      at TelemetryCollector.flushMetrics (src/services/telemetry.ts:276:15)

  console.log
    [TELEMETRY] Flushed old metrics. Current buffer sizes: parsing=3466, documents=0

      at TelemetryCollector.flushMetrics (src/services/telemetry.ts:276:15)

  console.log
    [TELEMETRY] Flushed old metrics. Current buffer sizes: parsing=3467, documents=0

      at TelemetryCollector.flushMetrics (src/services/telemetry.ts:276:15)

  console.log
    [TELEMETRY] Flushed old metrics. Current buffer sizes: parsing=3468, documents=0

      at TelemetryCollector.flushMetrics (src/services/telemetry.ts:276:15)

  console.log
    [TELEMETRY] Flushed old metrics. Current buffer sizes: parsing=3469, documents=0

      at TelemetryCollector.flushMetrics (src/services/telemetry.ts:276:15)

  console.log
    [TELEMETRY] Flushed old metrics. Current buffer sizes: parsing=3470, documents=0

      at TelemetryCollector.flushMetrics (src/services/telemetry.ts:276:15)

  console.log
    [TELEMETRY] Flushed old metrics. Current buffer sizes: parsing=3471, documents=0

      at TelemetryCollector.flushMetrics (src/services/telemetry.ts:276:15)

  console.log
    [TELEMETRY] Flushed old metrics. Current buffer sizes: parsing=3472, documents=0

      at TelemetryCollector.flushMetrics (src/services/telemetry.ts:276:15)

  console.log
    [TELEMETRY] Flushed old metrics. Current buffer sizes: parsing=3473, documents=0

      at TelemetryCollector.flushMetrics (src/services/telemetry.ts:276:15)

  console.log
    [TELEMETRY] Flushed old metrics. Current buffer sizes: parsing=3474, documents=0

      at TelemetryCollector.flushMetrics (src/services/telemetry.ts:276:15)

  console.log
    [TELEMETRY] Flushed old metrics. Current buffer sizes: parsing=3475, documents=0

      at TelemetryCollector.flushMetrics (src/services/telemetry.ts:276:15)

  console.log
    [TELEMETRY] Flushed old metrics. Current buffer sizes: parsing=3476, documents=0

      at TelemetryCollector.flushMetrics (src/services/telemetry.ts:276:15)

  console.log
    [TELEMETRY] Flushed old metrics. Current buffer sizes: parsing=3477, documents=0

      at TelemetryCollector.flushMetrics (src/services/telemetry.ts:276:15)

  console.log
    [TELEMETRY] Flushed old metrics. Current buffer sizes: parsing=3478, documents=0

      at TelemetryCollector.flushMetrics (src/services/telemetry.ts:276:15)

  console.log
    [TELEMETRY] Flushed old metrics. Current buffer sizes: parsing=3479, documents=0

      at TelemetryCollector.flushMetrics (src/services/telemetry.ts:276:15)

  console.log
    [TELEMETRY] Flushed old metrics. Current buffer sizes: parsing=3480, documents=0

      at TelemetryCollector.flushMetrics (src/services/telemetry.ts:276:15)

  console.log
    [TELEMETRY] Flushed old metrics. Current buffer sizes: parsing=3481, documents=0

      at TelemetryCollector.flushMetrics (src/services/telemetry.ts:276:15)

  console.log
    [TELEMETRY] Flushed old metrics. Current buffer sizes: parsing=3482, documents=0

      at TelemetryCollector.flushMetrics (src/services/telemetry.ts:276:15)

  console.log
    [TELEMETRY] Flushed old metrics. Current buffer sizes: parsing=3483, documents=0

      at TelemetryCollector.flushMetrics (src/services/telemetry.ts:276:15)

  console.log
    [TELEMETRY] Flushed old metrics. Current buffer sizes: parsing=3484, documents=0

      at TelemetryCollector.flushMetrics (src/services/telemetry.ts:276:15)

  console.log
    [TELEMETRY] Flushed old metrics. Current buffer sizes: parsing=3485, documents=0

      at TelemetryCollector.flushMetrics (src/services/telemetry.ts:276:15)

  console.log
    [TELEMETRY] Flushed old metrics. Current buffer sizes: parsing=3486, documents=0

      at TelemetryCollector.flushMetrics (src/services/telemetry.ts:276:15)

  console.log
    [TELEMETRY] Flushed old metrics. Current buffer sizes: parsing=3487, documents=0

      at TelemetryCollector.flushMetrics (src/services/telemetry.ts:276:15)

  console.log
    [TELEMETRY] Flushed old metrics. Current buffer sizes: parsing=3488, documents=0

      at TelemetryCollector.flushMetrics (src/services/telemetry.ts:276:15)

  console.log
    [TELEMETRY] Flushed old metrics. Current buffer sizes: parsing=3489, documents=0

      at TelemetryCollector.flushMetrics (src/services/telemetry.ts:276:15)

  console.log
    [TELEMETRY] Flushed old metrics. Current buffer sizes: parsing=3490, documents=0

      at TelemetryCollector.flushMetrics (src/services/telemetry.ts:276:15)

  console.log
    [TELEMETRY] Flushed old metrics. Current buffer sizes: parsing=3491, documents=0

      at TelemetryCollector.flushMetrics (src/services/telemetry.ts:276:15)

  console.log
    [TELEMETRY] Flushed old metrics. Current buffer sizes: parsing=3492, documents=0

      at TelemetryCollector.flushMetrics (src/services/telemetry.ts:276:15)

  console.log
    [TELEMETRY] Flushed old metrics. Current buffer sizes: parsing=3493, documents=0

      at TelemetryCollector.flushMetrics (src/services/telemetry.ts:276:15)

  console.log
    [TELEMETRY] Flushed old metrics. Current buffer sizes: parsing=3494, documents=0

      at TelemetryCollector.flushMetrics (src/services/telemetry.ts:276:15)

  console.log
    [TELEMETRY] Flushed old metrics. Current buffer sizes: parsing=3495, documents=0

      at TelemetryCollector.flushMetrics (src/services/telemetry.ts:276:15)

  console.log
    [TELEMETRY] Flushed old metrics. Current buffer sizes: parsing=3496, documents=0

      at TelemetryCollector.flushMetrics (src/services/telemetry.ts:276:15)

  console.log
    [TELEMETRY] Flushed old metrics. Current buffer sizes: parsing=3497, documents=0

      at TelemetryCollector.flushMetrics (src/services/telemetry.ts:276:15)

  console.log
    [TELEMETRY] Flushed old metrics. Current buffer sizes: parsing=3498, documents=0

      at TelemetryCollector.flushMetrics (src/services/telemetry.ts:276:15)

  console.log
    [TELEMETRY] Flushed old metrics. Current buffer sizes: parsing=3499, documents=0

      at TelemetryCollector.flushMetrics (src/services/telemetry.ts:276:15)

  console.log
    [TELEMETRY] Flushed old metrics. Current buffer sizes: parsing=3500, documents=0

      at TelemetryCollector.flushMetrics (src/services/telemetry.ts:276:15)

  console.log
    [TELEMETRY] Flushed old metrics. Current buffer sizes: parsing=3501, documents=0

      at TelemetryCollector.flushMetrics (src/services/telemetry.ts:276:15)

  console.log
    [TELEMETRY] Flushed old metrics. Current buffer sizes: parsing=3502, documents=0

      at TelemetryCollector.flushMetrics (src/services/telemetry.ts:276:15)

  console.log
    [TELEMETRY] Flushed old metrics. Current buffer sizes: parsing=3503, documents=0

      at TelemetryCollector.flushMetrics (src/services/telemetry.ts:276:15)

  console.log
    [TELEMETRY] Flushed old metrics. Current buffer sizes: parsing=3504, documents=0

      at TelemetryCollector.flushMetrics (src/services/telemetry.ts:276:15)

  console.log
    [TELEMETRY] Flushed old metrics. Current buffer sizes: parsing=3505, documents=0

      at TelemetryCollector.flushMetrics (src/services/telemetry.ts:276:15)

  console.log
    [TELEMETRY] Flushed old metrics. Current buffer sizes: parsing=3506, documents=0

      at TelemetryCollector.flushMetrics (src/services/telemetry.ts:276:15)

  console.log
    [TELEMETRY] Flushed old metrics. Current buffer sizes: parsing=3507, documents=0

      at TelemetryCollector.flushMetrics (src/services/telemetry.ts:276:15)

  console.log
    [TELEMETRY] Flushed old metrics. Current buffer sizes: parsing=3508, documents=0

      at TelemetryCollector.flushMetrics (src/services/telemetry.ts:276:15)

  console.log
    [TELEMETRY] Flushed old metrics. Current buffer sizes: parsing=3509, documents=0

      at TelemetryCollector.flushMetrics (src/services/telemetry.ts:276:15)

  console.log
    [TELEMETRY] Flushed old metrics. Current buffer sizes: parsing=3510, documents=0

      at TelemetryCollector.flushMetrics (src/services/telemetry.ts:276:15)

  console.log
    [TELEMETRY] Flushed old metrics. Current buffer sizes: parsing=3511, documents=0

      at TelemetryCollector.flushMetrics (src/services/telemetry.ts:276:15)

  console.log
    [TELEMETRY] Flushed old metrics. Current buffer sizes: parsing=3512, documents=0

      at TelemetryCollector.flushMetrics (src/services/telemetry.ts:276:15)

  console.log
    [TELEMETRY] Flushed old metrics. Current buffer sizes: parsing=3513, documents=0

      at TelemetryCollector.flushMetrics (src/services/telemetry.ts:276:15)

  console.log
    [TELEMETRY] Flushed old metrics. Current buffer sizes: parsing=3514, documents=0

      at TelemetryCollector.flushMetrics (src/services/telemetry.ts:276:15)

  console.log
    [TELEMETRY] Flushed old metrics. Current buffer sizes: parsing=3515, documents=0

      at TelemetryCollector.flushMetrics (src/services/telemetry.ts:276:15)

  console.log
    [TELEMETRY] Flushed old metrics. Current buffer sizes: parsing=3516, documents=0

      at TelemetryCollector.flushMetrics (src/services/telemetry.ts:276:15)

  console.log
    [TELEMETRY] Flushed old metrics. Current buffer sizes: parsing=3517, documents=0

      at TelemetryCollector.flushMetrics (src/services/telemetry.ts:276:15)

  console.log
    [TELEMETRY] Flushed old metrics. Current buffer sizes: parsing=3518, documents=0

      at TelemetryCollector.flushMetrics (src/services/telemetry.ts:276:15)

  console.log
    [TELEMETRY] Flushed old metrics. Current buffer sizes: parsing=3519, documents=0

      at TelemetryCollector.flushMetrics (src/services/telemetry.ts:276:15)

  console.log
    [TELEMETRY] Flushed old metrics. Current buffer sizes: parsing=3520, documents=0

      at TelemetryCollector.flushMetrics (src/services/telemetry.ts:276:15)

  console.log
    [TELEMETRY] Flushed old metrics. Current buffer sizes: parsing=3521, documents=0

      at TelemetryCollector.flushMetrics (src/services/telemetry.ts:276:15)

  console.log
    [TELEMETRY] Flushed old metrics. Current buffer sizes: parsing=3522, documents=0

      at TelemetryCollector.flushMetrics (src/services/telemetry.ts:276:15)

  console.log
    [TELEMETRY] Flushed old metrics. Current buffer sizes: parsing=3523, documents=0

      at TelemetryCollector.flushMetrics (src/services/telemetry.ts:276:15)

  console.log
    [TELEMETRY] Flushed old metrics. Current buffer sizes: parsing=3524, documents=0

      at TelemetryCollector.flushMetrics (src/services/telemetry.ts:276:15)

  console.log
    [TELEMETRY] Flushed old metrics. Current buffer sizes: parsing=3525, documents=0

      at TelemetryCollector.flushMetrics (src/services/telemetry.ts:276:15)

  console.log
    [TELEMETRY] Flushed old metrics. Current buffer sizes: parsing=3526, documents=0

      at TelemetryCollector.flushMetrics (src/services/telemetry.ts:276:15)

  console.log
    [TELEMETRY] Flushed old metrics. Current buffer sizes: parsing=3527, documents=0

      at TelemetryCollector.flushMetrics (src/services/telemetry.ts:276:15)

  console.log
    [TELEMETRY] Flushed old metrics. Current buffer sizes: parsing=3528, documents=0

      at TelemetryCollector.flushMetrics (src/services/telemetry.ts:276:15)

  console.log
    [TELEMETRY] Flushed old metrics. Current buffer sizes: parsing=3529, documents=0

      at TelemetryCollector.flushMetrics (src/services/telemetry.ts:276:15)

  console.log
    [TELEMETRY] Flushed old metrics. Current buffer sizes: parsing=3530, documents=0

      at TelemetryCollector.flushMetrics (src/services/telemetry.ts:276:15)

  console.log
    [TELEMETRY] Flushed old metrics. Current buffer sizes: parsing=3531, documents=0

      at TelemetryCollector.flushMetrics (src/services/telemetry.ts:276:15)

  console.log
    [TELEMETRY] Flushed old metrics. Current buffer sizes: parsing=3532, documents=0

      at TelemetryCollector.flushMetrics (src/services/telemetry.ts:276:15)

  console.log
    [TELEMETRY] Flushed old metrics. Current buffer sizes: parsing=3533, documents=0

      at TelemetryCollector.flushMetrics (src/services/telemetry.ts:276:15)

  console.log
    [TELEMETRY] Flushed old metrics. Current buffer sizes: parsing=3534, documents=0

      at TelemetryCollector.flushMetrics (src/services/telemetry.ts:276:15)

  console.log
    [TELEMETRY] Flushed old metrics. Current buffer sizes: parsing=3535, documents=0

      at TelemetryCollector.flushMetrics (src/services/telemetry.ts:276:15)

  console.log
    [TELEMETRY] Flushed old metrics. Current buffer sizes: parsing=3536, documents=0

      at TelemetryCollector.flushMetrics (src/services/telemetry.ts:276:15)

  console.log
    [TELEMETRY] Flushed old metrics. Current buffer sizes: parsing=3537, documents=0

      at TelemetryCollector.flushMetrics (src/services/telemetry.ts:276:15)

  console.log
    [TELEMETRY] Flushed old metrics. Current buffer sizes: parsing=3538, documents=0

      at TelemetryCollector.flushMetrics (src/services/telemetry.ts:276:15)

  console.log
    [TELEMETRY] Flushed old metrics. Current buffer sizes: parsing=3539, documents=0

      at TelemetryCollector.flushMetrics (src/services/telemetry.ts:276:15)

  console.log
    [TELEMETRY] Flushed old metrics. Current buffer sizes: parsing=3540, documents=0

      at TelemetryCollector.flushMetrics (src/services/telemetry.ts:276:15)

  console.log
    [TELEMETRY] Flushed old metrics. Current buffer sizes: parsing=3541, documents=0

      at TelemetryCollector.flushMetrics (src/services/telemetry.ts:276:15)

  console.log
    [TELEMETRY] Flushed old metrics. Current buffer sizes: parsing=3542, documents=0

      at TelemetryCollector.flushMetrics (src/services/telemetry.ts:276:15)

  console.log
    [TELEMETRY] Flushed old metrics. Current buffer sizes: parsing=3543, documents=0

      at TelemetryCollector.flushMetrics (src/services/telemetry.ts:276:15)

  console.log
    [TELEMETRY] Flushed old metrics. Current buffer sizes: parsing=3544, documents=0

      at TelemetryCollector.flushMetrics (src/services/telemetry.ts:276:15)

  console.log
    [TELEMETRY] Flushed old metrics. Current buffer sizes: parsing=3545, documents=0

      at TelemetryCollector.flushMetrics (src/services/telemetry.ts:276:15)

  console.log
    [TELEMETRY] Flushed old metrics. Current buffer sizes: parsing=3546, documents=0

      at TelemetryCollector.flushMetrics (src/services/telemetry.ts:276:15)

  console.log
    [TELEMETRY] Flushed old metrics. Current buffer sizes: parsing=3547, documents=0

      at TelemetryCollector.flushMetrics (src/services/telemetry.ts:276:15)

  console.log
    [TELEMETRY] Flushed old metrics. Current buffer sizes: parsing=3548, documents=0

      at TelemetryCollector.flushMetrics (src/services/telemetry.ts:276:15)

  console.log
    [TELEMETRY] Flushed old metrics. Current buffer sizes: parsing=3549, documents=0

      at TelemetryCollector.flushMetrics (src/services/telemetry.ts:276:15)

  console.log
    [TELEMETRY] Flushed old metrics. Current buffer sizes: parsing=3550, documents=0

      at TelemetryCollector.flushMetrics (src/services/telemetry.ts:276:15)

  console.log
    [TELEMETRY] Flushed old metrics. Current buffer sizes: parsing=3551, documents=0

      at TelemetryCollector.flushMetrics (src/services/telemetry.ts:276:15)

  console.log
    [TELEMETRY] Flushed old metrics. Current buffer sizes: parsing=3552, documents=0

      at TelemetryCollector.flushMetrics (src/services/telemetry.ts:276:15)

  console.log
    [TELEMETRY] Flushed old metrics. Current buffer sizes: parsing=3553, documents=0

      at TelemetryCollector.flushMetrics (src/services/telemetry.ts:276:15)

  console.log
    [TELEMETRY] Flushed old metrics. Current buffer sizes: parsing=3554, documents=0

      at TelemetryCollector.flushMetrics (src/services/telemetry.ts:276:15)

  console.log
    [TELEMETRY] Flushed old metrics. Current buffer sizes: parsing=3555, documents=0

      at TelemetryCollector.flushMetrics (src/services/telemetry.ts:276:15)

  console.log
    [TELEMETRY] Flushed old metrics. Current buffer sizes: parsing=3556, documents=0

      at TelemetryCollector.flushMetrics (src/services/telemetry.ts:276:15)

  console.log
    [TELEMETRY] Flushed old metrics. Current buffer sizes: parsing=3557, documents=0

      at TelemetryCollector.flushMetrics (src/services/telemetry.ts:276:15)

  console.log
    [TELEMETRY] Flushed old metrics. Current buffer sizes: parsing=3558, documents=0

      at TelemetryCollector.flushMetrics (src/services/telemetry.ts:276:15)

  console.log
    [TELEMETRY] Flushed old metrics. Current buffer sizes: parsing=3559, documents=0

      at TelemetryCollector.flushMetrics (src/services/telemetry.ts:276:15)

  console.log
    [TELEMETRY] Flushed old metrics. Current buffer sizes: parsing=3560, documents=0

      at TelemetryCollector.flushMetrics (src/services/telemetry.ts:276:15)

  console.log
    [TELEMETRY] Flushed old metrics. Current buffer sizes: parsing=3561, documents=0

      at TelemetryCollector.flushMetrics (src/services/telemetry.ts:276:15)

  console.log
    [TELEMETRY] Flushed old metrics. Current buffer sizes: parsing=3562, documents=0

      at TelemetryCollector.flushMetrics (src/services/telemetry.ts:276:15)

  console.log
    [TELEMETRY] Flushed old metrics. Current buffer sizes: parsing=3563, documents=0

      at TelemetryCollector.flushMetrics (src/services/telemetry.ts:276:15)

  console.log
    [TELEMETRY] Flushed old metrics. Current buffer sizes: parsing=3564, documents=0

      at TelemetryCollector.flushMetrics (src/services/telemetry.ts:276:15)

  console.log
    [TELEMETRY] Flushed old metrics. Current buffer sizes: parsing=3565, documents=0

      at TelemetryCollector.flushMetrics (src/services/telemetry.ts:276:15)

  console.log
    [TELEMETRY] Flushed old metrics. Current buffer sizes: parsing=3566, documents=0

      at TelemetryCollector.flushMetrics (src/services/telemetry.ts:276:15)

  console.log
    [TELEMETRY] Flushed old metrics. Current buffer sizes: parsing=3567, documents=0

      at TelemetryCollector.flushMetrics (src/services/telemetry.ts:276:15)

  console.log
    [TELEMETRY] Flushed old metrics. Current buffer sizes: parsing=3568, documents=0

      at TelemetryCollector.flushMetrics (src/services/telemetry.ts:276:15)

  console.log
    [TELEMETRY] Flushed old metrics. Current buffer sizes: parsing=3569, documents=0

      at TelemetryCollector.flushMetrics (src/services/telemetry.ts:276:15)

  console.log
    [TELEMETRY] Flushed old metrics. Current buffer sizes: parsing=3570, documents=0

      at TelemetryCollector.flushMetrics (src/services/telemetry.ts:276:15)

  console.log
    [TELEMETRY] Flushed old metrics. Current buffer sizes: parsing=3571, documents=0

      at TelemetryCollector.flushMetrics (src/services/telemetry.ts:276:15)

  console.log
    [TELEMETRY] Flushed old metrics. Current buffer sizes: parsing=3572, documents=0

      at TelemetryCollector.flushMetrics (src/services/telemetry.ts:276:15)

  console.log
    [TELEMETRY] Flushed old metrics. Current buffer sizes: parsing=3573, documents=0

      at TelemetryCollector.flushMetrics (src/services/telemetry.ts:276:15)

  console.log
    [TELEMETRY] Flushed old metrics. Current buffer sizes: parsing=3574, documents=0

      at TelemetryCollector.flushMetrics (src/services/telemetry.ts:276:15)

  console.log
    [TELEMETRY] Flushed old metrics. Current buffer sizes: parsing=3575, documents=0

      at TelemetryCollector.flushMetrics (src/services/telemetry.ts:276:15)

  console.log
    [TELEMETRY] Flushed old metrics. Current buffer sizes: parsing=3576, documents=0

      at TelemetryCollector.flushMetrics (src/services/telemetry.ts:276:15)

  console.log
    [TELEMETRY] Flushed old metrics. Current buffer sizes: parsing=3577, documents=0

      at TelemetryCollector.flushMetrics (src/services/telemetry.ts:276:15)

  console.log
    [TELEMETRY] Flushed old metrics. Current buffer sizes: parsing=3578, documents=0

      at TelemetryCollector.flushMetrics (src/services/telemetry.ts:276:15)

  console.log
    [TELEMETRY] Flushed old metrics. Current buffer sizes: parsing=3579, documents=0

      at TelemetryCollector.flushMetrics (src/services/telemetry.ts:276:15)

  console.log
    [TELEMETRY] Flushed old metrics. Current buffer sizes: parsing=3580, documents=0

      at TelemetryCollector.flushMetrics (src/services/telemetry.ts:276:15)

  console.log
    [TELEMETRY] Flushed old metrics. Current buffer sizes: parsing=3581, documents=0

      at TelemetryCollector.flushMetrics (src/services/telemetry.ts:276:15)

  console.log
    [TELEMETRY] Flushed old metrics. Current buffer sizes: parsing=3582, documents=0

      at TelemetryCollector.flushMetrics (src/services/telemetry.ts:276:15)

  console.log
    [TELEMETRY] Flushed old metrics. Current buffer sizes: parsing=3583, documents=0

      at TelemetryCollector.flushMetrics (src/services/telemetry.ts:276:15)

  console.log
    [TELEMETRY] Flushed old metrics. Current buffer sizes: parsing=3584, documents=0

      at TelemetryCollector.flushMetrics (src/services/telemetry.ts:276:15)

  console.log
    [TELEMETRY] Flushed old metrics. Current buffer sizes: parsing=3585, documents=0

      at TelemetryCollector.flushMetrics (src/services/telemetry.ts:276:15)

  console.log
    [TELEMETRY] Flushed old metrics. Current buffer sizes: parsing=3586, documents=0

      at TelemetryCollector.flushMetrics (src/services/telemetry.ts:276:15)

  console.log
    [TELEMETRY] Flushed old metrics. Current buffer sizes: parsing=3587, documents=0

      at TelemetryCollector.flushMetrics (src/services/telemetry.ts:276:15)

  console.log
    [TELEMETRY] Flushed old metrics. Current buffer sizes: parsing=3588, documents=0

      at TelemetryCollector.flushMetrics (src/services/telemetry.ts:276:15)

  console.log
    [TELEMETRY] Flushed old metrics. Current buffer sizes: parsing=3589, documents=0

      at TelemetryCollector.flushMetrics (src/services/telemetry.ts:276:15)

  console.log
    [TELEMETRY] Flushed old metrics. Current buffer sizes: parsing=3590, documents=0

      at TelemetryCollector.flushMetrics (src/services/telemetry.ts:276:15)

  console.log
    [TELEMETRY] Flushed old metrics. Current buffer sizes: parsing=3591, documents=0

      at TelemetryCollector.flushMetrics (src/services/telemetry.ts:276:15)

  console.log
    [TELEMETRY] Flushed old metrics. Current buffer sizes: parsing=3592, documents=0

      at TelemetryCollector.flushMetrics (src/services/telemetry.ts:276:15)

  console.log
    [TELEMETRY] Flushed old metrics. Current buffer sizes: parsing=3593, documents=0

      at TelemetryCollector.flushMetrics (src/services/telemetry.ts:276:15)

  console.log
    [TELEMETRY] Flushed old metrics. Current buffer sizes: parsing=3594, documents=0

      at TelemetryCollector.flushMetrics (src/services/telemetry.ts:276:15)

  console.log
    [TELEMETRY] Flushed old metrics. Current buffer sizes: parsing=3595, documents=0

      at TelemetryCollector.flushMetrics (src/services/telemetry.ts:276:15)

  console.log
    [TELEMETRY] Flushed old metrics. Current buffer sizes: parsing=3596, documents=0

      at TelemetryCollector.flushMetrics (src/services/telemetry.ts:276:15)

  console.log
    [TELEMETRY] Flushed old metrics. Current buffer sizes: parsing=3597, documents=0

      at TelemetryCollector.flushMetrics (src/services/telemetry.ts:276:15)

  console.log
    [TELEMETRY] Flushed old metrics. Current buffer sizes: parsing=3598, documents=0

      at TelemetryCollector.flushMetrics (src/services/telemetry.ts:276:15)

  console.log
    [TELEMETRY] Flushed old metrics. Current buffer sizes: parsing=3599, documents=0

      at TelemetryCollector.flushMetrics (src/services/telemetry.ts:276:15)

  console.log
    [TELEMETRY] Flushed old metrics. Current buffer sizes: parsing=3600, documents=0

      at TelemetryCollector.flushMetrics (src/services/telemetry.ts:276:15)

  console.log
    [TELEMETRY] Flushed old metrics. Current buffer sizes: parsing=3601, documents=0

      at TelemetryCollector.flushMetrics (src/services/telemetry.ts:276:15)

  console.log
    [TELEMETRY] Flushed old metrics. Current buffer sizes: parsing=3602, documents=0

      at TelemetryCollector.flushMetrics (src/services/telemetry.ts:276:15)

  console.log
    [TELEMETRY] Flushed old metrics. Current buffer sizes: parsing=3603, documents=0

      at TelemetryCollector.flushMetrics (src/services/telemetry.ts:276:15)

  console.log
    [TELEMETRY] Flushed old metrics. Current buffer sizes: parsing=3604, documents=0

      at TelemetryCollector.flushMetrics (src/services/telemetry.ts:276:15)

  console.log
    [TELEMETRY] Flushed old metrics. Current buffer sizes: parsing=3605, documents=0

      at TelemetryCollector.flushMetrics (src/services/telemetry.ts:276:15)

  console.log
    [TELEMETRY] Flushed old metrics. Current buffer sizes: parsing=3606, documents=0

      at TelemetryCollector.flushMetrics (src/services/telemetry.ts:276:15)

  console.log
    [TELEMETRY] Flushed old metrics. Current buffer sizes: parsing=3607, documents=0

      at TelemetryCollector.flushMetrics (src/services/telemetry.ts:276:15)

  console.log
    [TELEMETRY] Flushed old metrics. Current buffer sizes: parsing=3608, documents=0

      at TelemetryCollector.flushMetrics (src/services/telemetry.ts:276:15)

  console.log
    [TELEMETRY] Flushed old metrics. Current buffer sizes: parsing=3609, documents=0

      at TelemetryCollector.flushMetrics (src/services/telemetry.ts:276:15)

  console.log
    [TELEMETRY] Flushed old metrics. Current buffer sizes: parsing=3610, documents=0

      at TelemetryCollector.flushMetrics (src/services/telemetry.ts:276:15)

  console.log
    [TELEMETRY] Flushed old metrics. Current buffer sizes: parsing=3611, documents=0

      at TelemetryCollector.flushMetrics (src/services/telemetry.ts:276:15)

  console.log
    [TELEMETRY] Flushed old metrics. Current buffer sizes: parsing=3612, documents=0

      at TelemetryCollector.flushMetrics (src/services/telemetry.ts:276:15)

  console.log
    [TELEMETRY] Flushed old metrics. Current buffer sizes: parsing=3613, documents=0

      at TelemetryCollector.flushMetrics (src/services/telemetry.ts:276:15)

  console.log
    [TELEMETRY] Flushed old metrics. Current buffer sizes: parsing=3614, documents=0

      at TelemetryCollector.flushMetrics (src/services/telemetry.ts:276:15)

  console.log
    [TELEMETRY] Flushed old metrics. Current buffer sizes: parsing=3615, documents=0

      at TelemetryCollector.flushMetrics (src/services/telemetry.ts:276:15)

  console.log
    [TELEMETRY] Flushed old metrics. Current buffer sizes: parsing=3616, documents=0

      at TelemetryCollector.flushMetrics (src/services/telemetry.ts:276:15)

  console.log
    [TELEMETRY] Flushed old metrics. Current buffer sizes: parsing=3617, documents=0

      at TelemetryCollector.flushMetrics (src/services/telemetry.ts:276:15)

  console.log
    [TELEMETRY] Flushed old metrics. Current buffer sizes: parsing=3618, documents=0

      at TelemetryCollector.flushMetrics (src/services/telemetry.ts:276:15)

  console.log
    [TELEMETRY] Flushed old metrics. Current buffer sizes: parsing=3619, documents=0

      at TelemetryCollector.flushMetrics (src/services/telemetry.ts:276:15)

  console.log
    [TELEMETRY] Flushed old metrics. Current buffer sizes: parsing=3620, documents=0

      at TelemetryCollector.flushMetrics (src/services/telemetry.ts:276:15)

  console.log
    [TELEMETRY] Flushed old metrics. Current buffer sizes: parsing=3621, documents=0

      at TelemetryCollector.flushMetrics (src/services/telemetry.ts:276:15)

  console.log
    [TELEMETRY] Flushed old metrics. Current buffer sizes: parsing=3622, documents=0

      at TelemetryCollector.flushMetrics (src/services/telemetry.ts:276:15)

  console.log
    [TELEMETRY] Flushed old metrics. Current buffer sizes: parsing=3623, documents=0

      at TelemetryCollector.flushMetrics (src/services/telemetry.ts:276:15)

  console.log
    [TELEMETRY] Flushed old metrics. Current buffer sizes: parsing=3624, documents=0

      at TelemetryCollector.flushMetrics (src/services/telemetry.ts:276:15)

  console.log
    [TELEMETRY] Flushed old metrics. Current buffer sizes: parsing=3625, documents=0

      at TelemetryCollector.flushMetrics (src/services/telemetry.ts:276:15)

  console.log
    [TELEMETRY] Flushed old metrics. Current buffer sizes: parsing=3626, documents=0

      at TelemetryCollector.flushMetrics (src/services/telemetry.ts:276:15)

  console.log
    [TELEMETRY] Flushed old metrics. Current buffer sizes: parsing=3627, documents=0

      at TelemetryCollector.flushMetrics (src/services/telemetry.ts:276:15)

  console.log
    [TELEMETRY] Flushed old metrics. Current buffer sizes: parsing=3628, documents=0

      at TelemetryCollector.flushMetrics (src/services/telemetry.ts:276:15)

  console.log
    [TELEMETRY] Flushed old metrics. Current buffer sizes: parsing=3629, documents=0

      at TelemetryCollector.flushMetrics (src/services/telemetry.ts:276:15)

  console.log
    [TELEMETRY] Flushed old metrics. Current buffer sizes: parsing=3630, documents=0

      at TelemetryCollector.flushMetrics (src/services/telemetry.ts:276:15)

  console.log
    [TELEMETRY] Flushed old metrics. Current buffer sizes: parsing=3631, documents=0

      at TelemetryCollector.flushMetrics (src/services/telemetry.ts:276:15)

  console.log
    [TELEMETRY] Flushed old metrics. Current buffer sizes: parsing=3632, documents=0

      at TelemetryCollector.flushMetrics (src/services/telemetry.ts:276:15)

  console.log
    [TELEMETRY] Flushed old metrics. Current buffer sizes: parsing=3633, documents=0

      at TelemetryCollector.flushMetrics (src/services/telemetry.ts:276:15)

  console.log
    [TELEMETRY] Flushed old metrics. Current buffer sizes: parsing=3634, documents=0

      at TelemetryCollector.flushMetrics (src/services/telemetry.ts:276:15)

  console.log
    [TELEMETRY] Flushed old metrics. Current buffer sizes: parsing=3635, documents=0

      at TelemetryCollector.flushMetrics (src/services/telemetry.ts:276:15)

  console.log
    [TELEMETRY] Flushed old metrics. Current buffer sizes: parsing=3636, documents=0

      at TelemetryCollector.flushMetrics (src/services/telemetry.ts:276:15)

  console.log
    [TELEMETRY] Flushed old metrics. Current buffer sizes: parsing=3637, documents=0

      at TelemetryCollector.flushMetrics (src/services/telemetry.ts:276:15)

  console.log
    [TELEMETRY] Flushed old metrics. Current buffer sizes: parsing=3638, documents=0

      at TelemetryCollector.flushMetrics (src/services/telemetry.ts:276:15)

  console.log
    [TELEMETRY] Flushed old metrics. Current buffer sizes: parsing=3639, documents=0

      at TelemetryCollector.flushMetrics (src/services/telemetry.ts:276:15)

  console.log
    [TELEMETRY] Flushed old metrics. Current buffer sizes: parsing=3640, documents=0

      at TelemetryCollector.flushMetrics (src/services/telemetry.ts:276:15)

  console.log
    [TELEMETRY] Flushed old metrics. Current buffer sizes: parsing=3641, documents=0

      at TelemetryCollector.flushMetrics (src/services/telemetry.ts:276:15)

  console.log
    [TELEMETRY] Flushed old metrics. Current buffer sizes: parsing=3642, documents=0

      at TelemetryCollector.flushMetrics (src/services/telemetry.ts:276:15)

  console.log
    [TELEMETRY] Flushed old metrics. Current buffer sizes: parsing=3643, documents=0

      at TelemetryCollector.flushMetrics (src/services/telemetry.ts:276:15)

  console.log
    [TELEMETRY] Flushed old metrics. Current buffer sizes: parsing=3644, documents=0

      at TelemetryCollector.flushMetrics (src/services/telemetry.ts:276:15)

  console.log
    [TELEMETRY] Flushed old metrics. Current buffer sizes: parsing=3645, documents=0

      at TelemetryCollector.flushMetrics (src/services/telemetry.ts:276:15)

  console.log
    [TELEMETRY] Flushed old metrics. Current buffer sizes: parsing=3646, documents=0

      at TelemetryCollector.flushMetrics (src/services/telemetry.ts:276:15)

  console.log
    [TELEMETRY] Flushed old metrics. Current buffer sizes: parsing=3647, documents=0

      at TelemetryCollector.flushMetrics (src/services/telemetry.ts:276:15)

  console.log
    [TELEMETRY] Flushed old metrics. Current buffer sizes: parsing=3648, documents=0

      at TelemetryCollector.flushMetrics (src/services/telemetry.ts:276:15)

  console.log
    [TELEMETRY] Flushed old metrics. Current buffer sizes: parsing=3649, documents=0

      at TelemetryCollector.flushMetrics (src/services/telemetry.ts:276:15)

  console.log
    [TELEMETRY] Flushed old metrics. Current buffer sizes: parsing=3650, documents=0

      at TelemetryCollector.flushMetrics (src/services/telemetry.ts:276:15)

  console.log
    [TELEMETRY] Flushed old metrics. Current buffer sizes: parsing=3651, documents=0

      at TelemetryCollector.flushMetrics (src/services/telemetry.ts:276:15)

  console.log
    [TELEMETRY] Flushed old metrics. Current buffer sizes: parsing=3652, documents=0

      at TelemetryCollector.flushMetrics (src/services/telemetry.ts:276:15)

  console.log
    [TELEMETRY] Flushed old metrics. Current buffer sizes: parsing=3653, documents=0

      at TelemetryCollector.flushMetrics (src/services/telemetry.ts:276:15)

  console.log
    [TELEMETRY] Flushed old metrics. Current buffer sizes: parsing=3654, documents=0

      at TelemetryCollector.flushMetrics (src/services/telemetry.ts:276:15)

  console.log
    [TELEMETRY] Flushed old metrics. Current buffer sizes: parsing=3655, documents=0

      at TelemetryCollector.flushMetrics (src/services/telemetry.ts:276:15)

  console.log
    [TELEMETRY] Flushed old metrics. Current buffer sizes: parsing=3656, documents=0

      at TelemetryCollector.flushMetrics (src/services/telemetry.ts:276:15)

  console.log
    [TELEMETRY] Flushed old metrics. Current buffer sizes: parsing=3657, documents=0

      at TelemetryCollector.flushMetrics (src/services/telemetry.ts:276:15)

  console.log
    [TELEMETRY] Flushed old metrics. Current buffer sizes: parsing=3658, documents=0

      at TelemetryCollector.flushMetrics (src/services/telemetry.ts:276:15)

  console.log
    [TELEMETRY] Flushed old metrics. Current buffer sizes: parsing=3659, documents=0

      at TelemetryCollector.flushMetrics (src/services/telemetry.ts:276:15)

  console.log
    [TELEMETRY] Flushed old metrics. Current buffer sizes: parsing=3660, documents=0

      at TelemetryCollector.flushMetrics (src/services/telemetry.ts:276:15)

  console.log
    [TELEMETRY] Flushed old metrics. Current buffer sizes: parsing=3661, documents=0

      at TelemetryCollector.flushMetrics (src/services/telemetry.ts:276:15)

  console.log
    [TELEMETRY] Flushed old metrics. Current buffer sizes: parsing=3662, documents=0

      at TelemetryCollector.flushMetrics (src/services/telemetry.ts:276:15)

  console.log
    [TELEMETRY] Flushed old metrics. Current buffer sizes: parsing=3663, documents=0

      at TelemetryCollector.flushMetrics (src/services/telemetry.ts:276:15)

  console.log
    [TELEMETRY] Flushed old metrics. Current buffer sizes: parsing=3664, documents=0

      at TelemetryCollector.flushMetrics (src/services/telemetry.ts:276:15)

  console.log
    [TELEMETRY] Flushed old metrics. Current buffer sizes: parsing=3665, documents=0

      at TelemetryCollector.flushMetrics (src/services/telemetry.ts:276:15)

  console.log
    [TELEMETRY] Flushed old metrics. Current buffer sizes: parsing=3666, documents=0

      at TelemetryCollector.flushMetrics (src/services/telemetry.ts:276:15)

  console.log
    [TELEMETRY] Flushed old metrics. Current buffer sizes: parsing=3667, documents=0

      at TelemetryCollector.flushMetrics (src/services/telemetry.ts:276:15)

  console.log
    [TELEMETRY] Flushed old metrics. Current buffer sizes: parsing=3668, documents=0

      at TelemetryCollector.flushMetrics (src/services/telemetry.ts:276:15)

  console.log
    [TELEMETRY] Flushed old metrics. Current buffer sizes: parsing=3669, documents=0

      at TelemetryCollector.flushMetrics (src/services/telemetry.ts:276:15)

  console.log
    [TELEMETRY] Flushed old metrics. Current buffer sizes: parsing=3670, documents=0

      at TelemetryCollector.flushMetrics (src/services/telemetry.ts:276:15)

  console.log
    [TELEMETRY] Flushed old metrics. Current buffer sizes: parsing=3671, documents=0

      at TelemetryCollector.flushMetrics (src/services/telemetry.ts:276:15)

  console.log
    [TELEMETRY] Flushed old metrics. Current buffer sizes: parsing=3672, documents=0

      at TelemetryCollector.flushMetrics (src/services/telemetry.ts:276:15)

  console.log
    [TELEMETRY] Flushed old metrics. Current buffer sizes: parsing=3673, documents=0

      at TelemetryCollector.flushMetrics (src/services/telemetry.ts:276:15)

  console.log
    [TELEMETRY] Flushed old metrics. Current buffer sizes: parsing=3674, documents=0

      at TelemetryCollector.flushMetrics (src/services/telemetry.ts:276:15)

  console.log
    [TELEMETRY] Flushed old metrics. Current buffer sizes: parsing=3675, documents=0

      at TelemetryCollector.flushMetrics (src/services/telemetry.ts:276:15)

  console.log
    [TELEMETRY] Flushed old metrics. Current buffer sizes: parsing=3676, documents=0

      at TelemetryCollector.flushMetrics (src/services/telemetry.ts:276:15)

  console.log
    [TELEMETRY] Flushed old metrics. Current buffer sizes: parsing=3677, documents=0

      at TelemetryCollector.flushMetrics (src/services/telemetry.ts:276:15)

  console.log
    [TELEMETRY] Flushed old metrics. Current buffer sizes: parsing=3678, documents=0

      at TelemetryCollector.flushMetrics (src/services/telemetry.ts:276:15)

  console.log
    [TELEMETRY] Flushed old metrics. Current buffer sizes: parsing=3679, documents=0

      at TelemetryCollector.flushMetrics (src/services/telemetry.ts:276:15)

  console.log
    [TELEMETRY] Flushed old metrics. Current buffer sizes: parsing=3680, documents=0

      at TelemetryCollector.flushMetrics (src/services/telemetry.ts:276:15)

  console.log
    [TELEMETRY] Flushed old metrics. Current buffer sizes: parsing=3681, documents=0

      at TelemetryCollector.flushMetrics (src/services/telemetry.ts:276:15)

  console.log
    [TELEMETRY] Flushed old metrics. Current buffer sizes: parsing=3682, documents=0

      at TelemetryCollector.flushMetrics (src/services/telemetry.ts:276:15)

  console.log
    [TELEMETRY] Flushed old metrics. Current buffer sizes: parsing=3683, documents=0

      at TelemetryCollector.flushMetrics (src/services/telemetry.ts:276:15)

  console.log
    [TELEMETRY] Flushed old metrics. Current buffer sizes: parsing=3684, documents=0

      at TelemetryCollector.flushMetrics (src/services/telemetry.ts:276:15)

  console.log
    [TELEMETRY] Flushed old metrics. Current buffer sizes: parsing=3685, documents=0

      at TelemetryCollector.flushMetrics (src/services/telemetry.ts:276:15)

  console.log
    [TELEMETRY] Flushed old metrics. Current buffer sizes: parsing=3686, documents=0

      at TelemetryCollector.flushMetrics (src/services/telemetry.ts:276:15)

  console.log
    [TELEMETRY] Flushed old metrics. Current buffer sizes: parsing=3687, documents=0

      at TelemetryCollector.flushMetrics (src/services/telemetry.ts:276:15)

  console.log
    [TELEMETRY] Flushed old metrics. Current buffer sizes: parsing=3688, documents=0

      at TelemetryCollector.flushMetrics (src/services/telemetry.ts:276:15)

  console.log
    [TELEMETRY] Flushed old metrics. Current buffer sizes: parsing=3689, documents=0

      at TelemetryCollector.flushMetrics (src/services/telemetry.ts:276:15)

  console.log
    [TELEMETRY] Flushed old metrics. Current buffer sizes: parsing=3690, documents=0

      at TelemetryCollector.flushMetrics (src/services/telemetry.ts:276:15)

  console.log
    [TELEMETRY] Flushed old metrics. Current buffer sizes: parsing=3691, documents=0

      at TelemetryCollector.flushMetrics (src/services/telemetry.ts:276:15)

  console.log
    [TELEMETRY] Flushed old metrics. Current buffer sizes: parsing=3692, documents=0

      at TelemetryCollector.flushMetrics (src/services/telemetry.ts:276:15)

  console.log
    [TELEMETRY] Flushed old metrics. Current buffer sizes: parsing=3693, documents=0

      at TelemetryCollector.flushMetrics (src/services/telemetry.ts:276:15)

  console.log
    [TELEMETRY] Flushed old metrics. Current buffer sizes: parsing=3694, documents=0

      at TelemetryCollector.flushMetrics (src/services/telemetry.ts:276:15)

  console.log
    [TELEMETRY] Flushed old metrics. Current buffer sizes: parsing=3695, documents=0

      at TelemetryCollector.flushMetrics (src/services/telemetry.ts:276:15)

  console.log
    [TELEMETRY] Flushed old metrics. Current buffer sizes: parsing=3696, documents=0

      at TelemetryCollector.flushMetrics (src/services/telemetry.ts:276:15)

  console.log
    [TELEMETRY] Flushed old metrics. Current buffer sizes: parsing=3697, documents=0

      at TelemetryCollector.flushMetrics (src/services/telemetry.ts:276:15)

  console.log
    [TELEMETRY] Flushed old metrics. Current buffer sizes: parsing=3698, documents=0

      at TelemetryCollector.flushMetrics (src/services/telemetry.ts:276:15)

  console.log
    [TELEMETRY] Flushed old metrics. Current buffer sizes: parsing=3699, documents=0

      at TelemetryCollector.flushMetrics (src/services/telemetry.ts:276:15)

  console.log
    [TELEMETRY] Flushed old metrics. Current buffer sizes: parsing=3700, documents=0

      at TelemetryCollector.flushMetrics (src/services/telemetry.ts:276:15)

  console.log
    [TELEMETRY] Flushed old metrics. Current buffer sizes: parsing=3701, documents=0

      at TelemetryCollector.flushMetrics (src/services/telemetry.ts:276:15)

  console.log
    [TELEMETRY] Flushed old metrics. Current buffer sizes: parsing=3702, documents=0

      at TelemetryCollector.flushMetrics (src/services/telemetry.ts:276:15)

  console.log
    [TELEMETRY] Flushed old metrics. Current buffer sizes: parsing=3703, documents=0

      at TelemetryCollector.flushMetrics (src/services/telemetry.ts:276:15)

  console.log
    [TELEMETRY] Flushed old metrics. Current buffer sizes: parsing=3704, documents=0

      at TelemetryCollector.flushMetrics (src/services/telemetry.ts:276:15)

  console.log
    [TELEMETRY] Flushed old metrics. Current buffer sizes: parsing=3705, documents=0

      at TelemetryCollector.flushMetrics (src/services/telemetry.ts:276:15)

  console.log
    [TELEMETRY] Flushed old metrics. Current buffer sizes: parsing=3706, documents=0

      at TelemetryCollector.flushMetrics (src/services/telemetry.ts:276:15)

  console.log
    [TELEMETRY] Flushed old metrics. Current buffer sizes: parsing=3707, documents=0

      at TelemetryCollector.flushMetrics (src/services/telemetry.ts:276:15)

  console.log
    [TELEMETRY] Flushed old metrics. Current buffer sizes: parsing=3708, documents=0

      at TelemetryCollector.flushMetrics (src/services/telemetry.ts:276:15)

  console.log
    [TELEMETRY] Flushed old metrics. Current buffer sizes: parsing=3709, documents=0

      at TelemetryCollector.flushMetrics (src/services/telemetry.ts:276:15)

  console.log
    [TELEMETRY] Flushed old metrics. Current buffer sizes: parsing=3710, documents=0

      at TelemetryCollector.flushMetrics (src/services/telemetry.ts:276:15)

  console.log
    [TELEMETRY] Flushed old metrics. Current buffer sizes: parsing=3711, documents=0

      at TelemetryCollector.flushMetrics (src/services/telemetry.ts:276:15)

  console.log
    [TELEMETRY] Flushed old metrics. Current buffer sizes: parsing=3712, documents=0

      at TelemetryCollector.flushMetrics (src/services/telemetry.ts:276:15)

  console.log
    [TELEMETRY] Flushed old metrics. Current buffer sizes: parsing=3713, documents=0

      at TelemetryCollector.flushMetrics (src/services/telemetry.ts:276:15)

  console.log
    [TELEMETRY] Flushed old metrics. Current buffer sizes: parsing=3714, documents=0

      at TelemetryCollector.flushMetrics (src/services/telemetry.ts:276:15)

  console.log
    [TELEMETRY] Flushed old metrics. Current buffer sizes: parsing=3715, documents=0

      at TelemetryCollector.flushMetrics (src/services/telemetry.ts:276:15)

  console.log
    [TELEMETRY] Flushed old metrics. Current buffer sizes: parsing=3716, documents=0

      at TelemetryCollector.flushMetrics (src/services/telemetry.ts:276:15)

  console.log
    [TELEMETRY] Flushed old metrics. Current buffer sizes: parsing=3717, documents=0

      at TelemetryCollector.flushMetrics (src/services/telemetry.ts:276:15)

  console.log
    [TELEMETRY] Flushed old metrics. Current buffer sizes: parsing=3718, documents=0

      at TelemetryCollector.flushMetrics (src/services/telemetry.ts:276:15)

  console.log
    [TELEMETRY] Flushed old metrics. Current buffer sizes: parsing=3719, documents=0

      at TelemetryCollector.flushMetrics (src/services/telemetry.ts:276:15)

  console.log
    [TELEMETRY] Flushed old metrics. Current buffer sizes: parsing=3720, documents=0

      at TelemetryCollector.flushMetrics (src/services/telemetry.ts:276:15)

  console.log
    [TELEMETRY] Flushed old metrics. Current buffer sizes: parsing=3721, documents=0

      at TelemetryCollector.flushMetrics (src/services/telemetry.ts:276:15)

  console.log
    [TELEMETRY] Flushed old metrics. Current buffer sizes: parsing=3722, documents=0

      at TelemetryCollector.flushMetrics (src/services/telemetry.ts:276:15)

  console.log
    [TELEMETRY] Flushed old metrics. Current buffer sizes: parsing=3723, documents=0

      at TelemetryCollector.flushMetrics (src/services/telemetry.ts:276:15)

  console.log
    [TELEMETRY] Flushed old metrics. Current buffer sizes: parsing=3724, documents=0

      at TelemetryCollector.flushMetrics (src/services/telemetry.ts:276:15)

  console.log
    [TELEMETRY] Flushed old metrics. Current buffer sizes: parsing=3725, documents=0

      at TelemetryCollector.flushMetrics (src/services/telemetry.ts:276:15)

  console.log
    [TELEMETRY] Flushed old metrics. Current buffer sizes: parsing=3726, documents=0

      at TelemetryCollector.flushMetrics (src/services/telemetry.ts:276:15)

  console.log
    [TELEMETRY] Flushed old metrics. Current buffer sizes: parsing=3727, documents=0

      at TelemetryCollector.flushMetrics (src/services/telemetry.ts:276:15)

  console.log
    [TELEMETRY] Flushed old metrics. Current buffer sizes: parsing=3728, documents=0

      at TelemetryCollector.flushMetrics (src/services/telemetry.ts:276:15)

  console.log
    [TELEMETRY] Flushed old metrics. Current buffer sizes: parsing=3729, documents=0

      at TelemetryCollector.flushMetrics (src/services/telemetry.ts:276:15)

  console.log
    [TELEMETRY] Flushed old metrics. Current buffer sizes: parsing=3730, documents=0

      at TelemetryCollector.flushMetrics (src/services/telemetry.ts:276:15)

  console.log
    [TELEMETRY] Flushed old metrics. Current buffer sizes: parsing=3731, documents=0

      at TelemetryCollector.flushMetrics (src/services/telemetry.ts:276:15)

  console.log
    [TELEMETRY] Flushed old metrics. Current buffer sizes: parsing=3732, documents=0

      at TelemetryCollector.flushMetrics (src/services/telemetry.ts:276:15)

  console.log
    [TELEMETRY] Flushed old metrics. Current buffer sizes: parsing=3733, documents=0

      at TelemetryCollector.flushMetrics (src/services/telemetry.ts:276:15)

  console.log
    [TELEMETRY] Flushed old metrics. Current buffer sizes: parsing=3734, documents=0

      at TelemetryCollector.flushMetrics (src/services/telemetry.ts:276:15)

  console.log
    [TELEMETRY] Flushed old metrics. Current buffer sizes: parsing=3735, documents=0

      at TelemetryCollector.flushMetrics (src/services/telemetry.ts:276:15)

  console.log
    [TELEMETRY] Flushed old metrics. Current buffer sizes: parsing=3736, documents=0

      at TelemetryCollector.flushMetrics (src/services/telemetry.ts:276:15)

  console.log
    [TELEMETRY] Flushed old metrics. Current buffer sizes: parsing=3737, documents=0

      at TelemetryCollector.flushMetrics (src/services/telemetry.ts:276:15)

  console.log
    [TELEMETRY] Flushed old metrics. Current buffer sizes: parsing=3738, documents=0

      at TelemetryCollector.flushMetrics (src/services/telemetry.ts:276:15)

  console.log
    [TELEMETRY] Flushed old metrics. Current buffer sizes: parsing=3739, documents=0

      at TelemetryCollector.flushMetrics (src/services/telemetry.ts:276:15)

  console.log
    [TELEMETRY] Flushed old metrics. Current buffer sizes: parsing=3740, documents=0

      at TelemetryCollector.flushMetrics (src/services/telemetry.ts:276:15)

  console.log
    [TELEMETRY] Flushed old metrics. Current buffer sizes: parsing=3741, documents=0

      at TelemetryCollector.flushMetrics (src/services/telemetry.ts:276:15)

  console.log
    [TELEMETRY] Flushed old metrics. Current buffer sizes: parsing=3742, documents=0

      at TelemetryCollector.flushMetrics (src/services/telemetry.ts:276:15)

  console.log
    [TELEMETRY] Flushed old metrics. Current buffer sizes: parsing=3743, documents=0

      at TelemetryCollector.flushMetrics (src/services/telemetry.ts:276:15)

  console.log
    [TELEMETRY] Flushed old metrics. Current buffer sizes: parsing=3744, documents=0

      at TelemetryCollector.flushMetrics (src/services/telemetry.ts:276:15)

  console.log
    [TELEMETRY] Flushed old metrics. Current buffer sizes: parsing=3745, documents=0

      at TelemetryCollector.flushMetrics (src/services/telemetry.ts:276:15)

  console.log
    [TELEMETRY] Flushed old metrics. Current buffer sizes: parsing=3746, documents=0

      at TelemetryCollector.flushMetrics (src/services/telemetry.ts:276:15)

  console.log
    [TELEMETRY] Flushed old metrics. Current buffer sizes: parsing=3747, documents=0

      at TelemetryCollector.flushMetrics (src/services/telemetry.ts:276:15)

  console.log
    [TELEMETRY] Flushed old metrics. Current buffer sizes: parsing=3748, documents=0

      at TelemetryCollector.flushMetrics (src/services/telemetry.ts:276:15)

  console.log
    [TELEMETRY] Flushed old metrics. Current buffer sizes: parsing=3749, documents=0

      at TelemetryCollector.flushMetrics (src/services/telemetry.ts:276:15)

  console.log
    [TELEMETRY] Flushed old metrics. Current buffer sizes: parsing=3750, documents=0

      at TelemetryCollector.flushMetrics (src/services/telemetry.ts:276:15)

  console.log
    [TELEMETRY] Flushed old metrics. Current buffer sizes: parsing=3751, documents=0

      at TelemetryCollector.flushMetrics (src/services/telemetry.ts:276:15)

  console.log
    [TELEMETRY] Flushed old metrics. Current buffer sizes: parsing=3752, documents=0

      at TelemetryCollector.flushMetrics (src/services/telemetry.ts:276:15)

  console.log
    [TELEMETRY] Flushed old metrics. Current buffer sizes: parsing=3753, documents=0

      at TelemetryCollector.flushMetrics (src/services/telemetry.ts:276:15)

  console.log
    [TELEMETRY] Flushed old metrics. Current buffer sizes: parsing=3754, documents=0

      at TelemetryCollector.flushMetrics (src/services/telemetry.ts:276:15)

  console.log
    [TELEMETRY] Flushed old metrics. Current buffer sizes: parsing=3755, documents=0

      at TelemetryCollector.flushMetrics (src/services/telemetry.ts:276:15)

  console.log
    [TELEMETRY] Flushed old metrics. Current buffer sizes: parsing=3756, documents=0

      at TelemetryCollector.flushMetrics (src/services/telemetry.ts:276:15)

  console.log
    [TELEMETRY] Flushed old metrics. Current buffer sizes: parsing=3757, documents=0

      at TelemetryCollector.flushMetrics (src/services/telemetry.ts:276:15)

  console.log
    [TELEMETRY] Flushed old metrics. Current buffer sizes: parsing=3758, documents=0

      at TelemetryCollector.flushMetrics (src/services/telemetry.ts:276:15)

  console.log
    [TELEMETRY] Flushed old metrics. Current buffer sizes: parsing=3759, documents=0

      at TelemetryCollector.flushMetrics (src/services/telemetry.ts:276:15)

  console.log
    [TELEMETRY] Flushed old metrics. Current buffer sizes: parsing=3760, documents=0

      at TelemetryCollector.flushMetrics (src/services/telemetry.ts:276:15)

  console.log
    [TELEMETRY] Flushed old metrics. Current buffer sizes: parsing=3761, documents=0

      at TelemetryCollector.flushMetrics (src/services/telemetry.ts:276:15)

  console.log
    [TELEMETRY] Flushed old metrics. Current buffer sizes: parsing=3762, documents=0

      at TelemetryCollector.flushMetrics (src/services/telemetry.ts:276:15)

  console.log
    [TELEMETRY] Flushed old metrics. Current buffer sizes: parsing=3763, documents=0

      at TelemetryCollector.flushMetrics (src/services/telemetry.ts:276:15)

  console.log
    [TELEMETRY] Flushed old metrics. Current buffer sizes: parsing=3764, documents=0

      at TelemetryCollector.flushMetrics (src/services/telemetry.ts:276:15)

  console.log
    [TELEMETRY] Flushed old metrics. Current buffer sizes: parsing=3765, documents=0

      at TelemetryCollector.flushMetrics (src/services/telemetry.ts:276:15)

  console.log
    [TELEMETRY] Flushed old metrics. Current buffer sizes: parsing=3766, documents=0

      at TelemetryCollector.flushMetrics (src/services/telemetry.ts:276:15)

  console.log
    [TELEMETRY] Flushed old metrics. Current buffer sizes: parsing=3767, documents=0

      at TelemetryCollector.flushMetrics (src/services/telemetry.ts:276:15)

  console.log
    [TELEMETRY] Flushed old metrics. Current buffer sizes: parsing=3768, documents=0

      at TelemetryCollector.flushMetrics (src/services/telemetry.ts:276:15)

  console.log
    [TELEMETRY] Flushed old metrics. Current buffer sizes: parsing=3769, documents=0

      at TelemetryCollector.flushMetrics (src/services/telemetry.ts:276:15)

  console.log
    [TELEMETRY] Flushed old metrics. Current buffer sizes: parsing=3770, documents=0

      at TelemetryCollector.flushMetrics (src/services/telemetry.ts:276:15)

  console.log
    [TELEMETRY] Flushed old metrics. Current buffer sizes: parsing=3771, documents=0

      at TelemetryCollector.flushMetrics (src/services/telemetry.ts:276:15)

  console.log
    [TELEMETRY] Flushed old metrics. Current buffer sizes: parsing=3772, documents=0

      at TelemetryCollector.flushMetrics (src/services/telemetry.ts:276:15)

  console.log
    [TELEMETRY] Flushed old metrics. Current buffer sizes: parsing=3773, documents=0

      at TelemetryCollector.flushMetrics (src/services/telemetry.ts:276:15)

  console.log
    [TELEMETRY] Flushed old metrics. Current buffer sizes: parsing=3774, documents=0

      at TelemetryCollector.flushMetrics (src/services/telemetry.ts:276:15)

  console.log
    [TELEMETRY] Flushed old metrics. Current buffer sizes: parsing=3775, documents=0

      at TelemetryCollector.flushMetrics (src/services/telemetry.ts:276:15)

  console.log
    [TELEMETRY] Flushed old metrics. Current buffer sizes: parsing=3776, documents=0

      at TelemetryCollector.flushMetrics (src/services/telemetry.ts:276:15)

  console.log
    [TELEMETRY] Flushed old metrics. Current buffer sizes: parsing=3777, documents=0

      at TelemetryCollector.flushMetrics (src/services/telemetry.ts:276:15)

  console.log
    [TELEMETRY] Flushed old metrics. Current buffer sizes: parsing=3778, documents=0

      at TelemetryCollector.flushMetrics (src/services/telemetry.ts:276:15)

  console.log
    [TELEMETRY] Flushed old metrics. Current buffer sizes: parsing=3779, documents=0

      at TelemetryCollector.flushMetrics (src/services/telemetry.ts:276:15)

  console.log
    [TELEMETRY] Flushed old metrics. Current buffer sizes: parsing=3780, documents=0

      at TelemetryCollector.flushMetrics (src/services/telemetry.ts:276:15)

  console.log
    [TELEMETRY] Flushed old metrics. Current buffer sizes: parsing=3781, documents=0

      at TelemetryCollector.flushMetrics (src/services/telemetry.ts:276:15)

  console.log
    [TELEMETRY] Flushed old metrics. Current buffer sizes: parsing=3782, documents=0

      at TelemetryCollector.flushMetrics (src/services/telemetry.ts:276:15)

  console.log
    [TELEMETRY] Flushed old metrics. Current buffer sizes: parsing=3783, documents=0

      at TelemetryCollector.flushMetrics (src/services/telemetry.ts:276:15)

  console.log
    [TELEMETRY] Flushed old metrics. Current buffer sizes: parsing=3784, documents=0

      at TelemetryCollector.flushMetrics (src/services/telemetry.ts:276:15)

  console.log
    [TELEMETRY] Flushed old metrics. Current buffer sizes: parsing=3785, documents=0

      at TelemetryCollector.flushMetrics (src/services/telemetry.ts:276:15)

  console.log
    [TELEMETRY] Flushed old metrics. Current buffer sizes: parsing=3786, documents=0

      at TelemetryCollector.flushMetrics (src/services/telemetry.ts:276:15)

  console.log
    [TELEMETRY] Flushed old metrics. Current buffer sizes: parsing=3787, documents=0

      at TelemetryCollector.flushMetrics (src/services/telemetry.ts:276:15)

  console.log
    [TELEMETRY] Flushed old metrics. Current buffer sizes: parsing=3788, documents=0

      at TelemetryCollector.flushMetrics (src/services/telemetry.ts:276:15)

  console.log
    [TELEMETRY] Flushed old metrics. Current buffer sizes: parsing=3789, documents=0

      at TelemetryCollector.flushMetrics (src/services/telemetry.ts:276:15)

  console.log
    [TELEMETRY] Flushed old metrics. Current buffer sizes: parsing=3790, documents=0

      at TelemetryCollector.flushMetrics (src/services/telemetry.ts:276:15)

  console.log
    [TELEMETRY] Flushed old metrics. Current buffer sizes: parsing=3791, documents=0

      at TelemetryCollector.flushMetrics (src/services/telemetry.ts:276:15)

  console.log
    [TELEMETRY] Flushed old metrics. Current buffer sizes: parsing=3792, documents=0

      at TelemetryCollector.flushMetrics (src/services/telemetry.ts:276:15)

  console.log
    [TELEMETRY] Flushed old metrics. Current buffer sizes: parsing=3793, documents=0

      at TelemetryCollector.flushMetrics (src/services/telemetry.ts:276:15)

  console.log
    [TELEMETRY] Flushed old metrics. Current buffer sizes: parsing=3794, documents=0

      at TelemetryCollector.flushMetrics (src/services/telemetry.ts:276:15)

  console.log
    [TELEMETRY] Flushed old metrics. Current buffer sizes: parsing=3795, documents=0

      at TelemetryCollector.flushMetrics (src/services/telemetry.ts:276:15)

  console.log
    [TELEMETRY] Flushed old metrics. Current buffer sizes: parsing=3796, documents=0

      at TelemetryCollector.flushMetrics (src/services/telemetry.ts:276:15)

  console.log
    [TELEMETRY] Flushed old metrics. Current buffer sizes: parsing=3797, documents=0

      at TelemetryCollector.flushMetrics (src/services/telemetry.ts:276:15)

  console.log
    [TELEMETRY] Flushed old metrics. Current buffer sizes: parsing=3798, documents=0

      at TelemetryCollector.flushMetrics (src/services/telemetry.ts:276:15)

  console.log
    [TELEMETRY] Flushed old metrics. Current buffer sizes: parsing=3799, documents=0

      at TelemetryCollector.flushMetrics (src/services/telemetry.ts:276:15)

  console.log
    [TELEMETRY] Flushed old metrics. Current buffer sizes: parsing=3800, documents=0

      at TelemetryCollector.flushMetrics (src/services/telemetry.ts:276:15)

  console.log
    [TELEMETRY] Flushed old metrics. Current buffer sizes: parsing=3801, documents=0

      at TelemetryCollector.flushMetrics (src/services/telemetry.ts:276:15)

  console.log
    [TELEMETRY] Flushed old metrics. Current buffer sizes: parsing=3802, documents=0

      at TelemetryCollector.flushMetrics (src/services/telemetry.ts:276:15)

  console.log
    [TELEMETRY] Flushed old metrics. Current buffer sizes: parsing=3803, documents=0

      at TelemetryCollector.flushMetrics (src/services/telemetry.ts:276:15)

  console.log
    [TELEMETRY] Flushed old metrics. Current buffer sizes: parsing=3804, documents=0

      at TelemetryCollector.flushMetrics (src/services/telemetry.ts:276:15)

  console.log
    [TELEMETRY] Flushed old metrics. Current buffer sizes: parsing=3805, documents=0

      at TelemetryCollector.flushMetrics (src/services/telemetry.ts:276:15)

  console.log
    [TELEMETRY] Flushed old metrics. Current buffer sizes: parsing=3806, documents=0

      at TelemetryCollector.flushMetrics (src/services/telemetry.ts:276:15)

  console.log
    [TELEMETRY] Flushed old metrics. Current buffer sizes: parsing=3807, documents=0

      at TelemetryCollector.flushMetrics (src/services/telemetry.ts:276:15)

  console.log
    [TELEMETRY] Flushed old metrics. Current buffer sizes: parsing=3808, documents=0

      at TelemetryCollector.flushMetrics (src/services/telemetry.ts:276:15)

  console.log
    [TELEMETRY] Flushed old metrics. Current buffer sizes: parsing=3809, documents=0

      at TelemetryCollector.flushMetrics (src/services/telemetry.ts:276:15)

  console.log
    [TELEMETRY] Flushed old metrics. Current buffer sizes: parsing=3810, documents=0

      at TelemetryCollector.flushMetrics (src/services/telemetry.ts:276:15)

  console.log
    [TELEMETRY] Flushed old metrics. Current buffer sizes: parsing=3811, documents=0

      at TelemetryCollector.flushMetrics (src/services/telemetry.ts:276:15)

  console.log
    [TELEMETRY] Flushed old metrics. Current buffer sizes: parsing=3812, documents=0

      at TelemetryCollector.flushMetrics (src/services/telemetry.ts:276:15)

  console.log
    [TELEMETRY] Flushed old metrics. Current buffer sizes: parsing=3813, documents=0

      at TelemetryCollector.flushMetrics (src/services/telemetry.ts:276:15)

  console.log
    [TELEMETRY] Flushed old metrics. Current buffer sizes: parsing=3814, documents=0

      at TelemetryCollector.flushMetrics (src/services/telemetry.ts:276:15)

  console.log
    [TELEMETRY] Flushed old metrics. Current buffer sizes: parsing=3815, documents=0

      at TelemetryCollector.flushMetrics (src/services/telemetry.ts:276:15)

  console.log
    [TELEMETRY] Flushed old metrics. Current buffer sizes: parsing=3816, documents=0

      at TelemetryCollector.flushMetrics (src/services/telemetry.ts:276:15)

  console.log
    [TELEMETRY] Flushed old metrics. Current buffer sizes: parsing=3817, documents=0

      at TelemetryCollector.flushMetrics (src/services/telemetry.ts:276:15)

  console.log
    [TELEMETRY] Flushed old metrics. Current buffer sizes: parsing=3818, documents=0

      at TelemetryCollector.flushMetrics (src/services/telemetry.ts:276:15)

  console.log
    [TELEMETRY] Flushed old metrics. Current buffer sizes: parsing=3819, documents=0

      at TelemetryCollector.flushMetrics (src/services/telemetry.ts:276:15)

  console.log
    [TELEMETRY] Flushed old metrics. Current buffer sizes: parsing=3820, documents=0

      at TelemetryCollector.flushMetrics (src/services/telemetry.ts:276:15)

  console.log
    [TELEMETRY] Flushed old metrics. Current buffer sizes: parsing=3821, documents=0

      at TelemetryCollector.flushMetrics (src/services/telemetry.ts:276:15)

  console.log
    [TELEMETRY] Flushed old metrics. Current buffer sizes: parsing=3822, documents=0

      at TelemetryCollector.flushMetrics (src/services/telemetry.ts:276:15)

  console.log
    [TELEMETRY] Flushed old metrics. Current buffer sizes: parsing=3823, documents=0

      at TelemetryCollector.flushMetrics (src/services/telemetry.ts:276:15)

  console.log
    [TELEMETRY] Flushed old metrics. Current buffer sizes: parsing=3824, documents=0

      at TelemetryCollector.flushMetrics (src/services/telemetry.ts:276:15)

  console.log
    [TELEMETRY] Flushed old metrics. Current buffer sizes: parsing=3825, documents=0

      at TelemetryCollector.flushMetrics (src/services/telemetry.ts:276:15)

  console.log
    [TELEMETRY] Flushed old metrics. Current buffer sizes: parsing=3826, documents=0

      at TelemetryCollector.flushMetrics (src/services/telemetry.ts:276:15)

  console.log
    [TELEMETRY] Flushed old metrics. Current buffer sizes: parsing=3827, documents=0

      at TelemetryCollector.flushMetrics (src/services/telemetry.ts:276:15)

  console.log
    [TELEMETRY] Flushed old metrics. Current buffer sizes: parsing=3828, documents=0

      at TelemetryCollector.flushMetrics (src/services/telemetry.ts:276:15)

  console.log
    [TELEMETRY] Flushed old metrics. Current buffer sizes: parsing=3829, documents=0

      at TelemetryCollector.flushMetrics (src/services/telemetry.ts:276:15)

  console.log
    [TELEMETRY] Flushed old metrics. Current buffer sizes: parsing=3830, documents=0

      at TelemetryCollector.flushMetrics (src/services/telemetry.ts:276:15)

  console.log
    [TELEMETRY] Flushed old metrics. Current buffer sizes: parsing=3831, documents=0

      at TelemetryCollector.flushMetrics (src/services/telemetry.ts:276:15)

  console.log
    [TELEMETRY] Flushed old metrics. Current buffer sizes: parsing=3832, documents=0

      at TelemetryCollector.flushMetrics (src/services/telemetry.ts:276:15)

  console.log
    [TELEMETRY] Flushed old metrics. Current buffer sizes: parsing=3833, documents=0

      at TelemetryCollector.flushMetrics (src/services/telemetry.ts:276:15)

  console.log
    [TELEMETRY] Flushed old metrics. Current buffer sizes: parsing=3834, documents=0

      at TelemetryCollector.flushMetrics (src/services/telemetry.ts:276:15)

  console.log
    [TELEMETRY] Flushed old metrics. Current buffer sizes: parsing=3835, documents=0

      at TelemetryCollector.flushMetrics (src/services/telemetry.ts:276:15)

  console.log
    [TELEMETRY] Flushed old metrics. Current buffer sizes: parsing=3836, documents=0

      at TelemetryCollector.flushMetrics (src/services/telemetry.ts:276:15)

  console.log
    [TELEMETRY] Flushed old metrics. Current buffer sizes: parsing=3837, documents=0

      at TelemetryCollector.flushMetrics (src/services/telemetry.ts:276:15)

  console.log
    [TELEMETRY] Flushed old metrics. Current buffer sizes: parsing=3838, documents=0

      at TelemetryCollector.flushMetrics (src/services/telemetry.ts:276:15)

  console.log
    [TELEMETRY] Flushed old metrics. Current buffer sizes: parsing=3839, documents=0

      at TelemetryCollector.flushMetrics (src/services/telemetry.ts:276:15)

  console.log
    [TELEMETRY] Flushed old metrics. Current buffer sizes: parsing=3840, documents=0

      at TelemetryCollector.flushMetrics (src/services/telemetry.ts:276:15)

  console.log
    [TELEMETRY] Flushed old metrics. Current buffer sizes: parsing=3841, documents=0

      at TelemetryCollector.flushMetrics (src/services/telemetry.ts:276:15)

  console.log
    [TELEMETRY] Flushed old metrics. Current buffer sizes: parsing=3842, documents=0

      at TelemetryCollector.flushMetrics (src/services/telemetry.ts:276:15)

  console.log
    [TELEMETRY] Flushed old metrics. Current buffer sizes: parsing=3843, documents=0

      at TelemetryCollector.flushMetrics (src/services/telemetry.ts:276:15)

  console.log
    [TELEMETRY] Flushed old metrics. Current buffer sizes: parsing=3844, documents=0

      at TelemetryCollector.flushMetrics (src/services/telemetry.ts:276:15)

  console.log
    [TELEMETRY] Flushed old metrics. Current buffer sizes: parsing=3845, documents=0

      at TelemetryCollector.flushMetrics (src/services/telemetry.ts:276:15)

  console.log
    [TELEMETRY] Flushed old metrics. Current buffer sizes: parsing=3846, documents=0

      at TelemetryCollector.flushMetrics (src/services/telemetry.ts:276:15)

  console.log
    [TELEMETRY] Flushed old metrics. Current buffer sizes: parsing=3847, documents=0

      at TelemetryCollector.flushMetrics (src/services/telemetry.ts:276:15)

  console.log
    [TELEMETRY] Flushed old metrics. Current buffer sizes: parsing=3848, documents=0

      at TelemetryCollector.flushMetrics (src/services/telemetry.ts:276:15)

  console.log
    [TELEMETRY] Flushed old metrics. Current buffer sizes: parsing=3849, documents=0

      at TelemetryCollector.flushMetrics (src/services/telemetry.ts:276:15)

  console.log
    [TELEMETRY] Flushed old metrics. Current buffer sizes: parsing=3850, documents=0

      at TelemetryCollector.flushMetrics (src/services/telemetry.ts:276:15)

  console.log
    [TELEMETRY] Flushed old metrics. Current buffer sizes: parsing=3851, documents=0

      at TelemetryCollector.flushMetrics (src/services/telemetry.ts:276:15)

  console.log
    [TELEMETRY] Flushed old metrics. Current buffer sizes: parsing=3852, documents=0

      at TelemetryCollector.flushMetrics (src/services/telemetry.ts:276:15)

  console.log
    [TELEMETRY] Flushed old metrics. Current buffer sizes: parsing=3853, documents=0

      at TelemetryCollector.flushMetrics (src/services/telemetry.ts:276:15)

  console.log
    [TELEMETRY] Flushed old metrics. Current buffer sizes: parsing=3854, documents=0

      at TelemetryCollector.flushMetrics (src/services/telemetry.ts:276:15)

  console.log
    [TELEMETRY] Flushed old metrics. Current buffer sizes: parsing=3855, documents=0

      at TelemetryCollector.flushMetrics (src/services/telemetry.ts:276:15)

  console.log
    [TELEMETRY] Flushed old metrics. Current buffer sizes: parsing=3856, documents=0

      at TelemetryCollector.flushMetrics (src/services/telemetry.ts:276:15)

  console.log
    [TELEMETRY] Flushed old metrics. Current buffer sizes: parsing=3857, documents=0

      at TelemetryCollector.flushMetrics (src/services/telemetry.ts:276:15)

  console.log
    [TELEMETRY] Flushed old metrics. Current buffer sizes: parsing=3858, documents=0

      at TelemetryCollector.flushMetrics (src/services/telemetry.ts:276:15)

  console.log
    [TELEMETRY] Flushed old metrics. Current buffer sizes: parsing=3859, documents=0

      at TelemetryCollector.flushMetrics (src/services/telemetry.ts:276:15)

  console.log
    [TELEMETRY] Flushed old metrics. Current buffer sizes: parsing=3860, documents=0

      at TelemetryCollector.flushMetrics (src/services/telemetry.ts:276:15)

  console.log
    [TELEMETRY] Flushed old metrics. Current buffer sizes: parsing=3861, documents=0

      at TelemetryCollector.flushMetrics (src/services/telemetry.ts:276:15)

  console.log
    [TELEMETRY] Flushed old metrics. Current buffer sizes: parsing=3862, documents=0

      at TelemetryCollector.flushMetrics (src/services/telemetry.ts:276:15)

  console.log
    [TELEMETRY] Flushed old metrics. Current buffer sizes: parsing=3863, documents=0

      at TelemetryCollector.flushMetrics (src/services/telemetry.ts:276:15)

  console.log
    [TELEMETRY] Flushed old metrics. Current buffer sizes: parsing=3864, documents=0

      at TelemetryCollector.flushMetrics (src/services/telemetry.ts:276:15)

  console.log
    [TELEMETRY] Flushed old metrics. Current buffer sizes: parsing=3865, documents=0

      at TelemetryCollector.flushMetrics (src/services/telemetry.ts:276:15)

  console.log
    [TELEMETRY] Flushed old metrics. Current buffer sizes: parsing=3866, documents=0

      at TelemetryCollector.flushMetrics (src/services/telemetry.ts:276:15)

  console.log
    [TELEMETRY] Flushed old metrics. Current buffer sizes: parsing=3867, documents=0

      at TelemetryCollector.flushMetrics (src/services/telemetry.ts:276:15)

  console.log
    [TELEMETRY] Flushed old metrics. Current buffer sizes: parsing=3868, documents=0

      at TelemetryCollector.flushMetrics (src/services/telemetry.ts:276:15)

  console.log
    [TELEMETRY] Flushed old metrics. Current buffer sizes: parsing=3869, documents=0

      at TelemetryCollector.flushMetrics (src/services/telemetry.ts:276:15)

  console.log
    [TELEMETRY] Flushed old metrics. Current buffer sizes: parsing=3870, documents=0

      at TelemetryCollector.flushMetrics (src/services/telemetry.ts:276:15)

  console.log
    [TELEMETRY] Flushed old metrics. Current buffer sizes: parsing=3871, documents=0

      at TelemetryCollector.flushMetrics (src/services/telemetry.ts:276:15)

  console.log
    [TELEMETRY] Flushed old metrics. Current buffer sizes: parsing=3872, documents=0

      at TelemetryCollector.flushMetrics (src/services/telemetry.ts:276:15)

  console.log
    [TELEMETRY] Flushed old metrics. Current buffer sizes: parsing=3873, documents=0

      at TelemetryCollector.flushMetrics (src/services/telemetry.ts:276:15)

  console.log
    [TELEMETRY] Flushed old metrics. Current buffer sizes: parsing=3874, documents=0

      at TelemetryCollector.flushMetrics (src/services/telemetry.ts:276:15)

  console.log
    [TELEMETRY] Flushed old metrics. Current buffer sizes: parsing=3875, documents=0

      at TelemetryCollector.flushMetrics (src/services/telemetry.ts:276:15)

  console.log
    [TELEMETRY] Flushed old metrics. Current buffer sizes: parsing=3876, documents=0

      at TelemetryCollector.flushMetrics (src/services/telemetry.ts:276:15)

  console.log
    [TELEMETRY] Flushed old metrics. Current buffer sizes: parsing=3877, documents=0

      at TelemetryCollector.flushMetrics (src/services/telemetry.ts:276:15)

  console.log
    [TELEMETRY] Flushed old metrics. Current buffer sizes: parsing=3878, documents=0

      at TelemetryCollector.flushMetrics (src/services/telemetry.ts:276:15)

  console.log
    [TELEMETRY] Flushed old metrics. Current buffer sizes: parsing=3879, documents=0

      at TelemetryCollector.flushMetrics (src/services/telemetry.ts:276:15)

  console.log
    [TELEMETRY] Flushed old metrics. Current buffer sizes: parsing=3880, documents=0

      at TelemetryCollector.flushMetrics (src/services/telemetry.ts:276:15)

  console.log
    [TELEMETRY] Flushed old metrics. Current buffer sizes: parsing=3881, documents=0

      at TelemetryCollector.flushMetrics (src/services/telemetry.ts:276:15)

  console.log
    [TELEMETRY] Flushed old metrics. Current buffer sizes: parsing=3882, documents=0

      at TelemetryCollector.flushMetrics (src/services/telemetry.ts:276:15)

  console.log
    [TELEMETRY] Flushed old metrics. Current buffer sizes: parsing=3883, documents=0

      at TelemetryCollector.flushMetrics (src/services/telemetry.ts:276:15)

  console.log
    [TELEMETRY] Flushed old metrics. Current buffer sizes: parsing=3884, documents=0

      at TelemetryCollector.flushMetrics (src/services/telemetry.ts:276:15)

  console.log
    [TELEMETRY] Flushed old metrics. Current buffer sizes: parsing=3885, documents=0

      at TelemetryCollector.flushMetrics (src/services/telemetry.ts:276:15)

  console.log
    [TELEMETRY] Flushed old metrics. Current buffer sizes: parsing=3886, documents=0

      at TelemetryCollector.flushMetrics (src/services/telemetry.ts:276:15)

  console.log
    [TELEMETRY] Flushed old metrics. Current buffer sizes: parsing=3887, documents=0

      at TelemetryCollector.flushMetrics (src/services/telemetry.ts:276:15)

  console.log
    [TELEMETRY] Flushed old metrics. Current buffer sizes: parsing=3888, documents=0

      at TelemetryCollector.flushMetrics (src/services/telemetry.ts:276:15)

  console.log
    [TELEMETRY] Flushed old metrics. Current buffer sizes: parsing=3889, documents=0

      at TelemetryCollector.flushMetrics (src/services/telemetry.ts:276:15)

  console.log
    [TELEMETRY] Flushed old metrics. Current buffer sizes: parsing=3890, documents=0

      at TelemetryCollector.flushMetrics (src/services/telemetry.ts:276:15)

  console.log
    [TELEMETRY] Flushed old metrics. Current buffer sizes: parsing=3891, documents=0

      at TelemetryCollector.flushMetrics (src/services/telemetry.ts:276:15)

  console.log
    [TELEMETRY] Flushed old metrics. Current buffer sizes: parsing=3892, documents=0

      at TelemetryCollector.flushMetrics (src/services/telemetry.ts:276:15)

  console.log
    [TELEMETRY] Flushed old metrics. Current buffer sizes: parsing=3893, documents=0

      at TelemetryCollector.flushMetrics (src/services/telemetry.ts:276:15)

  console.log
    [TELEMETRY] Flushed old metrics. Current buffer sizes: parsing=3894, documents=0

      at TelemetryCollector.flushMetrics (src/services/telemetry.ts:276:15)

  console.log
    [TELEMETRY] Flushed old metrics. Current buffer sizes: parsing=3895, documents=0

      at TelemetryCollector.flushMetrics (src/services/telemetry.ts:276:15)

  console.log
    [TELEMETRY] Flushed old metrics. Current buffer sizes: parsing=3896, documents=0

      at TelemetryCollector.flushMetrics (src/services/telemetry.ts:276:15)

  console.log
    [TELEMETRY] Flushed old metrics. Current buffer sizes: parsing=3897, documents=0

      at TelemetryCollector.flushMetrics (src/services/telemetry.ts:276:15)

  console.log
    [TELEMETRY] Flushed old metrics. Current buffer sizes: parsing=3898, documents=0

      at TelemetryCollector.flushMetrics (src/services/telemetry.ts:276:15)

  console.log
    [TELEMETRY] Flushed old metrics. Current buffer sizes: parsing=3899, documents=0

      at TelemetryCollector.flushMetrics (src/services/telemetry.ts:276:15)

  console.log
    [TELEMETRY] Flushed old metrics. Current buffer sizes: parsing=3900, documents=0

      at TelemetryCollector.flushMetrics (src/services/telemetry.ts:276:15)

  console.log
    [TELEMETRY] Flushed old metrics. Current buffer sizes: parsing=3901, documents=0

      at TelemetryCollector.flushMetrics (src/services/telemetry.ts:276:15)

  console.log
    [TELEMETRY] Flushed old metrics. Current buffer sizes: parsing=3902, documents=0

      at TelemetryCollector.flushMetrics (src/services/telemetry.ts:276:15)

  console.log
    [TELEMETRY] Flushed old metrics. Current buffer sizes: parsing=3903, documents=0

      at TelemetryCollector.flushMetrics (src/services/telemetry.ts:276:15)

  console.log
    [TELEMETRY] Flushed old metrics. Current buffer sizes: parsing=3904, documents=0

      at TelemetryCollector.flushMetrics (src/services/telemetry.ts:276:15)

  console.log
    [TELEMETRY] Flushed old metrics. Current buffer sizes: parsing=3905, documents=0

      at TelemetryCollector.flushMetrics (src/services/telemetry.ts:276:15)

  console.log
    [TELEMETRY] Flushed old metrics. Current buffer sizes: parsing=3906, documents=0

      at TelemetryCollector.flushMetrics (src/services/telemetry.ts:276:15)

  console.log
    [TELEMETRY] Flushed old metrics. Current buffer sizes: parsing=3907, documents=0

      at TelemetryCollector.flushMetrics (src/services/telemetry.ts:276:15)

  console.log
    [TELEMETRY] Flushed old metrics. Current buffer sizes: parsing=3908, documents=0

      at TelemetryCollector.flushMetrics (src/services/telemetry.ts:276:15)

  console.log
    [TELEMETRY] Flushed old metrics. Current buffer sizes: parsing=3909, documents=0

      at TelemetryCollector.flushMetrics (src/services/telemetry.ts:276:15)

  console.log
    [TELEMETRY] Flushed old metrics. Current buffer sizes: parsing=3910, documents=0

      at TelemetryCollector.flushMetrics (src/services/telemetry.ts:276:15)

  console.log
    [TELEMETRY] Flushed old metrics. Current buffer sizes: parsing=3911, documents=0

      at TelemetryCollector.flushMetrics (src/services/telemetry.ts:276:15)

  console.log
    [TELEMETRY] Flushed old metrics. Current buffer sizes: parsing=3912, documents=0

      at TelemetryCollector.flushMetrics (src/services/telemetry.ts:276:15)

  console.log
    [TELEMETRY] Flushed old metrics. Current buffer sizes: parsing=3913, documents=0

      at TelemetryCollector.flushMetrics (src/services/telemetry.ts:276:15)

  console.log
    [TELEMETRY] Flushed old metrics. Current buffer sizes: parsing=3914, documents=0

      at TelemetryCollector.flushMetrics (src/services/telemetry.ts:276:15)

  console.log
    [TELEMETRY] Flushed old metrics. Current buffer sizes: parsing=3915, documents=0

      at TelemetryCollector.flushMetrics (src/services/telemetry.ts:276:15)

  console.log
    [TELEMETRY] Flushed old metrics. Current buffer sizes: parsing=3916, documents=0

      at TelemetryCollector.flushMetrics (src/services/telemetry.ts:276:15)

  console.log
    [TELEMETRY] Flushed old metrics. Current buffer sizes: parsing=3917, documents=0

      at TelemetryCollector.flushMetrics (src/services/telemetry.ts:276:15)

  console.log
    [TELEMETRY] Flushed old metrics. Current buffer sizes: parsing=3918, documents=0

      at TelemetryCollector.flushMetrics (src/services/telemetry.ts:276:15)

  console.log
    [TELEMETRY] Flushed old metrics. Current buffer sizes: parsing=3919, documents=0

      at TelemetryCollector.flushMetrics (src/services/telemetry.ts:276:15)

  console.log
    [TELEMETRY] Flushed old metrics. Current buffer sizes: parsing=3920, documents=0

      at TelemetryCollector.flushMetrics (src/services/telemetry.ts:276:15)

  console.log
    [TELEMETRY] Flushed old metrics. Current buffer sizes: parsing=3921, documents=0

      at TelemetryCollector.flushMetrics (src/services/telemetry.ts:276:15)

  console.log
    [TELEMETRY] Flushed old metrics. Current buffer sizes: parsing=3922, documents=0

      at TelemetryCollector.flushMetrics (src/services/telemetry.ts:276:15)

  console.log
    [TELEMETRY] Flushed old metrics. Current buffer sizes: parsing=3923, documents=0

      at TelemetryCollector.flushMetrics (src/services/telemetry.ts:276:15)

  console.log
    [TELEMETRY] Flushed old metrics. Current buffer sizes: parsing=3924, documents=0

      at TelemetryCollector.flushMetrics (src/services/telemetry.ts:276:15)

  console.log
    [TELEMETRY] Flushed old metrics. Current buffer sizes: parsing=3925, documents=0

      at TelemetryCollector.flushMetrics (src/services/telemetry.ts:276:15)

  console.log
    [TELEMETRY] Flushed old metrics. Current buffer sizes: parsing=3926, documents=0

      at TelemetryCollector.flushMetrics (src/services/telemetry.ts:276:15)

  console.log
    [TELEMETRY] Flushed old metrics. Current buffer sizes: parsing=3927, documents=0

      at TelemetryCollector.flushMetrics (src/services/telemetry.ts:276:15)

  console.log
    [TELEMETRY] Flushed old metrics. Current buffer sizes: parsing=3928, documents=0

      at TelemetryCollector.flushMetrics (src/services/telemetry.ts:276:15)

  console.log
    [TELEMETRY] Flushed old metrics. Current buffer sizes: parsing=3929, documents=0

      at TelemetryCollector.flushMetrics (src/services/telemetry.ts:276:15)

  console.log
    [TELEMETRY] Flushed old metrics. Current buffer sizes: parsing=3930, documents=0

      at TelemetryCollector.flushMetrics (src/services/telemetry.ts:276:15)

  console.log
    [TELEMETRY] Flushed old metrics. Current buffer sizes: parsing=3931, documents=0

      at TelemetryCollector.flushMetrics (src/services/telemetry.ts:276:15)

  console.log
    [TELEMETRY] Flushed old metrics. Current buffer sizes: parsing=3932, documents=0

      at TelemetryCollector.flushMetrics (src/services/telemetry.ts:276:15)

  console.log
    [TELEMETRY] Flushed old metrics. Current buffer sizes: parsing=3933, documents=0

      at TelemetryCollector.flushMetrics (src/services/telemetry.ts:276:15)

  console.log
    [TELEMETRY] Flushed old metrics. Current buffer sizes: parsing=3934, documents=0

      at TelemetryCollector.flushMetrics (src/services/telemetry.ts:276:15)

  console.log
    [TELEMETRY] Flushed old metrics. Current buffer sizes: parsing=3935, documents=0

      at TelemetryCollector.flushMetrics (src/services/telemetry.ts:276:15)

  console.log
    [TELEMETRY] Flushed old metrics. Current buffer sizes: parsing=3936, documents=0

      at TelemetryCollector.flushMetrics (src/services/telemetry.ts:276:15)

  console.log
    [TELEMETRY] Flushed old metrics. Current buffer sizes: parsing=3937, documents=0

      at TelemetryCollector.flushMetrics (src/services/telemetry.ts:276:15)

  console.log
    [TELEMETRY] Flushed old metrics. Current buffer sizes: parsing=3938, documents=0

      at TelemetryCollector.flushMetrics (src/services/telemetry.ts:276:15)

  console.log
    [TELEMETRY] Flushed old metrics. Current buffer sizes: parsing=3939, documents=0

      at TelemetryCollector.flushMetrics (src/services/telemetry.ts:276:15)

  console.log
    [TELEMETRY] Flushed old metrics. Current buffer sizes: parsing=3940, documents=0

      at TelemetryCollector.flushMetrics (src/services/telemetry.ts:276:15)

  console.log
    [TELEMETRY] Flushed old metrics. Current buffer sizes: parsing=3941, documents=0

      at TelemetryCollector.flushMetrics (src/services/telemetry.ts:276:15)

  console.log
    [TELEMETRY] Flushed old metrics. Current buffer sizes: parsing=3942, documents=0

      at TelemetryCollector.flushMetrics (src/services/telemetry.ts:276:15)

  console.log
    [TELEMETRY] Flushed old metrics. Current buffer sizes: parsing=3943, documents=0

      at TelemetryCollector.flushMetrics (src/services/telemetry.ts:276:15)

  console.log
    [TELEMETRY] Flushed old metrics. Current buffer sizes: parsing=3944, documents=0

      at TelemetryCollector.flushMetrics (src/services/telemetry.ts:276:15)

  console.log
    [TELEMETRY] Flushed old metrics. Current buffer sizes: parsing=3945, documents=0

      at TelemetryCollector.flushMetrics (src/services/telemetry.ts:276:15)

  console.log
    [TELEMETRY] Flushed old metrics. Current buffer sizes: parsing=3946, documents=0

      at TelemetryCollector.flushMetrics (src/services/telemetry.ts:276:15)

  console.log
    [TELEMETRY] Flushed old metrics. Current buffer sizes: parsing=3947, documents=0

      at TelemetryCollector.flushMetrics (src/services/telemetry.ts:276:15)

  console.log
    [TELEMETRY] Flushed old metrics. Current buffer sizes: parsing=3948, documents=0

      at TelemetryCollector.flushMetrics (src/services/telemetry.ts:276:15)

  console.log
    [TELEMETRY] Flushed old metrics. Current buffer sizes: parsing=3949, documents=0

      at TelemetryCollector.flushMetrics (src/services/telemetry.ts:276:15)

  console.log
    [TELEMETRY] Flushed old metrics. Current buffer sizes: parsing=3950, documents=0

      at TelemetryCollector.flushMetrics (src/services/telemetry.ts:276:15)

  console.log
    [TELEMETRY] Flushed old metrics. Current buffer sizes: parsing=3951, documents=0

      at TelemetryCollector.flushMetrics (src/services/telemetry.ts:276:15)

  console.log
    [TELEMETRY] Flushed old metrics. Current buffer sizes: parsing=3952, documents=0

      at TelemetryCollector.flushMetrics (src/services/telemetry.ts:276:15)

  console.log
    [TELEMETRY] Flushed old metrics. Current buffer sizes: parsing=3953, documents=0

      at TelemetryCollector.flushMetrics (src/services/telemetry.ts:276:15)

  console.log
    [TELEMETRY] Flushed old metrics. Current buffer sizes: parsing=3954, documents=0

      at TelemetryCollector.flushMetrics (src/services/telemetry.ts:276:15)

  console.log
    [TELEMETRY] Flushed old metrics. Current buffer sizes: parsing=3955, documents=0

      at TelemetryCollector.flushMetrics (src/services/telemetry.ts:276:15)

  console.log
    [TELEMETRY] Flushed old metrics. Current buffer sizes: parsing=3956, documents=0

      at TelemetryCollector.flushMetrics (src/services/telemetry.ts:276:15)

  console.log
    [TELEMETRY] Flushed old metrics. Current buffer sizes: parsing=3957, documents=0

      at TelemetryCollector.flushMetrics (src/services/telemetry.ts:276:15)

  console.log
    [TELEMETRY] Flushed old metrics. Current buffer sizes: parsing=3958, documents=0

      at TelemetryCollector.flushMetrics (src/services/telemetry.ts:276:15)

  console.log
    [TELEMETRY] Flushed old metrics. Current buffer sizes: parsing=3959, documents=0

      at TelemetryCollector.flushMetrics (src/services/telemetry.ts:276:15)

  console.log
    [TELEMETRY] Flushed old metrics. Current buffer sizes: parsing=3960, documents=0

      at TelemetryCollector.flushMetrics (src/services/telemetry.ts:276:15)

  console.log
    [TELEMETRY] Flushed old metrics. Current buffer sizes: parsing=3961, documents=0

      at TelemetryCollector.flushMetrics (src/services/telemetry.ts:276:15)

  console.log
    [TELEMETRY] Flushed old metrics. Current buffer sizes: parsing=3962, documents=0

      at TelemetryCollector.flushMetrics (src/services/telemetry.ts:276:15)

  console.log
    [TELEMETRY] Flushed old metrics. Current buffer sizes: parsing=3963, documents=0

      at TelemetryCollector.flushMetrics (src/services/telemetry.ts:276:15)

  console.log
    [TELEMETRY] Flushed old metrics. Current buffer sizes: parsing=3964, documents=0

      at TelemetryCollector.flushMetrics (src/services/telemetry.ts:276:15)

  console.log
    [TELEMETRY] Flushed old metrics. Current buffer sizes: parsing=3965, documents=0

      at TelemetryCollector.flushMetrics (src/services/telemetry.ts:276:15)

  console.log
    [TELEMETRY] Flushed old metrics. Current buffer sizes: parsing=3966, documents=0

      at TelemetryCollector.flushMetrics (src/services/telemetry.ts:276:15)

  console.log
    [TELEMETRY] Flushed old metrics. Current buffer sizes: parsing=3967, documents=0

      at TelemetryCollector.flushMetrics (src/services/telemetry.ts:276:15)

  console.log
    [TELEMETRY] Flushed old metrics. Current buffer sizes: parsing=3968, documents=0

      at TelemetryCollector.flushMetrics (src/services/telemetry.ts:276:15)

  console.log
    [TELEMETRY] Flushed old metrics. Current buffer sizes: parsing=3969, documents=0

      at TelemetryCollector.flushMetrics (src/services/telemetry.ts:276:15)

  console.log
    [TELEMETRY] Flushed old metrics. Current buffer sizes: parsing=3970, documents=0

      at TelemetryCollector.flushMetrics (src/services/telemetry.ts:276:15)

  console.log
    [TELEMETRY] Flushed old metrics. Current buffer sizes: parsing=3971, documents=0

      at TelemetryCollector.flushMetrics (src/services/telemetry.ts:276:15)

  console.log
    [TELEMETRY] Flushed old metrics. Current buffer sizes: parsing=3972, documents=0

      at TelemetryCollector.flushMetrics (src/services/telemetry.ts:276:15)

  console.log
    [TELEMETRY] Flushed old metrics. Current buffer sizes: parsing=3973, documents=0

      at TelemetryCollector.flushMetrics (src/services/telemetry.ts:276:15)

  console.log
    [TELEMETRY] Flushed old metrics. Current buffer sizes: parsing=3974, documents=0

      at TelemetryCollector.flushMetrics (src/services/telemetry.ts:276:15)

  console.log
    [TELEMETRY] Flushed old metrics. Current buffer sizes: parsing=3975, documents=0

      at TelemetryCollector.flushMetrics (src/services/telemetry.ts:276:15)

  console.log
    [TELEMETRY] Flushed old metrics. Current buffer sizes: parsing=3976, documents=0

      at TelemetryCollector.flushMetrics (src/services/telemetry.ts:276:15)

  console.log
    [TELEMETRY] Flushed old metrics. Current buffer sizes: parsing=3977, documents=0

      at TelemetryCollector.flushMetrics (src/services/telemetry.ts:276:15)

  console.log
    [TELEMETRY] Flushed old metrics. Current buffer sizes: parsing=3978, documents=0

      at TelemetryCollector.flushMetrics (src/services/telemetry.ts:276:15)

  console.log
    [TELEMETRY] Flushed old metrics. Current buffer sizes: parsing=3979, documents=0

      at TelemetryCollector.flushMetrics (src/services/telemetry.ts:276:15)

  console.log
    [TELEMETRY] Flushed old metrics. Current buffer sizes: parsing=3980, documents=0

      at TelemetryCollector.flushMetrics (src/services/telemetry.ts:276:15)

  console.log
    [TELEMETRY] Flushed old metrics. Current buffer sizes: parsing=3981, documents=0

      at TelemetryCollector.flushMetrics (src/services/telemetry.ts:276:15)

  console.log
    [TELEMETRY] Flushed old metrics. Current buffer sizes: parsing=3982, documents=0

      at TelemetryCollector.flushMetrics (src/services/telemetry.ts:276:15)

  console.log
    [TELEMETRY] Flushed old metrics. Current buffer sizes: parsing=3983, documents=0

      at TelemetryCollector.flushMetrics (src/services/telemetry.ts:276:15)

  console.log
    [TELEMETRY] Flushed old metrics. Current buffer sizes: parsing=3984, documents=0

      at TelemetryCollector.flushMetrics (src/services/telemetry.ts:276:15)

  console.log
    [TELEMETRY] Flushed old metrics. Current buffer sizes: parsing=3985, documents=0

      at TelemetryCollector.flushMetrics (src/services/telemetry.ts:276:15)

  console.log
    [TELEMETRY] Flushed old metrics. Current buffer sizes: parsing=3986, documents=0

      at TelemetryCollector.flushMetrics (src/services/telemetry.ts:276:15)

  console.log
    [TELEMETRY] Flushed old metrics. Current buffer sizes: parsing=3987, documents=0

      at TelemetryCollector.flushMetrics (src/services/telemetry.ts:276:15)

  console.log
    [TELEMETRY] Flushed old metrics. Current buffer sizes: parsing=3988, documents=0

      at TelemetryCollector.flushMetrics (src/services/telemetry.ts:276:15)

  console.log
    [TELEMETRY] Flushed old metrics. Current buffer sizes: parsing=3989, documents=0

      at TelemetryCollector.flushMetrics (src/services/telemetry.ts:276:15)

  console.log
    [TELEMETRY] Flushed old metrics. Current buffer sizes: parsing=3990, documents=0

      at TelemetryCollector.flushMetrics (src/services/telemetry.ts:276:15)

  console.log
    [TELEMETRY] Flushed old metrics. Current buffer sizes: parsing=3991, documents=0

      at TelemetryCollector.flushMetrics (src/services/telemetry.ts:276:15)

  console.log
    [TELEMETRY] Flushed old metrics. Current buffer sizes: parsing=3992, documents=0

      at TelemetryCollector.flushMetrics (src/services/telemetry.ts:276:15)

  console.log
    [TELEMETRY] Flushed old metrics. Current buffer sizes: parsing=3993, documents=0

      at TelemetryCollector.flushMetrics (src/services/telemetry.ts:276:15)

  console.log
    [TELEMETRY] Flushed old metrics. Current buffer sizes: parsing=3994, documents=0

      at TelemetryCollector.flushMetrics (src/services/telemetry.ts:276:15)

  console.log
    [TELEMETRY] Flushed old metrics. Current buffer sizes: parsing=3995, documents=0

      at TelemetryCollector.flushMetrics (src/services/telemetry.ts:276:15)

  console.log
    [TELEMETRY] Flushed old metrics. Current buffer sizes: parsing=3996, documents=0

      at TelemetryCollector.flushMetrics (src/services/telemetry.ts:276:15)

  console.log
    [TELEMETRY] Flushed old metrics. Current buffer sizes: parsing=3997, documents=0

      at TelemetryCollector.flushMetrics (src/services/telemetry.ts:276:15)

  console.log
    [TELEMETRY] Flushed old metrics. Current buffer sizes: parsing=3998, documents=0

      at TelemetryCollector.flushMetrics (src/services/telemetry.ts:276:15)

  console.log
    [TELEMETRY] Flushed old metrics. Current buffer sizes: parsing=3999, documents=0

      at TelemetryCollector.flushMetrics (src/services/telemetry.ts:276:15)

  console.log
    [TELEMETRY] Flushed old metrics. Current buffer sizes: parsing=4000, documents=0

      at TelemetryCollector.flushMetrics (src/services/telemetry.ts:276:15)

  console.log
    [TELEMETRY] Flushed old metrics. Current buffer sizes: parsing=4001, documents=0

      at TelemetryCollector.flushMetrics (src/services/telemetry.ts:276:15)

  console.log
    [TELEMETRY] Flushed old metrics. Current buffer sizes: parsing=4002, documents=0

      at TelemetryCollector.flushMetrics (src/services/telemetry.ts:276:15)

  console.log
    [TELEMETRY] Flushed old metrics. Current buffer sizes: parsing=4003, documents=0

      at TelemetryCollector.flushMetrics (src/services/telemetry.ts:276:15)

  console.log
    [TELEMETRY] Flushed old metrics. Current buffer sizes: parsing=4004, documents=0

      at TelemetryCollector.flushMetrics (src/services/telemetry.ts:276:15)

  console.log
    [TELEMETRY] Flushed old metrics. Current buffer sizes: parsing=4005, documents=0

      at TelemetryCollector.flushMetrics (src/services/telemetry.ts:276:15)

  console.log
    [TELEMETRY] Flushed old metrics. Current buffer sizes: parsing=4006, documents=0

      at TelemetryCollector.flushMetrics (src/services/telemetry.ts:276:15)

  console.log
    [TELEMETRY] Flushed old metrics. Current buffer sizes: parsing=4007, documents=0

      at TelemetryCollector.flushMetrics (src/services/telemetry.ts:276:15)

  console.log
    [TELEMETRY] Flushed old metrics. Current buffer sizes: parsing=4008, documents=0

      at TelemetryCollector.flushMetrics (src/services/telemetry.ts:276:15)

  console.log
    [TELEMETRY] Flushed old metrics. Current buffer sizes: parsing=4009, documents=0

      at TelemetryCollector.flushMetrics (src/services/telemetry.ts:276:15)

  console.log
    [TELEMETRY] Flushed old metrics. Current buffer sizes: parsing=4010, documents=0

      at TelemetryCollector.flushMetrics (src/services/telemetry.ts:276:15)

  console.log
    [TELEMETRY] Flushed old metrics. Current buffer sizes: parsing=4011, documents=0

      at TelemetryCollector.flushMetrics (src/services/telemetry.ts:276:15)

  console.log
    [TELEMETRY] Flushed old metrics. Current buffer sizes: parsing=4012, documents=0

      at TelemetryCollector.flushMetrics (src/services/telemetry.ts:276:15)

  console.log
    [TELEMETRY] Flushed old metrics. Current buffer sizes: parsing=4013, documents=0

      at TelemetryCollector.flushMetrics (src/services/telemetry.ts:276:15)

  console.log
    [TELEMETRY] Flushed old metrics. Current buffer sizes: parsing=4014, documents=0

      at TelemetryCollector.flushMetrics (src/services/telemetry.ts:276:15)

  console.log
    [TELEMETRY] Flushed old metrics. Current buffer sizes: parsing=4015, documents=0

      at TelemetryCollector.flushMetrics (src/services/telemetry.ts:276:15)

  console.log
    [TELEMETRY] Flushed old metrics. Current buffer sizes: parsing=4016, documents=0

      at TelemetryCollector.flushMetrics (src/services/telemetry.ts:276:15)

  console.log
    [TELEMETRY] Flushed old metrics. Current buffer sizes: parsing=4017, documents=0

      at TelemetryCollector.flushMetrics (src/services/telemetry.ts:276:15)

  console.log
    [TELEMETRY] Flushed old metrics. Current buffer sizes: parsing=4018, documents=0

      at TelemetryCollector.flushMetrics (src/services/telemetry.ts:276:15)

  console.log
    [TELEMETRY] Flushed old metrics. Current buffer sizes: parsing=4019, documents=0

      at TelemetryCollector.flushMetrics (src/services/telemetry.ts:276:15)

  console.log
    [TELEMETRY] Flushed old metrics. Current buffer sizes: parsing=4020, documents=0

      at TelemetryCollector.flushMetrics (src/services/telemetry.ts:276:15)

  console.log
    [TELEMETRY] Flushed old metrics. Current buffer sizes: parsing=4021, documents=0

      at TelemetryCollector.flushMetrics (src/services/telemetry.ts:276:15)

  console.log
    [TELEMETRY] Flushed old metrics. Current buffer sizes: parsing=4022, documents=0

      at TelemetryCollector.flushMetrics (src/services/telemetry.ts:276:15)

  console.log
    [TELEMETRY] Flushed old metrics. Current buffer sizes: parsing=4023, documents=0

      at TelemetryCollector.flushMetrics (src/services/telemetry.ts:276:15)

  console.log
    [TELEMETRY] Flushed old metrics. Current buffer sizes: parsing=4024, documents=0

      at TelemetryCollector.flushMetrics (src/services/telemetry.ts:276:15)

  console.log
    [TELEMETRY] Flushed old metrics. Current buffer sizes: parsing=4025, documents=0

      at TelemetryCollector.flushMetrics (src/services/telemetry.ts:276:15)

  console.log
    [TELEMETRY] Flushed old metrics. Current buffer sizes: parsing=4026, documents=0

      at TelemetryCollector.flushMetrics (src/services/telemetry.ts:276:15)

  console.log
    [TELEMETRY] Flushed old metrics. Current buffer sizes: parsing=4027, documents=0

      at TelemetryCollector.flushMetrics (src/services/telemetry.ts:276:15)

  console.log
    [TELEMETRY] Flushed old metrics. Current buffer sizes: parsing=4028, documents=0

      at TelemetryCollector.flushMetrics (src/services/telemetry.ts:276:15)

  console.log
    [TELEMETRY] Flushed old metrics. Current buffer sizes: parsing=4029, documents=0

      at TelemetryCollector.flushMetrics (src/services/telemetry.ts:276:15)

  console.log
    [TELEMETRY] Flushed old metrics. Current buffer sizes: parsing=4030, documents=0

      at TelemetryCollector.flushMetrics (src/services/telemetry.ts:276:15)

  console.log
    [TELEMETRY] Flushed old metrics. Current buffer sizes: parsing=4031, documents=0

      at TelemetryCollector.flushMetrics (src/services/telemetry.ts:276:15)

  console.log
    [TELEMETRY] Flushed old metrics. Current buffer sizes: parsing=4032, documents=0

      at TelemetryCollector.flushMetrics (src/services/telemetry.ts:276:15)

  console.log
    [TELEMETRY] Flushed old metrics. Current buffer sizes: parsing=4033, documents=0

      at TelemetryCollector.flushMetrics (src/services/telemetry.ts:276:15)

  console.log
    [TELEMETRY] Flushed old metrics. Current buffer sizes: parsing=4034, documents=0

      at TelemetryCollector.flushMetrics (src/services/telemetry.ts:276:15)

  console.log
    [TELEMETRY] Flushed old metrics. Current buffer sizes: parsing=4035, documents=0

      at TelemetryCollector.flushMetrics (src/services/telemetry.ts:276:15)

  console.log
    [TELEMETRY] Flushed old metrics. Current buffer sizes: parsing=4036, documents=0

      at TelemetryCollector.flushMetrics (src/services/telemetry.ts:276:15)

  console.log
    [TELEMETRY] Flushed old metrics. Current buffer sizes: parsing=4037, documents=0

      at TelemetryCollector.flushMetrics (src/services/telemetry.ts:276:15)

  console.log
    [TELEMETRY] Flushed old metrics. Current buffer sizes: parsing=4038, documents=0

      at TelemetryCollector.flushMetrics (src/services/telemetry.ts:276:15)

  console.log
    [TELEMETRY] Flushed old metrics. Current buffer sizes: parsing=4039, documents=0

      at TelemetryCollector.flushMetrics (src/services/telemetry.ts:276:15)

  console.log
    [TELEMETRY] Flushed old metrics. Current buffer sizes: parsing=4040, documents=0

      at TelemetryCollector.flushMetrics (src/services/telemetry.ts:276:15)

  console.log
    [TELEMETRY] Flushed old metrics. Current buffer sizes: parsing=4041, documents=0

      at TelemetryCollector.flushMetrics (src/services/telemetry.ts:276:15)

  console.log
    [TELEMETRY] Flushed old metrics. Current buffer sizes: parsing=4042, documents=0

      at TelemetryCollector.flushMetrics (src/services/telemetry.ts:276:15)

  console.log
    [TELEMETRY] Flushed old metrics. Current buffer sizes: parsing=4043, documents=0

      at TelemetryCollector.flushMetrics (src/services/telemetry.ts:276:15)

  console.log
    [TELEMETRY] Flushed old metrics. Current buffer sizes: parsing=4044, documents=0

      at TelemetryCollector.flushMetrics (src/services/telemetry.ts:276:15)

  console.log
    [TELEMETRY] Flushed old metrics. Current buffer sizes: parsing=4045, documents=0

      at TelemetryCollector.flushMetrics (src/services/telemetry.ts:276:15)

  console.log
    [TELEMETRY] Flushed old metrics. Current buffer sizes: parsing=4046, documents=0

      at TelemetryCollector.flushMetrics (src/services/telemetry.ts:276:15)

  console.log
    [TELEMETRY] Flushed old metrics. Current buffer sizes: parsing=4047, documents=0

      at TelemetryCollector.flushMetrics (src/services/telemetry.ts:276:15)

  console.log
    [TELEMETRY] Flushed old metrics. Current buffer sizes: parsing=4048, documents=0

      at TelemetryCollector.flushMetrics (src/services/telemetry.ts:276:15)

  console.log
    [TELEMETRY] Flushed old metrics. Current buffer sizes: parsing=4049, documents=0

      at TelemetryCollector.flushMetrics (src/services/telemetry.ts:276:15)

  console.log
    [TELEMETRY] Flushed old metrics. Current buffer sizes: parsing=4050, documents=0

      at TelemetryCollector.flushMetrics (src/services/telemetry.ts:276:15)

  console.log
    [TELEMETRY] Flushed old metrics. Current buffer sizes: parsing=4051, documents=0

      at TelemetryCollector.flushMetrics (src/services/telemetry.ts:276:15)

  console.log
    [TELEMETRY] Flushed old metrics. Current buffer sizes: parsing=4052, documents=0

      at TelemetryCollector.flushMetrics (src/services/telemetry.ts:276:15)

  console.log
    [TELEMETRY] Flushed old metrics. Current buffer sizes: parsing=4053, documents=0

      at TelemetryCollector.flushMetrics (src/services/telemetry.ts:276:15)

  console.log
    [TELEMETRY] Flushed old metrics. Current buffer sizes: parsing=4054, documents=0

      at TelemetryCollector.flushMetrics (src/services/telemetry.ts:276:15)

  console.log
    [TELEMETRY] Flushed old metrics. Current buffer sizes: parsing=4055, documents=0

      at TelemetryCollector.flushMetrics (src/services/telemetry.ts:276:15)

  console.log
    [TELEMETRY] Flushed old metrics. Current buffer sizes: parsing=4056, documents=0

      at TelemetryCollector.flushMetrics (src/services/telemetry.ts:276:15)

  console.log
    [TELEMETRY] Flushed old metrics. Current buffer sizes: parsing=4057, documents=0

      at TelemetryCollector.flushMetrics (src/services/telemetry.ts:276:15)

  console.log
    [TELEMETRY] Flushed old metrics. Current buffer sizes: parsing=4058, documents=0

      at TelemetryCollector.flushMetrics (src/services/telemetry.ts:276:15)

  console.log
    [TELEMETRY] Flushed old metrics. Current buffer sizes: parsing=4059, documents=0

      at TelemetryCollector.flushMetrics (src/services/telemetry.ts:276:15)

  console.log
    [TELEMETRY] Flushed old metrics. Current buffer sizes: parsing=4060, documents=0

      at TelemetryCollector.flushMetrics (src/services/telemetry.ts:276:15)

  console.log
    [TELEMETRY] Flushed old metrics. Current buffer sizes: parsing=4061, documents=0

      at TelemetryCollector.flushMetrics (src/services/telemetry.ts:276:15)

  console.log
    [TELEMETRY] Flushed old metrics. Current buffer sizes: parsing=4062, documents=0

      at TelemetryCollector.flushMetrics (src/services/telemetry.ts:276:15)

  console.log
    [TELEMETRY] Flushed old metrics. Current buffer sizes: parsing=4063, documents=0

      at TelemetryCollector.flushMetrics (src/services/telemetry.ts:276:15)

  console.log
    [TELEMETRY] Flushed old metrics. Current buffer sizes: parsing=4064, documents=0

      at TelemetryCollector.flushMetrics (src/services/telemetry.ts:276:15)

  console.log
    [TELEMETRY] Flushed old metrics. Current buffer sizes: parsing=4065, documents=0

      at TelemetryCollector.flushMetrics (src/services/telemetry.ts:276:15)

  console.log
    [TELEMETRY] Flushed old metrics. Current buffer sizes: parsing=4066, documents=0

      at TelemetryCollector.flushMetrics (src/services/telemetry.ts:276:15)

  console.log
    [TELEMETRY] Flushed old metrics. Current buffer sizes: parsing=4067, documents=0

      at TelemetryCollector.flushMetrics (src/services/telemetry.ts:276:15)

  console.log
    [TELEMETRY] Flushed old metrics. Current buffer sizes: parsing=4068, documents=0

      at TelemetryCollector.flushMetrics (src/services/telemetry.ts:276:15)

  console.log
    [TELEMETRY] Flushed old metrics. Current buffer sizes: parsing=4069, documents=0

      at TelemetryCollector.flushMetrics (src/services/telemetry.ts:276:15)

  console.log
    [TELEMETRY] Flushed old metrics. Current buffer sizes: parsing=4070, documents=0

      at TelemetryCollector.flushMetrics (src/services/telemetry.ts:276:15)

  console.log
    [TELEMETRY] Flushed old metrics. Current buffer sizes: parsing=4071, documents=0

      at TelemetryCollector.flushMetrics (src/services/telemetry.ts:276:15)

  console.log
    [TELEMETRY] Flushed old metrics. Current buffer sizes: parsing=4072, documents=0

      at TelemetryCollector.flushMetrics (src/services/telemetry.ts:276:15)

  console.log
    [TELEMETRY] Flushed old metrics. Current buffer sizes: parsing=4073, documents=0

      at TelemetryCollector.flushMetrics (src/services/telemetry.ts:276:15)

  console.log
    [TELEMETRY] Flushed old metrics. Current buffer sizes: parsing=4074, documents=0

      at TelemetryCollector.flushMetrics (src/services/telemetry.ts:276:15)

  console.log
    [TELEMETRY] Flushed old metrics. Current buffer sizes: parsing=4075, documents=0

      at TelemetryCollector.flushMetrics (src/services/telemetry.ts:276:15)

  console.log
    [TELEMETRY] Flushed old metrics. Current buffer sizes: parsing=4076, documents=0

      at TelemetryCollector.flushMetrics (src/services/telemetry.ts:276:15)

  console.log
    [TELEMETRY] Flushed old metrics. Current buffer sizes: parsing=4077, documents=0

      at TelemetryCollector.flushMetrics (src/services/telemetry.ts:276:15)

  console.log
    [TELEMETRY] Flushed old metrics. Current buffer sizes: parsing=4078, documents=0

      at TelemetryCollector.flushMetrics (src/services/telemetry.ts:276:15)

  console.log
    [TELEMETRY] Flushed old metrics. Current buffer sizes: parsing=4079, documents=0

      at TelemetryCollector.flushMetrics (src/services/telemetry.ts:276:15)

  console.log
    [TELEMETRY] Flushed old metrics. Current buffer sizes: parsing=4080, documents=0

      at TelemetryCollector.flushMetrics (src/services/telemetry.ts:276:15)

  console.log
    [TELEMETRY] Flushed old metrics. Current buffer sizes: parsing=4081, documents=0

      at TelemetryCollector.flushMetrics (src/services/telemetry.ts:276:15)

  console.log
    [TELEMETRY] Flushed old metrics. Current buffer sizes: parsing=4082, documents=0

      at TelemetryCollector.flushMetrics (src/services/telemetry.ts:276:15)

  console.log
    [TELEMETRY] Flushed old metrics. Current buffer sizes: parsing=4083, documents=0

      at TelemetryCollector.flushMetrics (src/services/telemetry.ts:276:15)

  console.log
    [TELEMETRY] Flushed old metrics. Current buffer sizes: parsing=4084, documents=0

      at TelemetryCollector.flushMetrics (src/services/telemetry.ts:276:15)

  console.log
    [TELEMETRY] Flushed old metrics. Current buffer sizes: parsing=4085, documents=0

      at TelemetryCollector.flushMetrics (src/services/telemetry.ts:276:15)

  console.log
    [TELEMETRY] Flushed old metrics. Current buffer sizes: parsing=4086, documents=0

      at TelemetryCollector.flushMetrics (src/services/telemetry.ts:276:15)

  console.log
    [TELEMETRY] Flushed old metrics. Current buffer sizes: parsing=4087, documents=0

      at TelemetryCollector.flushMetrics (src/services/telemetry.ts:276:15)

  console.log
    [TELEMETRY] Flushed old metrics. Current buffer sizes: parsing=4088, documents=0

      at TelemetryCollector.flushMetrics (src/services/telemetry.ts:276:15)

  console.log
    [TELEMETRY] Flushed old metrics. Current buffer sizes: parsing=4089, documents=0

      at TelemetryCollector.flushMetrics (src/services/telemetry.ts:276:15)

  console.log
    [TELEMETRY] Flushed old metrics. Current buffer sizes: parsing=4090, documents=0

      at TelemetryCollector.flushMetrics (src/services/telemetry.ts:276:15)

  console.log
    [TELEMETRY] Flushed old metrics. Current buffer sizes: parsing=4091, documents=0

      at TelemetryCollector.flushMetrics (src/services/telemetry.ts:276:15)

  console.log
    [TELEMETRY] Flushed old metrics. Current buffer sizes: parsing=4092, documents=0

      at TelemetryCollector.flushMetrics (src/services/telemetry.ts:276:15)

  console.log
    [TELEMETRY] Flushed old metrics. Current buffer sizes: parsing=4093, documents=0

      at TelemetryCollector.flushMetrics (src/services/telemetry.ts:276:15)

  console.log
    [TELEMETRY] Flushed old metrics. Current buffer sizes: parsing=4094, documents=0

      at TelemetryCollector.flushMetrics (src/services/telemetry.ts:276:15)

  console.log
    [TELEMETRY] Flushed old metrics. Current buffer sizes: parsing=4095, documents=0

      at TelemetryCollector.flushMetrics (src/services/telemetry.ts:276:15)

  console.log
    [TELEMETRY] Flushed old metrics. Current buffer sizes: parsing=4096, documents=0

      at TelemetryCollector.flushMetrics (src/services/telemetry.ts:276:15)

  console.log
    [TELEMETRY] Flushed old metrics. Current buffer sizes: parsing=4097, documents=0

      at TelemetryCollector.flushMetrics (src/services/telemetry.ts:276:15)

  console.log
    [TELEMETRY] Flushed old metrics. Current buffer sizes: parsing=4098, documents=0

      at TelemetryCollector.flushMetrics (src/services/telemetry.ts:276:15)

  console.log
    [TELEMETRY] Flushed old metrics. Current buffer sizes: parsing=4099, documents=0

      at TelemetryCollector.flushMetrics (src/services/telemetry.ts:276:15)

  console.log
    [TELEMETRY] Flushed old metrics. Current buffer sizes: parsing=4100, documents=0

      at TelemetryCollector.flushMetrics (src/services/telemetry.ts:276:15)

  console.log
    [TELEMETRY] Flushed old metrics. Current buffer sizes: parsing=4101, documents=0

      at TelemetryCollector.flushMetrics (src/services/telemetry.ts:276:15)

  console.log
    [TELEMETRY] Flushed old metrics. Current buffer sizes: parsing=4102, documents=0

      at TelemetryCollector.flushMetrics (src/services/telemetry.ts:276:15)

  console.log
    [TELEMETRY] Flushed old metrics. Current buffer sizes: parsing=4103, documents=0

      at TelemetryCollector.flushMetrics (src/services/telemetry.ts:276:15)

  console.log
    [TELEMETRY] Flushed old metrics. Current buffer sizes: parsing=4104, documents=0

      at TelemetryCollector.flushMetrics (src/services/telemetry.ts:276:15)

  console.log
    [TELEMETRY] Flushed old metrics. Current buffer sizes: parsing=4105, documents=0

      at TelemetryCollector.flushMetrics (src/services/telemetry.ts:276:15)

  console.log
    [TELEMETRY] Flushed old metrics. Current buffer sizes: parsing=4106, documents=0

      at TelemetryCollector.flushMetrics (src/services/telemetry.ts:276:15)

  console.log
    [TELEMETRY] Flushed old metrics. Current buffer sizes: parsing=4107, documents=0

      at TelemetryCollector.flushMetrics (src/services/telemetry.ts:276:15)

  console.log
    [TELEMETRY] Flushed old metrics. Current buffer sizes: parsing=4108, documents=0

      at TelemetryCollector.flushMetrics (src/services/telemetry.ts:276:15)

  console.log
    [TELEMETRY] Flushed old metrics. Current buffer sizes: parsing=4109, documents=0

      at TelemetryCollector.flushMetrics (src/services/telemetry.ts:276:15)

  console.log
    [TELEMETRY] Flushed old metrics. Current buffer sizes: parsing=4110, documents=0

      at TelemetryCollector.flushMetrics (src/services/telemetry.ts:276:15)

  console.log
    [TELEMETRY] Flushed old metrics. Current buffer sizes: parsing=4111, documents=0

      at TelemetryCollector.flushMetrics (src/services/telemetry.ts:276:15)

  console.log
    [TELEMETRY] Flushed old metrics. Current buffer sizes: parsing=4112, documents=0

      at TelemetryCollector.flushMetrics (src/services/telemetry.ts:276:15)

  console.log
    [TELEMETRY] Flushed old metrics. Current buffer sizes: parsing=4113, documents=0

      at TelemetryCollector.flushMetrics (src/services/telemetry.ts:276:15)

  console.log
    [TELEMETRY] Flushed old metrics. Current buffer sizes: parsing=4114, documents=0

      at TelemetryCollector.flushMetrics (src/services/telemetry.ts:276:15)

  console.log
    [TELEMETRY] Flushed old metrics. Current buffer sizes: parsing=4115, documents=0

      at TelemetryCollector.flushMetrics (src/services/telemetry.ts:276:15)

  console.log
    [TELEMETRY] Flushed old metrics. Current buffer sizes: parsing=4116, documents=0

      at TelemetryCollector.flushMetrics (src/services/telemetry.ts:276:15)

  console.log
    [TELEMETRY] Flushed old metrics. Current buffer sizes: parsing=4117, documents=0

      at TelemetryCollector.flushMetrics (src/services/telemetry.ts:276:15)

  console.log
    [TELEMETRY] Flushed old metrics. Current buffer sizes: parsing=4118, documents=0

      at TelemetryCollector.flushMetrics (src/services/telemetry.ts:276:15)

  console.log
    [TELEMETRY] Flushed old metrics. Current buffer sizes: parsing=4119, documents=0

      at TelemetryCollector.flushMetrics (src/services/telemetry.ts:276:15)

  console.log
    [TELEMETRY] Flushed old metrics. Current buffer sizes: parsing=4120, documents=0

      at TelemetryCollector.flushMetrics (src/services/telemetry.ts:276:15)

  console.log
    [TELEMETRY] Flushed old metrics. Current buffer sizes: parsing=4121, documents=0

      at TelemetryCollector.flushMetrics (src/services/telemetry.ts:276:15)

  console.log
    [TELEMETRY] Flushed old metrics. Current buffer sizes: parsing=4122, documents=0

      at TelemetryCollector.flushMetrics (src/services/telemetry.ts:276:15)

  console.log
    [TELEMETRY] Flushed old metrics. Current buffer sizes: parsing=4123, documents=0

      at TelemetryCollector.flushMetrics (src/services/telemetry.ts:276:15)

  console.log
    [TELEMETRY] Flushed old metrics. Current buffer sizes: parsing=4124, documents=0

      at TelemetryCollector.flushMetrics (src/services/telemetry.ts:276:15)

  console.log
    [TELEMETRY] Flushed old metrics. Current buffer sizes: parsing=4125, documents=0

      at TelemetryCollector.flushMetrics (src/services/telemetry.ts:276:15)

  console.log
    [TELEMETRY] Flushed old metrics. Current buffer sizes: parsing=4126, documents=0

      at TelemetryCollector.flushMetrics (src/services/telemetry.ts:276:15)

  console.log
    [TELEMETRY] Flushed old metrics. Current buffer sizes: parsing=4127, documents=0

      at TelemetryCollector.flushMetrics (src/services/telemetry.ts:276:15)

  console.log
    [TELEMETRY] Flushed old metrics. Current buffer sizes: parsing=4128, documents=0

      at TelemetryCollector.flushMetrics (src/services/telemetry.ts:276:15)

  console.log
    [TELEMETRY] Flushed old metrics. Current buffer sizes: parsing=4129, documents=0

      at TelemetryCollector.flushMetrics (src/services/telemetry.ts:276:15)

  console.log
    [TELEMETRY] Flushed old metrics. Current buffer sizes: parsing=4130, documents=0

      at TelemetryCollector.flushMetrics (src/services/telemetry.ts:276:15)

  console.log
    [TELEMETRY] Flushed old metrics. Current buffer sizes: parsing=4131, documents=0

      at TelemetryCollector.flushMetrics (src/services/telemetry.ts:276:15)

  console.log
    [TELEMETRY] Flushed old metrics. Current buffer sizes: parsing=4132, documents=0

      at TelemetryCollector.flushMetrics (src/services/telemetry.ts:276:15)

  console.log
    [TELEMETRY] Flushed old metrics. Current buffer sizes: parsing=4133, documents=0

      at TelemetryCollector.flushMetrics (src/services/telemetry.ts:276:15)

  console.log
    [TELEMETRY] Flushed old metrics. Current buffer sizes: parsing=4134, documents=0

      at TelemetryCollector.flushMetrics (src/services/telemetry.ts:276:15)

  console.log
    [TELEMETRY] Flushed old metrics. Current buffer sizes: parsing=4135, documents=0

      at TelemetryCollector.flushMetrics (src/services/telemetry.ts:276:15)

  console.log
    [TELEMETRY] Flushed old metrics. Current buffer sizes: parsing=4136, documents=0

      at TelemetryCollector.flushMetrics (src/services/telemetry.ts:276:15)

  console.log
    [TELEMETRY] Flushed old metrics. Current buffer sizes: parsing=4137, documents=0

      at TelemetryCollector.flushMetrics (src/services/telemetry.ts:276:15)

  console.log
    [TELEMETRY] Flushed old metrics. Current buffer sizes: parsing=4138, documents=0

      at TelemetryCollector.flushMetrics (src/services/telemetry.ts:276:15)

  console.log
    [TELEMETRY] Flushed old metrics. Current buffer sizes: parsing=4139, documents=0

      at TelemetryCollector.flushMetrics (src/services/telemetry.ts:276:15)

  console.log
    [TELEMETRY] Flushed old metrics. Current buffer sizes: parsing=4140, documents=0

      at TelemetryCollector.flushMetrics (src/services/telemetry.ts:276:15)

  console.log
    [TELEMETRY] Flushed old metrics. Current buffer sizes: parsing=4141, documents=0

      at TelemetryCollector.flushMetrics (src/services/telemetry.ts:276:15)

  console.log
    [TELEMETRY] Flushed old metrics. Current buffer sizes: parsing=4142, documents=0

      at TelemetryCollector.flushMetrics (src/services/telemetry.ts:276:15)

  console.log
    [TELEMETRY] Flushed old metrics. Current buffer sizes: parsing=4143, documents=0

      at TelemetryCollector.flushMetrics (src/services/telemetry.ts:276:15)

  console.log
    [TELEMETRY] Flushed old metrics. Current buffer sizes: parsing=4144, documents=0

      at TelemetryCollector.flushMetrics (src/services/telemetry.ts:276:15)

  console.log
    [TELEMETRY] Flushed old metrics. Current buffer sizes: parsing=4145, documents=0

      at TelemetryCollector.flushMetrics (src/services/telemetry.ts:276:15)

  console.log
    [TELEMETRY] Flushed old metrics. Current buffer sizes: parsing=4146, documents=0

      at TelemetryCollector.flushMetrics (src/services/telemetry.ts:276:15)

  console.log
    [TELEMETRY] Flushed old metrics. Current buffer sizes: parsing=4147, documents=0

      at TelemetryCollector.flushMetrics (src/services/telemetry.ts:276:15)

  console.log
    [TELEMETRY] Flushed old metrics. Current buffer sizes: parsing=4148, documents=0

      at TelemetryCollector.flushMetrics (src/services/telemetry.ts:276:15)

  console.log
    [TELEMETRY] Flushed old metrics. Current buffer sizes: parsing=4149, documents=0

      at TelemetryCollector.flushMetrics (src/services/telemetry.ts:276:15)

  console.log
    [TELEMETRY] Flushed old metrics. Current buffer sizes: parsing=4150, documents=0

      at TelemetryCollector.flushMetrics (src/services/telemetry.ts:276:15)

  console.log
    [TELEMETRY] Flushed old metrics. Current buffer sizes: parsing=4151, documents=0

      at TelemetryCollector.flushMetrics (src/services/telemetry.ts:276:15)

  console.log
    [TELEMETRY] Flushed old metrics. Current buffer sizes: parsing=4152, documents=0

      at TelemetryCollector.flushMetrics (src/services/telemetry.ts:276:15)

  console.log
    [TELEMETRY] Flushed old metrics. Current buffer sizes: parsing=4153, documents=0

      at TelemetryCollector.flushMetrics (src/services/telemetry.ts:276:15)

  console.log
    [TELEMETRY] Flushed old metrics. Current buffer sizes: parsing=4154, documents=0

      at TelemetryCollector.flushMetrics (src/services/telemetry.ts:276:15)

  console.log
    [TELEMETRY] Flushed old metrics. Current buffer sizes: parsing=4155, documents=0

      at TelemetryCollector.flushMetrics (src/services/telemetry.ts:276:15)

  console.log
    [TELEMETRY] Flushed old metrics. Current buffer sizes: parsing=4156, documents=0

      at TelemetryCollector.flushMetrics (src/services/telemetry.ts:276:15)

  console.log
    [TELEMETRY] Flushed old metrics. Current buffer sizes: parsing=4157, documents=0

      at TelemetryCollector.flushMetrics (src/services/telemetry.ts:276:15)

  console.log
    [TELEMETRY] Flushed old metrics. Current buffer sizes: parsing=4158, documents=0

      at TelemetryCollector.flushMetrics (src/services/telemetry.ts:276:15)

  console.log
    [TELEMETRY] Flushed old metrics. Current buffer sizes: parsing=4159, documents=0

      at TelemetryCollector.flushMetrics (src/services/telemetry.ts:276:15)

  console.log
    [TELEMETRY] Flushed old metrics. Current buffer sizes: parsing=4160, documents=0

      at TelemetryCollector.flushMetrics (src/services/telemetry.ts:276:15)

  console.log
    [TELEMETRY] Flushed old metrics. Current buffer sizes: parsing=4161, documents=0

      at TelemetryCollector.flushMetrics (src/services/telemetry.ts:276:15)

  console.log
    [TELEMETRY] Flushed old metrics. Current buffer sizes: parsing=4162, documents=0

      at TelemetryCollector.flushMetrics (src/services/telemetry.ts:276:15)

  console.log
    [TELEMETRY] Flushed old metrics. Current buffer sizes: parsing=4163, documents=0

      at TelemetryCollector.flushMetrics (src/services/telemetry.ts:276:15)

  console.log
    [TELEMETRY] Flushed old metrics. Current buffer sizes: parsing=4164, documents=0

      at TelemetryCollector.flushMetrics (src/services/telemetry.ts:276:15)

  console.log
    [TELEMETRY] Flushed old metrics. Current buffer sizes: parsing=4165, documents=0

      at TelemetryCollector.flushMetrics (src/services/telemetry.ts:276:15)

  console.log
    [TELEMETRY] Flushed old metrics. Current buffer sizes: parsing=4166, documents=0

      at TelemetryCollector.flushMetrics (src/services/telemetry.ts:276:15)

  console.log
    [TELEMETRY] Flushed old metrics. Current buffer sizes: parsing=4167, documents=0

      at TelemetryCollector.flushMetrics (src/services/telemetry.ts:276:15)

  console.log
    [TELEMETRY] Flushed old metrics. Current buffer sizes: parsing=4168, documents=0

      at TelemetryCollector.flushMetrics (src/services/telemetry.ts:276:15)

  console.log
    [TELEMETRY] Flushed old metrics. Current buffer sizes: parsing=4169, documents=0

      at TelemetryCollector.flushMetrics (src/services/telemetry.ts:276:15)

  console.log
    [TELEMETRY] Flushed old metrics. Current buffer sizes: parsing=4170, documents=0

      at TelemetryCollector.flushMetrics (src/services/telemetry.ts:276:15)

  console.log
    [TELEMETRY] Flushed old metrics. Current buffer sizes: parsing=4171, documents=0

      at TelemetryCollector.flushMetrics (src/services/telemetry.ts:276:15)

  console.log
    [TELEMETRY] Flushed old metrics. Current buffer sizes: parsing=4172, documents=0

      at TelemetryCollector.flushMetrics (src/services/telemetry.ts:276:15)

  console.log
    [TELEMETRY] Flushed old metrics. Current buffer sizes: parsing=4173, documents=0

      at TelemetryCollector.flushMetrics (src/services/telemetry.ts:276:15)

  console.log
    [TELEMETRY] Flushed old metrics. Current buffer sizes: parsing=4174, documents=0

      at TelemetryCollector.flushMetrics (src/services/telemetry.ts:276:15)

  console.log
    [TELEMETRY] Flushed old metrics. Current buffer sizes: parsing=4175, documents=0

      at TelemetryCollector.flushMetrics (src/services/telemetry.ts:276:15)

  console.log
    [TELEMETRY] Flushed old metrics. Current buffer sizes: parsing=4176, documents=0

      at TelemetryCollector.flushMetrics (src/services/telemetry.ts:276:15)

  console.log
    [TELEMETRY] Flushed old metrics. Current buffer sizes: parsing=4177, documents=0

      at TelemetryCollector.flushMetrics (src/services/telemetry.ts:276:15)

  console.log
    [TELEMETRY] Flushed old metrics. Current buffer sizes: parsing=4178, documents=0

      at TelemetryCollector.flushMetrics (src/services/telemetry.ts:276:15)

  console.log
    [TELEMETRY] Flushed old metrics. Current buffer sizes: parsing=4179, documents=0

      at TelemetryCollector.flushMetrics (src/services/telemetry.ts:276:15)

  console.log
    [TELEMETRY] Flushed old metrics. Current buffer sizes: parsing=4180, documents=0

      at TelemetryCollector.flushMetrics (src/services/telemetry.ts:276:15)

  console.log
    [TELEMETRY] Flushed old metrics. Current buffer sizes: parsing=4181, documents=0

      at TelemetryCollector.flushMetrics (src/services/telemetry.ts:276:15)

  console.log
    [TELEMETRY] Flushed old metrics. Current buffer sizes: parsing=4182, documents=0

      at TelemetryCollector.flushMetrics (src/services/telemetry.ts:276:15)

  console.log
    [TELEMETRY] Flushed old metrics. Current buffer sizes: parsing=4183, documents=0

      at TelemetryCollector.flushMetrics (src/services/telemetry.ts:276:15)

  console.log
    [TELEMETRY] Flushed old metrics. Current buffer sizes: parsing=4184, documents=0

      at TelemetryCollector.flushMetrics (src/services/telemetry.ts:276:15)

  console.log
    [TELEMETRY] Flushed old metrics. Current buffer sizes: parsing=4185, documents=0

      at TelemetryCollector.flushMetrics (src/services/telemetry.ts:276:15)

  console.log
    [TELEMETRY] Flushed old metrics. Current buffer sizes: parsing=4186, documents=0

      at TelemetryCollector.flushMetrics (src/services/telemetry.ts:276:15)

  console.log
    [TELEMETRY] Flushed old metrics. Current buffer sizes: parsing=4187, documents=0

      at TelemetryCollector.flushMetrics (src/services/telemetry.ts:276:15)

  console.log
    [TELEMETRY] Flushed old metrics. Current buffer sizes: parsing=4188, documents=0

      at TelemetryCollector.flushMetrics (src/services/telemetry.ts:276:15)

  console.log
    [TELEMETRY] Flushed old metrics. Current buffer sizes: parsing=4189, documents=0

      at TelemetryCollector.flushMetrics (src/services/telemetry.ts:276:15)

  console.log
    [TELEMETRY] Flushed old metrics. Current buffer sizes: parsing=4190, documents=0

      at TelemetryCollector.flushMetrics (src/services/telemetry.ts:276:15)

  console.log
    [TELEMETRY] Flushed old metrics. Current buffer sizes: parsing=4191, documents=0

      at TelemetryCollector.flushMetrics (src/services/telemetry.ts:276:15)

  console.log
    [TELEMETRY] Flushed old metrics. Current buffer sizes: parsing=4192, documents=0

      at TelemetryCollector.flushMetrics (src/services/telemetry.ts:276:15)

  console.log
    [TELEMETRY] Flushed old metrics. Current buffer sizes: parsing=4193, documents=0

      at TelemetryCollector.flushMetrics (src/services/telemetry.ts:276:15)

  console.log
    [TELEMETRY] Flushed old metrics. Current buffer sizes: parsing=4194, documents=0

      at TelemetryCollector.flushMetrics (src/services/telemetry.ts:276:15)

  console.log
    [TELEMETRY] Flushed old metrics. Current buffer sizes: parsing=4195, documents=0

      at TelemetryCollector.flushMetrics (src/services/telemetry.ts:276:15)

  console.log
    [TELEMETRY] Flushed old metrics. Current buffer sizes: parsing=4196, documents=0

      at TelemetryCollector.flushMetrics (src/services/telemetry.ts:276:15)

  console.log
    [TELEMETRY] Flushed old metrics. Current buffer sizes: parsing=4197, documents=0

      at TelemetryCollector.flushMetrics (src/services/telemetry.ts:276:15)

  console.log
    [TELEMETRY] Flushed old metrics. Current buffer sizes: parsing=4198, documents=0

      at TelemetryCollector.flushMetrics (src/services/telemetry.ts:276:15)

  console.log
    [TELEMETRY] Flushed old metrics. Current buffer sizes: parsing=4199, documents=0

      at TelemetryCollector.flushMetrics (src/services/telemetry.ts:276:15)

  console.log
    [TELEMETRY] Flushed old metrics. Current buffer sizes: parsing=4200, documents=0

      at TelemetryCollector.flushMetrics (src/services/telemetry.ts:276:15)

  console.log
    [TELEMETRY] Flushed old metrics. Current buffer sizes: parsing=4201, documents=0

      at TelemetryCollector.flushMetrics (src/services/telemetry.ts:276:15)

  console.log
    [TELEMETRY] Flushed old metrics. Current buffer sizes: parsing=4202, documents=0

      at TelemetryCollector.flushMetrics (src/services/telemetry.ts:276:15)

  console.log
    [TELEMETRY] Flushed old metrics. Current buffer sizes: parsing=4203, documents=0

      at TelemetryCollector.flushMetrics (src/services/telemetry.ts:276:15)

  console.log
    [TELEMETRY] Flushed old metrics. Current buffer sizes: parsing=4204, documents=0

      at TelemetryCollector.flushMetrics (src/services/telemetry.ts:276:15)

  console.log
    [TELEMETRY] Flushed old metrics. Current buffer sizes: parsing=4205, documents=0

      at TelemetryCollector.flushMetrics (src/services/telemetry.ts:276:15)

  console.log
    [TELEMETRY] Flushed old metrics. Current buffer sizes: parsing=4206, documents=0

      at TelemetryCollector.flushMetrics (src/services/telemetry.ts:276:15)

  console.log
    [TELEMETRY] Flushed old metrics. Current buffer sizes: parsing=4207, documents=0

      at TelemetryCollector.flushMetrics (src/services/telemetry.ts:276:15)

  console.log
    [TELEMETRY] Flushed old metrics. Current buffer sizes: parsing=4208, documents=0

      at TelemetryCollector.flushMetrics (src/services/telemetry.ts:276:15)

  console.log
    [TELEMETRY] Flushed old metrics. Current buffer sizes: parsing=4209, documents=0

      at TelemetryCollector.flushMetrics (src/services/telemetry.ts:276:15)

  console.log
    [TELEMETRY] Flushed old metrics. Current buffer sizes: parsing=4210, documents=0

      at TelemetryCollector.flushMetrics (src/services/telemetry.ts:276:15)

  console.log
    [TELEMETRY] Flushed old metrics. Current buffer sizes: parsing=4211, documents=0

      at TelemetryCollector.flushMetrics (src/services/telemetry.ts:276:15)

  console.log
    [TELEMETRY] Flushed old metrics. Current buffer sizes: parsing=4212, documents=0

      at TelemetryCollector.flushMetrics (src/services/telemetry.ts:276:15)

  console.log
    [TELEMETRY] Flushed old metrics. Current buffer sizes: parsing=4213, documents=0

      at TelemetryCollector.flushMetrics (src/services/telemetry.ts:276:15)

  console.log
    [TELEMETRY] Flushed old metrics. Current buffer sizes: parsing=4214, documents=0

      at TelemetryCollector.flushMetrics (src/services/telemetry.ts:276:15)

  console.log
    [TELEMETRY] Flushed old metrics. Current buffer sizes: parsing=4215, documents=0

      at TelemetryCollector.flushMetrics (src/services/telemetry.ts:276:15)

  console.log
    [TELEMETRY] Flushed old metrics. Current buffer sizes: parsing=4216, documents=0

      at TelemetryCollector.flushMetrics (src/services/telemetry.ts:276:15)

  console.log
    [TELEMETRY] Flushed old metrics. Current buffer sizes: parsing=4217, documents=0

      at TelemetryCollector.flushMetrics (src/services/telemetry.ts:276:15)

  console.log
    [TELEMETRY] Flushed old metrics. Current buffer sizes: parsing=4218, documents=0

      at TelemetryCollector.flushMetrics (src/services/telemetry.ts:276:15)

  console.log
    [TELEMETRY] Flushed old metrics. Current buffer sizes: parsing=4219, documents=0

      at TelemetryCollector.flushMetrics (src/services/telemetry.ts:276:15)

  console.log
    [TELEMETRY] Flushed old metrics. Current buffer sizes: parsing=4220, documents=0

      at TelemetryCollector.flushMetrics (src/services/telemetry.ts:276:15)

  console.log
    [TELEMETRY] Flushed old metrics. Current buffer sizes: parsing=4221, documents=0

      at TelemetryCollector.flushMetrics (src/services/telemetry.ts:276:15)

  console.log
    [TELEMETRY] Flushed old metrics. Current buffer sizes: parsing=4222, documents=0

      at TelemetryCollector.flushMetrics (src/services/telemetry.ts:276:15)

  console.log
    [TELEMETRY] Flushed old metrics. Current buffer sizes: parsing=4223, documents=0

      at TelemetryCollector.flushMetrics (src/services/telemetry.ts:276:15)

  console.log
    [TELEMETRY] Flushed old metrics. Current buffer sizes: parsing=4224, documents=0

      at TelemetryCollector.flushMetrics (src/services/telemetry.ts:276:15)

  console.log
    [TELEMETRY] Flushed old metrics. Current buffer sizes: parsing=4225, documents=0

      at TelemetryCollector.flushMetrics (src/services/telemetry.ts:276:15)

  console.log
    [TELEMETRY] Flushed old metrics. Current buffer sizes: parsing=4226, documents=0

      at TelemetryCollector.flushMetrics (src/services/telemetry.ts:276:15)

  console.log
    [TELEMETRY] Flushed old metrics. Current buffer sizes: parsing=4227, documents=0

      at TelemetryCollector.flushMetrics (src/services/telemetry.ts:276:15)

  console.log
    [TELEMETRY] Flushed old metrics. Current buffer sizes: parsing=4228, documents=0

      at TelemetryCollector.flushMetrics (src/services/telemetry.ts:276:15)

  console.log
    [TELEMETRY] Flushed old metrics. Current buffer sizes: parsing=4229, documents=0

      at TelemetryCollector.flushMetrics (src/services/telemetry.ts:276:15)

  console.log
    [TELEMETRY] Flushed old metrics. Current buffer sizes: parsing=4230, documents=0

      at TelemetryCollector.flushMetrics (src/services/telemetry.ts:276:15)

  console.log
    [TELEMETRY] Flushed old metrics. Current buffer sizes: parsing=4231, documents=0

      at TelemetryCollector.flushMetrics (src/services/telemetry.ts:276:15)

  console.log
    [TELEMETRY] Flushed old metrics. Current buffer sizes: parsing=4232, documents=0

      at TelemetryCollector.flushMetrics (src/services/telemetry.ts:276:15)

  console.log
    [TELEMETRY] Flushed old metrics. Current buffer sizes: parsing=4233, documents=0

      at TelemetryCollector.flushMetrics (src/services/telemetry.ts:276:15)

  console.log
    [TELEMETRY] Flushed old metrics. Current buffer sizes: parsing=4234, documents=0

      at TelemetryCollector.flushMetrics (src/services/telemetry.ts:276:15)

  console.log
    [TELEMETRY] Flushed old metrics. Current buffer sizes: parsing=4235, documents=0

      at TelemetryCollector.flushMetrics (src/services/telemetry.ts:276:15)

  console.log
    [TELEMETRY] Flushed old metrics. Current buffer sizes: parsing=4236, documents=0

      at TelemetryCollector.flushMetrics (src/services/telemetry.ts:276:15)

  console.log
    [TELEMETRY] Flushed old metrics. Current buffer sizes: parsing=4237, documents=0

      at TelemetryCollector.flushMetrics (src/services/telemetry.ts:276:15)

  console.log
    [TELEMETRY] Flushed old metrics. Current buffer sizes: parsing=4238, documents=0

      at TelemetryCollector.flushMetrics (src/services/telemetry.ts:276:15)

  console.log
    [TELEMETRY] Flushed old metrics. Current buffer sizes: parsing=4239, documents=0

      at TelemetryCollector.flushMetrics (src/services/telemetry.ts:276:15)

  console.log
    [TELEMETRY] Flushed old metrics. Current buffer sizes: parsing=4240, documents=0

      at TelemetryCollector.flushMetrics (src/services/telemetry.ts:276:15)

  console.log
    [TELEMETRY] Flushed old metrics. Current buffer sizes: parsing=4241, documents=0

      at TelemetryCollector.flushMetrics (src/services/telemetry.ts:276:15)

  console.log
    [TELEMETRY] Flushed old metrics. Current buffer sizes: parsing=4242, documents=0

      at TelemetryCollector.flushMetrics (src/services/telemetry.ts:276:15)

  console.log
    [TELEMETRY] Flushed old metrics. Current buffer sizes: parsing=4243, documents=0

      at TelemetryCollector.flushMetrics (src/services/telemetry.ts:276:15)

  console.log
    [TELEMETRY] Flushed old metrics. Current buffer sizes: parsing=4244, documents=0

      at TelemetryCollector.flushMetrics (src/services/telemetry.ts:276:15)

  console.log
    [TELEMETRY] Flushed old metrics. Current buffer sizes: parsing=4245, documents=0

      at TelemetryCollector.flushMetrics (src/services/telemetry.ts:276:15)

  console.log
    [TELEMETRY] Flushed old metrics. Current buffer sizes: parsing=4246, documents=0

      at TelemetryCollector.flushMetrics (src/services/telemetry.ts:276:15)

  console.log
    [TELEMETRY] Flushed old metrics. Current buffer sizes: parsing=4247, documents=0

      at TelemetryCollector.flushMetrics (src/services/telemetry.ts:276:15)

  console.log
    [TELEMETRY] Flushed old metrics. Current buffer sizes: parsing=4248, documents=0

      at TelemetryCollector.flushMetrics (src/services/telemetry.ts:276:15)

  console.log
    [TELEMETRY] Flushed old metrics. Current buffer sizes: parsing=4249, documents=0

      at TelemetryCollector.flushMetrics (src/services/telemetry.ts:276:15)

  console.log
    [TELEMETRY] Flushed old metrics. Current buffer sizes: parsing=4250, documents=0

      at TelemetryCollector.flushMetrics (src/services/telemetry.ts:276:15)

  console.log
    [TELEMETRY] Flushed old metrics. Current buffer sizes: parsing=4251, documents=0

      at TelemetryCollector.flushMetrics (src/services/telemetry.ts:276:15)

  console.log
    [TELEMETRY] Flushed old metrics. Current buffer sizes: parsing=4252, documents=0

      at TelemetryCollector.flushMetrics (src/services/telemetry.ts:276:15)

  console.log
    [TELEMETRY] Flushed old metrics. Current buffer sizes: parsing=4253, documents=0

      at TelemetryCollector.flushMetrics (src/services/telemetry.ts:276:15)

  console.log
    [TELEMETRY] Flushed old metrics. Current buffer sizes: parsing=4254, documents=0

      at TelemetryCollector.flushMetrics (src/services/telemetry.ts:276:15)

  console.log
    [TELEMETRY] Flushed old metrics. Current buffer sizes: parsing=4255, documents=0

      at TelemetryCollector.flushMetrics (src/services/telemetry.ts:276:15)

  console.log
    [TELEMETRY] Flushed old metrics. Current buffer sizes: parsing=4256, documents=0

      at TelemetryCollector.flushMetrics (src/services/telemetry.ts:276:15)

  console.log
    [TELEMETRY] Flushed old metrics. Current buffer sizes: parsing=4257, documents=0

      at TelemetryCollector.flushMetrics (src/services/telemetry.ts:276:15)

  console.log
    [TELEMETRY] Flushed old metrics. Current buffer sizes: parsing=4258, documents=0

      at TelemetryCollector.flushMetrics (src/services/telemetry.ts:276:15)

  console.log
    [TELEMETRY] Flushed old metrics. Current buffer sizes: parsing=4259, documents=0

      at TelemetryCollector.flushMetrics (src/services/telemetry.ts:276:15)

  console.log
    [TELEMETRY] Flushed old metrics. Current buffer sizes: parsing=4260, documents=0

      at TelemetryCollector.flushMetrics (src/services/telemetry.ts:276:15)

  console.log
    [TELEMETRY] Flushed old metrics. Current buffer sizes: parsing=4261, documents=0

      at TelemetryCollector.flushMetrics (src/services/telemetry.ts:276:15)

  console.log
    [TELEMETRY] Flushed old metrics. Current buffer sizes: parsing=4262, documents=0

      at TelemetryCollector.flushMetrics (src/services/telemetry.ts:276:15)

  console.log
    [TELEMETRY] Flushed old metrics. Current buffer sizes: parsing=4263, documents=0

      at TelemetryCollector.flushMetrics (src/services/telemetry.ts:276:15)

  console.log
    [TELEMETRY] Flushed old metrics. Current buffer sizes: parsing=4264, documents=0

      at TelemetryCollector.flushMetrics (src/services/telemetry.ts:276:15)

  console.log
    [TELEMETRY] Flushed old metrics. Current buffer sizes: parsing=4265, documents=0

      at TelemetryCollector.flushMetrics (src/services/telemetry.ts:276:15)

  console.log
    [TELEMETRY] Flushed old metrics. Current buffer sizes: parsing=4266, documents=0

      at TelemetryCollector.flushMetrics (src/services/telemetry.ts:276:15)

  console.log
    [TELEMETRY] Flushed old metrics. Current buffer sizes: parsing=4267, documents=0

      at TelemetryCollector.flushMetrics (src/services/telemetry.ts:276:15)

  console.log
    [TELEMETRY] Flushed old metrics. Current buffer sizes: parsing=4268, documents=0

      at TelemetryCollector.flushMetrics (src/services/telemetry.ts:276:15)

  console.log
    [TELEMETRY] Flushed old metrics. Current buffer sizes: parsing=4269, documents=0

      at TelemetryCollector.flushMetrics (src/services/telemetry.ts:276:15)

  console.log
    [TELEMETRY] Flushed old metrics. Current buffer sizes: parsing=4270, documents=0

      at TelemetryCollector.flushMetrics (src/services/telemetry.ts:276:15)

  console.log
    [TELEMETRY] Flushed old metrics. Current buffer sizes: parsing=4271, documents=0

      at TelemetryCollector.flushMetrics (src/services/telemetry.ts:276:15)

  console.log
    [TELEMETRY] Flushed old metrics. Current buffer sizes: parsing=4272, documents=0

      at TelemetryCollector.flushMetrics (src/services/telemetry.ts:276:15)

  console.log
    [TELEMETRY] Flushed old metrics. Current buffer sizes: parsing=4273, documents=0

      at TelemetryCollector.flushMetrics (src/services/telemetry.ts:276:15)

  console.log
    [TELEMETRY] Flushed old metrics. Current buffer sizes: parsing=4274, documents=0

      at TelemetryCollector.flushMetrics (src/services/telemetry.ts:276:15)

  console.log
    [TELEMETRY] Flushed old metrics. Current buffer sizes: parsing=4275, documents=0

      at TelemetryCollector.flushMetrics (src/services/telemetry.ts:276:15)

  console.log
    [TELEMETRY] Flushed old metrics. Current buffer sizes: parsing=4276, documents=0

      at TelemetryCollector.flushMetrics (src/services/telemetry.ts:276:15)

  console.log
    [TELEMETRY] Flushed old metrics. Current buffer sizes: parsing=4277, documents=0

      at TelemetryCollector.flushMetrics (src/services/telemetry.ts:276:15)

  console.log
    [TELEMETRY] Flushed old metrics. Current buffer sizes: parsing=4278, documents=0

      at TelemetryCollector.flushMetrics (src/services/telemetry.ts:276:15)

  console.log
    [TELEMETRY] Flushed old metrics. Current buffer sizes: parsing=4279, documents=0

      at TelemetryCollector.flushMetrics (src/services/telemetry.ts:276:15)

  console.log
    [TELEMETRY] Flushed old metrics. Current buffer sizes: parsing=4280, documents=0

      at TelemetryCollector.flushMetrics (src/services/telemetry.ts:276:15)

  console.log
    [TELEMETRY] Flushed old metrics. Current buffer sizes: parsing=4281, documents=0

      at TelemetryCollector.flushMetrics (src/services/telemetry.ts:276:15)

  console.log
    [TELEMETRY] Flushed old metrics. Current buffer sizes: parsing=4282, documents=0

      at TelemetryCollector.flushMetrics (src/services/telemetry.ts:276:15)

  console.log
    [TELEMETRY] Flushed old metrics. Current buffer sizes: parsing=4283, documents=0

      at TelemetryCollector.flushMetrics (src/services/telemetry.ts:276:15)

  console.log
    [TELEMETRY] Flushed old metrics. Current buffer sizes: parsing=4284, documents=0

      at TelemetryCollector.flushMetrics (src/services/telemetry.ts:276:15)

  console.log
    [TELEMETRY] Flushed old metrics. Current buffer sizes: parsing=4285, documents=0

      at TelemetryCollector.flushMetrics (src/services/telemetry.ts:276:15)

  console.log
    [TELEMETRY] Flushed old metrics. Current buffer sizes: parsing=4286, documents=0

      at TelemetryCollector.flushMetrics (src/services/telemetry.ts:276:15)

  console.log
    [TELEMETRY] Flushed old metrics. Current buffer sizes: parsing=4287, documents=0

      at TelemetryCollector.flushMetrics (src/services/telemetry.ts:276:15)

  console.log
    [TELEMETRY] Flushed old metrics. Current buffer sizes: parsing=4288, documents=0

      at TelemetryCollector.flushMetrics (src/services/telemetry.ts:276:15)

  console.log
    [TELEMETRY] Flushed old metrics. Current buffer sizes: parsing=4289, documents=0

      at TelemetryCollector.flushMetrics (src/services/telemetry.ts:276:15)

  console.log
    [TELEMETRY] Flushed old metrics. Current buffer sizes: parsing=4290, documents=0

      at TelemetryCollector.flushMetrics (src/services/telemetry.ts:276:15)

  console.log
    [TELEMETRY] Flushed old metrics. Current buffer sizes: parsing=4291, documents=0

      at TelemetryCollector.flushMetrics (src/services/telemetry.ts:276:15)

  console.log
    [TELEMETRY] Flushed old metrics. Current buffer sizes: parsing=4292, documents=0

      at TelemetryCollector.flushMetrics (src/services/telemetry.ts:276:15)

  console.log
    [TELEMETRY] Flushed old metrics. Current buffer sizes: parsing=4293, documents=0

      at TelemetryCollector.flushMetrics (src/services/telemetry.ts:276:15)

  console.log
    [TELEMETRY] Flushed old metrics. Current buffer sizes: parsing=4294, documents=0

      at TelemetryCollector.flushMetrics (src/services/telemetry.ts:276:15)

  console.log
    [TELEMETRY] Flushed old metrics. Current buffer sizes: parsing=4295, documents=0

      at TelemetryCollector.flushMetrics (src/services/telemetry.ts:276:15)

  console.log
    [TELEMETRY] Flushed old metrics. Current buffer sizes: parsing=4296, documents=0

      at TelemetryCollector.flushMetrics (src/services/telemetry.ts:276:15)

  console.log
    [TELEMETRY] Flushed old metrics. Current buffer sizes: parsing=4297, documents=0

      at TelemetryCollector.flushMetrics (src/services/telemetry.ts:276:15)

  console.log
    [TELEMETRY] Flushed old metrics. Current buffer sizes: parsing=4298, documents=0

      at TelemetryCollector.flushMetrics (src/services/telemetry.ts:276:15)

  console.log
    [TELEMETRY] Flushed old metrics. Current buffer sizes: parsing=4299, documents=0

      at TelemetryCollector.flushMetrics (src/services/telemetry.ts:276:15)

  console.log
    [TELEMETRY] Flushed old metrics. Current buffer sizes: parsing=4300, documents=0

      at TelemetryCollector.flushMetrics (src/services/telemetry.ts:276:15)

  console.log
    [TELEMETRY] Flushed old metrics. Current buffer sizes: parsing=4301, documents=0

      at TelemetryCollector.flushMetrics (src/services/telemetry.ts:276:15)

  console.log
    [TELEMETRY] Flushed old metrics. Current buffer sizes: parsing=4302, documents=0

      at TelemetryCollector.flushMetrics (src/services/telemetry.ts:276:15)

  console.log
    [TELEMETRY] Flushed old metrics. Current buffer sizes: parsing=4303, documents=0

      at TelemetryCollector.flushMetrics (src/services/telemetry.ts:276:15)

  console.log
    [TELEMETRY] Flushed old metrics. Current buffer sizes: parsing=4304, documents=0

      at TelemetryCollector.flushMetrics (src/services/telemetry.ts:276:15)

  console.log
    [TELEMETRY] Flushed old metrics. Current buffer sizes: parsing=4305, documents=0

      at TelemetryCollector.flushMetrics (src/services/telemetry.ts:276:15)

  console.log
    [TELEMETRY] Flushed old metrics. Current buffer sizes: parsing=4306, documents=0

      at TelemetryCollector.flushMetrics (src/services/telemetry.ts:276:15)

  console.log
    [TELEMETRY] Flushed old metrics. Current buffer sizes: parsing=4307, documents=0

      at TelemetryCollector.flushMetrics (src/services/telemetry.ts:276:15)

  console.log
    [TELEMETRY] Flushed old metrics. Current buffer sizes: parsing=4308, documents=0

      at TelemetryCollector.flushMetrics (src/services/telemetry.ts:276:15)

  console.log
    [TELEMETRY] Flushed old metrics. Current buffer sizes: parsing=4309, documents=0

      at TelemetryCollector.flushMetrics (src/services/telemetry.ts:276:15)

  console.log
    [TELEMETRY] Flushed old metrics. Current buffer sizes: parsing=4310, documents=0

      at TelemetryCollector.flushMetrics (src/services/telemetry.ts:276:15)

  console.log
    [TELEMETRY] Flushed old metrics. Current buffer sizes: parsing=4311, documents=0

      at TelemetryCollector.flushMetrics (src/services/telemetry.ts:276:15)

  console.log
    [TELEMETRY] Flushed old metrics. Current buffer sizes: parsing=4312, documents=0

      at TelemetryCollector.flushMetrics (src/services/telemetry.ts:276:15)

  console.log
    [TELEMETRY] Flushed old metrics. Current buffer sizes: parsing=4313, documents=0

      at TelemetryCollector.flushMetrics (src/services/telemetry.ts:276:15)

  console.log
    [TELEMETRY] Flushed old metrics. Current buffer sizes: parsing=4314, documents=0

      at TelemetryCollector.flushMetrics (src/services/telemetry.ts:276:15)

  console.log
    [TELEMETRY] Flushed old metrics. Current buffer sizes: parsing=4315, documents=0

      at TelemetryCollector.flushMetrics (src/services/telemetry.ts:276:15)

  console.log
    [TELEMETRY] Flushed old metrics. Current buffer sizes: parsing=4316, documents=0

      at TelemetryCollector.flushMetrics (src/services/telemetry.ts:276:15)

  console.log
    [TELEMETRY] Flushed old metrics. Current buffer sizes: parsing=4317, documents=0

      at TelemetryCollector.flushMetrics (src/services/telemetry.ts:276:15)

  console.log
    [TELEMETRY] Flushed old metrics. Current buffer sizes: parsing=4318, documents=0

      at TelemetryCollector.flushMetrics (src/services/telemetry.ts:276:15)

  console.log
    [TELEMETRY] Flushed old metrics. Current buffer sizes: parsing=4319, documents=0

      at TelemetryCollector.flushMetrics (src/services/telemetry.ts:276:15)

  console.log
    [TELEMETRY] Flushed old metrics. Current buffer sizes: parsing=4320, documents=0

      at TelemetryCollector.flushMetrics (src/services/telemetry.ts:276:15)

  console.log
    [TELEMETRY] Flushed old metrics. Current buffer sizes: parsing=4321, documents=0

      at TelemetryCollector.flushMetrics (src/services/telemetry.ts:276:15)

  console.log
    [TELEMETRY] Flushed old metrics. Current buffer sizes: parsing=4322, documents=0

      at TelemetryCollector.flushMetrics (src/services/telemetry.ts:276:15)

  console.log
    [TELEMETRY] Flushed old metrics. Current buffer sizes: parsing=4323, documents=0

      at TelemetryCollector.flushMetrics (src/services/telemetry.ts:276:15)

  console.log
    [TELEMETRY] Flushed old metrics. Current buffer sizes: parsing=4324, documents=0

      at TelemetryCollector.flushMetrics (src/services/telemetry.ts:276:15)

  console.log
    [TELEMETRY] Flushed old metrics. Current buffer sizes: parsing=4325, documents=0

      at TelemetryCollector.flushMetrics (src/services/telemetry.ts:276:15)

  console.log
    [TELEMETRY] Flushed old metrics. Current buffer sizes: parsing=4326, documents=0

      at TelemetryCollector.flushMetrics (src/services/telemetry.ts:276:15)

  console.log
    [TELEMETRY] Flushed old metrics. Current buffer sizes: parsing=4327, documents=0

      at TelemetryCollector.flushMetrics (src/services/telemetry.ts:276:15)

  console.log
    [TELEMETRY] Flushed old metrics. Current buffer sizes: parsing=4328, documents=0

      at TelemetryCollector.flushMetrics (src/services/telemetry.ts:276:15)

  console.log
    [TELEMETRY] Flushed old metrics. Current buffer sizes: parsing=4329, documents=0

      at TelemetryCollector.flushMetrics (src/services/telemetry.ts:276:15)

  console.log
    [TELEMETRY] Flushed old metrics. Current buffer sizes: parsing=4330, documents=0

      at TelemetryCollector.flushMetrics (src/services/telemetry.ts:276:15)

  console.log
    [TELEMETRY] Flushed old metrics. Current buffer sizes: parsing=4331, documents=0

      at TelemetryCollector.flushMetrics (src/services/telemetry.ts:276:15)

  console.log
    [TELEMETRY] Flushed old metrics. Current buffer sizes: parsing=4332, documents=0

      at TelemetryCollector.flushMetrics (src/services/telemetry.ts:276:15)

  console.log
    [TELEMETRY] Flushed old metrics. Current buffer sizes: parsing=4333, documents=0

      at TelemetryCollector.flushMetrics (src/services/telemetry.ts:276:15)

  console.log
    [TELEMETRY] Flushed old metrics. Current buffer sizes: parsing=4334, documents=0

      at TelemetryCollector.flushMetrics (src/services/telemetry.ts:276:15)

  console.log
    [TELEMETRY] Flushed old metrics. Current buffer sizes: parsing=4335, documents=0

      at TelemetryCollector.flushMetrics (src/services/telemetry.ts:276:15)

  console.log
    [TELEMETRY] Flushed old metrics. Current buffer sizes: parsing=4336, documents=0

      at TelemetryCollector.flushMetrics (src/services/telemetry.ts:276:15)

  console.log
    [TELEMETRY] Flushed old metrics. Current buffer sizes: parsing=4337, documents=0

      at TelemetryCollector.flushMetrics (src/services/telemetry.ts:276:15)

  console.log
    [TELEMETRY] Flushed old metrics. Current buffer sizes: parsing=4338, documents=0

      at TelemetryCollector.flushMetrics (src/services/telemetry.ts:276:15)

  console.log
    [TELEMETRY] Flushed old metrics. Current buffer sizes: parsing=4339, documents=0

      at TelemetryCollector.flushMetrics (src/services/telemetry.ts:276:15)

  console.log
    [TELEMETRY] Flushed old metrics. Current buffer sizes: parsing=4340, documents=0

      at TelemetryCollector.flushMetrics (src/services/telemetry.ts:276:15)

  console.log
    [TELEMETRY] Flushed old metrics. Current buffer sizes: parsing=4341, documents=0

      at TelemetryCollector.flushMetrics (src/services/telemetry.ts:276:15)

  console.log
    [TELEMETRY] Flushed old metrics. Current buffer sizes: parsing=4342, documents=0

      at TelemetryCollector.flushMetrics (src/services/telemetry.ts:276:15)

  console.log
    [TELEMETRY] Flushed old metrics. Current buffer sizes: parsing=4343, documents=0

      at TelemetryCollector.flushMetrics (src/services/telemetry.ts:276:15)

  console.log
    [TELEMETRY] Flushed old metrics. Current buffer sizes: parsing=4344, documents=0

      at TelemetryCollector.flushMetrics (src/services/telemetry.ts:276:15)

  console.log
    [TELEMETRY] Flushed old metrics. Current buffer sizes: parsing=4345, documents=0

      at TelemetryCollector.flushMetrics (src/services/telemetry.ts:276:15)

  console.log
    [TELEMETRY] Flushed old metrics. Current buffer sizes: parsing=4346, documents=0

      at TelemetryCollector.flushMetrics (src/services/telemetry.ts:276:15)

  console.log
    [TELEMETRY] Flushed old metrics. Current buffer sizes: parsing=4347, documents=0

      at TelemetryCollector.flushMetrics (src/services/telemetry.ts:276:15)

  console.log
    [TELEMETRY] Flushed old metrics. Current buffer sizes: parsing=4348, documents=0

      at TelemetryCollector.flushMetrics (src/services/telemetry.ts:276:15)

  console.log
    [TELEMETRY] Flushed old metrics. Current buffer sizes: parsing=4349, documents=0

      at TelemetryCollector.flushMetrics (src/services/telemetry.ts:276:15)

  console.log
    [TELEMETRY] Flushed old metrics. Current buffer sizes: parsing=4350, documents=0

      at TelemetryCollector.flushMetrics (src/services/telemetry.ts:276:15)

  console.log
    [TELEMETRY] Flushed old metrics. Current buffer sizes: parsing=4351, documents=0

      at TelemetryCollector.flushMetrics (src/services/telemetry.ts:276:15)

  console.log
    [TELEMETRY] Flushed old metrics. Current buffer sizes: parsing=4352, documents=0

      at TelemetryCollector.flushMetrics (src/services/telemetry.ts:276:15)

  console.log
    [TELEMETRY] Flushed old metrics. Current buffer sizes: parsing=4353, documents=0

      at TelemetryCollector.flushMetrics (src/services/telemetry.ts:276:15)

  console.log
    [TELEMETRY] Flushed old metrics. Current buffer sizes: parsing=4354, documents=0

      at TelemetryCollector.flushMetrics (src/services/telemetry.ts:276:15)

  console.log
    [TELEMETRY] Flushed old metrics. Current buffer sizes: parsing=4355, documents=0

      at TelemetryCollector.flushMetrics (src/services/telemetry.ts:276:15)

  console.log
    [TELEMETRY] Flushed old metrics. Current buffer sizes: parsing=4356, documents=0

      at TelemetryCollector.flushMetrics (src/services/telemetry.ts:276:15)

  console.log
    [TELEMETRY] Flushed old metrics. Current buffer sizes: parsing=4357, documents=0

      at TelemetryCollector.flushMetrics (src/services/telemetry.ts:276:15)

  console.log
    [TELEMETRY] Flushed old metrics. Current buffer sizes: parsing=4358, documents=0

      at TelemetryCollector.flushMetrics (src/services/telemetry.ts:276:15)

  console.log
    [TELEMETRY] Flushed old metrics. Current buffer sizes: parsing=4359, documents=0

      at TelemetryCollector.flushMetrics (src/services/telemetry.ts:276:15)

  console.log
    [TELEMETRY] Flushed old metrics. Current buffer sizes: parsing=4360, documents=0

      at TelemetryCollector.flushMetrics (src/services/telemetry.ts:276:15)

  console.log
    [TELEMETRY] Flushed old metrics. Current buffer sizes: parsing=4361, documents=0

      at TelemetryCollector.flushMetrics (src/services/telemetry.ts:276:15)

  console.log
    [TELEMETRY] Flushed old metrics. Current buffer sizes: parsing=4362, documents=0

      at TelemetryCollector.flushMetrics (src/services/telemetry.ts:276:15)

  console.log
    [TELEMETRY] Flushed old metrics. Current buffer sizes: parsing=4363, documents=0

      at TelemetryCollector.flushMetrics (src/services/telemetry.ts:276:15)

  console.log
    [TELEMETRY] Flushed old metrics. Current buffer sizes: parsing=4364, documents=0

      at TelemetryCollector.flushMetrics (src/services/telemetry.ts:276:15)

  console.log
    [TELEMETRY] Flushed old metrics. Current buffer sizes: parsing=4365, documents=0

      at TelemetryCollector.flushMetrics (src/services/telemetry.ts:276:15)

  console.log
    [TELEMETRY] Flushed old metrics. Current buffer sizes: parsing=4366, documents=0

      at TelemetryCollector.flushMetrics (src/services/telemetry.ts:276:15)

  console.log
    [TELEMETRY] Flushed old metrics. Current buffer sizes: parsing=4367, documents=0

      at TelemetryCollector.flushMetrics (src/services/telemetry.ts:276:15)

  console.log
    [TELEMETRY] Flushed old metrics. Current buffer sizes: parsing=4368, documents=0

      at TelemetryCollector.flushMetrics (src/services/telemetry.ts:276:15)

  console.log
    [TELEMETRY] Flushed old metrics. Current buffer sizes: parsing=4369, documents=0

      at TelemetryCollector.flushMetrics (src/services/telemetry.ts:276:15)

  console.log
    [TELEMETRY] Flushed old metrics. Current buffer sizes: parsing=4370, documents=0

      at TelemetryCollector.flushMetrics (src/services/telemetry.ts:276:15)

  console.log
    [TELEMETRY] Flushed old metrics. Current buffer sizes: parsing=4371, documents=0

      at TelemetryCollector.flushMetrics (src/services/telemetry.ts:276:15)

  console.log
    [TELEMETRY] Flushed old metrics. Current buffer sizes: parsing=4372, documents=0

      at TelemetryCollector.flushMetrics (src/services/telemetry.ts:276:15)

  console.log
    [TELEMETRY] Flushed old metrics. Current buffer sizes: parsing=4373, documents=0

      at TelemetryCollector.flushMetrics (src/services/telemetry.ts:276:15)

  console.log
    [TELEMETRY] Flushed old metrics. Current buffer sizes: parsing=4374, documents=0

      at TelemetryCollector.flushMetrics (src/services/telemetry.ts:276:15)

  console.log
    [TELEMETRY] Flushed old metrics. Current buffer sizes: parsing=4375, documents=0

      at TelemetryCollector.flushMetrics (src/services/telemetry.ts:276:15)

  console.log
    [TELEMETRY] Flushed old metrics. Current buffer sizes: parsing=4376, documents=0

      at TelemetryCollector.flushMetrics (src/services/telemetry.ts:276:15)

  console.log
    [TELEMETRY] Flushed old metrics. Current buffer sizes: parsing=4377, documents=0

      at TelemetryCollector.flushMetrics (src/services/telemetry.ts:276:15)

  console.log
    [TELEMETRY] Flushed old metrics. Current buffer sizes: parsing=4378, documents=0

      at TelemetryCollector.flushMetrics (src/services/telemetry.ts:276:15)

  console.log
    [TELEMETRY] Flushed old metrics. Current buffer sizes: parsing=4379, documents=0

      at TelemetryCollector.flushMetrics (src/services/telemetry.ts:276:15)

  console.log
    [TELEMETRY] Flushed old metrics. Current buffer sizes: parsing=4380, documents=0

      at TelemetryCollector.flushMetrics (src/services/telemetry.ts:276:15)

  console.log
    [TELEMETRY] Flushed old metrics. Current buffer sizes: parsing=4381, documents=0

      at TelemetryCollector.flushMetrics (src/services/telemetry.ts:276:15)

  console.log
    [TELEMETRY] Flushed old metrics. Current buffer sizes: parsing=4382, documents=0

      at TelemetryCollector.flushMetrics (src/services/telemetry.ts:276:15)

  console.log
    [TELEMETRY] Flushed old metrics. Current buffer sizes: parsing=4383, documents=0

      at TelemetryCollector.flushMetrics (src/services/telemetry.ts:276:15)

  console.log
    [TELEMETRY] Flushed old metrics. Current buffer sizes: parsing=4384, documents=0

      at TelemetryCollector.flushMetrics (src/services/telemetry.ts:276:15)

  console.log
    [TELEMETRY] Flushed old metrics. Current buffer sizes: parsing=4385, documents=0

      at TelemetryCollector.flushMetrics (src/services/telemetry.ts:276:15)

  console.log
    [TELEMETRY] Flushed old metrics. Current buffer sizes: parsing=4386, documents=0

      at TelemetryCollector.flushMetrics (src/services/telemetry.ts:276:15)

  console.log
    [TELEMETRY] Flushed old metrics. Current buffer sizes: parsing=4387, documents=0

      at TelemetryCollector.flushMetrics (src/services/telemetry.ts:276:15)

  console.log
    [TELEMETRY] Flushed old metrics. Current buffer sizes: parsing=4388, documents=0

      at TelemetryCollector.flushMetrics (src/services/telemetry.ts:276:15)

  console.log
    [TELEMETRY] Flushed old metrics. Current buffer sizes: parsing=4389, documents=0

      at TelemetryCollector.flushMetrics (src/services/telemetry.ts:276:15)

  console.log
    [TELEMETRY] Flushed old metrics. Current buffer sizes: parsing=4390, documents=0

      at TelemetryCollector.flushMetrics (src/services/telemetry.ts:276:15)

  console.log
    [TELEMETRY] Flushed old metrics. Current buffer sizes: parsing=4391, documents=0

      at TelemetryCollector.flushMetrics (src/services/telemetry.ts:276:15)

  console.log
    [TELEMETRY] Flushed old metrics. Current buffer sizes: parsing=4392, documents=0

      at TelemetryCollector.flushMetrics (src/services/telemetry.ts:276:15)

  console.log
    [TELEMETRY] Flushed old metrics. Current buffer sizes: parsing=4393, documents=0

      at TelemetryCollector.flushMetrics (src/services/telemetry.ts:276:15)

  console.log
    [TELEMETRY] Flushed old metrics. Current buffer sizes: parsing=4394, documents=0

      at TelemetryCollector.flushMetrics (src/services/telemetry.ts:276:15)

  console.log
    [TELEMETRY] Flushed old metrics. Current buffer sizes: parsing=4395, documents=0

      at TelemetryCollector.flushMetrics (src/services/telemetry.ts:276:15)

  console.log
    [TELEMETRY] Flushed old metrics. Current buffer sizes: parsing=4396, documents=0

      at TelemetryCollector.flushMetrics (src/services/telemetry.ts:276:15)

  console.log
    [TELEMETRY] Flushed old metrics. Current buffer sizes: parsing=4397, documents=0

      at TelemetryCollector.flushMetrics (src/services/telemetry.ts:276:15)

  console.log
    [TELEMETRY] Flushed old metrics. Current buffer sizes: parsing=4398, documents=0

      at TelemetryCollector.flushMetrics (src/services/telemetry.ts:276:15)

  console.log
    [TELEMETRY] Flushed old metrics. Current buffer sizes: parsing=4399, documents=0

      at TelemetryCollector.flushMetrics (src/services/telemetry.ts:276:15)

  console.log
    [TELEMETRY] Flushed old metrics. Current buffer sizes: parsing=4400, documents=0

      at TelemetryCollector.flushMetrics (src/services/telemetry.ts:276:15)

  console.log
    [TELEMETRY] Flushed old metrics. Current buffer sizes: parsing=4401, documents=0

      at TelemetryCollector.flushMetrics (src/services/telemetry.ts:276:15)

  console.log
    [TELEMETRY] Flushed old metrics. Current buffer sizes: parsing=4402, documents=0

      at TelemetryCollector.flushMetrics (src/services/telemetry.ts:276:15)

  console.log
    [TELEMETRY] Flushed old metrics. Current buffer sizes: parsing=4403, documents=0

      at TelemetryCollector.flushMetrics (src/services/telemetry.ts:276:15)

  console.log
    [TELEMETRY] Flushed old metrics. Current buffer sizes: parsing=4404, documents=0

      at TelemetryCollector.flushMetrics (src/services/telemetry.ts:276:15)

  console.log
    [TELEMETRY] Flushed old metrics. Current buffer sizes: parsing=4405, documents=0

      at TelemetryCollector.flushMetrics (src/services/telemetry.ts:276:15)

  console.log
    [TELEMETRY] Flushed old metrics. Current buffer sizes: parsing=4406, documents=0

      at TelemetryCollector.flushMetrics (src/services/telemetry.ts:276:15)

  console.log
    [TELEMETRY] Flushed old metrics. Current buffer sizes: parsing=4407, documents=0

      at TelemetryCollector.flushMetrics (src/services/telemetry.ts:276:15)

  console.log
    [TELEMETRY] Flushed old metrics. Current buffer sizes: parsing=4408, documents=0

      at TelemetryCollector.flushMetrics (src/services/telemetry.ts:276:15)

  console.log
    [TELEMETRY] Flushed old metrics. Current buffer sizes: parsing=4409, documents=0

      at TelemetryCollector.flushMetrics (src/services/telemetry.ts:276:15)

  console.log
    [TELEMETRY] Flushed old metrics. Current buffer sizes: parsing=4410, documents=0

      at TelemetryCollector.flushMetrics (src/services/telemetry.ts:276:15)

  console.log
    [TELEMETRY] Flushed old metrics. Current buffer sizes: parsing=4411, documents=0

      at TelemetryCollector.flushMetrics (src/services/telemetry.ts:276:15)

  console.log
    [TELEMETRY] Flushed old metrics. Current buffer sizes: parsing=4412, documents=0

      at TelemetryCollector.flushMetrics (src/services/telemetry.ts:276:15)

  console.log
    [TELEMETRY] Flushed old metrics. Current buffer sizes: parsing=4413, documents=0

      at TelemetryCollector.flushMetrics (src/services/telemetry.ts:276:15)

  console.log
    [TELEMETRY] Flushed old metrics. Current buffer sizes: parsing=4414, documents=0

      at TelemetryCollector.flushMetrics (src/services/telemetry.ts:276:15)

  console.log
    [TELEMETRY] Flushed old metrics. Current buffer sizes: parsing=4415, documents=0

      at TelemetryCollector.flushMetrics (src/services/telemetry.ts:276:15)

  console.log
    [TELEMETRY] Flushed old metrics. Current buffer sizes: parsing=4416, documents=0

      at TelemetryCollector.flushMetrics (src/services/telemetry.ts:276:15)

  console.log
    [TELEMETRY] Flushed old metrics. Current buffer sizes: parsing=4417, documents=0

      at TelemetryCollector.flushMetrics (src/services/telemetry.ts:276:15)

  console.log
    [TELEMETRY] Flushed old metrics. Current buffer sizes: parsing=4418, documents=0

      at TelemetryCollector.flushMetrics (src/services/telemetry.ts:276:15)

  console.log
    [TELEMETRY] Flushed old metrics. Current buffer sizes: parsing=4419, documents=0

      at TelemetryCollector.flushMetrics (src/services/telemetry.ts:276:15)

  console.log
    [TELEMETRY] Flushed old metrics. Current buffer sizes: parsing=4420, documents=0

      at TelemetryCollector.flushMetrics (src/services/telemetry.ts:276:15)

  console.log
    [TELEMETRY] Flushed old metrics. Current buffer sizes: parsing=4421, documents=0

      at TelemetryCollector.flushMetrics (src/services/telemetry.ts:276:15)

  console.log
    [TELEMETRY] Flushed old metrics. Current buffer sizes: parsing=4422, documents=0

      at TelemetryCollector.flushMetrics (src/services/telemetry.ts:276:15)

  console.log
    [TELEMETRY] Flushed old metrics. Current buffer sizes: parsing=4423, documents=0

      at TelemetryCollector.flushMetrics (src/services/telemetry.ts:276:15)

  console.log
    [TELEMETRY] Flushed old metrics. Current buffer sizes: parsing=4424, documents=0

      at TelemetryCollector.flushMetrics (src/services/telemetry.ts:276:15)

  console.log
    [TELEMETRY] Flushed old metrics. Current buffer sizes: parsing=4425, documents=0

      at TelemetryCollector.flushMetrics (src/services/telemetry.ts:276:15)

  console.log
    [TELEMETRY] Flushed old metrics. Current buffer sizes: parsing=4426, documents=0

      at TelemetryCollector.flushMetrics (src/services/telemetry.ts:276:15)

  console.log
    [TELEMETRY] Flushed old metrics. Current buffer sizes: parsing=4427, documents=0

      at TelemetryCollector.flushMetrics (src/services/telemetry.ts:276:15)

  console.log
    [TELEMETRY] Flushed old metrics. Current buffer sizes: parsing=4428, documents=0

      at TelemetryCollector.flushMetrics (src/services/telemetry.ts:276:15)

  console.log
    [TELEMETRY] Flushed old metrics. Current buffer sizes: parsing=4429, documents=0

      at TelemetryCollector.flushMetrics (src/services/telemetry.ts:276:15)

  console.log
    [TELEMETRY] Flushed old metrics. Current buffer sizes: parsing=4430, documents=0

      at TelemetryCollector.flushMetrics (src/services/telemetry.ts:276:15)

  console.log
    [TELEMETRY] Flushed old metrics. Current buffer sizes: parsing=4431, documents=0

      at TelemetryCollector.flushMetrics (src/services/telemetry.ts:276:15)

  console.log
    [TELEMETRY] Flushed old metrics. Current buffer sizes: parsing=4432, documents=0

      at TelemetryCollector.flushMetrics (src/services/telemetry.ts:276:15)

  console.log
    [TELEMETRY] Flushed old metrics. Current buffer sizes: parsing=4433, documents=0

      at TelemetryCollector.flushMetrics (src/services/telemetry.ts:276:15)

  console.log
    [TELEMETRY] Flushed old metrics. Current buffer sizes: parsing=4434, documents=0

      at TelemetryCollector.flushMetrics (src/services/telemetry.ts:276:15)

  console.log
    [TELEMETRY] Flushed old metrics. Current buffer sizes: parsing=4435, documents=0

      at TelemetryCollector.flushMetrics (src/services/telemetry.ts:276:15)

  console.log
    [TELEMETRY] Flushed old metrics. Current buffer sizes: parsing=4436, documents=0

      at TelemetryCollector.flushMetrics (src/services/telemetry.ts:276:15)

  console.log
    [TELEMETRY] Flushed old metrics. Current buffer sizes: parsing=4437, documents=0

      at TelemetryCollector.flushMetrics (src/services/telemetry.ts:276:15)

  console.log
    [TELEMETRY] Flushed old metrics. Current buffer sizes: parsing=4438, documents=0

      at TelemetryCollector.flushMetrics (src/services/telemetry.ts:276:15)

  console.log
    [TELEMETRY] Flushed old metrics. Current buffer sizes: parsing=4439, documents=0

      at TelemetryCollector.flushMetrics (src/services/telemetry.ts:276:15)

  console.log
    [TELEMETRY] Flushed old metrics. Current buffer sizes: parsing=4440, documents=0

      at TelemetryCollector.flushMetrics (src/services/telemetry.ts:276:15)

  console.log
    [TELEMETRY] Flushed old metrics. Current buffer sizes: parsing=4441, documents=0

      at TelemetryCollector.flushMetrics (src/services/telemetry.ts:276:15)

  console.log
    [TELEMETRY] Flushed old metrics. Current buffer sizes: parsing=4442, documents=0

      at TelemetryCollector.flushMetrics (src/services/telemetry.ts:276:15)

  console.log
    [TELEMETRY] Flushed old metrics. Current buffer sizes: parsing=4443, documents=0

      at TelemetryCollector.flushMetrics (src/services/telemetry.ts:276:15)

  console.log
    [TELEMETRY] Flushed old metrics. Current buffer sizes: parsing=4444, documents=0

      at TelemetryCollector.flushMetrics (src/services/telemetry.ts:276:15)

  console.log
    [TELEMETRY] Flushed old metrics. Current buffer sizes: parsing=4445, documents=0

      at TelemetryCollector.flushMetrics (src/services/telemetry.ts:276:15)

  console.log
    [TELEMETRY] Flushed old metrics. Current buffer sizes: parsing=4446, documents=0

      at TelemetryCollector.flushMetrics (src/services/telemetry.ts:276:15)

  console.log
    [TELEMETRY] Flushed old metrics. Current buffer sizes: parsing=4447, documents=0

      at TelemetryCollector.flushMetrics (src/services/telemetry.ts:276:15)

  console.log
    [TELEMETRY] Flushed old metrics. Current buffer sizes: parsing=4448, documents=0

      at TelemetryCollector.flushMetrics (src/services/telemetry.ts:276:15)

  console.log
    [TELEMETRY] Flushed old metrics. Current buffer sizes: parsing=4449, documents=0

      at TelemetryCollector.flushMetrics (src/services/telemetry.ts:276:15)

  console.log
    [TELEMETRY] Flushed old metrics. Current buffer sizes: parsing=4450, documents=0

      at TelemetryCollector.flushMetrics (src/services/telemetry.ts:276:15)

  console.log
    [TELEMETRY] Flushed old metrics. Current buffer sizes: parsing=4451, documents=0

      at TelemetryCollector.flushMetrics (src/services/telemetry.ts:276:15)

  console.log
    [TELEMETRY] Flushed old metrics. Current buffer sizes: parsing=4452, documents=0

      at TelemetryCollector.flushMetrics (src/services/telemetry.ts:276:15)

  console.log
    [TELEMETRY] Flushed old metrics. Current buffer sizes: parsing=4453, documents=0

      at TelemetryCollector.flushMetrics (src/services/telemetry.ts:276:15)

  console.log
    [TELEMETRY] Flushed old metrics. Current buffer sizes: parsing=4454, documents=0

      at TelemetryCollector.flushMetrics (src/services/telemetry.ts:276:15)

  console.log
    [TELEMETRY] Flushed old metrics. Current buffer sizes: parsing=4455, documents=0

      at TelemetryCollector.flushMetrics (src/services/telemetry.ts:276:15)

  console.log
    [TELEMETRY] Flushed old metrics. Current buffer sizes: parsing=4456, documents=0

      at TelemetryCollector.flushMetrics (src/services/telemetry.ts:276:15)

  console.log
    [TELEMETRY] Flushed old metrics. Current buffer sizes: parsing=4457, documents=0

      at TelemetryCollector.flushMetrics (src/services/telemetry.ts:276:15)

  console.log
    [TELEMETRY] Flushed old metrics. Current buffer sizes: parsing=4458, documents=0

      at TelemetryCollector.flushMetrics (src/services/telemetry.ts:276:15)

  console.log
    [TELEMETRY] Flushed old metrics. Current buffer sizes: parsing=4459, documents=0

      at TelemetryCollector.flushMetrics (src/services/telemetry.ts:276:15)

  console.log
    [TELEMETRY] Flushed old metrics. Current buffer sizes: parsing=4460, documents=0

      at TelemetryCollector.flushMetrics (src/services/telemetry.ts:276:15)

  console.log
    [TELEMETRY] Flushed old metrics. Current buffer sizes: parsing=4461, documents=0

      at TelemetryCollector.flushMetrics (src/services/telemetry.ts:276:15)

  console.log
    [TELEMETRY] Flushed old metrics. Current buffer sizes: parsing=4462, documents=0

      at TelemetryCollector.flushMetrics (src/services/telemetry.ts:276:15)

  console.log
    [TELEMETRY] Flushed old metrics. Current buffer sizes: parsing=4463, documents=0

      at TelemetryCollector.flushMetrics (src/services/telemetry.ts:276:15)

  console.log
    [TELEMETRY] Flushed old metrics. Current buffer sizes: parsing=4464, documents=0

      at TelemetryCollector.flushMetrics (src/services/telemetry.ts:276:15)

  console.log
    [TELEMETRY] Flushed old metrics. Current buffer sizes: parsing=4465, documents=0

      at TelemetryCollector.flushMetrics (src/services/telemetry.ts:276:15)

  console.log
    [TELEMETRY] Flushed old metrics. Current buffer sizes: parsing=4466, documents=0

      at TelemetryCollector.flushMetrics (src/services/telemetry.ts:276:15)

  console.log
    [TELEMETRY] Flushed old metrics. Current buffer sizes: parsing=4467, documents=0

      at TelemetryCollector.flushMetrics (src/services/telemetry.ts:276:15)

  console.log
    [TELEMETRY] Flushed old metrics. Current buffer sizes: parsing=4468, documents=0

      at TelemetryCollector.flushMetrics (src/services/telemetry.ts:276:15)

  console.log
    [TELEMETRY] Flushed old metrics. Current buffer sizes: parsing=4469, documents=0

      at TelemetryCollector.flushMetrics (src/services/telemetry.ts:276:15)

  console.log
    [TELEMETRY] Flushed old metrics. Current buffer sizes: parsing=4470, documents=0

      at TelemetryCollector.flushMetrics (src/services/telemetry.ts:276:15)

  console.log
    [TELEMETRY] Flushed old metrics. Current buffer sizes: parsing=4471, documents=0

      at TelemetryCollector.flushMetrics (src/services/telemetry.ts:276:15)

  console.log
    [TELEMETRY] Flushed old metrics. Current buffer sizes: parsing=4472, documents=0

      at TelemetryCollector.flushMetrics (src/services/telemetry.ts:276:15)

  console.log
    [TELEMETRY] Flushed old metrics. Current buffer sizes: parsing=4473, documents=0

      at TelemetryCollector.flushMetrics (src/services/telemetry.ts:276:15)

  console.log
    [TELEMETRY] Flushed old metrics. Current buffer sizes: parsing=4474, documents=0

      at TelemetryCollector.flushMetrics (src/services/telemetry.ts:276:15)

  console.log
    [TELEMETRY] Flushed old metrics. Current buffer sizes: parsing=4475, documents=0

      at TelemetryCollector.flushMetrics (src/services/telemetry.ts:276:15)

  console.log
    [TELEMETRY] Flushed old metrics. Current buffer sizes: parsing=4476, documents=0

      at TelemetryCollector.flushMetrics (src/services/telemetry.ts:276:15)

  console.log
    [TELEMETRY] Flushed old metrics. Current buffer sizes: parsing=4477, documents=0

      at TelemetryCollector.flushMetrics (src/services/telemetry.ts:276:15)

  console.log
    [TELEMETRY] Flushed old metrics. Current buffer sizes: parsing=4478, documents=0

      at TelemetryCollector.flushMetrics (src/services/telemetry.ts:276:15)

  console.log
    [TELEMETRY] Flushed old metrics. Current buffer sizes: parsing=4479, documents=0

      at TelemetryCollector.flushMetrics (src/services/telemetry.ts:276:15)

  console.log
    [TELEMETRY] Flushed old metrics. Current buffer sizes: parsing=4480, documents=0

      at TelemetryCollector.flushMetrics (src/services/telemetry.ts:276:15)

  console.log
    [TELEMETRY] Flushed old metrics. Current buffer sizes: parsing=4481, documents=0

      at TelemetryCollector.flushMetrics (src/services/telemetry.ts:276:15)

  console.log
    [TELEMETRY] Flushed old metrics. Current buffer sizes: parsing=4482, documents=0

      at TelemetryCollector.flushMetrics (src/services/telemetry.ts:276:15)

  console.log
    [TELEMETRY] Flushed old metrics. Current buffer sizes: parsing=4483, documents=0

      at TelemetryCollector.flushMetrics (src/services/telemetry.ts:276:15)

  console.log
    [TELEMETRY] Flushed old metrics. Current buffer sizes: parsing=4484, documents=0

      at TelemetryCollector.flushMetrics (src/services/telemetry.ts:276:15)

  console.log
    [TELEMETRY] Flushed old metrics. Current buffer sizes: parsing=4485, documents=0

      at TelemetryCollector.flushMetrics (src/services/telemetry.ts:276:15)

  console.log
    [TELEMETRY] Flushed old metrics. Current buffer sizes: parsing=4486, documents=0

      at TelemetryCollector.flushMetrics (src/services/telemetry.ts:276:15)

  console.log
    [TELEMETRY] Flushed old metrics. Current buffer sizes: parsing=4487, documents=0

      at TelemetryCollector.flushMetrics (src/services/telemetry.ts:276:15)

  console.log
    [TELEMETRY] Flushed old metrics. Current buffer sizes: parsing=4488, documents=0

      at TelemetryCollector.flushMetrics (src/services/telemetry.ts:276:15)

  console.log
    [TELEMETRY] Flushed old metrics. Current buffer sizes: parsing=4489, documents=0

      at TelemetryCollector.flushMetrics (src/services/telemetry.ts:276:15)

  console.log
    [TELEMETRY] Flushed old metrics. Current buffer sizes: parsing=4490, documents=0

      at TelemetryCollector.flushMetrics (src/services/telemetry.ts:276:15)

  console.log
    [TELEMETRY] Flushed old metrics. Current buffer sizes: parsing=4491, documents=0

      at TelemetryCollector.flushMetrics (src/services/telemetry.ts:276:15)

  console.log
    [TELEMETRY] Flushed old metrics. Current buffer sizes: parsing=4492, documents=0

      at TelemetryCollector.flushMetrics (src/services/telemetry.ts:276:15)

  console.log
    [TELEMETRY] Flushed old metrics. Current buffer sizes: parsing=4493, documents=0

      at TelemetryCollector.flushMetrics (src/services/telemetry.ts:276:15)

  console.log
    [TELEMETRY] Flushed old metrics. Current buffer sizes: parsing=4494, documents=0

      at TelemetryCollector.flushMetrics (src/services/telemetry.ts:276:15)

  console.log
    [TELEMETRY] Flushed old metrics. Current buffer sizes: parsing=4495, documents=0

      at TelemetryCollector.flushMetrics (src/services/telemetry.ts:276:15)

  console.log
    [TELEMETRY] Flushed old metrics. Current buffer sizes: parsing=4496, documents=0

      at TelemetryCollector.flushMetrics (src/services/telemetry.ts:276:15)

  console.log
    [TELEMETRY] Flushed old metrics. Current buffer sizes: parsing=4497, documents=0

      at TelemetryCollector.flushMetrics (src/services/telemetry.ts:276:15)

  console.log
    [TELEMETRY] Flushed old metrics. Current buffer sizes: parsing=4498, documents=0

      at TelemetryCollector.flushMetrics (src/services/telemetry.ts:276:15)

  console.log
    [TELEMETRY] Flushed old metrics. Current buffer sizes: parsing=4499, documents=0

      at TelemetryCollector.flushMetrics (src/services/telemetry.ts:276:15)

  console.log
    [TELEMETRY] Flushed old metrics. Current buffer sizes: parsing=4500, documents=0

      at TelemetryCollector.flushMetrics (src/services/telemetry.ts:276:15)

  console.log
    [TELEMETRY] Flushed old metrics. Current buffer sizes: parsing=4501, documents=0

      at TelemetryCollector.flushMetrics (src/services/telemetry.ts:276:15)

  console.log
    [TELEMETRY] Flushed old metrics. Current buffer sizes: parsing=4502, documents=0

      at TelemetryCollector.flushMetrics (src/services/telemetry.ts:276:15)

  console.log
    [TELEMETRY] Flushed old metrics. Current buffer sizes: parsing=4503, documents=0

      at TelemetryCollector.flushMetrics (src/services/telemetry.ts:276:15)

  console.log
    [TELEMETRY] Flushed old metrics. Current buffer sizes: parsing=4504, documents=0

      at TelemetryCollector.flushMetrics (src/services/telemetry.ts:276:15)

  console.log
    [TELEMETRY] Flushed old metrics. Current buffer sizes: parsing=4505, documents=0

      at TelemetryCollector.flushMetrics (src/services/telemetry.ts:276:15)

  console.log
    [TELEMETRY] Flushed old metrics. Current buffer sizes: parsing=4506, documents=0

      at TelemetryCollector.flushMetrics (src/services/telemetry.ts:276:15)

  console.log
    [TELEMETRY] Flushed old metrics. Current buffer sizes: parsing=4507, documents=0

      at TelemetryCollector.flushMetrics (src/services/telemetry.ts:276:15)

  console.log
    [TELEMETRY] Flushed old metrics. Current buffer sizes: parsing=4508, documents=0

      at TelemetryCollector.flushMetrics (src/services/telemetry.ts:276:15)

  console.log
    [TELEMETRY] Flushed old metrics. Current buffer sizes: parsing=4509, documents=0

      at TelemetryCollector.flushMetrics (src/services/telemetry.ts:276:15)

  console.log
    [TELEMETRY] Flushed old metrics. Current buffer sizes: parsing=4510, documents=0

      at TelemetryCollector.flushMetrics (src/services/telemetry.ts:276:15)

  console.log
    [TELEMETRY] Flushed old metrics. Current buffer sizes: parsing=4511, documents=0

      at TelemetryCollector.flushMetrics (src/services/telemetry.ts:276:15)

  console.log
    [TELEMETRY] Flushed old metrics. Current buffer sizes: parsing=4512, documents=0

      at TelemetryCollector.flushMetrics (src/services/telemetry.ts:276:15)

  console.log
    [TELEMETRY] Flushed old metrics. Current buffer sizes: parsing=4513, documents=0

      at TelemetryCollector.flushMetrics (src/services/telemetry.ts:276:15)

  console.log
    [TELEMETRY] Flushed old metrics. Current buffer sizes: parsing=4514, documents=0

      at TelemetryCollector.flushMetrics (src/services/telemetry.ts:276:15)

  console.log
    [TELEMETRY] Flushed old metrics. Current buffer sizes: parsing=4515, documents=0

      at TelemetryCollector.flushMetrics (src/services/telemetry.ts:276:15)

  console.log
    [TELEMETRY] Flushed old metrics. Current buffer sizes: parsing=4516, documents=0

      at TelemetryCollector.flushMetrics (src/services/telemetry.ts:276:15)

  console.log
    [TELEMETRY] Flushed old metrics. Current buffer sizes: parsing=4517, documents=0

      at TelemetryCollector.flushMetrics (src/services/telemetry.ts:276:15)

  console.log
    [TELEMETRY] Flushed old metrics. Current buffer sizes: parsing=4518, documents=0

      at TelemetryCollector.flushMetrics (src/services/telemetry.ts:276:15)

  console.log
    [TELEMETRY] Flushed old metrics. Current buffer sizes: parsing=4519, documents=0

      at TelemetryCollector.flushMetrics (src/services/telemetry.ts:276:15)

  console.log
    [TELEMETRY] Flushed old metrics. Current buffer sizes: parsing=4520, documents=0

      at TelemetryCollector.flushMetrics (src/services/telemetry.ts:276:15)

  console.log
    [TELEMETRY] Flushed old metrics. Current buffer sizes: parsing=4521, documents=0

      at TelemetryCollector.flushMetrics (src/services/telemetry.ts:276:15)

  console.log
    [TELEMETRY] Flushed old metrics. Current buffer sizes: parsing=4522, documents=0

      at TelemetryCollector.flushMetrics (src/services/telemetry.ts:276:15)

  console.log
    [TELEMETRY] Flushed old metrics. Current buffer sizes: parsing=4523, documents=0

      at TelemetryCollector.flushMetrics (src/services/telemetry.ts:276:15)

  console.log
    [TELEMETRY] Flushed old metrics. Current buffer sizes: parsing=4524, documents=0

      at TelemetryCollector.flushMetrics (src/services/telemetry.ts:276:15)

  console.log
    [TELEMETRY] Flushed old metrics. Current buffer sizes: parsing=4525, documents=0

      at TelemetryCollector.flushMetrics (src/services/telemetry.ts:276:15)

  console.log
    [TELEMETRY] Flushed old metrics. Current buffer sizes: parsing=4526, documents=0

      at TelemetryCollector.flushMetrics (src/services/telemetry.ts:276:15)

  console.log
    [TELEMETRY] Flushed old metrics. Current buffer sizes: parsing=4527, documents=0

      at TelemetryCollector.flushMetrics (src/services/telemetry.ts:276:15)

  console.log
    [TELEMETRY] Flushed old metrics. Current buffer sizes: parsing=4528, documents=0

      at TelemetryCollector.flushMetrics (src/services/telemetry.ts:276:15)

  console.log
    [TELEMETRY] Flushed old metrics. Current buffer sizes: parsing=4529, documents=0

      at TelemetryCollector.flushMetrics (src/services/telemetry.ts:276:15)

  console.log
    [TELEMETRY] Flushed old metrics. Current buffer sizes: parsing=4530, documents=0

      at TelemetryCollector.flushMetrics (src/services/telemetry.ts:276:15)

  console.log
    [TELEMETRY] Flushed old metrics. Current buffer sizes: parsing=4531, documents=0

      at TelemetryCollector.flushMetrics (src/services/telemetry.ts:276:15)

  console.log
    [TELEMETRY] Flushed old metrics. Current buffer sizes: parsing=4532, documents=0

      at TelemetryCollector.flushMetrics (src/services/telemetry.ts:276:15)

  console.log
    [TELEMETRY] Flushed old metrics. Current buffer sizes: parsing=4533, documents=0

      at TelemetryCollector.flushMetrics (src/services/telemetry.ts:276:15)

  console.log
    [TELEMETRY] Flushed old metrics. Current buffer sizes: parsing=4534, documents=0

      at TelemetryCollector.flushMetrics (src/services/telemetry.ts:276:15)

  console.log
    [TELEMETRY] Flushed old metrics. Current buffer sizes: parsing=4535, documents=0

      at TelemetryCollector.flushMetrics (src/services/telemetry.ts:276:15)

  console.log
    [TELEMETRY] Flushed old metrics. Current buffer sizes: parsing=4536, documents=0

      at TelemetryCollector.flushMetrics (src/services/telemetry.ts:276:15)

  console.log
    [TELEMETRY] Flushed old metrics. Current buffer sizes: parsing=4537, documents=0

      at TelemetryCollector.flushMetrics (src/services/telemetry.ts:276:15)

  console.log
    [TELEMETRY] Flushed old metrics. Current buffer sizes: parsing=4538, documents=0

      at TelemetryCollector.flushMetrics (src/services/telemetry.ts:276:15)

  console.log
    [TELEMETRY] Flushed old metrics. Current buffer sizes: parsing=4539, documents=0

      at TelemetryCollector.flushMetrics (src/services/telemetry.ts:276:15)

  console.log
    [TELEMETRY] Flushed old metrics. Current buffer sizes: parsing=4540, documents=0

      at TelemetryCollector.flushMetrics (src/services/telemetry.ts:276:15)

  console.log
    [TELEMETRY] Flushed old metrics. Current buffer sizes: parsing=4541, documents=0

      at TelemetryCollector.flushMetrics (src/services/telemetry.ts:276:15)

  console.log
    [TELEMETRY] Flushed old metrics. Current buffer sizes: parsing=4542, documents=0

      at TelemetryCollector.flushMetrics (src/services/telemetry.ts:276:15)

  console.log
    [TELEMETRY] Flushed old metrics. Current buffer sizes: parsing=4543, documents=0

      at TelemetryCollector.flushMetrics (src/services/telemetry.ts:276:15)

  console.log
    [TELEMETRY] Flushed old metrics. Current buffer sizes: parsing=4544, documents=0

      at TelemetryCollector.flushMetrics (src/services/telemetry.ts:276:15)

  console.log
    [TELEMETRY] Flushed old metrics. Current buffer sizes: parsing=4545, documents=0

      at TelemetryCollector.flushMetrics (src/services/telemetry.ts:276:15)

  console.log
    [TELEMETRY] Flushed old metrics. Current buffer sizes: parsing=4546, documents=0

      at TelemetryCollector.flushMetrics (src/services/telemetry.ts:276:15)

  console.log
    [TELEMETRY] Flushed old metrics. Current buffer sizes: parsing=4547, documents=0

      at TelemetryCollector.flushMetrics (src/services/telemetry.ts:276:15)

  console.log
    [TELEMETRY] Flushed old metrics. Current buffer sizes: parsing=4548, documents=0

      at TelemetryCollector.flushMetrics (src/services/telemetry.ts:276:15)

  console.log
    [TELEMETRY] Flushed old metrics. Current buffer sizes: parsing=4549, documents=0

      at TelemetryCollector.flushMetrics (src/services/telemetry.ts:276:15)

  console.log
    [TELEMETRY] Flushed old metrics. Current buffer sizes: parsing=4550, documents=0

      at TelemetryCollector.flushMetrics (src/services/telemetry.ts:276:15)

  console.log
    [TELEMETRY] Flushed old metrics. Current buffer sizes: parsing=4551, documents=0

      at TelemetryCollector.flushMetrics (src/services/telemetry.ts:276:15)

  console.log
    [TELEMETRY] Flushed old metrics. Current buffer sizes: parsing=4552, documents=0

      at TelemetryCollector.flushMetrics (src/services/telemetry.ts:276:15)

  console.log
    [TELEMETRY] Flushed old metrics. Current buffer sizes: parsing=4553, documents=0

      at TelemetryCollector.flushMetrics (src/services/telemetry.ts:276:15)

  console.log
    [TELEMETRY] Flushed old metrics. Current buffer sizes: parsing=4554, documents=0

      at TelemetryCollector.flushMetrics (src/services/telemetry.ts:276:15)

  console.log
    [TELEMETRY] Flushed old metrics. Current buffer sizes: parsing=4555, documents=0

      at TelemetryCollector.flushMetrics (src/services/telemetry.ts:276:15)

  console.log
    [TELEMETRY] Flushed old metrics. Current buffer sizes: parsing=4556, documents=0

      at TelemetryCollector.flushMetrics (src/services/telemetry.ts:276:15)

  console.log
    [TELEMETRY] Flushed old metrics. Current buffer sizes: parsing=4557, documents=0

      at TelemetryCollector.flushMetrics (src/services/telemetry.ts:276:15)

  console.log
    [TELEMETRY] Flushed old metrics. Current buffer sizes: parsing=4558, documents=0

      at TelemetryCollector.flushMetrics (src/services/telemetry.ts:276:15)

  console.log
    [TELEMETRY] Flushed old metrics. Current buffer sizes: parsing=4559, documents=0

      at TelemetryCollector.flushMetrics (src/services/telemetry.ts:276:15)

  console.log
    [TELEMETRY] Flushed old metrics. Current buffer sizes: parsing=4560, documents=0

      at TelemetryCollector.flushMetrics (src/services/telemetry.ts:276:15)

  console.log
    [TELEMETRY] Flushed old metrics. Current buffer sizes: parsing=4561, documents=0

      at TelemetryCollector.flushMetrics (src/services/telemetry.ts:276:15)

  console.log
    [TELEMETRY] Flushed old metrics. Current buffer sizes: parsing=4562, documents=0

      at TelemetryCollector.flushMetrics (src/services/telemetry.ts:276:15)

  console.log
    [TELEMETRY] Flushed old metrics. Current buffer sizes: parsing=4563, documents=0

      at TelemetryCollector.flushMetrics (src/services/telemetry.ts:276:15)

  console.log
    [TELEMETRY] Flushed old metrics. Current buffer sizes: parsing=4564, documents=0

      at TelemetryCollector.flushMetrics (src/services/telemetry.ts:276:15)

  console.log
    [TELEMETRY] Flushed old metrics. Current buffer sizes: parsing=4565, documents=0

      at TelemetryCollector.flushMetrics (src/services/telemetry.ts:276:15)

  console.log
    [TELEMETRY] Flushed old metrics. Current buffer sizes: parsing=4566, documents=0

      at TelemetryCollector.flushMetrics (src/services/telemetry.ts:276:15)

  console.log
    [TELEMETRY] Flushed old metrics. Current buffer sizes: parsing=4567, documents=0

      at TelemetryCollector.flushMetrics (src/services/telemetry.ts:276:15)

  console.log
    [TELEMETRY] Flushed old metrics. Current buffer sizes: parsing=4568, documents=0

      at TelemetryCollector.flushMetrics (src/services/telemetry.ts:276:15)

  console.log
    [TELEMETRY] Flushed old metrics. Current buffer sizes: parsing=4569, documents=0

      at TelemetryCollector.flushMetrics (src/services/telemetry.ts:276:15)

  console.log
    [TELEMETRY] Flushed old metrics. Current buffer sizes: parsing=4570, documents=0

      at TelemetryCollector.flushMetrics (src/services/telemetry.ts:276:15)

  console.log
    [TELEMETRY] Flushed old metrics. Current buffer sizes: parsing=4571, documents=0

      at TelemetryCollector.flushMetrics (src/services/telemetry.ts:276:15)

  console.log
    [TELEMETRY] Flushed old metrics. Current buffer sizes: parsing=4572, documents=0

      at TelemetryCollector.flushMetrics (src/services/telemetry.ts:276:15)

  console.log
    [TELEMETRY] Flushed old metrics. Current buffer sizes: parsing=4573, documents=0

      at TelemetryCollector.flushMetrics (src/services/telemetry.ts:276:15)

  console.log
    [TELEMETRY] Flushed old metrics. Current buffer sizes: parsing=4574, documents=0

      at TelemetryCollector.flushMetrics (src/services/telemetry.ts:276:15)

  console.log
    [TELEMETRY] Flushed old metrics. Current buffer sizes: parsing=4575, documents=0

      at TelemetryCollector.flushMetrics (src/services/telemetry.ts:276:15)

  console.log
    [TELEMETRY] Flushed old metrics. Current buffer sizes: parsing=4576, documents=0

      at TelemetryCollector.flushMetrics (src/services/telemetry.ts:276:15)

  console.log
    [TELEMETRY] Flushed old metrics. Current buffer sizes: parsing=4577, documents=0

      at TelemetryCollector.flushMetrics (src/services/telemetry.ts:276:15)

  console.log
    [TELEMETRY] Flushed old metrics. Current buffer sizes: parsing=4578, documents=0

      at TelemetryCollector.flushMetrics (src/services/telemetry.ts:276:15)

  console.log
    [TELEMETRY] Flushed old metrics. Current buffer sizes: parsing=4579, documents=0

      at TelemetryCollector.flushMetrics (src/services/telemetry.ts:276:15)

  console.log
    [TELEMETRY] Flushed old metrics. Current buffer sizes: parsing=4580, documents=0

      at TelemetryCollector.flushMetrics (src/services/telemetry.ts:276:15)

  console.log
    [TELEMETRY] Flushed old metrics. Current buffer sizes: parsing=4581, documents=0

      at TelemetryCollector.flushMetrics (src/services/telemetry.ts:276:15)

  console.log
    [TELEMETRY] Flushed old metrics. Current buffer sizes: parsing=4582, documents=0

      at TelemetryCollector.flushMetrics (src/services/telemetry.ts:276:15)

  console.log
    [TELEMETRY] Flushed old metrics. Current buffer sizes: parsing=4583, documents=0

      at TelemetryCollector.flushMetrics (src/services/telemetry.ts:276:15)

  console.log
    [TELEMETRY] Flushed old metrics. Current buffer sizes: parsing=4584, documents=0

      at TelemetryCollector.flushMetrics (src/services/telemetry.ts:276:15)

  console.log
    [TELEMETRY] Flushed old metrics. Current buffer sizes: parsing=4585, documents=0

      at TelemetryCollector.flushMetrics (src/services/telemetry.ts:276:15)

  console.log
    [TELEMETRY] Flushed old metrics. Current buffer sizes: parsing=4586, documents=0

      at TelemetryCollector.flushMetrics (src/services/telemetry.ts:276:15)

  console.log
    [TELEMETRY] Flushed old metrics. Current buffer sizes: parsing=4587, documents=0

      at TelemetryCollector.flushMetrics (src/services/telemetry.ts:276:15)

  console.log
    [TELEMETRY] Flushed old metrics. Current buffer sizes: parsing=4588, documents=0

      at TelemetryCollector.flushMetrics (src/services/telemetry.ts:276:15)

  console.log
    [TELEMETRY] Flushed old metrics. Current buffer sizes: parsing=4589, documents=0

      at TelemetryCollector.flushMetrics (src/services/telemetry.ts:276:15)

  console.log
    [TELEMETRY] Flushed old metrics. Current buffer sizes: parsing=4590, documents=0

      at TelemetryCollector.flushMetrics (src/services/telemetry.ts:276:15)

  console.log
    [TELEMETRY] Flushed old metrics. Current buffer sizes: parsing=4591, documents=0

      at TelemetryCollector.flushMetrics (src/services/telemetry.ts:276:15)

  console.log
    [TELEMETRY] Flushed old metrics. Current buffer sizes: parsing=4592, documents=0

      at TelemetryCollector.flushMetrics (src/services/telemetry.ts:276:15)

  console.log
    [TELEMETRY] Flushed old metrics. Current buffer sizes: parsing=4593, documents=0

      at TelemetryCollector.flushMetrics (src/services/telemetry.ts:276:15)

  console.log
    [TELEMETRY] Flushed old metrics. Current buffer sizes: parsing=4594, documents=0

      at TelemetryCollector.flushMetrics (src/services/telemetry.ts:276:15)

  console.log
    [TELEMETRY] Flushed old metrics. Current buffer sizes: parsing=4595, documents=0

      at TelemetryCollector.flushMetrics (src/services/telemetry.ts:276:15)

  console.log
    [TELEMETRY] Flushed old metrics. Current buffer sizes: parsing=4596, documents=0

      at TelemetryCollector.flushMetrics (src/services/telemetry.ts:276:15)

  console.log
    [TELEMETRY] Flushed old metrics. Current buffer sizes: parsing=4597, documents=0

      at TelemetryCollector.flushMetrics (src/services/telemetry.ts:276:15)

  console.log
    [TELEMETRY] Flushed old metrics. Current buffer sizes: parsing=4598, documents=0

      at TelemetryCollector.flushMetrics (src/services/telemetry.ts:276:15)

  console.log
    [TELEMETRY] Flushed old metrics. Current buffer sizes: parsing=4599, documents=0

      at TelemetryCollector.flushMetrics (src/services/telemetry.ts:276:15)

  console.log
    [TELEMETRY] Flushed old metrics. Current buffer sizes: parsing=4600, documents=0

      at TelemetryCollector.flushMetrics (src/services/telemetry.ts:276:15)

  console.log
    [TELEMETRY] Flushed old metrics. Current buffer sizes: parsing=4601, documents=0

      at TelemetryCollector.flushMetrics (src/services/telemetry.ts:276:15)

  console.log
    [TELEMETRY] Flushed old metrics. Current buffer sizes: parsing=4602, documents=0

      at TelemetryCollector.flushMetrics (src/services/telemetry.ts:276:15)

  console.log
    [TELEMETRY] Flushed old metrics. Current buffer sizes: parsing=4603, documents=0

      at TelemetryCollector.flushMetrics (src/services/telemetry.ts:276:15)

  console.log
    [TELEMETRY] Flushed old metrics. Current buffer sizes: parsing=4604, documents=0

      at TelemetryCollector.flushMetrics (src/services/telemetry.ts:276:15)

  console.log
    [TELEMETRY] Flushed old metrics. Current buffer sizes: parsing=4605, documents=0

      at TelemetryCollector.flushMetrics (src/services/telemetry.ts:276:15)

  console.log
    [TELEMETRY] Flushed old metrics. Current buffer sizes: parsing=4606, documents=0

      at TelemetryCollector.flushMetrics (src/services/telemetry.ts:276:15)

  console.log
    [TELEMETRY] Flushed old metrics. Current buffer sizes: parsing=4607, documents=0

      at TelemetryCollector.flushMetrics (src/services/telemetry.ts:276:15)

  console.log
    [TELEMETRY] Flushed old metrics. Current buffer sizes: parsing=4608, documents=0

      at TelemetryCollector.flushMetrics (src/services/telemetry.ts:276:15)

  console.log
    [TELEMETRY] Flushed old metrics. Current buffer sizes: parsing=4609, documents=0

      at TelemetryCollector.flushMetrics (src/services/telemetry.ts:276:15)

  console.log
    [TELEMETRY] Flushed old metrics. Current buffer sizes: parsing=4610, documents=0

      at TelemetryCollector.flushMetrics (src/services/telemetry.ts:276:15)

  console.log
    [TELEMETRY] Flushed old metrics. Current buffer sizes: parsing=4611, documents=0

      at TelemetryCollector.flushMetrics (src/services/telemetry.ts:276:15)

  console.log
    [TELEMETRY] Flushed old metrics. Current buffer sizes: parsing=4612, documents=0

      at TelemetryCollector.flushMetrics (src/services/telemetry.ts:276:15)

  console.log
    [TELEMETRY] Flushed old metrics. Current buffer sizes: parsing=4613, documents=0

      at TelemetryCollector.flushMetrics (src/services/telemetry.ts:276:15)

  console.log
    [TELEMETRY] Flushed old metrics. Current buffer sizes: parsing=4614, documents=0

      at TelemetryCollector.flushMetrics (src/services/telemetry.ts:276:15)

  console.log
    [TELEMETRY] Flushed old metrics. Current buffer sizes: parsing=4615, documents=0

      at TelemetryCollector.flushMetrics (src/services/telemetry.ts:276:15)

  console.log
    [TELEMETRY] Flushed old metrics. Current buffer sizes: parsing=4616, documents=0

      at TelemetryCollector.flushMetrics (src/services/telemetry.ts:276:15)

  console.log
    [TELEMETRY] Flushed old metrics. Current buffer sizes: parsing=4617, documents=0

      at TelemetryCollector.flushMetrics (src/services/telemetry.ts:276:15)

  console.log
    [TELEMETRY] Flushed old metrics. Current buffer sizes: parsing=4618, documents=0

      at TelemetryCollector.flushMetrics (src/services/telemetry.ts:276:15)

  console.log
    [TELEMETRY] Flushed old metrics. Current buffer sizes: parsing=4619, documents=0

      at TelemetryCollector.flushMetrics (src/services/telemetry.ts:276:15)

  console.log
    [TELEMETRY] Flushed old metrics. Current buffer sizes: parsing=4620, documents=0

      at TelemetryCollector.flushMetrics (src/services/telemetry.ts:276:15)

  console.log
    [TELEMETRY] Flushed old metrics. Current buffer sizes: parsing=4621, documents=0

      at TelemetryCollector.flushMetrics (src/services/telemetry.ts:276:15)

  console.log
    [TELEMETRY] Flushed old metrics. Current buffer sizes: parsing=4622, documents=0

      at TelemetryCollector.flushMetrics (src/services/telemetry.ts:276:15)

  console.log
    [TELEMETRY] Flushed old metrics. Current buffer sizes: parsing=4623, documents=0

      at TelemetryCollector.flushMetrics (src/services/telemetry.ts:276:15)

  console.log
    [TELEMETRY] Flushed old metrics. Current buffer sizes: parsing=4624, documents=0

      at TelemetryCollector.flushMetrics (src/services/telemetry.ts:276:15)

  console.log
    [TELEMETRY] Flushed old metrics. Current buffer sizes: parsing=4625, documents=0

      at TelemetryCollector.flushMetrics (src/services/telemetry.ts:276:15)

  console.log
    [TELEMETRY] Flushed old metrics. Current buffer sizes: parsing=4626, documents=0

      at TelemetryCollector.flushMetrics (src/services/telemetry.ts:276:15)

  console.log
    [TELEMETRY] Flushed old metrics. Current buffer sizes: parsing=4627, documents=0

      at TelemetryCollector.flushMetrics (src/services/telemetry.ts:276:15)

  console.log
    [TELEMETRY] Flushed old metrics. Current buffer sizes: parsing=4628, documents=0

      at TelemetryCollector.flushMetrics (src/services/telemetry.ts:276:15)

  console.log
    [TELEMETRY] Flushed old metrics. Current buffer sizes: parsing=4629, documents=0

      at TelemetryCollector.flushMetrics (src/services/telemetry.ts:276:15)

  console.log
    [TELEMETRY] Flushed old metrics. Current buffer sizes: parsing=4630, documents=0

      at TelemetryCollector.flushMetrics (src/services/telemetry.ts:276:15)

  console.log
    [TELEMETRY] Flushed old metrics. Current buffer sizes: parsing=4631, documents=0

      at TelemetryCollector.flushMetrics (src/services/telemetry.ts:276:15)

  console.log
    [TELEMETRY] Flushed old metrics. Current buffer sizes: parsing=4632, documents=0

      at TelemetryCollector.flushMetrics (src/services/telemetry.ts:276:15)

  console.log
    [TELEMETRY] Flushed old metrics. Current buffer sizes: parsing=4633, documents=0

      at TelemetryCollector.flushMetrics (src/services/telemetry.ts:276:15)

  console.log
    [TELEMETRY] Flushed old metrics. Current buffer sizes: parsing=4634, documents=0

      at TelemetryCollector.flushMetrics (src/services/telemetry.ts:276:15)

  console.log
    [TELEMETRY] Flushed old metrics. Current buffer sizes: parsing=4635, documents=0

      at TelemetryCollector.flushMetrics (src/services/telemetry.ts:276:15)

  console.log
    [TELEMETRY] Flushed old metrics. Current buffer sizes: parsing=4636, documents=0

      at TelemetryCollector.flushMetrics (src/services/telemetry.ts:276:15)

  console.log
    [TELEMETRY] Flushed old metrics. Current buffer sizes: parsing=4637, documents=0

      at TelemetryCollector.flushMetrics (src/services/telemetry.ts:276:15)

  console.log
    [TELEMETRY] Flushed old metrics. Current buffer sizes: parsing=4638, documents=0

      at TelemetryCollector.flushMetrics (src/services/telemetry.ts:276:15)

  console.log
    [TELEMETRY] Flushed old metrics. Current buffer sizes: parsing=4639, documents=0

      at TelemetryCollector.flushMetrics (src/services/telemetry.ts:276:15)

  console.log
    [TELEMETRY] Flushed old metrics. Current buffer sizes: parsing=4640, documents=0

      at TelemetryCollector.flushMetrics (src/services/telemetry.ts:276:15)

  console.log
    [TELEMETRY] Flushed old metrics. Current buffer sizes: parsing=4641, documents=0

      at TelemetryCollector.flushMetrics (src/services/telemetry.ts:276:15)

  console.log
    [TELEMETRY] Flushed old metrics. Current buffer sizes: parsing=4642, documents=0

      at TelemetryCollector.flushMetrics (src/services/telemetry.ts:276:15)

  console.log
    [TELEMETRY] Flushed old metrics. Current buffer sizes: parsing=4643, documents=0

      at TelemetryCollector.flushMetrics (src/services/telemetry.ts:276:15)

  console.log
    [TELEMETRY] Flushed old metrics. Current buffer sizes: parsing=4644, documents=0

      at TelemetryCollector.flushMetrics (src/services/telemetry.ts:276:15)

  console.log
    [TELEMETRY] Flushed old metrics. Current buffer sizes: parsing=4645, documents=0

      at TelemetryCollector.flushMetrics (src/services/telemetry.ts:276:15)

  console.log
    [TELEMETRY] Flushed old metrics. Current buffer sizes: parsing=4646, documents=0

      at TelemetryCollector.flushMetrics (src/services/telemetry.ts:276:15)

  console.log
    [TELEMETRY] Flushed old metrics. Current buffer sizes: parsing=4647, documents=0

      at TelemetryCollector.flushMetrics (src/services/telemetry.ts:276:15)

  console.log
    [TELEMETRY] Flushed old metrics. Current buffer sizes: parsing=4648, documents=0

      at TelemetryCollector.flushMetrics (src/services/telemetry.ts:276:15)

  console.log
    [TELEMETRY] Flushed old metrics. Current buffer sizes: parsing=4649, documents=0

      at TelemetryCollector.flushMetrics (src/services/telemetry.ts:276:15)

  console.log
    [TELEMETRY] Flushed old metrics. Current buffer sizes: parsing=4650, documents=0

      at TelemetryCollector.flushMetrics (src/services/telemetry.ts:276:15)

  console.log
    [TELEMETRY] Flushed old metrics. Current buffer sizes: parsing=4651, documents=0

      at TelemetryCollector.flushMetrics (src/services/telemetry.ts:276:15)

  console.log
    [TELEMETRY] Flushed old metrics. Current buffer sizes: parsing=4652, documents=0

      at TelemetryCollector.flushMetrics (src/services/telemetry.ts:276:15)

  console.log
    [TELEMETRY] Flushed old metrics. Current buffer sizes: parsing=4653, documents=0

      at TelemetryCollector.flushMetrics (src/services/telemetry.ts:276:15)

  console.log
    [TELEMETRY] Flushed old metrics. Current buffer sizes: parsing=4654, documents=0

      at TelemetryCollector.flushMetrics (src/services/telemetry.ts:276:15)

  console.log
    [TELEMETRY] Flushed old metrics. Current buffer sizes: parsing=4655, documents=0

      at TelemetryCollector.flushMetrics (src/services/telemetry.ts:276:15)

  console.log
    [TELEMETRY] Flushed old metrics. Current buffer sizes: parsing=4656, documents=0

      at TelemetryCollector.flushMetrics (src/services/telemetry.ts:276:15)

  console.log
    [TELEMETRY] Flushed old metrics. Current buffer sizes: parsing=4657, documents=0

      at TelemetryCollector.flushMetrics (src/services/telemetry.ts:276:15)

  console.log
    [TELEMETRY] Flushed old metrics. Current buffer sizes: parsing=4658, documents=0

      at TelemetryCollector.flushMetrics (src/services/telemetry.ts:276:15)

  console.log
    [TELEMETRY] Flushed old metrics. Current buffer sizes: parsing=4659, documents=0

      at TelemetryCollector.flushMetrics (src/services/telemetry.ts:276:15)

  console.log
    [TELEMETRY] Flushed old metrics. Current buffer sizes: parsing=4660, documents=0

      at TelemetryCollector.flushMetrics (src/services/telemetry.ts:276:15)

  console.log
    [TELEMETRY] Flushed old metrics. Current buffer sizes: parsing=4661, documents=0

      at TelemetryCollector.flushMetrics (src/services/telemetry.ts:276:15)

  console.log
    [TELEMETRY] Flushed old metrics. Current buffer sizes: parsing=4662, documents=0

      at TelemetryCollector.flushMetrics (src/services/telemetry.ts:276:15)

  console.log
    [TELEMETRY] Flushed old metrics. Current buffer sizes: parsing=4663, documents=0

      at TelemetryCollector.flushMetrics (src/services/telemetry.ts:276:15)

  console.log
    [TELEMETRY] Flushed old metrics. Current buffer sizes: parsing=4664, documents=0

      at TelemetryCollector.flushMetrics (src/services/telemetry.ts:276:15)

  console.log
    [TELEMETRY] Flushed old metrics. Current buffer sizes: parsing=4665, documents=0

      at TelemetryCollector.flushMetrics (src/services/telemetry.ts:276:15)

  console.log
    [TELEMETRY] Flushed old metrics. Current buffer sizes: parsing=4666, documents=0

      at TelemetryCollector.flushMetrics (src/services/telemetry.ts:276:15)

  console.log
    [TELEMETRY] Flushed old metrics. Current buffer sizes: parsing=4667, documents=0

      at TelemetryCollector.flushMetrics (src/services/telemetry.ts:276:15)

  console.log
    [TELEMETRY] Flushed old metrics. Current buffer sizes: parsing=4668, documents=0

      at TelemetryCollector.flushMetrics (src/services/telemetry.ts:276:15)

  console.log
    [TELEMETRY] Flushed old metrics. Current buffer sizes: parsing=4669, documents=0

      at TelemetryCollector.flushMetrics (src/services/telemetry.ts:276:15)

  console.log
    [TELEMETRY] Flushed old metrics. Current buffer sizes: parsing=4670, documents=0

      at TelemetryCollector.flushMetrics (src/services/telemetry.ts:276:15)

  console.log
    [TELEMETRY] Flushed old metrics. Current buffer sizes: parsing=4671, documents=0

      at TelemetryCollector.flushMetrics (src/services/telemetry.ts:276:15)

  console.log
    [TELEMETRY] Flushed old metrics. Current buffer sizes: parsing=4672, documents=0

      at TelemetryCollector.flushMetrics (src/services/telemetry.ts:276:15)

  console.log
    [TELEMETRY] Flushed old metrics. Current buffer sizes: parsing=4673, documents=0

      at TelemetryCollector.flushMetrics (src/services/telemetry.ts:276:15)

  console.log
    [TELEMETRY] Flushed old metrics. Current buffer sizes: parsing=4674, documents=0

      at TelemetryCollector.flushMetrics (src/services/telemetry.ts:276:15)

  console.log
    [TELEMETRY] Flushed old metrics. Current buffer sizes: parsing=4675, documents=0

      at TelemetryCollector.flushMetrics (src/services/telemetry.ts:276:15)

  console.log
    [TELEMETRY] Flushed old metrics. Current buffer sizes: parsing=4676, documents=0

      at TelemetryCollector.flushMetrics (src/services/telemetry.ts:276:15)

  console.log
    [TELEMETRY] Flushed old metrics. Current buffer sizes: parsing=4677, documents=0

      at TelemetryCollector.flushMetrics (src/services/telemetry.ts:276:15)

  console.log
    [TELEMETRY] Flushed old metrics. Current buffer sizes: parsing=4678, documents=0

      at TelemetryCollector.flushMetrics (src/services/telemetry.ts:276:15)

  console.log
    [TELEMETRY] Flushed old metrics. Current buffer sizes: parsing=4679, documents=0

      at TelemetryCollector.flushMetrics (src/services/telemetry.ts:276:15)

  console.log
    [TELEMETRY] Flushed old metrics. Current buffer sizes: parsing=4680, documents=0

      at TelemetryCollector.flushMetrics (src/services/telemetry.ts:276:15)

  console.log
    [TELEMETRY] Flushed old metrics. Current buffer sizes: parsing=4681, documents=0

      at TelemetryCollector.flushMetrics (src/services/telemetry.ts:276:15)

  console.log
    [TELEMETRY] Flushed old metrics. Current buffer sizes: parsing=4682, documents=0

      at TelemetryCollector.flushMetrics (src/services/telemetry.ts:276:15)

  console.log
    [TELEMETRY] Flushed old metrics. Current buffer sizes: parsing=4683, documents=0

      at TelemetryCollector.flushMetrics (src/services/telemetry.ts:276:15)

  console.log
    [TELEMETRY] Flushed old metrics. Current buffer sizes: parsing=4684, documents=0

      at TelemetryCollector.flushMetrics (src/services/telemetry.ts:276:15)

  console.log
    [TELEMETRY] Flushed old metrics. Current buffer sizes: parsing=4685, documents=0

      at TelemetryCollector.flushMetrics (src/services/telemetry.ts:276:15)

  console.log
    [TELEMETRY] Flushed old metrics. Current buffer sizes: parsing=4686, documents=0

      at TelemetryCollector.flushMetrics (src/services/telemetry.ts:276:15)

  console.log
    [TELEMETRY] Flushed old metrics. Current buffer sizes: parsing=4687, documents=0

      at TelemetryCollector.flushMetrics (src/services/telemetry.ts:276:15)

  console.log
    [TELEMETRY] Flushed old metrics. Current buffer sizes: parsing=4688, documents=0

      at TelemetryCollector.flushMetrics (src/services/telemetry.ts:276:15)

  console.log
    [TELEMETRY] Flushed old metrics. Current buffer sizes: parsing=4689, documents=0

      at TelemetryCollector.flushMetrics (src/services/telemetry.ts:276:15)

  console.log
    [TELEMETRY] Flushed old metrics. Current buffer sizes: parsing=4690, documents=0

      at TelemetryCollector.flushMetrics (src/services/telemetry.ts:276:15)

  console.log
    [TELEMETRY] Flushed old metrics. Current buffer sizes: parsing=4691, documents=0

      at TelemetryCollector.flushMetrics (src/services/telemetry.ts:276:15)

  console.log
    [TELEMETRY] Flushed old metrics. Current buffer sizes: parsing=4692, documents=0

      at TelemetryCollector.flushMetrics (src/services/telemetry.ts:276:15)

  console.log
    [TELEMETRY] Flushed old metrics. Current buffer sizes: parsing=4693, documents=0

      at TelemetryCollector.flushMetrics (src/services/telemetry.ts:276:15)

  console.log
    [TELEMETRY] Flushed old metrics. Current buffer sizes: parsing=4694, documents=0

      at TelemetryCollector.flushMetrics (src/services/telemetry.ts:276:15)

  console.log
    [TELEMETRY] Flushed old metrics. Current buffer sizes: parsing=4695, documents=0

      at TelemetryCollector.flushMetrics (src/services/telemetry.ts:276:15)

  console.log
    [TELEMETRY] Flushed old metrics. Current buffer sizes: parsing=4696, documents=0

      at TelemetryCollector.flushMetrics (src/services/telemetry.ts:276:15)

  console.log
    [TELEMETRY] Flushed old metrics. Current buffer sizes: parsing=4697, documents=0

      at TelemetryCollector.flushMetrics (src/services/telemetry.ts:276:15)

  console.log
    [TELEMETRY] Flushed old metrics. Current buffer sizes: parsing=4698, documents=0

      at TelemetryCollector.flushMetrics (src/services/telemetry.ts:276:15)

  console.log
    [TELEMETRY] Flushed old metrics. Current buffer sizes: parsing=4699, documents=0

      at TelemetryCollector.flushMetrics (src/services/telemetry.ts:276:15)

  console.log
    [TELEMETRY] Flushed old metrics. Current buffer sizes: parsing=4700, documents=0

      at TelemetryCollector.flushMetrics (src/services/telemetry.ts:276:15)

  console.log
    [TELEMETRY] Flushed old metrics. Current buffer sizes: parsing=4701, documents=0

      at TelemetryCollector.flushMetrics (src/services/telemetry.ts:276:15)

  console.log
    [TELEMETRY] Flushed old metrics. Current buffer sizes: parsing=4702, documents=0

      at TelemetryCollector.flushMetrics (src/services/telemetry.ts:276:15)

  console.log
    [TELEMETRY] Flushed old metrics. Current buffer sizes: parsing=4703, documents=0

      at TelemetryCollector.flushMetrics (src/services/telemetry.ts:276:15)

  console.log
    [TELEMETRY] Flushed old metrics. Current buffer sizes: parsing=4704, documents=0

      at TelemetryCollector.flushMetrics (src/services/telemetry.ts:276:15)

  console.log
    [TELEMETRY] Flushed old metrics. Current buffer sizes: parsing=4705, documents=0

      at TelemetryCollector.flushMetrics (src/services/telemetry.ts:276:15)

  console.log
    [TELEMETRY] Flushed old metrics. Current buffer sizes: parsing=4706, documents=0

      at TelemetryCollector.flushMetrics (src/services/telemetry.ts:276:15)

  console.log
    [TELEMETRY] Flushed old metrics. Current buffer sizes: parsing=4707, documents=0

      at TelemetryCollector.flushMetrics (src/services/telemetry.ts:276:15)

  console.log
    [TELEMETRY] Flushed old metrics. Current buffer sizes: parsing=4708, documents=0

      at TelemetryCollector.flushMetrics (src/services/telemetry.ts:276:15)

  console.log
    [TELEMETRY] Flushed old metrics. Current buffer sizes: parsing=4709, documents=0

      at TelemetryCollector.flushMetrics (src/services/telemetry.ts:276:15)

  console.log
    [TELEMETRY] Flushed old metrics. Current buffer sizes: parsing=4710, documents=0

      at TelemetryCollector.flushMetrics (src/services/telemetry.ts:276:15)

  console.log
    [TELEMETRY] Flushed old metrics. Current buffer sizes: parsing=4711, documents=0

      at TelemetryCollector.flushMetrics (src/services/telemetry.ts:276:15)

  console.log
    [TELEMETRY] Flushed old metrics. Current buffer sizes: parsing=4712, documents=0

      at TelemetryCollector.flushMetrics (src/services/telemetry.ts:276:15)

  console.log
    [TELEMETRY] Flushed old metrics. Current buffer sizes: parsing=4713, documents=0

      at TelemetryCollector.flushMetrics (src/services/telemetry.ts:276:15)

  console.log
    [TELEMETRY] Flushed old metrics. Current buffer sizes: parsing=4714, documents=0

      at TelemetryCollector.flushMetrics (src/services/telemetry.ts:276:15)

  console.log
    [TELEMETRY] Flushed old metrics. Current buffer sizes: parsing=4715, documents=0

      at TelemetryCollector.flushMetrics (src/services/telemetry.ts:276:15)

  console.log
    [TELEMETRY] Flushed old metrics. Current buffer sizes: parsing=4716, documents=0

      at TelemetryCollector.flushMetrics (src/services/telemetry.ts:276:15)

  console.log
    [TELEMETRY] Flushed old metrics. Current buffer sizes: parsing=4717, documents=0

      at TelemetryCollector.flushMetrics (src/services/telemetry.ts:276:15)

  console.log
    [TELEMETRY] Flushed old metrics. Current buffer sizes: parsing=4718, documents=0

      at TelemetryCollector.flushMetrics (src/services/telemetry.ts:276:15)

  console.log
    [TELEMETRY] Flushed old metrics. Current buffer sizes: parsing=4719, documents=0

      at TelemetryCollector.flushMetrics (src/services/telemetry.ts:276:15)

  console.log
    [TELEMETRY] Flushed old metrics. Current buffer sizes: parsing=4720, documents=0

      at TelemetryCollector.flushMetrics (src/services/telemetry.ts:276:15)

  console.log
    [TELEMETRY] Flushed old metrics. Current buffer sizes: parsing=4721, documents=0

      at TelemetryCollector.flushMetrics (src/services/telemetry.ts:276:15)

  console.log
    [TELEMETRY] Flushed old metrics. Current buffer sizes: parsing=4722, documents=0

      at TelemetryCollector.flushMetrics (src/services/telemetry.ts:276:15)

  console.log
    [TELEMETRY] Flushed old metrics. Current buffer sizes: parsing=4723, documents=0

      at TelemetryCollector.flushMetrics (src/services/telemetry.ts:276:15)

  console.log
    [TELEMETRY] Flushed old metrics. Current buffer sizes: parsing=4724, documents=0

      at TelemetryCollector.flushMetrics (src/services/telemetry.ts:276:15)

  console.log
    [TELEMETRY] Flushed old metrics. Current buffer sizes: parsing=4725, documents=0

      at TelemetryCollector.flushMetrics (src/services/telemetry.ts:276:15)

  console.log
    [TELEMETRY] Flushed old metrics. Current buffer sizes: parsing=4726, documents=0

      at TelemetryCollector.flushMetrics (src/services/telemetry.ts:276:15)

  console.log
    [TELEMETRY] Flushed old metrics. Current buffer sizes: parsing=4727, documents=0

      at TelemetryCollector.flushMetrics (src/services/telemetry.ts:276:15)

  console.log
    [TELEMETRY] Flushed old metrics. Current buffer sizes: parsing=4728, documents=0

      at TelemetryCollector.flushMetrics (src/services/telemetry.ts:276:15)

  console.log
    [TELEMETRY] Flushed old metrics. Current buffer sizes: parsing=4729, documents=0

      at TelemetryCollector.flushMetrics (src/services/telemetry.ts:276:15)

  console.log
    [TELEMETRY] Flushed old metrics. Current buffer sizes: parsing=4730, documents=0

      at TelemetryCollector.flushMetrics (src/services/telemetry.ts:276:15)

  console.log
    [TELEMETRY] Flushed old metrics. Current buffer sizes: parsing=4731, documents=0

      at TelemetryCollector.flushMetrics (src/services/telemetry.ts:276:15)

  console.log
    [TELEMETRY] Flushed old metrics. Current buffer sizes: parsing=4732, documents=0

      at TelemetryCollector.flushMetrics (src/services/telemetry.ts:276:15)

  console.log
    [TELEMETRY] Flushed old metrics. Current buffer sizes: parsing=4733, documents=0

      at TelemetryCollector.flushMetrics (src/services/telemetry.ts:276:15)

  console.log
    [TELEMETRY] Flushed old metrics. Current buffer sizes: parsing=4734, documents=0

      at TelemetryCollector.flushMetrics (src/services/telemetry.ts:276:15)

  console.log
    [TELEMETRY] Flushed old metrics. Current buffer sizes: parsing=4735, documents=0

      at TelemetryCollector.flushMetrics (src/services/telemetry.ts:276:15)

  console.log
    [TELEMETRY] Flushed old metrics. Current buffer sizes: parsing=4736, documents=0

      at TelemetryCollector.flushMetrics (src/services/telemetry.ts:276:15)

  console.log
    [TELEMETRY] Flushed old metrics. Current buffer sizes: parsing=4737, documents=0

      at TelemetryCollector.flushMetrics (src/services/telemetry.ts:276:15)

  console.log
    [TELEMETRY] Flushed old metrics. Current buffer sizes: parsing=4738, documents=0

      at TelemetryCollector.flushMetrics (src/services/telemetry.ts:276:15)

  console.log
    [TELEMETRY] Flushed old metrics. Current buffer sizes: parsing=4739, documents=0

      at TelemetryCollector.flushMetrics (src/services/telemetry.ts:276:15)

  console.log
    [TELEMETRY] Flushed old metrics. Current buffer sizes: parsing=4740, documents=0

      at TelemetryCollector.flushMetrics (src/services/telemetry.ts:276:15)

  console.log
    [TELEMETRY] Flushed old metrics. Current buffer sizes: parsing=4741, documents=0

      at TelemetryCollector.flushMetrics (src/services/telemetry.ts:276:15)

  console.log
    [TELEMETRY] Flushed old metrics. Current buffer sizes: parsing=4742, documents=0

      at TelemetryCollector.flushMetrics (src/services/telemetry.ts:276:15)

  console.log
    [TELEMETRY] Flushed old metrics. Current buffer sizes: parsing=4743, documents=0

      at TelemetryCollector.flushMetrics (src/services/telemetry.ts:276:15)

  console.log
    [TELEMETRY] Flushed old metrics. Current buffer sizes: parsing=4744, documents=0

      at TelemetryCollector.flushMetrics (src/services/telemetry.ts:276:15)

  console.log
    [TELEMETRY] Flushed old metrics. Current buffer sizes: parsing=4745, documents=0

      at TelemetryCollector.flushMetrics (src/services/telemetry.ts:276:15)

  console.log
    [TELEMETRY] Flushed old metrics. Current buffer sizes: parsing=4746, documents=0

      at TelemetryCollector.flushMetrics (src/services/telemetry.ts:276:15)

  console.log
    [TELEMETRY] Flushed old metrics. Current buffer sizes: parsing=4747, documents=0

      at TelemetryCollector.flushMetrics (src/services/telemetry.ts:276:15)

  console.log
    [TELEMETRY] Flushed old metrics. Current buffer sizes: parsing=4748, documents=0

      at TelemetryCollector.flushMetrics (src/services/telemetry.ts:276:15)

  console.log
    [TELEMETRY] Flushed old metrics. Current buffer sizes: parsing=4749, documents=0

      at TelemetryCollector.flushMetrics (src/services/telemetry.ts:276:15)

  console.log
    [TELEMETRY] Flushed old metrics. Current buffer sizes: parsing=4750, documents=0

      at TelemetryCollector.flushMetrics (src/services/telemetry.ts:276:15)

  console.log
    [TELEMETRY] Flushed old metrics. Current buffer sizes: parsing=4751, documents=0

      at TelemetryCollector.flushMetrics (src/services/telemetry.ts:276:15)

  console.log
    [TELEMETRY] Flushed old metrics. Current buffer sizes: parsing=4752, documents=0

      at TelemetryCollector.flushMetrics (src/services/telemetry.ts:276:15)

  console.log
    [TELEMETRY] Flushed old metrics. Current buffer sizes: parsing=4753, documents=0

      at TelemetryCollector.flushMetrics (src/services/telemetry.ts:276:15)

  console.log
    [TELEMETRY] Flushed old metrics. Current buffer sizes: parsing=4754, documents=0

      at TelemetryCollector.flushMetrics (src/services/telemetry.ts:276:15)

  console.log
    [TELEMETRY] Flushed old metrics. Current buffer sizes: parsing=4755, documents=0

      at TelemetryCollector.flushMetrics (src/services/telemetry.ts:276:15)

  console.log
    [TELEMETRY] Flushed old metrics. Current buffer sizes: parsing=4756, documents=0

      at TelemetryCollector.flushMetrics (src/services/telemetry.ts:276:15)

  console.log
    [TELEMETRY] Flushed old metrics. Current buffer sizes: parsing=4757, documents=0

      at TelemetryCollector.flushMetrics (src/services/telemetry.ts:276:15)

  console.log
    [TELEMETRY] Flushed old metrics. Current buffer sizes: parsing=4758, documents=0

      at TelemetryCollector.flushMetrics (src/services/telemetry.ts:276:15)

  console.log
    [TELEMETRY] Flushed old metrics. Current buffer sizes: parsing=4759, documents=0

      at TelemetryCollector.flushMetrics (src/services/telemetry.ts:276:15)

  console.log
    [TELEMETRY] Flushed old metrics. Current buffer sizes: parsing=4760, documents=0

      at TelemetryCollector.flushMetrics (src/services/telemetry.ts:276:15)

  console.log
    [TELEMETRY] Flushed old metrics. Current buffer sizes: parsing=4761, documents=0

      at TelemetryCollector.flushMetrics (src/services/telemetry.ts:276:15)

  console.log
    [TELEMETRY] Flushed old metrics. Current buffer sizes: parsing=4762, documents=0

      at TelemetryCollector.flushMetrics (src/services/telemetry.ts:276:15)

  console.log
    [TELEMETRY] Flushed old metrics. Current buffer sizes: parsing=4763, documents=0

      at TelemetryCollector.flushMetrics (src/services/telemetry.ts:276:15)

  console.log
    [TELEMETRY] Flushed old metrics. Current buffer sizes: parsing=4764, documents=0

      at TelemetryCollector.flushMetrics (src/services/telemetry.ts:276:15)

  console.log
    [TELEMETRY] Flushed old metrics. Current buffer sizes: parsing=4765, documents=0

      at TelemetryCollector.flushMetrics (src/services/telemetry.ts:276:15)

  console.log
    [TELEMETRY] Flushed old metrics. Current buffer sizes: parsing=4766, documents=0

      at TelemetryCollector.flushMetrics (src/services/telemetry.ts:276:15)

  console.log
    [TELEMETRY] Flushed old metrics. Current buffer sizes: parsing=4767, documents=0

      at TelemetryCollector.flushMetrics (src/services/telemetry.ts:276:15)

  console.log
    [TELEMETRY] Flushed old metrics. Current buffer sizes: parsing=4768, documents=0

      at TelemetryCollector.flushMetrics (src/services/telemetry.ts:276:15)

  console.log
    [TELEMETRY] Flushed old metrics. Current buffer sizes: parsing=4769, documents=0

      at TelemetryCollector.flushMetrics (src/services/telemetry.ts:276:15)

  console.log
    [TELEMETRY] Flushed old metrics. Current buffer sizes: parsing=4770, documents=0

      at TelemetryCollector.flushMetrics (src/services/telemetry.ts:276:15)

  console.log
    [TELEMETRY] Flushed old metrics. Current buffer sizes: parsing=4771, documents=0

      at TelemetryCollector.flushMetrics (src/services/telemetry.ts:276:15)

  console.log
    [TELEMETRY] Flushed old metrics. Current buffer sizes: parsing=4772, documents=0

      at TelemetryCollector.flushMetrics (src/services/telemetry.ts:276:15)

  console.log
    [TELEMETRY] Flushed old metrics. Current buffer sizes: parsing=4773, documents=0

      at TelemetryCollector.flushMetrics (src/services/telemetry.ts:276:15)

  console.log
    [TELEMETRY] Flushed old metrics. Current buffer sizes: parsing=4774, documents=0

      at TelemetryCollector.flushMetrics (src/services/telemetry.ts:276:15)

  console.log
    [TELEMETRY] Flushed old metrics. Current buffer sizes: parsing=4775, documents=0

      at TelemetryCollector.flushMetrics (src/services/telemetry.ts:276:15)

  console.log
    [TELEMETRY] Flushed old metrics. Current buffer sizes: parsing=4776, documents=0

      at TelemetryCollector.flushMetrics (src/services/telemetry.ts:276:15)

  console.log
    [TELEMETRY] Flushed old metrics. Current buffer sizes: parsing=4777, documents=0

      at TelemetryCollector.flushMetrics (src/services/telemetry.ts:276:15)

  console.log
    [TELEMETRY] Flushed old metrics. Current buffer sizes: parsing=4778, documents=0

      at TelemetryCollector.flushMetrics (src/services/telemetry.ts:276:15)

  console.log
    [TELEMETRY] Flushed old metrics. Current buffer sizes: parsing=4779, documents=0

      at TelemetryCollector.flushMetrics (src/services/telemetry.ts:276:15)

  console.log
    [TELEMETRY] Flushed old metrics. Current buffer sizes: parsing=4780, documents=0

      at TelemetryCollector.flushMetrics (src/services/telemetry.ts:276:15)

  console.log
    [TELEMETRY] Flushed old metrics. Current buffer sizes: parsing=4781, documents=0

      at TelemetryCollector.flushMetrics (src/services/telemetry.ts:276:15)

  console.log
    [TELEMETRY] Flushed old metrics. Current buffer sizes: parsing=4782, documents=0

      at TelemetryCollector.flushMetrics (src/services/telemetry.ts:276:15)

  console.log
    [TELEMETRY] Flushed old metrics. Current buffer sizes: parsing=4783, documents=0

      at TelemetryCollector.flushMetrics (src/services/telemetry.ts:276:15)

  console.log
    [TELEMETRY] Flushed old metrics. Current buffer sizes: parsing=4784, documents=0

      at TelemetryCollector.flushMetrics (src/services/telemetry.ts:276:15)

  console.log
    [TELEMETRY] Flushed old metrics. Current buffer sizes: parsing=4785, documents=0

      at TelemetryCollector.flushMetrics (src/services/telemetry.ts:276:15)

  console.log
    [TELEMETRY] Flushed old metrics. Current buffer sizes: parsing=4786, documents=0

      at TelemetryCollector.flushMetrics (src/services/telemetry.ts:276:15)

  console.log
    [TELEMETRY] Flushed old metrics. Current buffer sizes: parsing=4787, documents=0

      at TelemetryCollector.flushMetrics (src/services/telemetry.ts:276:15)

  console.log
    [TELEMETRY] Flushed old metrics. Current buffer sizes: parsing=4788, documents=0

      at TelemetryCollector.flushMetrics (src/services/telemetry.ts:276:15)

  console.log
    [TELEMETRY] Flushed old metrics. Current buffer sizes: parsing=4789, documents=0

      at TelemetryCollector.flushMetrics (src/services/telemetry.ts:276:15)

  console.log
    [TELEMETRY] Flushed old metrics. Current buffer sizes: parsing=4790, documents=0

      at TelemetryCollector.flushMetrics (src/services/telemetry.ts:276:15)

  console.log
    [TELEMETRY] Flushed old metrics. Current buffer sizes: parsing=4791, documents=0

      at TelemetryCollector.flushMetrics (src/services/telemetry.ts:276:15)

  console.log
    [TELEMETRY] Flushed old metrics. Current buffer sizes: parsing=4792, documents=0

      at TelemetryCollector.flushMetrics (src/services/telemetry.ts:276:15)

  console.log
    [TELEMETRY] Flushed old metrics. Current buffer sizes: parsing=4793, documents=0

      at TelemetryCollector.flushMetrics (src/services/telemetry.ts:276:15)

  console.log
    [TELEMETRY] Flushed old metrics. Current buffer sizes: parsing=4794, documents=0

      at TelemetryCollector.flushMetrics (src/services/telemetry.ts:276:15)

  console.log
    [TELEMETRY] Flushed old metrics. Current buffer sizes: parsing=4795, documents=0

      at TelemetryCollector.flushMetrics (src/services/telemetry.ts:276:15)

  console.log
    [TELEMETRY] Flushed old metrics. Current buffer sizes: parsing=4796, documents=0

      at TelemetryCollector.flushMetrics (src/services/telemetry.ts:276:15)

  console.log
    [TELEMETRY] Flushed old metrics. Current buffer sizes: parsing=4797, documents=0

      at TelemetryCollector.flushMetrics (src/services/telemetry.ts:276:15)

  console.log
    [TELEMETRY] Flushed old metrics. Current buffer sizes: parsing=4798, documents=0

      at TelemetryCollector.flushMetrics (src/services/telemetry.ts:276:15)

  console.log
    [TELEMETRY] Flushed old metrics. Current buffer sizes: parsing=4799, documents=0

      at TelemetryCollector.flushMetrics (src/services/telemetry.ts:276:15)

  console.log
    [TELEMETRY] Flushed old metrics. Current buffer sizes: parsing=4800, documents=0

      at TelemetryCollector.flushMetrics (src/services/telemetry.ts:276:15)

  console.log
    [TELEMETRY] Flushed old metrics. Current buffer sizes: parsing=4801, documents=0

      at TelemetryCollector.flushMetrics (src/services/telemetry.ts:276:15)

  console.log
    [TELEMETRY] Flushed old metrics. Current buffer sizes: parsing=4802, documents=0

      at TelemetryCollector.flushMetrics (src/services/telemetry.ts:276:15)

  console.log
    [TELEMETRY] Flushed old metrics. Current buffer sizes: parsing=4803, documents=0

      at TelemetryCollector.flushMetrics (src/services/telemetry.ts:276:15)

  console.log
    [TELEMETRY] Flushed old metrics. Current buffer sizes: parsing=4804, documents=0

      at TelemetryCollector.flushMetrics (src/services/telemetry.ts:276:15)

  console.log
    [TELEMETRY] Flushed old metrics. Current buffer sizes: parsing=4805, documents=0

      at TelemetryCollector.flushMetrics (src/services/telemetry.ts:276:15)

  console.log
    [TELEMETRY] Flushed old metrics. Current buffer sizes: parsing=4806, documents=0

      at TelemetryCollector.flushMetrics (src/services/telemetry.ts:276:15)

  console.log
    [TELEMETRY] Flushed old metrics. Current buffer sizes: parsing=4807, documents=0

      at TelemetryCollector.flushMetrics (src/services/telemetry.ts:276:15)

  console.log
    [TELEMETRY] Flushed old metrics. Current buffer sizes: parsing=4808, documents=0

      at TelemetryCollector.flushMetrics (src/services/telemetry.ts:276:15)

  console.log
    [TELEMETRY] Flushed old metrics. Current buffer sizes: parsing=4809, documents=0

      at TelemetryCollector.flushMetrics (src/services/telemetry.ts:276:15)

  console.log
    [TELEMETRY] Flushed old metrics. Current buffer sizes: parsing=4810, documents=0

      at TelemetryCollector.flushMetrics (src/services/telemetry.ts:276:15)

  console.log
    [TELEMETRY] Flushed old metrics. Current buffer sizes: parsing=4811, documents=0

      at TelemetryCollector.flushMetrics (src/services/telemetry.ts:276:15)

  console.log
    [TELEMETRY] Flushed old metrics. Current buffer sizes: parsing=4812, documents=0

      at TelemetryCollector.flushMetrics (src/services/telemetry.ts:276:15)

  console.log
    [TELEMETRY] Flushed old metrics. Current buffer sizes: parsing=4813, documents=0

      at TelemetryCollector.flushMetrics (src/services/telemetry.ts:276:15)

  console.log
    [TELEMETRY] Flushed old metrics. Current buffer sizes: parsing=4814, documents=0

      at TelemetryCollector.flushMetrics (src/services/telemetry.ts:276:15)

  console.log
    [TELEMETRY] Flushed old metrics. Current buffer sizes: parsing=4815, documents=0

      at TelemetryCollector.flushMetrics (src/services/telemetry.ts:276:15)

  console.log
    [TELEMETRY] Flushed old metrics. Current buffer sizes: parsing=4816, documents=0

      at TelemetryCollector.flushMetrics (src/services/telemetry.ts:276:15)

  console.log
    [TELEMETRY] Flushed old metrics. Current buffer sizes: parsing=4817, documents=0

      at TelemetryCollector.flushMetrics (src/services/telemetry.ts:276:15)

  console.log
    [TELEMETRY] Flushed old metrics. Current buffer sizes: parsing=4818, documents=0

      at TelemetryCollector.flushMetrics (src/services/telemetry.ts:276:15)

  console.log
    [TELEMETRY] Flushed old metrics. Current buffer sizes: parsing=4819, documents=0

      at TelemetryCollector.flushMetrics (src/services/telemetry.ts:276:15)

  console.log
    [TELEMETRY] Flushed old metrics. Current buffer sizes: parsing=4820, documents=0

      at TelemetryCollector.flushMetrics (src/services/telemetry.ts:276:15)

  console.log
    [TELEMETRY] Flushed old metrics. Current buffer sizes: parsing=4821, documents=0

      at TelemetryCollector.flushMetrics (src/services/telemetry.ts:276:15)

  console.log
    [TELEMETRY] Flushed old metrics. Current buffer sizes: parsing=4822, documents=0

      at TelemetryCollector.flushMetrics (src/services/telemetry.ts:276:15)

  console.log
    [TELEMETRY] Flushed old metrics. Current buffer sizes: parsing=4823, documents=0

      at TelemetryCollector.flushMetrics (src/services/telemetry.ts:276:15)

  console.log
    [TELEMETRY] Flushed old metrics. Current buffer sizes: parsing=4824, documents=0

      at TelemetryCollector.flushMetrics (src/services/telemetry.ts:276:15)

  console.log
    [TELEMETRY] Flushed old metrics. Current buffer sizes: parsing=4825, documents=0

      at TelemetryCollector.flushMetrics (src/services/telemetry.ts:276:15)

  console.log
    [TELEMETRY] Flushed old metrics. Current buffer sizes: parsing=4826, documents=0

      at TelemetryCollector.flushMetrics (src/services/telemetry.ts:276:15)

  console.log
    [TELEMETRY] Flushed old metrics. Current buffer sizes: parsing=4827, documents=0

      at TelemetryCollector.flushMetrics (src/services/telemetry.ts:276:15)

  console.log
    [TELEMETRY] Flushed old metrics. Current buffer sizes: parsing=4828, documents=0

      at TelemetryCollector.flushMetrics (src/services/telemetry.ts:276:15)

  console.log
    [TELEMETRY] Flushed old metrics. Current buffer sizes: parsing=4829, documents=0

      at TelemetryCollector.flushMetrics (src/services/telemetry.ts:276:15)

  console.log
    [TELEMETRY] Flushed old metrics. Current buffer sizes: parsing=4830, documents=0

      at TelemetryCollector.flushMetrics (src/services/telemetry.ts:276:15)

  console.log
    [TELEMETRY] Flushed old metrics. Current buffer sizes: parsing=4831, documents=0

      at TelemetryCollector.flushMetrics (src/services/telemetry.ts:276:15)

  console.log
    [TELEMETRY] Flushed old metrics. Current buffer sizes: parsing=4832, documents=0

      at TelemetryCollector.flushMetrics (src/services/telemetry.ts:276:15)

  console.log
    [TELEMETRY] Flushed old metrics. Current buffer sizes: parsing=4833, documents=0

      at TelemetryCollector.flushMetrics (src/services/telemetry.ts:276:15)

  console.log
    [TELEMETRY] Flushed old metrics. Current buffer sizes: parsing=4834, documents=0

      at TelemetryCollector.flushMetrics (src/services/telemetry.ts:276:15)

  console.log
    [TELEMETRY] Flushed old metrics. Current buffer sizes: parsing=4835, documents=0

      at TelemetryCollector.flushMetrics (src/services/telemetry.ts:276:15)

  console.log
    [TELEMETRY] Flushed old metrics. Current buffer sizes: parsing=4836, documents=0

      at TelemetryCollector.flushMetrics (src/services/telemetry.ts:276:15)

  console.log
    [TELEMETRY] Flushed old metrics. Current buffer sizes: parsing=4837, documents=0

      at TelemetryCollector.flushMetrics (src/services/telemetry.ts:276:15)

  console.log
    [TELEMETRY] Flushed old metrics. Current buffer sizes: parsing=4838, documents=0

      at TelemetryCollector.flushMetrics (src/services/telemetry.ts:276:15)

  console.log
    [TELEMETRY] Flushed old metrics. Current buffer sizes: parsing=4839, documents=0

      at TelemetryCollector.flushMetrics (src/services/telemetry.ts:276:15)

  console.log
    [TELEMETRY] Flushed old metrics. Current buffer sizes: parsing=4840, documents=0

      at TelemetryCollector.flushMetrics (src/services/telemetry.ts:276:15)

  console.log
    [TELEMETRY] Flushed old metrics. Current buffer sizes: parsing=4841, documents=0

      at TelemetryCollector.flushMetrics (src/services/telemetry.ts:276:15)

  console.log
    [TELEMETRY] Flushed old metrics. Current buffer sizes: parsing=4842, documents=0

      at TelemetryCollector.flushMetrics (src/services/telemetry.ts:276:15)

  console.log
    [TELEMETRY] Flushed old metrics. Current buffer sizes: parsing=4843, documents=0

      at TelemetryCollector.flushMetrics (src/services/telemetry.ts:276:15)

  console.log
    [TELEMETRY] Flushed old metrics. Current buffer sizes: parsing=4844, documents=0

      at TelemetryCollector.flushMetrics (src/services/telemetry.ts:276:15)

  console.log
    [TELEMETRY] Flushed old metrics. Current buffer sizes: parsing=4845, documents=0

      at TelemetryCollector.flushMetrics (src/services/telemetry.ts:276:15)

  console.log
    [TELEMETRY] Flushed old metrics. Current buffer sizes: parsing=4846, documents=0

      at TelemetryCollector.flushMetrics (src/services/telemetry.ts:276:15)

  console.log
    [TELEMETRY] Flushed old metrics. Current buffer sizes: parsing=4847, documents=0

      at TelemetryCollector.flushMetrics (src/services/telemetry.ts:276:15)

  console.log
    [TELEMETRY] Flushed old metrics. Current buffer sizes: parsing=4848, documents=0

      at TelemetryCollector.flushMetrics (src/services/telemetry.ts:276:15)

  console.log
    [TELEMETRY] Flushed old metrics. Current buffer sizes: parsing=4849, documents=0

      at TelemetryCollector.flushMetrics (src/services/telemetry.ts:276:15)

  console.log
    [TELEMETRY] Flushed old metrics. Current buffer sizes: parsing=4850, documents=0

      at TelemetryCollector.flushMetrics (src/services/telemetry.ts:276:15)

  console.log
    [TELEMETRY] Flushed old metrics. Current buffer sizes: parsing=4851, documents=0

      at TelemetryCollector.flushMetrics (src/services/telemetry.ts:276:15)

  console.log
    [TELEMETRY] Flushed old metrics. Current buffer sizes: parsing=4852, documents=0

      at TelemetryCollector.flushMetrics (src/services/telemetry.ts:276:15)

  console.log
    [TELEMETRY] Flushed old metrics. Current buffer sizes: parsing=4853, documents=0

      at TelemetryCollector.flushMetrics (src/services/telemetry.ts:276:15)

  console.log
    [TELEMETRY] Flushed old metrics. Current buffer sizes: parsing=4854, documents=0

      at TelemetryCollector.flushMetrics (src/services/telemetry.ts:276:15)

  console.log
    [TELEMETRY] Flushed old metrics. Current buffer sizes: parsing=4855, documents=0

      at TelemetryCollector.flushMetrics (src/services/telemetry.ts:276:15)

  console.log
    [TELEMETRY] Flushed old metrics. Current buffer sizes: parsing=4856, documents=0

      at TelemetryCollector.flushMetrics (src/services/telemetry.ts:276:15)

  console.log
    [TELEMETRY] Flushed old metrics. Current buffer sizes: parsing=4857, documents=0

      at TelemetryCollector.flushMetrics (src/services/telemetry.ts:276:15)

  console.log
    [TELEMETRY] Flushed old metrics. Current buffer sizes: parsing=4858, documents=0

      at TelemetryCollector.flushMetrics (src/services/telemetry.ts:276:15)

  console.log
    [TELEMETRY] Flushed old metrics. Current buffer sizes: parsing=4859, documents=0

      at TelemetryCollector.flushMetrics (src/services/telemetry.ts:276:15)

  console.log
    [TELEMETRY] Flushed old metrics. Current buffer sizes: parsing=4860, documents=0

      at TelemetryCollector.flushMetrics (src/services/telemetry.ts:276:15)

  console.log
    [TELEMETRY] Flushed old metrics. Current buffer sizes: parsing=4861, documents=0

      at TelemetryCollector.flushMetrics (src/services/telemetry.ts:276:15)

  console.log
    [TELEMETRY] Flushed old metrics. Current buffer sizes: parsing=4862, documents=0

      at TelemetryCollector.flushMetrics (src/services/telemetry.ts:276:15)

  console.log
    [TELEMETRY] Flushed old metrics. Current buffer sizes: parsing=4863, documents=0

      at TelemetryCollector.flushMetrics (src/services/telemetry.ts:276:15)

  console.log
    [TELEMETRY] Flushed old metrics. Current buffer sizes: parsing=4864, documents=0

      at TelemetryCollector.flushMetrics (src/services/telemetry.ts:276:15)

  console.log
    [TELEMETRY] Flushed old metrics. Current buffer sizes: parsing=4865, documents=0

      at TelemetryCollector.flushMetrics (src/services/telemetry.ts:276:15)

  console.log
    [TELEMETRY] Flushed old metrics. Current buffer sizes: parsing=4866, documents=0

      at TelemetryCollector.flushMetrics (src/services/telemetry.ts:276:15)

  console.log
    [TELEMETRY] Flushed old metrics. Current buffer sizes: parsing=4867, documents=0

      at TelemetryCollector.flushMetrics (src/services/telemetry.ts:276:15)

  console.log
    [TELEMETRY] Flushed old metrics. Current buffer sizes: parsing=4868, documents=0

      at TelemetryCollector.flushMetrics (src/services/telemetry.ts:276:15)

  console.log
    [TELEMETRY] Flushed old metrics. Current buffer sizes: parsing=4869, documents=0

      at TelemetryCollector.flushMetrics (src/services/telemetry.ts:276:15)

  console.log
    [TELEMETRY] Flushed old metrics. Current buffer sizes: parsing=4870, documents=0

      at TelemetryCollector.flushMetrics (src/services/telemetry.ts:276:15)

  console.log
    [TELEMETRY] Flushed old metrics. Current buffer sizes: parsing=4871, documents=0

      at TelemetryCollector.flushMetrics (src/services/telemetry.ts:276:15)

  console.log
    [TELEMETRY] Flushed old metrics. Current buffer sizes: parsing=4872, documents=0

      at TelemetryCollector.flushMetrics (src/services/telemetry.ts:276:15)

  console.log
    [TELEMETRY] Flushed old metrics. Current buffer sizes: parsing=4873, documents=0

      at TelemetryCollector.flushMetrics (src/services/telemetry.ts:276:15)

  console.log
    [TELEMETRY] Flushed old metrics. Current buffer sizes: parsing=4874, documents=0

      at TelemetryCollector.flushMetrics (src/services/telemetry.ts:276:15)

  console.log
    [TELEMETRY] Flushed old metrics. Current buffer sizes: parsing=4875, documents=0

      at TelemetryCollector.flushMetrics (src/services/telemetry.ts:276:15)

  console.log
    [TELEMETRY] Flushed old metrics. Current buffer sizes: parsing=4876, documents=0

      at TelemetryCollector.flushMetrics (src/services/telemetry.ts:276:15)

  console.log
    [TELEMETRY] Flushed old metrics. Current buffer sizes: parsing=4877, documents=0

      at TelemetryCollector.flushMetrics (src/services/telemetry.ts:276:15)

  console.log
    [TELEMETRY] Flushed old metrics. Current buffer sizes: parsing=4878, documents=0

      at TelemetryCollector.flushMetrics (src/services/telemetry.ts:276:15)

  console.log
    [TELEMETRY] Flushed old metrics. Current buffer sizes: parsing=4879, documents=0

      at TelemetryCollector.flushMetrics (src/services/telemetry.ts:276:15)

  console.log
    [TELEMETRY] Flushed old metrics. Current buffer sizes: parsing=4880, documents=0

      at TelemetryCollector.flushMetrics (src/services/telemetry.ts:276:15)

  console.log
    [TELEMETRY] Flushed old metrics. Current buffer sizes: parsing=4881, documents=0

      at TelemetryCollector.flushMetrics (src/services/telemetry.ts:276:15)

  console.log
    [TELEMETRY] Flushed old metrics. Current buffer sizes: parsing=4882, documents=0

      at TelemetryCollector.flushMetrics (src/services/telemetry.ts:276:15)

  console.log
    [TELEMETRY] Flushed old metrics. Current buffer sizes: parsing=4883, documents=0

      at TelemetryCollector.flushMetrics (src/services/telemetry.ts:276:15)

  console.log
    [TELEMETRY] Flushed old metrics. Current buffer sizes: parsing=4884, documents=0

      at TelemetryCollector.flushMetrics (src/services/telemetry.ts:276:15)

  console.log
    [TELEMETRY] Flushed old metrics. Current buffer sizes: parsing=4885, documents=0

      at TelemetryCollector.flushMetrics (src/services/telemetry.ts:276:15)

  console.log
    [TELEMETRY] Flushed old metrics. Current buffer sizes: parsing=4886, documents=0

      at TelemetryCollector.flushMetrics (src/services/telemetry.ts:276:15)

  console.log
    [TELEMETRY] Flushed old metrics. Current buffer sizes: parsing=4887, documents=0

      at TelemetryCollector.flushMetrics (src/services/telemetry.ts:276:15)

  console.log
    [TELEMETRY] Flushed old metrics. Current buffer sizes: parsing=4888, documents=0

      at TelemetryCollector.flushMetrics (src/services/telemetry.ts:276:15)

  console.log
    [TELEMETRY] Flushed old metrics. Current buffer sizes: parsing=4889, documents=0

      at TelemetryCollector.flushMetrics (src/services/telemetry.ts:276:15)

  console.log
    [TELEMETRY] Flushed old metrics. Current buffer sizes: parsing=4890, documents=0

      at TelemetryCollector.flushMetrics (src/services/telemetry.ts:276:15)

  console.log
    [TELEMETRY] Flushed old metrics. Current buffer sizes: parsing=4891, documents=0

      at TelemetryCollector.flushMetrics (src/services/telemetry.ts:276:15)

  console.log
    [TELEMETRY] Flushed old metrics. Current buffer sizes: parsing=4892, documents=0

      at TelemetryCollector.flushMetrics (src/services/telemetry.ts:276:15)

  console.log
    [TELEMETRY] Flushed old metrics. Current buffer sizes: parsing=4893, documents=0

      at TelemetryCollector.flushMetrics (src/services/telemetry.ts:276:15)

  console.log
    [TELEMETRY] Flushed old metrics. Current buffer sizes: parsing=4894, documents=0

      at TelemetryCollector.flushMetrics (src/services/telemetry.ts:276:15)

  console.log
    [TELEMETRY] Flushed old metrics. Current buffer sizes: parsing=4895, documents=0

      at TelemetryCollector.flushMetrics (src/services/telemetry.ts:276:15)

  console.log
    [TELEMETRY] Flushed old metrics. Current buffer sizes: parsing=4896, documents=0

      at TelemetryCollector.flushMetrics (src/services/telemetry.ts:276:15)

  console.log
    [TELEMETRY] Flushed old metrics. Current buffer sizes: parsing=4897, documents=0

      at TelemetryCollector.flushMetrics (src/services/telemetry.ts:276:15)

  console.log
    [TELEMETRY] Flushed old metrics. Current buffer sizes: parsing=4898, documents=0

      at TelemetryCollector.flushMetrics (src/services/telemetry.ts:276:15)

  console.log
    [TELEMETRY] Flushed old metrics. Current buffer sizes: parsing=4899, documents=0

      at TelemetryCollector.flushMetrics (src/services/telemetry.ts:276:15)

  console.log
    [TELEMETRY] Flushed old metrics. Current buffer sizes: parsing=4900, documents=0

      at TelemetryCollector.flushMetrics (src/services/telemetry.ts:276:15)

  console.log
    [TELEMETRY] Flushed old metrics. Current buffer sizes: parsing=4901, documents=0

      at TelemetryCollector.flushMetrics (src/services/telemetry.ts:276:15)

  console.log
    [TELEMETRY] Flushed old metrics. Current buffer sizes: parsing=4902, documents=0

      at TelemetryCollector.flushMetrics (src/services/telemetry.ts:276:15)

  console.log
    [TELEMETRY] Flushed old metrics. Current buffer sizes: parsing=4903, documents=0

      at TelemetryCollector.flushMetrics (src/services/telemetry.ts:276:15)

  console.log
    [TELEMETRY] Flushed old metrics. Current buffer sizes: parsing=4904, documents=0

      at TelemetryCollector.flushMetrics (src/services/telemetry.ts:276:15)

  console.log
    [TELEMETRY] Flushed old metrics. Current buffer sizes: parsing=4905, documents=0

      at TelemetryCollector.flushMetrics (src/services/telemetry.ts:276:15)

  console.log
    [TELEMETRY] Flushed old metrics. Current buffer sizes: parsing=4906, documents=0

      at TelemetryCollector.flushMetrics (src/services/telemetry.ts:276:15)

  console.log
    [TELEMETRY] Flushed old metrics. Current buffer sizes: parsing=4907, documents=0

      at TelemetryCollector.flushMetrics (src/services/telemetry.ts:276:15)

  console.log
    [TELEMETRY] Flushed old metrics. Current buffer sizes: parsing=4908, documents=0

      at TelemetryCollector.flushMetrics (src/services/telemetry.ts:276:15)

  console.log
    [TELEMETRY] Flushed old metrics. Current buffer sizes: parsing=4909, documents=0

      at TelemetryCollector.flushMetrics (src/services/telemetry.ts:276:15)

  console.log
    [TELEMETRY] Flushed old metrics. Current buffer sizes: parsing=4910, documents=0

      at TelemetryCollector.flushMetrics (src/services/telemetry.ts:276:15)

  console.log
    [TELEMETRY] Flushed old metrics. Current buffer sizes: parsing=4911, documents=0

      at TelemetryCollector.flushMetrics (src/services/telemetry.ts:276:15)

  console.log
    [TELEMETRY] Flushed old metrics. Current buffer sizes: parsing=4912, documents=0

      at TelemetryCollector.flushMetrics (src/services/telemetry.ts:276:15)

  console.log
    [TELEMETRY] Flushed old metrics. Current buffer sizes: parsing=4913, documents=0

      at TelemetryCollector.flushMetrics (src/services/telemetry.ts:276:15)

  console.log
    [TELEMETRY] Flushed old metrics. Current buffer sizes: parsing=4914, documents=0

      at TelemetryCollector.flushMetrics (src/services/telemetry.ts:276:15)

  console.log
    [TELEMETRY] Flushed old metrics. Current buffer sizes: parsing=4915, documents=0

      at TelemetryCollector.flushMetrics (src/services/telemetry.ts:276:15)

  console.log
    [TELEMETRY] Flushed old metrics. Current buffer sizes: parsing=4916, documents=0

      at TelemetryCollector.flushMetrics (src/services/telemetry.ts:276:15)

  console.log
    [TELEMETRY] Flushed old metrics. Current buffer sizes: parsing=4917, documents=0

      at TelemetryCollector.flushMetrics (src/services/telemetry.ts:276:15)

  console.log
    [TELEMETRY] Flushed old metrics. Current buffer sizes: parsing=4918, documents=0

      at TelemetryCollector.flushMetrics (src/services/telemetry.ts:276:15)

  console.log
    [TELEMETRY] Flushed old metrics. Current buffer sizes: parsing=4919, documents=0

      at TelemetryCollector.flushMetrics (src/services/telemetry.ts:276:15)

  console.log
    [TELEMETRY] Flushed old metrics. Current buffer sizes: parsing=4920, documents=0

      at TelemetryCollector.flushMetrics (src/services/telemetry.ts:276:15)

  console.log
    [TELEMETRY] Flushed old metrics. Current buffer sizes: parsing=4921, documents=0

      at TelemetryCollector.flushMetrics (src/services/telemetry.ts:276:15)

  console.log
    [TELEMETRY] Flushed old metrics. Current buffer sizes: parsing=4922, documents=0

      at TelemetryCollector.flushMetrics (src/services/telemetry.ts:276:15)

  console.log
    [TELEMETRY] Flushed old metrics. Current buffer sizes: parsing=4923, documents=0

      at TelemetryCollector.flushMetrics (src/services/telemetry.ts:276:15)

  console.log
    [TELEMETRY] Flushed old metrics. Current buffer sizes: parsing=4924, documents=0

      at TelemetryCollector.flushMetrics (src/services/telemetry.ts:276:15)

  console.log
    [TELEMETRY] Flushed old metrics. Current buffer sizes: parsing=4925, documents=0

      at TelemetryCollector.flushMetrics (src/services/telemetry.ts:276:15)

  console.log
    [TELEMETRY] Flushed old metrics. Current buffer sizes: parsing=4926, documents=0

      at TelemetryCollector.flushMetrics (src/services/telemetry.ts:276:15)

  console.log
    [TELEMETRY] Flushed old metrics. Current buffer sizes: parsing=4927, documents=0

      at TelemetryCollector.flushMetrics (src/services/telemetry.ts:276:15)

  console.log
    [TELEMETRY] Flushed old metrics. Current buffer sizes: parsing=4928, documents=0

      at TelemetryCollector.flushMetrics (src/services/telemetry.ts:276:15)

  console.log
    [TELEMETRY] Flushed old metrics. Current buffer sizes: parsing=4929, documents=0

      at TelemetryCollector.flushMetrics (src/services/telemetry.ts:276:15)

  console.log
    [TELEMETRY] Flushed old metrics. Current buffer sizes: parsing=4930, documents=0

      at TelemetryCollector.flushMetrics (src/services/telemetry.ts:276:15)

  console.log
    [TELEMETRY] Flushed old metrics. Current buffer sizes: parsing=4931, documents=0

      at TelemetryCollector.flushMetrics (src/services/telemetry.ts:276:15)

  console.log
    [TELEMETRY] Flushed old metrics. Current buffer sizes: parsing=4932, documents=0

      at TelemetryCollector.flushMetrics (src/services/telemetry.ts:276:15)

  console.log
    [TELEMETRY] Flushed old metrics. Current buffer sizes: parsing=4933, documents=0

      at TelemetryCollector.flushMetrics (src/services/telemetry.ts:276:15)

  console.log
    [TELEMETRY] Flushed old metrics. Current buffer sizes: parsing=4934, documents=0

      at TelemetryCollector.flushMetrics (src/services/telemetry.ts:276:15)

  console.log
    [TELEMETRY] Flushed old metrics. Current buffer sizes: parsing=4935, documents=0

      at TelemetryCollector.flushMetrics (src/services/telemetry.ts:276:15)

  console.log
    [TELEMETRY] Flushed old metrics. Current buffer sizes: parsing=4936, documents=0

      at TelemetryCollector.flushMetrics (src/services/telemetry.ts:276:15)

  console.log
    [TELEMETRY] Flushed old metrics. Current buffer sizes: parsing=4937, documents=0

      at TelemetryCollector.flushMetrics (src/services/telemetry.ts:276:15)

  console.log
    [TELEMETRY] Flushed old metrics. Current buffer sizes: parsing=4938, documents=0

      at TelemetryCollector.flushMetrics (src/services/telemetry.ts:276:15)

  console.log
    [TELEMETRY] Flushed old metrics. Current buffer sizes: parsing=4939, documents=0

      at TelemetryCollector.flushMetrics (src/services/telemetry.ts:276:15)

  console.log
    [TELEMETRY] Flushed old metrics. Current buffer sizes: parsing=4940, documents=0

      at TelemetryCollector.flushMetrics (src/services/telemetry.ts:276:15)

  console.log
    [TELEMETRY] Flushed old metrics. Current buffer sizes: parsing=4941, documents=0

      at TelemetryCollector.flushMetrics (src/services/telemetry.ts:276:15)

  console.log
    [TELEMETRY] Flushed old metrics. Current buffer sizes: parsing=4942, documents=0

      at TelemetryCollector.flushMetrics (src/services/telemetry.ts:276:15)

  console.log
    [TELEMETRY] Flushed old metrics. Current buffer sizes: parsing=4943, documents=0

      at TelemetryCollector.flushMetrics (src/services/telemetry.ts:276:15)

  console.log
    [TELEMETRY] Flushed old metrics. Current buffer sizes: parsing=4944, documents=0

      at TelemetryCollector.flushMetrics (src/services/telemetry.ts:276:15)

  console.log
    [TELEMETRY] Flushed old metrics. Current buffer sizes: parsing=4945, documents=0

      at TelemetryCollector.flushMetrics (src/services/telemetry.ts:276:15)

  console.log
    [TELEMETRY] Flushed old metrics. Current buffer sizes: parsing=4946, documents=0

      at TelemetryCollector.flushMetrics (src/services/telemetry.ts:276:15)

  console.log
    [TELEMETRY] Flushed old metrics. Current buffer sizes: parsing=4947, documents=0

      at TelemetryCollector.flushMetrics (src/services/telemetry.ts:276:15)

  console.log
    [TELEMETRY] Flushed old metrics. Current buffer sizes: parsing=4948, documents=0

      at TelemetryCollector.flushMetrics (src/services/telemetry.ts:276:15)

  console.log
    [TELEMETRY] Flushed old metrics. Current buffer sizes: parsing=4949, documents=0

      at TelemetryCollector.flushMetrics (src/services/telemetry.ts:276:15)

  console.log
    [TELEMETRY] Flushed old metrics. Current buffer sizes: parsing=4950, documents=0

      at TelemetryCollector.flushMetrics (src/services/telemetry.ts:276:15)

  console.log
    [TELEMETRY] Flushed old metrics. Current buffer sizes: parsing=4951, documents=0

      at TelemetryCollector.flushMetrics (src/services/telemetry.ts:276:15)

  console.log
    [TELEMETRY] Flushed old metrics. Current buffer sizes: parsing=4952, documents=0

      at TelemetryCollector.flushMetrics (src/services/telemetry.ts:276:15)

  console.log
    [TELEMETRY] Flushed old metrics. Current buffer sizes: parsing=4953, documents=0

      at TelemetryCollector.flushMetrics (src/services/telemetry.ts:276:15)

  console.log
    [TELEMETRY] Flushed old metrics. Current buffer sizes: parsing=4954, documents=0

      at TelemetryCollector.flushMetrics (src/services/telemetry.ts:276:15)

  console.log
    [TELEMETRY] Flushed old metrics. Current buffer sizes: parsing=4955, documents=0

      at TelemetryCollector.flushMetrics (src/services/telemetry.ts:276:15)

  console.log
    [TELEMETRY] Flushed old metrics. Current buffer sizes: parsing=4956, documents=0

      at TelemetryCollector.flushMetrics (src/services/telemetry.ts:276:15)

  console.log
    [TELEMETRY] Flushed old metrics. Current buffer sizes: parsing=4957, documents=0

      at TelemetryCollector.flushMetrics (src/services/telemetry.ts:276:15)

  console.log
    [TELEMETRY] Flushed old metrics. Current buffer sizes: parsing=4958, documents=0

      at TelemetryCollector.flushMetrics (src/services/telemetry.ts:276:15)

  console.log
    [TELEMETRY] Flushed old metrics. Current buffer sizes: parsing=4959, documents=0

      at TelemetryCollector.flushMetrics (src/services/telemetry.ts:276:15)

  console.log
    [TELEMETRY] Flushed old metrics. Current buffer sizes: parsing=4960, documents=0

      at TelemetryCollector.flushMetrics (src/services/telemetry.ts:276:15)

  console.log
    [TELEMETRY] Flushed old metrics. Current buffer sizes: parsing=4961, documents=0

      at TelemetryCollector.flushMetrics (src/services/telemetry.ts:276:15)

  console.log
    [TELEMETRY] Flushed old metrics. Current buffer sizes: parsing=4962, documents=0

      at TelemetryCollector.flushMetrics (src/services/telemetry.ts:276:15)

  console.log
    [TELEMETRY] Flushed old metrics. Current buffer sizes: parsing=4963, documents=0

      at TelemetryCollector.flushMetrics (src/services/telemetry.ts:276:15)

  console.log
    [TELEMETRY] Flushed old metrics. Current buffer sizes: parsing=4964, documents=0

      at TelemetryCollector.flushMetrics (src/services/telemetry.ts:276:15)

  console.log
    [TELEMETRY] Flushed old metrics. Current buffer sizes: parsing=4965, documents=0

      at TelemetryCollector.flushMetrics (src/services/telemetry.ts:276:15)

  console.log
    [TELEMETRY] Flushed old metrics. Current buffer sizes: parsing=4966, documents=0

      at TelemetryCollector.flushMetrics (src/services/telemetry.ts:276:15)

  console.log
    [TELEMETRY] Flushed old metrics. Current buffer sizes: parsing=4967, documents=0

      at TelemetryCollector.flushMetrics (src/services/telemetry.ts:276:15)

  console.log
    [TELEMETRY] Flushed old metrics. Current buffer sizes: parsing=4968, documents=0

      at TelemetryCollector.flushMetrics (src/services/telemetry.ts:276:15)

  console.log
    [TELEMETRY] Flushed old metrics. Current buffer sizes: parsing=4969, documents=0

      at TelemetryCollector.flushMetrics (src/services/telemetry.ts:276:15)

  console.log
    [TELEMETRY] Flushed old metrics. Current buffer sizes: parsing=4970, documents=0

      at TelemetryCollector.flushMetrics (src/services/telemetry.ts:276:15)

  console.log
    [TELEMETRY] Flushed old metrics. Current buffer sizes: parsing=4971, documents=0

      at TelemetryCollector.flushMetrics (src/services/telemetry.ts:276:15)

  console.log
    [TELEMETRY] Flushed old metrics. Current buffer sizes: parsing=4972, documents=0

      at TelemetryCollector.flushMetrics (src/services/telemetry.ts:276:15)

  console.log
    [TELEMETRY] Flushed old metrics. Current buffer sizes: parsing=4973, documents=0

      at TelemetryCollector.flushMetrics (src/services/telemetry.ts:276:15)

  console.log
    [TELEMETRY] Flushed old metrics. Current buffer sizes: parsing=4974, documents=0

      at TelemetryCollector.flushMetrics (src/services/telemetry.ts:276:15)

  console.log
    [TELEMETRY] Flushed old metrics. Current buffer sizes: parsing=4975, documents=0

      at TelemetryCollector.flushMetrics (src/services/telemetry.ts:276:15)

  console.log
    [TELEMETRY] Flushed old metrics. Current buffer sizes: parsing=4976, documents=0

      at TelemetryCollector.flushMetrics (src/services/telemetry.ts:276:15)

  console.log
    [TELEMETRY] Flushed old metrics. Current buffer sizes: parsing=4977, documents=0

      at TelemetryCollector.flushMetrics (src/services/telemetry.ts:276:15)

  console.log
    [TELEMETRY] Flushed old metrics. Current buffer sizes: parsing=4978, documents=0

      at TelemetryCollector.flushMetrics (src/services/telemetry.ts:276:15)

  console.log
    [TELEMETRY] Flushed old metrics. Current buffer sizes: parsing=4979, documents=0

      at TelemetryCollector.flushMetrics (src/services/telemetry.ts:276:15)

  console.log
    [TELEMETRY] Flushed old metrics. Current buffer sizes: parsing=4980, documents=0

      at TelemetryCollector.flushMetrics (src/services/telemetry.ts:276:15)

  console.log
    [TELEMETRY] Flushed old metrics. Current buffer sizes: parsing=4981, documents=0

      at TelemetryCollector.flushMetrics (src/services/telemetry.ts:276:15)

  console.log
    [TELEMETRY] Flushed old metrics. Current buffer sizes: parsing=4982, documents=0

      at TelemetryCollector.flushMetrics (src/services/telemetry.ts:276:15)

  console.log
    [TELEMETRY] Flushed old metrics. Current buffer sizes: parsing=4983, documents=0

      at TelemetryCollector.flushMetrics (src/services/telemetry.ts:276:15)

  console.log
    [TELEMETRY] Flushed old metrics. Current buffer sizes: parsing=4984, documents=0

      at TelemetryCollector.flushMetrics (src/services/telemetry.ts:276:15)

  console.log
    [TELEMETRY] Flushed old metrics. Current buffer sizes: parsing=4985, documents=0

      at TelemetryCollector.flushMetrics (src/services/telemetry.ts:276:15)

  console.log
    [TELEMETRY] Flushed old metrics. Current buffer sizes: parsing=4986, documents=0

      at TelemetryCollector.flushMetrics (src/services/telemetry.ts:276:15)

  console.log
    [TELEMETRY] Flushed old metrics. Current buffer sizes: parsing=4987, documents=0

      at TelemetryCollector.flushMetrics (src/services/telemetry.ts:276:15)

  console.log
    [TELEMETRY] Flushed old metrics. Current buffer sizes: parsing=4988, documents=0

      at TelemetryCollector.flushMetrics (src/services/telemetry.ts:276:15)

  console.log
    [TELEMETRY] Flushed old metrics. Current buffer sizes: parsing=4989, documents=0

      at TelemetryCollector.flushMetrics (src/services/telemetry.ts:276:15)

  console.log
    [TELEMETRY] Flushed old metrics. Current buffer sizes: parsing=4990, documents=0

      at TelemetryCollector.flushMetrics (src/services/telemetry.ts:276:15)

  console.log
    [TELEMETRY] Flushed old metrics. Current buffer sizes: parsing=4991, documents=0

      at TelemetryCollector.flushMetrics (src/services/telemetry.ts:276:15)

  console.log
    [TELEMETRY] Flushed old metrics. Current buffer sizes: parsing=4992, documents=0

      at TelemetryCollector.flushMetrics (src/services/telemetry.ts:276:15)

  console.log
    [TELEMETRY] Flushed old metrics. Current buffer sizes: parsing=4993, documents=0

      at TelemetryCollector.flushMetrics (src/services/telemetry.ts:276:15)

  console.log
    [TELEMETRY] Flushed old metrics. Current buffer sizes: parsing=4994, documents=0

      at TelemetryCollector.flushMetrics (src/services/telemetry.ts:276:15)

  console.log
    [TELEMETRY] Flushed old metrics. Current buffer sizes: parsing=4995, documents=0

      at TelemetryCollector.flushMetrics (src/services/telemetry.ts:276:15)

  console.log
    [TELEMETRY] Flushed old metrics. Current buffer sizes: parsing=4996, documents=0

      at TelemetryCollector.flushMetrics (src/services/telemetry.ts:276:15)

  console.log
    [TELEMETRY] Flushed old metrics. Current buffer sizes: parsing=4997, documents=0

      at TelemetryCollector.flushMetrics (src/services/telemetry.ts:276:15)

  console.log
    [TELEMETRY] Flushed old metrics. Current buffer sizes: parsing=4998, documents=0

      at TelemetryCollector.flushMetrics (src/services/telemetry.ts:276:15)

  console.log
    [TELEMETRY] Flushed old metrics. Current buffer sizes: parsing=4999, documents=0

      at TelemetryCollector.flushMetrics (src/services/telemetry.ts:276:15)

  console.log
    [TELEMETRY] Flushed old metrics. Current buffer sizes: parsing=5000, documents=0

      at TelemetryCollector.flushMetrics (src/services/telemetry.ts:276:15)

  console.log
    [TELEMETRY] Flushed old metrics. Current buffer sizes: parsing=5001, documents=0

      at TelemetryCollector.flushMetrics (src/services/telemetry.ts:276:15)

  console.log
    [TELEMETRY] Flushed old metrics. Current buffer sizes: parsing=5002, documents=0

      at TelemetryCollector.flushMetrics (src/services/telemetry.ts:276:15)

  console.log
    [TELEMETRY] Flushed old metrics. Current buffer sizes: parsing=5003, documents=0

      at TelemetryCollector.flushMetrics (src/services/telemetry.ts:276:15)

  console.log
    [TELEMETRY] Flushed old metrics. Current buffer sizes: parsing=5004, documents=0

      at TelemetryCollector.flushMetrics (src/services/telemetry.ts:276:15)

  console.log
    [TELEMETRY] Flushed old metrics. Current buffer sizes: parsing=5005, documents=0

      at TelemetryCollector.flushMetrics (src/services/telemetry.ts:276:15)

  console.log
    [TELEMETRY] Flushed old metrics. Current buffer sizes: parsing=5006, documents=0

      at TelemetryCollector.flushMetrics (src/services/telemetry.ts:276:15)

  console.log
    [TELEMETRY] Flushed old metrics. Current buffer sizes: parsing=5007, documents=0

      at TelemetryCollector.flushMetrics (src/services/telemetry.ts:276:15)

  console.log
    [TELEMETRY] Flushed old metrics. Current buffer sizes: parsing=5008, documents=0

      at TelemetryCollector.flushMetrics (src/services/telemetry.ts:276:15)

  console.log
    [TELEMETRY] Flushed old metrics. Current buffer sizes: parsing=5009, documents=0

      at TelemetryCollector.flushMetrics (src/services/telemetry.ts:276:15)
          at Array.map (<anonymous>)

  console.log
    [TELEMETRY] Flushed old metrics. Current buffer sizes: parsing=5010, documents=0

      at TelemetryCollector.flushMetrics (src/services/telemetry.ts:276:15)
          at Array.map (<anonymous>)

  console.log
    [TELEMETRY] Flushed old metrics. Current buffer sizes: parsing=5011, documents=0

      at TelemetryCollector.flushMetrics (src/services/telemetry.ts:276:15)
          at Array.map (<anonymous>)

  console.log
    [TELEMETRY] Flushed old metrics. Current buffer sizes: parsing=5012, documents=0

      at TelemetryCollector.flushMetrics (src/services/telemetry.ts:276:15)
          at Array.map (<anonymous>)

  console.log
    [TELEMETRY] Flushed old metrics. Current buffer sizes: parsing=5013, documents=0

      at TelemetryCollector.flushMetrics (src/services/telemetry.ts:276:15)
          at Array.map (<anonymous>)

  console.log
    [TELEMETRY] Flushed old metrics. Current buffer sizes: parsing=5014, documents=0

      at TelemetryCollector.flushMetrics (src/services/telemetry.ts:276:15)
          at Array.map (<anonymous>)

  console.log
    [TELEMETRY] Flushed old metrics. Current buffer sizes: parsing=5015, documents=0

      at TelemetryCollector.flushMetrics (src/services/telemetry.ts:276:15)
          at Array.map (<anonymous>)

  console.log
    [TELEMETRY] Flushed old metrics. Current buffer sizes: parsing=5016, documents=0

      at TelemetryCollector.flushMetrics (src/services/telemetry.ts:276:15)
          at Array.map (<anonymous>)

  console.log
    [TELEMETRY] Flushed old metrics. Current buffer sizes: parsing=5017, documents=0

      at TelemetryCollector.flushMetrics (src/services/telemetry.ts:276:15)
          at Array.map (<anonymous>)

  console.log
    [TELEMETRY] Flushed old metrics. Current buffer sizes: parsing=5018, documents=0

      at TelemetryCollector.flushMetrics (src/services/telemetry.ts:276:15)
          at Array.map (<anonymous>)

  console.log
    [TELEMETRY] Flushed old metrics. Current buffer sizes: parsing=5019, documents=0

      at TelemetryCollector.flushMetrics (src/services/telemetry.ts:276:15)
          at Array.map (<anonymous>)

  console.log
    [TELEMETRY] Flushed old metrics. Current buffer sizes: parsing=5020, documents=0

      at TelemetryCollector.flushMetrics (src/services/telemetry.ts:276:15)
          at Array.map (<anonymous>)

  console.log
    [TELEMETRY] Flushed old metrics. Current buffer sizes: parsing=5021, documents=0

      at TelemetryCollector.flushMetrics (src/services/telemetry.ts:276:15)
          at Array.map (<anonymous>)

  console.log
    [TELEMETRY] Flushed old metrics. Current buffer sizes: parsing=5022, documents=0

      at TelemetryCollector.flushMetrics (src/services/telemetry.ts:276:15)
          at Array.map (<anonymous>)

  console.log
    [TELEMETRY] Flushed old metrics. Current buffer sizes: parsing=5023, documents=0

      at TelemetryCollector.flushMetrics (src/services/telemetry.ts:276:15)
          at Array.map (<anonymous>)

  console.log
    [TELEMETRY] Flushed old metrics. Current buffer sizes: parsing=5024, documents=0

      at TelemetryCollector.flushMetrics (src/services/telemetry.ts:276:15)
          at Array.map (<anonymous>)

  console.log
    [TELEMETRY] Flushed old metrics. Current buffer sizes: parsing=5025, documents=0

      at TelemetryCollector.flushMetrics (src/services/telemetry.ts:276:15)
          at Array.map (<anonymous>)

  console.log
    [TELEMETRY] Flushed old metrics. Current buffer sizes: parsing=5026, documents=0

      at TelemetryCollector.flushMetrics (src/services/telemetry.ts:276:15)
          at Array.map (<anonymous>)

  console.log
    [TELEMETRY] Flushed old metrics. Current buffer sizes: parsing=5027, documents=0

      at TelemetryCollector.flushMetrics (src/services/telemetry.ts:276:15)
          at Array.map (<anonymous>)

  console.log
    [TELEMETRY] Flushed old metrics. Current buffer sizes: parsing=5028, documents=0

      at TelemetryCollector.flushMetrics (src/services/telemetry.ts:276:15)
          at Array.map (<anonymous>)

  console.log
    [TELEMETRY] Flushed old metrics. Current buffer sizes: parsing=5029, documents=0

      at TelemetryCollector.flushMetrics (src/services/telemetry.ts:276:15)
          at Array.map (<anonymous>)

  console.log
    [TELEMETRY] Flushed old metrics. Current buffer sizes: parsing=5030, documents=0

      at TelemetryCollector.flushMetrics (src/services/telemetry.ts:276:15)
          at Array.map (<anonymous>)

  console.log
    [TELEMETRY] Flushed old metrics. Current buffer sizes: parsing=5031, documents=0

      at TelemetryCollector.flushMetrics (src/services/telemetry.ts:276:15)
          at Array.map (<anonymous>)

  console.log
    [TELEMETRY] Flushed old metrics. Current buffer sizes: parsing=5032, documents=0

      at TelemetryCollector.flushMetrics (src/services/telemetry.ts:276:15)
          at Array.map (<anonymous>)

  console.log
    [TELEMETRY] Flushed old metrics. Current buffer sizes: parsing=5033, documents=0

      at TelemetryCollector.flushMetrics (src/services/telemetry.ts:276:15)
          at Array.map (<anonymous>)

  console.log
    [TELEMETRY] Flushed old metrics. Current buffer sizes: parsing=5034, documents=0

      at TelemetryCollector.flushMetrics (src/services/telemetry.ts:276:15)
          at Array.map (<anonymous>)

  console.log
    [TELEMETRY] Flushed old metrics. Current buffer sizes: parsing=5035, documents=0

      at TelemetryCollector.flushMetrics (src/services/telemetry.ts:276:15)
          at Array.map (<anonymous>)

  console.log
    [TELEMETRY] Flushed old metrics. Current buffer sizes: parsing=5036, documents=0

      at TelemetryCollector.flushMetrics (src/services/telemetry.ts:276:15)
          at Array.map (<anonymous>)

  console.log
    [TELEMETRY] Flushed old metrics. Current buffer sizes: parsing=5037, documents=0

      at TelemetryCollector.flushMetrics (src/services/telemetry.ts:276:15)
          at Array.map (<anonymous>)

  console.log
    [TELEMETRY] Flushed old metrics. Current buffer sizes: parsing=5038, documents=0

      at TelemetryCollector.flushMetrics (src/services/telemetry.ts:276:15)
          at Array.map (<anonymous>)

  console.log
    [TELEMETRY] Flushed old metrics. Current buffer sizes: parsing=5039, documents=0

      at TelemetryCollector.flushMetrics (src/services/telemetry.ts:276:15)
          at Array.map (<anonymous>)

  console.log
    [TELEMETRY] Flushed old metrics. Current buffer sizes: parsing=5040, documents=0

      at TelemetryCollector.flushMetrics (src/services/telemetry.ts:276:15)
          at Array.map (<anonymous>)

  console.log
    [TELEMETRY] Flushed old metrics. Current buffer sizes: parsing=5041, documents=0

      at TelemetryCollector.flushMetrics (src/services/telemetry.ts:276:15)
          at Array.map (<anonymous>)

  console.log
    [TELEMETRY] Flushed old metrics. Current buffer sizes: parsing=5042, documents=0

      at TelemetryCollector.flushMetrics (src/services/telemetry.ts:276:15)
          at Array.map (<anonymous>)

  console.log
    [TELEMETRY] Flushed old metrics. Current buffer sizes: parsing=5043, documents=0

      at TelemetryCollector.flushMetrics (src/services/telemetry.ts:276:15)
          at Array.map (<anonymous>)

  console.log
    [TELEMETRY] Flushed old metrics. Current buffer sizes: parsing=5044, documents=0

      at TelemetryCollector.flushMetrics (src/services/telemetry.ts:276:15)
          at Array.map (<anonymous>)

  console.log
    [TELEMETRY] Flushed old metrics. Current buffer sizes: parsing=5045, documents=0

      at TelemetryCollector.flushMetrics (src/services/telemetry.ts:276:15)
          at Array.map (<anonymous>)

  console.log
    [TELEMETRY] Flushed old metrics. Current buffer sizes: parsing=5046, documents=0

      at TelemetryCollector.flushMetrics (src/services/telemetry.ts:276:15)
          at Array.map (<anonymous>)

  console.log
    [TELEMETRY] Flushed old metrics. Current buffer sizes: parsing=5047, documents=0

      at TelemetryCollector.flushMetrics (src/services/telemetry.ts:276:15)
          at Array.map (<anonymous>)

  console.log
    [TELEMETRY] Flushed old metrics. Current buffer sizes: parsing=5048, documents=0

      at TelemetryCollector.flushMetrics (src/services/telemetry.ts:276:15)
          at Array.map (<anonymous>)

  console.log
    [TELEMETRY] Flushed old metrics. Current buffer sizes: parsing=5049, documents=0

      at TelemetryCollector.flushMetrics (src/services/telemetry.ts:276:15)
          at Array.map (<anonymous>)

  console.log
    [TELEMETRY] Flushed old metrics. Current buffer sizes: parsing=5050, documents=0

      at TelemetryCollector.flushMetrics (src/services/telemetry.ts:276:15)
          at Array.map (<anonymous>)

  console.log
    [TELEMETRY] Flushed old metrics. Current buffer sizes: parsing=5051, documents=0

      at TelemetryCollector.flushMetrics (src/services/telemetry.ts:276:15)
          at Array.map (<anonymous>)

  console.log
    [TELEMETRY] Flushed old metrics. Current buffer sizes: parsing=5052, documents=0

      at TelemetryCollector.flushMetrics (src/services/telemetry.ts:276:15)
          at Array.map (<anonymous>)

  console.log
    [TELEMETRY] Flushed old metrics. Current buffer sizes: parsing=5053, documents=0

      at TelemetryCollector.flushMetrics (src/services/telemetry.ts:276:15)
          at Array.map (<anonymous>)

  console.log
    [TELEMETRY] Flushed old metrics. Current buffer sizes: parsing=5054, documents=0

      at TelemetryCollector.flushMetrics (src/services/telemetry.ts:276:15)
          at Array.map (<anonymous>)

  console.log
    [TELEMETRY] Flushed old metrics. Current buffer sizes: parsing=5055, documents=0

      at TelemetryCollector.flushMetrics (src/services/telemetry.ts:276:15)
          at Array.map (<anonymous>)

  console.log
    [TELEMETRY] Flushed old metrics. Current buffer sizes: parsing=5056, documents=0

      at TelemetryCollector.flushMetrics (src/services/telemetry.ts:276:15)
          at Array.map (<anonymous>)

  console.log
    [TELEMETRY] Flushed old metrics. Current buffer sizes: parsing=5057, documents=0

      at TelemetryCollector.flushMetrics (src/services/telemetry.ts:276:15)
          at Array.map (<anonymous>)

  console.log
    [TELEMETRY] Flushed old metrics. Current buffer sizes: parsing=5058, documents=0

      at TelemetryCollector.flushMetrics (src/services/telemetry.ts:276:15)
          at Array.map (<anonymous>)

  console.log
    [TELEMETRY] Flushed old metrics. Current buffer sizes: parsing=5059, documents=0

      at TelemetryCollector.flushMetrics (src/services/telemetry.ts:276:15)
          at Array.map (<anonymous>)

  console.log
    [TELEMETRY] Flushed old metrics. Current buffer sizes: parsing=5060, documents=0

      at TelemetryCollector.flushMetrics (src/services/telemetry.ts:276:15)
          at Array.map (<anonymous>)

  console.log
    [TELEMETRY] Flushed old metrics. Current buffer sizes: parsing=5061, documents=0

      at TelemetryCollector.flushMetrics (src/services/telemetry.ts:276:15)
          at Array.map (<anonymous>)

  console.log
    [TELEMETRY] Flushed old metrics. Current buffer sizes: parsing=5062, documents=0

      at TelemetryCollector.flushMetrics (src/services/telemetry.ts:276:15)
          at Array.map (<anonymous>)

  console.log
    [TELEMETRY] Flushed old metrics. Current buffer sizes: parsing=5063, documents=0

      at TelemetryCollector.flushMetrics (src/services/telemetry.ts:276:15)
          at Array.map (<anonymous>)

  console.log
    [TELEMETRY] Flushed old metrics. Current buffer sizes: parsing=5064, documents=0

      at TelemetryCollector.flushMetrics (src/services/telemetry.ts:276:15)
          at Array.map (<anonymous>)

  console.log
    [TELEMETRY] Flushed old metrics. Current buffer sizes: parsing=5065, documents=0

      at TelemetryCollector.flushMetrics (src/services/telemetry.ts:276:15)
          at Array.map (<anonymous>)

  console.log
    [TELEMETRY] Flushed old metrics. Current buffer sizes: parsing=5066, documents=0

      at TelemetryCollector.flushMetrics (src/services/telemetry.ts:276:15)
          at Array.map (<anonymous>)

  console.log
    [TELEMETRY] Flushed old metrics. Current buffer sizes: parsing=5067, documents=0

      at TelemetryCollector.flushMetrics (src/services/telemetry.ts:276:15)
          at Array.map (<anonymous>)

  console.log
    [TELEMETRY] Flushed old metrics. Current buffer sizes: parsing=5068, documents=0

      at TelemetryCollector.flushMetrics (src/services/telemetry.ts:276:15)
          at Array.map (<anonymous>)

  console.log
    [TELEMETRY] Flushed old metrics. Current buffer sizes: parsing=5069, documents=0

      at TelemetryCollector.flushMetrics (src/services/telemetry.ts:276:15)
          at Array.map (<anonymous>)

  console.log
    [TELEMETRY] Flushed old metrics. Current buffer sizes: parsing=5070, documents=0

      at TelemetryCollector.flushMetrics (src/services/telemetry.ts:276:15)
          at Array.map (<anonymous>)

  console.log
    [TELEMETRY] Flushed old metrics. Current buffer sizes: parsing=5071, documents=0

      at TelemetryCollector.flushMetrics (src/services/telemetry.ts:276:15)
          at Array.map (<anonymous>)

  console.log
    [TELEMETRY] Flushed old metrics. Current buffer sizes: parsing=5072, documents=0

      at TelemetryCollector.flushMetrics (src/services/telemetry.ts:276:15)
          at Array.map (<anonymous>)

  console.log
    [TELEMETRY] Flushed old metrics. Current buffer sizes: parsing=5073, documents=0

      at TelemetryCollector.flushMetrics (src/services/telemetry.ts:276:15)
          at Array.map (<anonymous>)

  console.log
    [TELEMETRY] Flushed old metrics. Current buffer sizes: parsing=5074, documents=0

      at TelemetryCollector.flushMetrics (src/services/telemetry.ts:276:15)
          at Array.map (<anonymous>)

  console.log
    [TELEMETRY] Flushed old metrics. Current buffer sizes: parsing=5075, documents=0

      at TelemetryCollector.flushMetrics (src/services/telemetry.ts:276:15)
          at Array.map (<anonymous>)

  console.log
    [TELEMETRY] Flushed old metrics. Current buffer sizes: parsing=5076, documents=0

      at TelemetryCollector.flushMetrics (src/services/telemetry.ts:276:15)
          at Array.map (<anonymous>)

  console.log
    [TELEMETRY] Flushed old metrics. Current buffer sizes: parsing=5077, documents=0

      at TelemetryCollector.flushMetrics (src/services/telemetry.ts:276:15)
          at Array.map (<anonymous>)

  console.log
    [TELEMETRY] Flushed old metrics. Current buffer sizes: parsing=5078, documents=0

      at TelemetryCollector.flushMetrics (src/services/telemetry.ts:276:15)
          at Array.map (<anonymous>)

  console.log
    [TELEMETRY] Flushed old metrics. Current buffer sizes: parsing=5079, documents=0

      at TelemetryCollector.flushMetrics (src/services/telemetry.ts:276:15)
          at Array.map (<anonymous>)

  console.log
    [TELEMETRY] Flushed old metrics. Current buffer sizes: parsing=5080, documents=0

      at TelemetryCollector.flushMetrics (src/services/telemetry.ts:276:15)
          at Array.map (<anonymous>)

  console.log
    [TELEMETRY] Flushed old metrics. Current buffer sizes: parsing=5081, documents=0

      at TelemetryCollector.flushMetrics (src/services/telemetry.ts:276:15)
          at Array.map (<anonymous>)

  console.log
    [TELEMETRY] Flushed old metrics. Current buffer sizes: parsing=5082, documents=0

      at TelemetryCollector.flushMetrics (src/services/telemetry.ts:276:15)
          at Array.map (<anonymous>)

  console.log
    [TELEMETRY] Flushed old metrics. Current buffer sizes: parsing=5083, documents=0

      at TelemetryCollector.flushMetrics (src/services/telemetry.ts:276:15)
          at Array.map (<anonymous>)

  console.log
    [TELEMETRY] Flushed old metrics. Current buffer sizes: parsing=5084, documents=0

      at TelemetryCollector.flushMetrics (src/services/telemetry.ts:276:15)
          at Array.map (<anonymous>)

  console.log
    [TELEMETRY] Flushed old metrics. Current buffer sizes: parsing=5085, documents=0

      at TelemetryCollector.flushMetrics (src/services/telemetry.ts:276:15)
          at Array.map (<anonymous>)

  console.log
    [TELEMETRY] Flushed old metrics. Current buffer sizes: parsing=5086, documents=0

      at TelemetryCollector.flushMetrics (src/services/telemetry.ts:276:15)
          at Array.map (<anonymous>)

  console.log
    [TELEMETRY] Flushed old metrics. Current buffer sizes: parsing=5087, documents=0

      at TelemetryCollector.flushMetrics (src/services/telemetry.ts:276:15)
          at Array.map (<anonymous>)

  console.log
    [TELEMETRY] Flushed old metrics. Current buffer sizes: parsing=5088, documents=0

      at TelemetryCollector.flushMetrics (src/services/telemetry.ts:276:15)
          at Array.map (<anonymous>)

  console.log
    [TELEMETRY] Flushed old metrics. Current buffer sizes: parsing=5089, documents=0

      at TelemetryCollector.flushMetrics (src/services/telemetry.ts:276:15)
          at Array.map (<anonymous>)

  console.log
    [TELEMETRY] Flushed old metrics. Current buffer sizes: parsing=5090, documents=0

      at TelemetryCollector.flushMetrics (src/services/telemetry.ts:276:15)
          at Array.map (<anonymous>)

  console.log
    [TELEMETRY] Flushed old metrics. Current buffer sizes: parsing=5091, documents=0

      at TelemetryCollector.flushMetrics (src/services/telemetry.ts:276:15)
          at Array.map (<anonymous>)

  console.log
    [TELEMETRY] Flushed old metrics. Current buffer sizes: parsing=5092, documents=0

      at TelemetryCollector.flushMetrics (src/services/telemetry.ts:276:15)
          at Array.map (<anonymous>)

  console.log
    [TELEMETRY] Flushed old metrics. Current buffer sizes: parsing=5093, documents=0

      at TelemetryCollector.flushMetrics (src/services/telemetry.ts:276:15)
          at Array.map (<anonymous>)

  console.log
    [TELEMETRY] Flushed old metrics. Current buffer sizes: parsing=5094, documents=0

      at TelemetryCollector.flushMetrics (src/services/telemetry.ts:276:15)
          at Array.map (<anonymous>)

  console.log
    [TELEMETRY] Flushed old metrics. Current buffer sizes: parsing=5095, documents=0

      at TelemetryCollector.flushMetrics (src/services/telemetry.ts:276:15)
          at Array.map (<anonymous>)

  console.log
    [TELEMETRY] Flushed old metrics. Current buffer sizes: parsing=5096, documents=0

      at TelemetryCollector.flushMetrics (src/services/telemetry.ts:276:15)
          at Array.map (<anonymous>)

  console.log
    [TELEMETRY] Flushed old metrics. Current buffer sizes: parsing=5097, documents=0

      at TelemetryCollector.flushMetrics (src/services/telemetry.ts:276:15)
          at Array.map (<anonymous>)

  console.log
    [TELEMETRY] Flushed old metrics. Current buffer sizes: parsing=5098, documents=0

      at TelemetryCollector.flushMetrics (src/services/telemetry.ts:276:15)
          at Array.map (<anonymous>)

  console.log
    [TELEMETRY] Flushed old metrics. Current buffer sizes: parsing=5099, documents=0

      at TelemetryCollector.flushMetrics (src/services/telemetry.ts:276:15)
          at Array.map (<anonymous>)

  console.log
    [TELEMETRY] Flushed old metrics. Current buffer sizes: parsing=5100, documents=0

      at TelemetryCollector.flushMetrics (src/services/telemetry.ts:276:15)
          at Array.map (<anonymous>)

  console.log
    [TELEMETRY] Flushed old metrics. Current buffer sizes: parsing=5101, documents=0

      at TelemetryCollector.flushMetrics (src/services/telemetry.ts:276:15)
          at Array.map (<anonymous>)

  console.log
    [TELEMETRY] Flushed old metrics. Current buffer sizes: parsing=5102, documents=0

      at TelemetryCollector.flushMetrics (src/services/telemetry.ts:276:15)
          at Array.map (<anonymous>)

  console.log
    [TELEMETRY] Flushed old metrics. Current buffer sizes: parsing=5103, documents=0

      at TelemetryCollector.flushMetrics (src/services/telemetry.ts:276:15)
          at Array.map (<anonymous>)

  console.log
    [TELEMETRY] Flushed old metrics. Current buffer sizes: parsing=5104, documents=0

      at TelemetryCollector.flushMetrics (src/services/telemetry.ts:276:15)
          at Array.map (<anonymous>)

  console.log
    [TELEMETRY] Flushed old metrics. Current buffer sizes: parsing=5105, documents=0

      at TelemetryCollector.flushMetrics (src/services/telemetry.ts:276:15)
          at Array.map (<anonymous>)

  console.log
    [TELEMETRY] Flushed old metrics. Current buffer sizes: parsing=5106, documents=0

      at TelemetryCollector.flushMetrics (src/services/telemetry.ts:276:15)
          at Array.map (<anonymous>)

  console.log
    [TELEMETRY] Flushed old metrics. Current buffer sizes: parsing=5107, documents=0

      at TelemetryCollector.flushMetrics (src/services/telemetry.ts:276:15)
          at Array.map (<anonymous>)

  console.log
    [TELEMETRY] Flushed old metrics. Current buffer sizes: parsing=5108, documents=0

      at TelemetryCollector.flushMetrics (src/services/telemetry.ts:276:15)
          at Array.map (<anonymous>)

  console.log
    [TELEMETRY] Flushed old metrics. Current buffer sizes: parsing=5109, documents=0

      at TelemetryCollector.flushMetrics (src/services/telemetry.ts:276:15)
          at Array.map (<anonymous>)

  console.log
    [TELEMETRY] Flushed old metrics. Current buffer sizes: parsing=5110, documents=0

      at TelemetryCollector.flushMetrics (src/services/telemetry.ts:276:15)
          at Array.map (<anonymous>)

  console.log
    [TELEMETRY] Flushed old metrics. Current buffer sizes: parsing=5111, documents=0

      at TelemetryCollector.flushMetrics (src/services/telemetry.ts:276:15)
          at Array.map (<anonymous>)

  console.log
    [TELEMETRY] Flushed old metrics. Current buffer sizes: parsing=5112, documents=0

      at TelemetryCollector.flushMetrics (src/services/telemetry.ts:276:15)
          at Array.map (<anonymous>)

  console.log
    [TELEMETRY] Flushed old metrics. Current buffer sizes: parsing=5113, documents=0

      at TelemetryCollector.flushMetrics (src/services/telemetry.ts:276:15)
          at Array.map (<anonymous>)

  console.log
    [TELEMETRY] Flushed old metrics. Current buffer sizes: parsing=5114, documents=0

      at TelemetryCollector.flushMetrics (src/services/telemetry.ts:276:15)
          at Array.map (<anonymous>)

  console.log
    [TELEMETRY] Flushed old metrics. Current buffer sizes: parsing=5115, documents=0

      at TelemetryCollector.flushMetrics (src/services/telemetry.ts:276:15)
          at Array.map (<anonymous>)

  console.log
    [TELEMETRY] Flushed old metrics. Current buffer sizes: parsing=5116, documents=0

      at TelemetryCollector.flushMetrics (src/services/telemetry.ts:276:15)
          at Array.map (<anonymous>)

  console.log
    [TELEMETRY] Flushed old metrics. Current buffer sizes: parsing=5117, documents=0

      at TelemetryCollector.flushMetrics (src/services/telemetry.ts:276:15)
          at Array.map (<anonymous>)

  console.log
    [TELEMETRY] Flushed old metrics. Current buffer sizes: parsing=5118, documents=0

      at TelemetryCollector.flushMetrics (src/services/telemetry.ts:276:15)
          at Array.map (<anonymous>)

  console.log
    [TELEMETRY] Flushed old metrics. Current buffer sizes: parsing=5119, documents=0

      at TelemetryCollector.flushMetrics (src/services/telemetry.ts:276:15)
          at Array.map (<anonymous>)

  console.log
    [TELEMETRY] Flushed old metrics. Current buffer sizes: parsing=5120, documents=0

      at TelemetryCollector.flushMetrics (src/services/telemetry.ts:276:15)
          at Array.map (<anonymous>)

  console.log
    [TELEMETRY] Flushed old metrics. Current buffer sizes: parsing=5121, documents=0

      at TelemetryCollector.flushMetrics (src/services/telemetry.ts:276:15)
          at Array.map (<anonymous>)

  console.log
    [TELEMETRY] Flushed old metrics. Current buffer sizes: parsing=5122, documents=0

      at TelemetryCollector.flushMetrics (src/services/telemetry.ts:276:15)
          at Array.map (<anonymous>)

  console.log
    [TELEMETRY] Flushed old metrics. Current buffer sizes: parsing=5123, documents=0

      at TelemetryCollector.flushMetrics (src/services/telemetry.ts:276:15)
          at Array.map (<anonymous>)

  console.log
    [TELEMETRY] Flushed old metrics. Current buffer sizes: parsing=5124, documents=0

      at TelemetryCollector.flushMetrics (src/services/telemetry.ts:276:15)
          at Array.map (<anonymous>)

  console.log
    [TELEMETRY] Flushed old metrics. Current buffer sizes: parsing=5125, documents=0

      at TelemetryCollector.flushMetrics (src/services/telemetry.ts:276:15)
          at Array.map (<anonymous>)

  console.log
    [TELEMETRY] Flushed old metrics. Current buffer sizes: parsing=5126, documents=0

      at TelemetryCollector.flushMetrics (src/services/telemetry.ts:276:15)
          at Array.map (<anonymous>)

  console.log
    [TELEMETRY] Flushed old metrics. Current buffer sizes: parsing=5127, documents=0

      at TelemetryCollector.flushMetrics (src/services/telemetry.ts:276:15)
          at Array.map (<anonymous>)

  console.log
    [TELEMETRY] Flushed old metrics. Current buffer sizes: parsing=5128, documents=0

      at TelemetryCollector.flushMetrics (src/services/telemetry.ts:276:15)
          at Array.map (<anonymous>)

  console.log
    [TELEMETRY] Flushed old metrics. Current buffer sizes: parsing=5129, documents=0

      at TelemetryCollector.flushMetrics (src/services/telemetry.ts:276:15)
          at Array.map (<anonymous>)

  console.log
    [TELEMETRY] Flushed old metrics. Current buffer sizes: parsing=5130, documents=0

      at TelemetryCollector.flushMetrics (src/services/telemetry.ts:276:15)
          at Array.map (<anonymous>)

  console.log
    [TELEMETRY] Flushed old metrics. Current buffer sizes: parsing=5131, documents=0

      at TelemetryCollector.flushMetrics (src/services/telemetry.ts:276:15)
          at Array.map (<anonymous>)

  console.log
    [TELEMETRY] Flushed old metrics. Current buffer sizes: parsing=5132, documents=0

      at TelemetryCollector.flushMetrics (src/services/telemetry.ts:276:15)
          at Array.map (<anonymous>)

  console.log
    [TELEMETRY] Flushed old metrics. Current buffer sizes: parsing=5133, documents=0

      at TelemetryCollector.flushMetrics (src/services/telemetry.ts:276:15)
          at Array.map (<anonymous>)

  console.log
    [TELEMETRY] Flushed old metrics. Current buffer sizes: parsing=5134, documents=0

      at TelemetryCollector.flushMetrics (src/services/telemetry.ts:276:15)
          at Array.map (<anonymous>)

  console.log
    [TELEMETRY] Flushed old metrics. Current buffer sizes: parsing=5135, documents=0

      at TelemetryCollector.flushMetrics (src/services/telemetry.ts:276:15)
          at Array.map (<anonymous>)

  console.log
    [TELEMETRY] Flushed old metrics. Current buffer sizes: parsing=5136, documents=0

      at TelemetryCollector.flushMetrics (src/services/telemetry.ts:276:15)
          at Array.map (<anonymous>)

  console.log
    [TELEMETRY] Flushed old metrics. Current buffer sizes: parsing=5137, documents=0

      at TelemetryCollector.flushMetrics (src/services/telemetry.ts:276:15)
          at Array.map (<anonymous>)

  console.log
    [TELEMETRY] Flushed old metrics. Current buffer sizes: parsing=5138, documents=0

      at TelemetryCollector.flushMetrics (src/services/telemetry.ts:276:15)
          at Array.map (<anonymous>)

  console.log
    [TELEMETRY] Flushed old metrics. Current buffer sizes: parsing=5139, documents=0

      at TelemetryCollector.flushMetrics (src/services/telemetry.ts:276:15)
          at Array.map (<anonymous>)

  console.log
    [TELEMETRY] Flushed old metrics. Current buffer sizes: parsing=5140, documents=0

      at TelemetryCollector.flushMetrics (src/services/telemetry.ts:276:15)
          at Array.map (<anonymous>)

  console.log
    [TELEMETRY] Flushed old metrics. Current buffer sizes: parsing=5141, documents=0

      at TelemetryCollector.flushMetrics (src/services/telemetry.ts:276:15)
          at Array.map (<anonymous>)

  console.log
    [TELEMETRY] Flushed old metrics. Current buffer sizes: parsing=5142, documents=0

      at TelemetryCollector.flushMetrics (src/services/telemetry.ts:276:15)
          at Array.map (<anonymous>)

  console.log
    [TELEMETRY] Flushed old metrics. Current buffer sizes: parsing=5143, documents=0

      at TelemetryCollector.flushMetrics (src/services/telemetry.ts:276:15)
          at Array.map (<anonymous>)

  console.log
    [TELEMETRY] Flushed old metrics. Current buffer sizes: parsing=5144, documents=0

      at TelemetryCollector.flushMetrics (src/services/telemetry.ts:276:15)
          at Array.map (<anonymous>)

  console.log
    [TELEMETRY] Flushed old metrics. Current buffer sizes: parsing=5145, documents=0

      at TelemetryCollector.flushMetrics (src/services/telemetry.ts:276:15)
          at Array.map (<anonymous>)

  console.log
    [TELEMETRY] Flushed old metrics. Current buffer sizes: parsing=5146, documents=0

      at TelemetryCollector.flushMetrics (src/services/telemetry.ts:276:15)
          at Array.map (<anonymous>)

  console.log
    [TELEMETRY] Flushed old metrics. Current buffer sizes: parsing=5147, documents=0

      at TelemetryCollector.flushMetrics (src/services/telemetry.ts:276:15)
          at Array.map (<anonymous>)

  console.log
    [TELEMETRY] Flushed old metrics. Current buffer sizes: parsing=5148, documents=0

      at TelemetryCollector.flushMetrics (src/services/telemetry.ts:276:15)
          at Array.map (<anonymous>)

  console.log
    [TELEMETRY] Flushed old metrics. Current buffer sizes: parsing=5149, documents=0

      at TelemetryCollector.flushMetrics (src/services/telemetry.ts:276:15)
          at Array.map (<anonymous>)

  console.log
    [TELEMETRY] Flushed old metrics. Current buffer sizes: parsing=5150, documents=0

      at TelemetryCollector.flushMetrics (src/services/telemetry.ts:276:15)
          at Array.map (<anonymous>)

  console.log
    [TELEMETRY] Flushed old metrics. Current buffer sizes: parsing=5151, documents=0

      at TelemetryCollector.flushMetrics (src/services/telemetry.ts:276:15)
          at Array.map (<anonymous>)

  console.log
    [TELEMETRY] Flushed old metrics. Current buffer sizes: parsing=5152, documents=0

      at TelemetryCollector.flushMetrics (src/services/telemetry.ts:276:15)
          at Array.map (<anonymous>)

  console.log
    [TELEMETRY] Flushed old metrics. Current buffer sizes: parsing=5153, documents=0

      at TelemetryCollector.flushMetrics (src/services/telemetry.ts:276:15)
          at Array.map (<anonymous>)

  console.log
    [TELEMETRY] Flushed old metrics. Current buffer sizes: parsing=5154, documents=0

      at TelemetryCollector.flushMetrics (src/services/telemetry.ts:276:15)
          at Array.map (<anonymous>)

  console.log
    [TELEMETRY] Flushed old metrics. Current buffer sizes: parsing=5155, documents=0

      at TelemetryCollector.flushMetrics (src/services/telemetry.ts:276:15)
          at Array.map (<anonymous>)

  console.log
    [TELEMETRY] Flushed old metrics. Current buffer sizes: parsing=5156, documents=0

      at TelemetryCollector.flushMetrics (src/services/telemetry.ts:276:15)
          at Array.map (<anonymous>)

  console.log
    [TELEMETRY] Flushed old metrics. Current buffer sizes: parsing=5157, documents=0

      at TelemetryCollector.flushMetrics (src/services/telemetry.ts:276:15)
          at Array.map (<anonymous>)

  console.log
    [TELEMETRY] Flushed old metrics. Current buffer sizes: parsing=5158, documents=0

      at TelemetryCollector.flushMetrics (src/services/telemetry.ts:276:15)
          at Array.map (<anonymous>)

  console.log
    [TELEMETRY] Flushed old metrics. Current buffer sizes: parsing=5159, documents=0

      at TelemetryCollector.flushMetrics (src/services/telemetry.ts:276:15)
          at Array.map (<anonymous>)

  console.log
    [TELEMETRY] Flushed old metrics. Current buffer sizes: parsing=5160, documents=0

      at TelemetryCollector.flushMetrics (src/services/telemetry.ts:276:15)
          at Array.map (<anonymous>)

  console.log
    [TELEMETRY] Flushed old metrics. Current buffer sizes: parsing=5161, documents=0

      at TelemetryCollector.flushMetrics (src/services/telemetry.ts:276:15)
          at Array.map (<anonymous>)

  console.log
    [TELEMETRY] Flushed old metrics. Current buffer sizes: parsing=5162, documents=0

      at TelemetryCollector.flushMetrics (src/services/telemetry.ts:276:15)
          at Array.map (<anonymous>)

  console.log
    [TELEMETRY] Flushed old metrics. Current buffer sizes: parsing=5163, documents=0

      at TelemetryCollector.flushMetrics (src/services/telemetry.ts:276:15)
          at Array.map (<anonymous>)

  console.log
    [TELEMETRY] Flushed old metrics. Current buffer sizes: parsing=5164, documents=0

      at TelemetryCollector.flushMetrics (src/services/telemetry.ts:276:15)
          at Array.map (<anonymous>)

  console.log
    [TELEMETRY] Flushed old metrics. Current buffer sizes: parsing=5165, documents=0

      at TelemetryCollector.flushMetrics (src/services/telemetry.ts:276:15)
          at Array.map (<anonymous>)

  console.log
    [TELEMETRY] Flushed old metrics. Current buffer sizes: parsing=5166, documents=0

      at TelemetryCollector.flushMetrics (src/services/telemetry.ts:276:15)
          at Array.map (<anonymous>)

  console.log
    [TELEMETRY] Flushed old metrics. Current buffer sizes: parsing=5167, documents=0

      at TelemetryCollector.flushMetrics (src/services/telemetry.ts:276:15)
          at Array.map (<anonymous>)

  console.log
    [TELEMETRY] Flushed old metrics. Current buffer sizes: parsing=5168, documents=0

      at TelemetryCollector.flushMetrics (src/services/telemetry.ts:276:15)
          at Array.map (<anonymous>)

  console.log
    [TELEMETRY] Flushed old metrics. Current buffer sizes: parsing=5169, documents=0

      at TelemetryCollector.flushMetrics (src/services/telemetry.ts:276:15)
          at Array.map (<anonymous>)

  console.log
    [TELEMETRY] Flushed old metrics. Current buffer sizes: parsing=5170, documents=0

      at TelemetryCollector.flushMetrics (src/services/telemetry.ts:276:15)
          at Array.map (<anonymous>)

  console.log
    [TELEMETRY] Flushed old metrics. Current buffer sizes: parsing=5171, documents=0

      at TelemetryCollector.flushMetrics (src/services/telemetry.ts:276:15)
          at Array.map (<anonymous>)

  console.log
    [TELEMETRY] Flushed old metrics. Current buffer sizes: parsing=5172, documents=0

      at TelemetryCollector.flushMetrics (src/services/telemetry.ts:276:15)
          at Array.map (<anonymous>)

  console.log
    [TELEMETRY] Flushed old metrics. Current buffer sizes: parsing=5173, documents=0

      at TelemetryCollector.flushMetrics (src/services/telemetry.ts:276:15)
          at Array.map (<anonymous>)

  console.log
    [TELEMETRY] Flushed old metrics. Current buffer sizes: parsing=5174, documents=0

      at TelemetryCollector.flushMetrics (src/services/telemetry.ts:276:15)
          at Array.map (<anonymous>)

  console.log
    [TELEMETRY] Flushed old metrics. Current buffer sizes: parsing=5175, documents=0

      at TelemetryCollector.flushMetrics (src/services/telemetry.ts:276:15)
          at Array.map (<anonymous>)

  console.log
    [TELEMETRY] Flushed old metrics. Current buffer sizes: parsing=5176, documents=0

      at TelemetryCollector.flushMetrics (src/services/telemetry.ts:276:15)
          at Array.map (<anonymous>)

  console.log
    [TELEMETRY] Flushed old metrics. Current buffer sizes: parsing=5177, documents=0

      at TelemetryCollector.flushMetrics (src/services/telemetry.ts:276:15)
          at Array.map (<anonymous>)

  console.log
    [TELEMETRY] Flushed old metrics. Current buffer sizes: parsing=5178, documents=0

      at TelemetryCollector.flushMetrics (src/services/telemetry.ts:276:15)
          at Array.map (<anonymous>)

  console.log
    [TELEMETRY] Flushed old metrics. Current buffer sizes: parsing=5179, documents=0

      at TelemetryCollector.flushMetrics (src/services/telemetry.ts:276:15)
          at Array.map (<anonymous>)

  console.log
    [TELEMETRY] Flushed old metrics. Current buffer sizes: parsing=5180, documents=0

      at TelemetryCollector.flushMetrics (src/services/telemetry.ts:276:15)
          at Array.map (<anonymous>)

  console.log
    [TELEMETRY] Flushed old metrics. Current buffer sizes: parsing=5181, documents=0

      at TelemetryCollector.flushMetrics (src/services/telemetry.ts:276:15)
          at Array.map (<anonymous>)

  console.log
    [TELEMETRY] Flushed old metrics. Current buffer sizes: parsing=5182, documents=0

      at TelemetryCollector.flushMetrics (src/services/telemetry.ts:276:15)
          at Array.map (<anonymous>)

  console.log
    [TELEMETRY] Flushed old metrics. Current buffer sizes: parsing=5183, documents=0

      at TelemetryCollector.flushMetrics (src/services/telemetry.ts:276:15)
          at Array.map (<anonymous>)

  console.log
    [TELEMETRY] Flushed old metrics. Current buffer sizes: parsing=5184, documents=0

      at TelemetryCollector.flushMetrics (src/services/telemetry.ts:276:15)
          at Array.map (<anonymous>)

  console.log
    [TELEMETRY] Flushed old metrics. Current buffer sizes: parsing=5185, documents=0

      at TelemetryCollector.flushMetrics (src/services/telemetry.ts:276:15)
          at Array.map (<anonymous>)

  console.log
    [TELEMETRY] Flushed old metrics. Current buffer sizes: parsing=5186, documents=0

      at TelemetryCollector.flushMetrics (src/services/telemetry.ts:276:15)
          at Array.map (<anonymous>)

  console.log
    [TELEMETRY] Flushed old metrics. Current buffer sizes: parsing=5187, documents=0

      at TelemetryCollector.flushMetrics (src/services/telemetry.ts:276:15)
          at Array.map (<anonymous>)

  console.log
    [TELEMETRY] Flushed old metrics. Current buffer sizes: parsing=5188, documents=0

      at TelemetryCollector.flushMetrics (src/services/telemetry.ts:276:15)
          at Array.map (<anonymous>)

  console.log
    [TELEMETRY] Flushed old metrics. Current buffer sizes: parsing=5189, documents=0

      at TelemetryCollector.flushMetrics (src/services/telemetry.ts:276:15)
          at Array.map (<anonymous>)

  console.log
    [TELEMETRY] Flushed old metrics. Current buffer sizes: parsing=5190, documents=0

      at TelemetryCollector.flushMetrics (src/services/telemetry.ts:276:15)
          at Array.map (<anonymous>)

  console.log
    [TELEMETRY] Flushed old metrics. Current buffer sizes: parsing=5191, documents=0

      at TelemetryCollector.flushMetrics (src/services/telemetry.ts:276:15)
          at Array.map (<anonymous>)

  console.log
    [TELEMETRY] Flushed old metrics. Current buffer sizes: parsing=5192, documents=0

      at TelemetryCollector.flushMetrics (src/services/telemetry.ts:276:15)
          at Array.map (<anonymous>)

  console.log
    [TELEMETRY] Flushed old metrics. Current buffer sizes: parsing=5193, documents=0

      at TelemetryCollector.flushMetrics (src/services/telemetry.ts:276:15)
          at Array.map (<anonymous>)

  console.log
    [TELEMETRY] Flushed old metrics. Current buffer sizes: parsing=5194, documents=0

      at TelemetryCollector.flushMetrics (src/services/telemetry.ts:276:15)
          at Array.map (<anonymous>)

  console.log
    [TELEMETRY] Flushed old metrics. Current buffer sizes: parsing=5195, documents=0

      at TelemetryCollector.flushMetrics (src/services/telemetry.ts:276:15)
          at Array.map (<anonymous>)

  console.log
    [TELEMETRY] Flushed old metrics. Current buffer sizes: parsing=5196, documents=0

      at TelemetryCollector.flushMetrics (src/services/telemetry.ts:276:15)
          at Array.map (<anonymous>)

  console.log
    [TELEMETRY] Flushed old metrics. Current buffer sizes: parsing=5197, documents=0

      at TelemetryCollector.flushMetrics (src/services/telemetry.ts:276:15)
          at Array.map (<anonymous>)

  console.log
    [TELEMETRY] Flushed old metrics. Current buffer sizes: parsing=5198, documents=0

      at TelemetryCollector.flushMetrics (src/services/telemetry.ts:276:15)
          at Array.map (<anonymous>)

  console.log
    [TELEMETRY] Flushed old metrics. Current buffer sizes: parsing=5199, documents=0

      at TelemetryCollector.flushMetrics (src/services/telemetry.ts:276:15)
          at Array.map (<anonymous>)

  console.log
    [TELEMETRY] Flushed old metrics. Current buffer sizes: parsing=5200, documents=0

      at TelemetryCollector.flushMetrics (src/services/telemetry.ts:276:15)
          at Array.map (<anonymous>)

  console.log
    [TELEMETRY] Flushed old metrics. Current buffer sizes: parsing=5201, documents=0

      at TelemetryCollector.flushMetrics (src/services/telemetry.ts:276:15)
          at Array.map (<anonymous>)

  console.log
    [TELEMETRY] Flushed old metrics. Current buffer sizes: parsing=5202, documents=0

      at TelemetryCollector.flushMetrics (src/services/telemetry.ts:276:15)
          at Array.map (<anonymous>)

  console.log
    [TELEMETRY] Flushed old metrics. Current buffer sizes: parsing=5203, documents=0

      at TelemetryCollector.flushMetrics (src/services/telemetry.ts:276:15)
          at Array.map (<anonymous>)

  console.log
    [TELEMETRY] Flushed old metrics. Current buffer sizes: parsing=5204, documents=0

      at TelemetryCollector.flushMetrics (src/services/telemetry.ts:276:15)
          at Array.map (<anonymous>)

  console.log
    [TELEMETRY] Flushed old metrics. Current buffer sizes: parsing=5205, documents=0

      at TelemetryCollector.flushMetrics (src/services/telemetry.ts:276:15)
          at Array.map (<anonymous>)

  console.log
    [TELEMETRY] Flushed old metrics. Current buffer sizes: parsing=5206, documents=0

      at TelemetryCollector.flushMetrics (src/services/telemetry.ts:276:15)
          at Array.map (<anonymous>)

  console.log
    [TELEMETRY] Flushed old metrics. Current buffer sizes: parsing=5207, documents=0

      at TelemetryCollector.flushMetrics (src/services/telemetry.ts:276:15)
          at Array.map (<anonymous>)

  console.log
    [TELEMETRY] Flushed old metrics. Current buffer sizes: parsing=5208, documents=0

      at TelemetryCollector.flushMetrics (src/services/telemetry.ts:276:15)
          at Array.map (<anonymous>)

  console.log
    [TELEMETRY] Flushed old metrics. Current buffer sizes: parsing=5209, documents=0

      at TelemetryCollector.flushMetrics (src/services/telemetry.ts:276:15)
          at Array.map (<anonymous>)

  console.log
    [TELEMETRY] Flushed old metrics. Current buffer sizes: parsing=5210, documents=0

      at TelemetryCollector.flushMetrics (src/services/telemetry.ts:276:15)
          at Array.map (<anonymous>)

  console.log
    [TELEMETRY] Flushed old metrics. Current buffer sizes: parsing=5211, documents=0

      at TelemetryCollector.flushMetrics (src/services/telemetry.ts:276:15)
          at Array.map (<anonymous>)

  console.log
    [TELEMETRY] Flushed old metrics. Current buffer sizes: parsing=5212, documents=0

      at TelemetryCollector.flushMetrics (src/services/telemetry.ts:276:15)
          at Array.map (<anonymous>)

  console.log
    [TELEMETRY] Flushed old metrics. Current buffer sizes: parsing=5213, documents=0

      at TelemetryCollector.flushMetrics (src/services/telemetry.ts:276:15)
          at Array.map (<anonymous>)

  console.log
    [TELEMETRY] Flushed old metrics. Current buffer sizes: parsing=5214, documents=0

      at TelemetryCollector.flushMetrics (src/services/telemetry.ts:276:15)
          at Array.map (<anonymous>)

  console.log
    [TELEMETRY] Flushed old metrics. Current buffer sizes: parsing=5215, documents=0

      at TelemetryCollector.flushMetrics (src/services/telemetry.ts:276:15)
          at Array.map (<anonymous>)

  console.log
    [TELEMETRY] Flushed old metrics. Current buffer sizes: parsing=5216, documents=0

      at TelemetryCollector.flushMetrics (src/services/telemetry.ts:276:15)
          at Array.map (<anonymous>)

  console.log
    [TELEMETRY] Flushed old metrics. Current buffer sizes: parsing=5217, documents=0

      at TelemetryCollector.flushMetrics (src/services/telemetry.ts:276:15)
          at Array.map (<anonymous>)

  console.log
    [TELEMETRY] Flushed old metrics. Current buffer sizes: parsing=5218, documents=0

      at TelemetryCollector.flushMetrics (src/services/telemetry.ts:276:15)
          at Array.map (<anonymous>)

  console.log
    [TELEMETRY] Flushed old metrics. Current buffer sizes: parsing=5219, documents=0

      at TelemetryCollector.flushMetrics (src/services/telemetry.ts:276:15)
          at Array.map (<anonymous>)

  console.log
    [TELEMETRY] Flushed old metrics. Current buffer sizes: parsing=5220, documents=0

      at TelemetryCollector.flushMetrics (src/services/telemetry.ts:276:15)
          at Array.map (<anonymous>)

  console.log
    [TELEMETRY] Flushed old metrics. Current buffer sizes: parsing=5221, documents=0

      at TelemetryCollector.flushMetrics (src/services/telemetry.ts:276:15)
          at Array.map (<anonymous>)

  console.log
    [TELEMETRY] Flushed old metrics. Current buffer sizes: parsing=5222, documents=0

      at TelemetryCollector.flushMetrics (src/services/telemetry.ts:276:15)
          at Array.map (<anonymous>)

  console.log
    [TELEMETRY] Flushed old metrics. Current buffer sizes: parsing=5223, documents=0

      at TelemetryCollector.flushMetrics (src/services/telemetry.ts:276:15)
          at Array.map (<anonymous>)

  console.log
    [TELEMETRY] Flushed old metrics. Current buffer sizes: parsing=5224, documents=0

      at TelemetryCollector.flushMetrics (src/services/telemetry.ts:276:15)
          at Array.map (<anonymous>)

  console.log
    [TELEMETRY] Flushed old metrics. Current buffer sizes: parsing=5225, documents=0

      at TelemetryCollector.flushMetrics (src/services/telemetry.ts:276:15)
          at Array.map (<anonymous>)

  console.log
    [TELEMETRY] Flushed old metrics. Current buffer sizes: parsing=5226, documents=0

      at TelemetryCollector.flushMetrics (src/services/telemetry.ts:276:15)
          at Array.map (<anonymous>)

  console.log
    [TELEMETRY] Flushed old metrics. Current buffer sizes: parsing=5227, documents=0

      at TelemetryCollector.flushMetrics (src/services/telemetry.ts:276:15)
          at Array.map (<anonymous>)

  console.log
    [TELEMETRY] Flushed old metrics. Current buffer sizes: parsing=5228, documents=0

      at TelemetryCollector.flushMetrics (src/services/telemetry.ts:276:15)
          at Array.map (<anonymous>)

  console.log
    [TELEMETRY] Flushed old metrics. Current buffer sizes: parsing=5229, documents=0

      at TelemetryCollector.flushMetrics (src/services/telemetry.ts:276:15)
          at Array.map (<anonymous>)

  console.log
    [TELEMETRY] Flushed old metrics. Current buffer sizes: parsing=5230, documents=0

      at TelemetryCollector.flushMetrics (src/services/telemetry.ts:276:15)
          at Array.map (<anonymous>)

  console.log
    [TELEMETRY] Flushed old metrics. Current buffer sizes: parsing=5231, documents=0

      at TelemetryCollector.flushMetrics (src/services/telemetry.ts:276:15)
          at Array.map (<anonymous>)

  console.log
    [TELEMETRY] Flushed old metrics. Current buffer sizes: parsing=5232, documents=0

      at TelemetryCollector.flushMetrics (src/services/telemetry.ts:276:15)
          at Array.map (<anonymous>)

  console.log
    [TELEMETRY] Flushed old metrics. Current buffer sizes: parsing=5233, documents=0

      at TelemetryCollector.flushMetrics (src/services/telemetry.ts:276:15)
          at Array.map (<anonymous>)

  console.log
    [TELEMETRY] Flushed old metrics. Current buffer sizes: parsing=5234, documents=0

      at TelemetryCollector.flushMetrics (src/services/telemetry.ts:276:15)
          at Array.map (<anonymous>)

  console.log
    [TELEMETRY] Flushed old metrics. Current buffer sizes: parsing=5235, documents=0

      at TelemetryCollector.flushMetrics (src/services/telemetry.ts:276:15)
          at Array.map (<anonymous>)

  console.log
    [TELEMETRY] Flushed old metrics. Current buffer sizes: parsing=5236, documents=0

      at TelemetryCollector.flushMetrics (src/services/telemetry.ts:276:15)
          at Array.map (<anonymous>)

  console.log
    [TELEMETRY] Flushed old metrics. Current buffer sizes: parsing=5237, documents=0

      at TelemetryCollector.flushMetrics (src/services/telemetry.ts:276:15)
          at Array.map (<anonymous>)

  console.log
    [TELEMETRY] Flushed old metrics. Current buffer sizes: parsing=5238, documents=0

      at TelemetryCollector.flushMetrics (src/services/telemetry.ts:276:15)
          at Array.map (<anonymous>)

  console.log
    [TELEMETRY] Flushed old metrics. Current buffer sizes: parsing=5239, documents=0

      at TelemetryCollector.flushMetrics (src/services/telemetry.ts:276:15)
          at Array.map (<anonymous>)

  console.log
    [TELEMETRY] Flushed old metrics. Current buffer sizes: parsing=5240, documents=0

      at TelemetryCollector.flushMetrics (src/services/telemetry.ts:276:15)
          at Array.map (<anonymous>)

  console.log
    [TELEMETRY] Flushed old metrics. Current buffer sizes: parsing=5241, documents=0

      at TelemetryCollector.flushMetrics (src/services/telemetry.ts:276:15)
          at Array.map (<anonymous>)

  console.log
    [TELEMETRY] Flushed old metrics. Current buffer sizes: parsing=5242, documents=0

      at TelemetryCollector.flushMetrics (src/services/telemetry.ts:276:15)
          at Array.map (<anonymous>)

  console.log
    [TELEMETRY] Flushed old metrics. Current buffer sizes: parsing=5243, documents=0

      at TelemetryCollector.flushMetrics (src/services/telemetry.ts:276:15)
          at Array.map (<anonymous>)

  console.log
    [TELEMETRY] Flushed old metrics. Current buffer sizes: parsing=5244, documents=0

      at TelemetryCollector.flushMetrics (src/services/telemetry.ts:276:15)
          at Array.map (<anonymous>)

  console.log
    [TELEMETRY] Flushed old metrics. Current buffer sizes: parsing=5245, documents=0

      at TelemetryCollector.flushMetrics (src/services/telemetry.ts:276:15)
          at Array.map (<anonymous>)

  console.log
    [TELEMETRY] Flushed old metrics. Current buffer sizes: parsing=5246, documents=0

      at TelemetryCollector.flushMetrics (src/services/telemetry.ts:276:15)
          at Array.map (<anonymous>)

  console.log
    [TELEMETRY] Flushed old metrics. Current buffer sizes: parsing=5247, documents=0

      at TelemetryCollector.flushMetrics (src/services/telemetry.ts:276:15)
          at Array.map (<anonymous>)

  console.log
    [TELEMETRY] Flushed old metrics. Current buffer sizes: parsing=5248, documents=0

      at TelemetryCollector.flushMetrics (src/services/telemetry.ts:276:15)
          at Array.map (<anonymous>)

  console.log
    [TELEMETRY] Flushed old metrics. Current buffer sizes: parsing=5249, documents=0

      at TelemetryCollector.flushMetrics (src/services/telemetry.ts:276:15)
          at Array.map (<anonymous>)

  console.log
    [TELEMETRY] Flushed old metrics. Current buffer sizes: parsing=5250, documents=0

      at TelemetryCollector.flushMetrics (src/services/telemetry.ts:276:15)
          at Array.map (<anonymous>)

  console.log
    [TELEMETRY] Flushed old metrics. Current buffer sizes: parsing=5251, documents=0

      at TelemetryCollector.flushMetrics (src/services/telemetry.ts:276:15)
          at Array.map (<anonymous>)

  console.log
    [TELEMETRY] Flushed old metrics. Current buffer sizes: parsing=5252, documents=0

      at TelemetryCollector.flushMetrics (src/services/telemetry.ts:276:15)
          at Array.map (<anonymous>)

  console.log
    [TELEMETRY] Flushed old metrics. Current buffer sizes: parsing=5253, documents=0

      at TelemetryCollector.flushMetrics (src/services/telemetry.ts:276:15)
          at Array.map (<anonymous>)

  console.log
    [TELEMETRY] Flushed old metrics. Current buffer sizes: parsing=5254, documents=0

      at TelemetryCollector.flushMetrics (src/services/telemetry.ts:276:15)
          at Array.map (<anonymous>)

  console.log
    [TELEMETRY] Flushed old metrics. Current buffer sizes: parsing=5255, documents=0

      at TelemetryCollector.flushMetrics (src/services/telemetry.ts:276:15)
          at Array.map (<anonymous>)

  console.log
    [TELEMETRY] Flushed old metrics. Current buffer sizes: parsing=5256, documents=0

      at TelemetryCollector.flushMetrics (src/services/telemetry.ts:276:15)
          at Array.map (<anonymous>)

  console.log
    [TELEMETRY] Flushed old metrics. Current buffer sizes: parsing=5257, documents=0

      at TelemetryCollector.flushMetrics (src/services/telemetry.ts:276:15)
          at Array.map (<anonymous>)

  console.log
    [TELEMETRY] Flushed old metrics. Current buffer sizes: parsing=5258, documents=0

      at TelemetryCollector.flushMetrics (src/services/telemetry.ts:276:15)
          at Array.map (<anonymous>)

  console.log
    [TELEMETRY] Flushed old metrics. Current buffer sizes: parsing=5259, documents=0

      at TelemetryCollector.flushMetrics (src/services/telemetry.ts:276:15)
          at Array.map (<anonymous>)

  console.log
    [TELEMETRY] Flushed old metrics. Current buffer sizes: parsing=5260, documents=0

      at TelemetryCollector.flushMetrics (src/services/telemetry.ts:276:15)
          at Array.map (<anonymous>)

  console.log
    [TELEMETRY] Flushed old metrics. Current buffer sizes: parsing=5261, documents=0

      at TelemetryCollector.flushMetrics (src/services/telemetry.ts:276:15)
          at Array.map (<anonymous>)

  console.log
    [TELEMETRY] Flushed old metrics. Current buffer sizes: parsing=5262, documents=0

      at TelemetryCollector.flushMetrics (src/services/telemetry.ts:276:15)
          at Array.map (<anonymous>)

  console.log
    [TELEMETRY] Flushed old metrics. Current buffer sizes: parsing=5263, documents=0

      at TelemetryCollector.flushMetrics (src/services/telemetry.ts:276:15)
          at Array.map (<anonymous>)

  console.log
    [TELEMETRY] Flushed old metrics. Current buffer sizes: parsing=5264, documents=0

      at TelemetryCollector.flushMetrics (src/services/telemetry.ts:276:15)
          at Array.map (<anonymous>)

  console.log
    [TELEMETRY] Flushed old metrics. Current buffer sizes: parsing=5265, documents=0

      at TelemetryCollector.flushMetrics (src/services/telemetry.ts:276:15)
          at Array.map (<anonymous>)

  console.log
    [TELEMETRY] Flushed old metrics. Current buffer sizes: parsing=5266, documents=0

      at TelemetryCollector.flushMetrics (src/services/telemetry.ts:276:15)
          at Array.map (<anonymous>)

  console.log
    [TELEMETRY] Flushed old metrics. Current buffer sizes: parsing=5267, documents=0

      at TelemetryCollector.flushMetrics (src/services/telemetry.ts:276:15)
          at Array.map (<anonymous>)

  console.log
    [TELEMETRY] Flushed old metrics. Current buffer sizes: parsing=5268, documents=0

      at TelemetryCollector.flushMetrics (src/services/telemetry.ts:276:15)
          at Array.map (<anonymous>)

  console.log
    [TELEMETRY] Flushed old metrics. Current buffer sizes: parsing=5269, documents=0

      at TelemetryCollector.flushMetrics (src/services/telemetry.ts:276:15)
          at Array.map (<anonymous>)

  console.log
    [TELEMETRY] Flushed old metrics. Current buffer sizes: parsing=5270, documents=0

      at TelemetryCollector.flushMetrics (src/services/telemetry.ts:276:15)
          at Array.map (<anonymous>)

  console.log
    [TELEMETRY] Flushed old metrics. Current buffer sizes: parsing=5271, documents=0

      at TelemetryCollector.flushMetrics (src/services/telemetry.ts:276:15)
          at Array.map (<anonymous>)

  console.log
    [TELEMETRY] Flushed old metrics. Current buffer sizes: parsing=5272, documents=0

      at TelemetryCollector.flushMetrics (src/services/telemetry.ts:276:15)
          at Array.map (<anonymous>)

  console.log
    [TELEMETRY] Flushed old metrics. Current buffer sizes: parsing=5273, documents=0

      at TelemetryCollector.flushMetrics (src/services/telemetry.ts:276:15)
          at Array.map (<anonymous>)

  console.log
    [TELEMETRY] Flushed old metrics. Current buffer sizes: parsing=5274, documents=0

      at TelemetryCollector.flushMetrics (src/services/telemetry.ts:276:15)
          at Array.map (<anonymous>)

  console.log
    [TELEMETRY] Flushed old metrics. Current buffer sizes: parsing=5275, documents=0

      at TelemetryCollector.flushMetrics (src/services/telemetry.ts:276:15)
          at Array.map (<anonymous>)

  console.log
    [TELEMETRY] Flushed old metrics. Current buffer sizes: parsing=5276, documents=0

      at TelemetryCollector.flushMetrics (src/services/telemetry.ts:276:15)
          at Array.map (<anonymous>)

  console.log
    [TELEMETRY] Flushed old metrics. Current buffer sizes: parsing=5277, documents=0

      at TelemetryCollector.flushMetrics (src/services/telemetry.ts:276:15)
          at Array.map (<anonymous>)

  console.log
    [TELEMETRY] Flushed old metrics. Current buffer sizes: parsing=5278, documents=0

      at TelemetryCollector.flushMetrics (src/services/telemetry.ts:276:15)
          at Array.map (<anonymous>)

  console.log
    [TELEMETRY] Flushed old metrics. Current buffer sizes: parsing=5279, documents=0

      at TelemetryCollector.flushMetrics (src/services/telemetry.ts:276:15)
          at Array.map (<anonymous>)

  console.log
    [TELEMETRY] Flushed old metrics. Current buffer sizes: parsing=5280, documents=0

      at TelemetryCollector.flushMetrics (src/services/telemetry.ts:276:15)
          at Array.map (<anonymous>)

  console.log
    [TELEMETRY] Flushed old metrics. Current buffer sizes: parsing=5281, documents=0

      at TelemetryCollector.flushMetrics (src/services/telemetry.ts:276:15)
          at Array.map (<anonymous>)

  console.log
    [TELEMETRY] Flushed old metrics. Current buffer sizes: parsing=5282, documents=0

      at TelemetryCollector.flushMetrics (src/services/telemetry.ts:276:15)
          at Array.map (<anonymous>)

  console.log
    [TELEMETRY] Flushed old metrics. Current buffer sizes: parsing=5283, documents=0

      at TelemetryCollector.flushMetrics (src/services/telemetry.ts:276:15)
          at Array.map (<anonymous>)

  console.log
    [TELEMETRY] Flushed old metrics. Current buffer sizes: parsing=5284, documents=0

      at TelemetryCollector.flushMetrics (src/services/telemetry.ts:276:15)
          at Array.map (<anonymous>)

  console.log
    [TELEMETRY] Flushed old metrics. Current buffer sizes: parsing=5285, documents=0

      at TelemetryCollector.flushMetrics (src/services/telemetry.ts:276:15)
          at Array.map (<anonymous>)

  console.log
    [TELEMETRY] Flushed old metrics. Current buffer sizes: parsing=5286, documents=0

      at TelemetryCollector.flushMetrics (src/services/telemetry.ts:276:15)
          at Array.map (<anonymous>)

  console.log
    [TELEMETRY] Flushed old metrics. Current buffer sizes: parsing=5287, documents=0

      at TelemetryCollector.flushMetrics (src/services/telemetry.ts:276:15)
          at Array.map (<anonymous>)

  console.log
    [TELEMETRY] Flushed old metrics. Current buffer sizes: parsing=5288, documents=0

      at TelemetryCollector.flushMetrics (src/services/telemetry.ts:276:15)
          at Array.map (<anonymous>)

  console.log
    [TELEMETRY] Flushed old metrics. Current buffer sizes: parsing=5289, documents=0

      at TelemetryCollector.flushMetrics (src/services/telemetry.ts:276:15)
          at Array.map (<anonymous>)

  console.log
    [TELEMETRY] Flushed old metrics. Current buffer sizes: parsing=5290, documents=0

      at TelemetryCollector.flushMetrics (src/services/telemetry.ts:276:15)
          at Array.map (<anonymous>)

  console.log
    [TELEMETRY] Flushed old metrics. Current buffer sizes: parsing=5291, documents=0

      at TelemetryCollector.flushMetrics (src/services/telemetry.ts:276:15)
          at Array.map (<anonymous>)

  console.log
    [TELEMETRY] Flushed old metrics. Current buffer sizes: parsing=5292, documents=0

      at TelemetryCollector.flushMetrics (src/services/telemetry.ts:276:15)
          at Array.map (<anonymous>)

  console.log
    [TELEMETRY] Flushed old metrics. Current buffer sizes: parsing=5293, documents=0

      at TelemetryCollector.flushMetrics (src/services/telemetry.ts:276:15)
          at Array.map (<anonymous>)

  console.log
    [TELEMETRY] Flushed old metrics. Current buffer sizes: parsing=5294, documents=0

      at TelemetryCollector.flushMetrics (src/services/telemetry.ts:276:15)
          at Array.map (<anonymous>)

  console.log
    [TELEMETRY] Flushed old metrics. Current buffer sizes: parsing=5295, documents=0

      at TelemetryCollector.flushMetrics (src/services/telemetry.ts:276:15)
          at Array.map (<anonymous>)

  console.log
    [TELEMETRY] Flushed old metrics. Current buffer sizes: parsing=5296, documents=0

      at TelemetryCollector.flushMetrics (src/services/telemetry.ts:276:15)
          at Array.map (<anonymous>)

  console.log
    [TELEMETRY] Flushed old metrics. Current buffer sizes: parsing=5297, documents=0

      at TelemetryCollector.flushMetrics (src/services/telemetry.ts:276:15)
          at Array.map (<anonymous>)

  console.log
    [TELEMETRY] Flushed old metrics. Current buffer sizes: parsing=5298, documents=0

      at TelemetryCollector.flushMetrics (src/services/telemetry.ts:276:15)
          at Array.map (<anonymous>)

  console.log
    [TELEMETRY] Flushed old metrics. Current buffer sizes: parsing=5299, documents=0

      at TelemetryCollector.flushMetrics (src/services/telemetry.ts:276:15)
          at Array.map (<anonymous>)

  console.log
    [TELEMETRY] Flushed old metrics. Current buffer sizes: parsing=5300, documents=0

      at TelemetryCollector.flushMetrics (src/services/telemetry.ts:276:15)
          at Array.map (<anonymous>)

  console.log
    [TELEMETRY] Flushed old metrics. Current buffer sizes: parsing=5301, documents=0

      at TelemetryCollector.flushMetrics (src/services/telemetry.ts:276:15)
          at Array.map (<anonymous>)

  console.log
    [TELEMETRY] Flushed old metrics. Current buffer sizes: parsing=5302, documents=0

      at TelemetryCollector.flushMetrics (src/services/telemetry.ts:276:15)
          at Array.map (<anonymous>)

  console.log
    [TELEMETRY] Flushed old metrics. Current buffer sizes: parsing=5303, documents=0

      at TelemetryCollector.flushMetrics (src/services/telemetry.ts:276:15)
          at Array.map (<anonymous>)

  console.log
    [TELEMETRY] Flushed old metrics. Current buffer sizes: parsing=5304, documents=0

      at TelemetryCollector.flushMetrics (src/services/telemetry.ts:276:15)
          at Array.map (<anonymous>)

  console.log
    [TELEMETRY] Flushed old metrics. Current buffer sizes: parsing=5305, documents=0

      at TelemetryCollector.flushMetrics (src/services/telemetry.ts:276:15)
          at Array.map (<anonymous>)

  console.log
    [TELEMETRY] Flushed old metrics. Current buffer sizes: parsing=5306, documents=0

      at TelemetryCollector.flushMetrics (src/services/telemetry.ts:276:15)
          at Array.map (<anonymous>)

  console.log
    [TELEMETRY] Flushed old metrics. Current buffer sizes: parsing=5307, documents=0

      at TelemetryCollector.flushMetrics (src/services/telemetry.ts:276:15)
          at Array.map (<anonymous>)

  console.log
    [TELEMETRY] Flushed old metrics. Current buffer sizes: parsing=5308, documents=0

      at TelemetryCollector.flushMetrics (src/services/telemetry.ts:276:15)
          at Array.map (<anonymous>)

  console.log
    [TELEMETRY] Flushed old metrics. Current buffer sizes: parsing=5309, documents=0

      at TelemetryCollector.flushMetrics (src/services/telemetry.ts:276:15)
          at Array.map (<anonymous>)

  console.log
    [TELEMETRY] Flushed old metrics. Current buffer sizes: parsing=5310, documents=0

      at TelemetryCollector.flushMetrics (src/services/telemetry.ts:276:15)
          at Array.map (<anonymous>)

  console.log
    [TELEMETRY] Flushed old metrics. Current buffer sizes: parsing=5311, documents=0

      at TelemetryCollector.flushMetrics (src/services/telemetry.ts:276:15)
          at Array.map (<anonymous>)

  console.log
    [TELEMETRY] Flushed old metrics. Current buffer sizes: parsing=5312, documents=0

      at TelemetryCollector.flushMetrics (src/services/telemetry.ts:276:15)
          at Array.map (<anonymous>)

  console.log
    [TELEMETRY] Flushed old metrics. Current buffer sizes: parsing=5313, documents=0

      at TelemetryCollector.flushMetrics (src/services/telemetry.ts:276:15)
          at Array.map (<anonymous>)

  console.log
    [TELEMETRY] Flushed old metrics. Current buffer sizes: parsing=5314, documents=0

      at TelemetryCollector.flushMetrics (src/services/telemetry.ts:276:15)
          at Array.map (<anonymous>)

  console.log
    [TELEMETRY] Flushed old metrics. Current buffer sizes: parsing=5315, documents=0

      at TelemetryCollector.flushMetrics (src/services/telemetry.ts:276:15)
          at Array.map (<anonymous>)

  console.log
    [TELEMETRY] Flushed old metrics. Current buffer sizes: parsing=5316, documents=0

      at TelemetryCollector.flushMetrics (src/services/telemetry.ts:276:15)
          at Array.map (<anonymous>)

  console.log
    [TELEMETRY] Flushed old metrics. Current buffer sizes: parsing=5317, documents=0

      at TelemetryCollector.flushMetrics (src/services/telemetry.ts:276:15)
          at Array.map (<anonymous>)

  console.log
    [TELEMETRY] Flushed old metrics. Current buffer sizes: parsing=5318, documents=0

      at TelemetryCollector.flushMetrics (src/services/telemetry.ts:276:15)
          at Array.map (<anonymous>)

  console.log
    [TELEMETRY] Flushed old metrics. Current buffer sizes: parsing=5319, documents=0

      at TelemetryCollector.flushMetrics (src/services/telemetry.ts:276:15)
          at Array.map (<anonymous>)

  console.log
    [TELEMETRY] Flushed old metrics. Current buffer sizes: parsing=5320, documents=0

      at TelemetryCollector.flushMetrics (src/services/telemetry.ts:276:15)
          at Array.map (<anonymous>)

  console.log
    [TELEMETRY] Flushed old metrics. Current buffer sizes: parsing=5321, documents=0

      at TelemetryCollector.flushMetrics (src/services/telemetry.ts:276:15)
          at Array.map (<anonymous>)

  console.log
    [TELEMETRY] Flushed old metrics. Current buffer sizes: parsing=5322, documents=0

      at TelemetryCollector.flushMetrics (src/services/telemetry.ts:276:15)
          at Array.map (<anonymous>)

  console.log
    [TELEMETRY] Flushed old metrics. Current buffer sizes: parsing=5323, documents=0

      at TelemetryCollector.flushMetrics (src/services/telemetry.ts:276:15)
          at Array.map (<anonymous>)

  console.log
    [TELEMETRY] Flushed old metrics. Current buffer sizes: parsing=5324, documents=0

      at TelemetryCollector.flushMetrics (src/services/telemetry.ts:276:15)
          at Array.map (<anonymous>)

  console.log
    [TELEMETRY] Flushed old metrics. Current buffer sizes: parsing=5325, documents=0

      at TelemetryCollector.flushMetrics (src/services/telemetry.ts:276:15)
          at Array.map (<anonymous>)

  console.log
    [TELEMETRY] Flushed old metrics. Current buffer sizes: parsing=5326, documents=0

      at TelemetryCollector.flushMetrics (src/services/telemetry.ts:276:15)
          at Array.map (<anonymous>)

  console.log
    [TELEMETRY] Flushed old metrics. Current buffer sizes: parsing=5327, documents=0

      at TelemetryCollector.flushMetrics (src/services/telemetry.ts:276:15)
          at Array.map (<anonymous>)

  console.log
    [TELEMETRY] Flushed old metrics. Current buffer sizes: parsing=5328, documents=0

      at TelemetryCollector.flushMetrics (src/services/telemetry.ts:276:15)
          at Array.map (<anonymous>)

  console.log
    [TELEMETRY] Flushed old metrics. Current buffer sizes: parsing=5329, documents=0

      at TelemetryCollector.flushMetrics (src/services/telemetry.ts:276:15)
          at Array.map (<anonymous>)

  console.log
    [TELEMETRY] Flushed old metrics. Current buffer sizes: parsing=5330, documents=0

      at TelemetryCollector.flushMetrics (src/services/telemetry.ts:276:15)
          at Array.map (<anonymous>)

  console.log
    [TELEMETRY] Flushed old metrics. Current buffer sizes: parsing=5331, documents=0

      at TelemetryCollector.flushMetrics (src/services/telemetry.ts:276:15)
          at Array.map (<anonymous>)

  console.log
    [TELEMETRY] Flushed old metrics. Current buffer sizes: parsing=5332, documents=0

      at TelemetryCollector.flushMetrics (src/services/telemetry.ts:276:15)
          at Array.map (<anonymous>)

  console.log
    [TELEMETRY] Flushed old metrics. Current buffer sizes: parsing=5333, documents=0

      at TelemetryCollector.flushMetrics (src/services/telemetry.ts:276:15)
          at Array.map (<anonymous>)

  console.log
    [TELEMETRY] Flushed old metrics. Current buffer sizes: parsing=5334, documents=0

      at TelemetryCollector.flushMetrics (src/services/telemetry.ts:276:15)
          at Array.map (<anonymous>)

  console.log
    [TELEMETRY] Flushed old metrics. Current buffer sizes: parsing=5335, documents=0

      at TelemetryCollector.flushMetrics (src/services/telemetry.ts:276:15)
          at Array.map (<anonymous>)

  console.log
    [TELEMETRY] Flushed old metrics. Current buffer sizes: parsing=5336, documents=0

      at TelemetryCollector.flushMetrics (src/services/telemetry.ts:276:15)
          at Array.map (<anonymous>)

  console.log
    [TELEMETRY] Flushed old metrics. Current buffer sizes: parsing=5337, documents=0

      at TelemetryCollector.flushMetrics (src/services/telemetry.ts:276:15)
          at Array.map (<anonymous>)

  console.log
    [TELEMETRY] Flushed old metrics. Current buffer sizes: parsing=5338, documents=0

      at TelemetryCollector.flushMetrics (src/services/telemetry.ts:276:15)
          at Array.map (<anonymous>)

  console.log
    [TELEMETRY] Flushed old metrics. Current buffer sizes: parsing=5339, documents=0

      at TelemetryCollector.flushMetrics (src/services/telemetry.ts:276:15)
          at Array.map (<anonymous>)

  console.log
    [TELEMETRY] Flushed old metrics. Current buffer sizes: parsing=5340, documents=0

      at TelemetryCollector.flushMetrics (src/services/telemetry.ts:276:15)
          at Array.map (<anonymous>)

  console.log
    [TELEMETRY] Flushed old metrics. Current buffer sizes: parsing=5341, documents=0

      at TelemetryCollector.flushMetrics (src/services/telemetry.ts:276:15)
          at Array.map (<anonymous>)

  console.log
    [TELEMETRY] Flushed old metrics. Current buffer sizes: parsing=5342, documents=0

      at TelemetryCollector.flushMetrics (src/services/telemetry.ts:276:15)
          at Array.map (<anonymous>)

  console.log
    [TELEMETRY] Flushed old metrics. Current buffer sizes: parsing=5343, documents=0

      at TelemetryCollector.flushMetrics (src/services/telemetry.ts:276:15)
          at Array.map (<anonymous>)

  console.log
    [TELEMETRY] Flushed old metrics. Current buffer sizes: parsing=5344, documents=0

      at TelemetryCollector.flushMetrics (src/services/telemetry.ts:276:15)
          at Array.map (<anonymous>)

  console.log
    [TELEMETRY] Flushed old metrics. Current buffer sizes: parsing=5345, documents=0

      at TelemetryCollector.flushMetrics (src/services/telemetry.ts:276:15)
          at Array.map (<anonymous>)

  console.log
    [TELEMETRY] Flushed old metrics. Current buffer sizes: parsing=5346, documents=0

      at TelemetryCollector.flushMetrics (src/services/telemetry.ts:276:15)
          at Array.map (<anonymous>)

  console.log
    [TELEMETRY] Flushed old metrics. Current buffer sizes: parsing=5347, documents=0

      at TelemetryCollector.flushMetrics (src/services/telemetry.ts:276:15)
          at Array.map (<anonymous>)

  console.log
    [TELEMETRY] Flushed old metrics. Current buffer sizes: parsing=5348, documents=0

      at TelemetryCollector.flushMetrics (src/services/telemetry.ts:276:15)
          at Array.map (<anonymous>)

  console.log
    [TELEMETRY] Flushed old metrics. Current buffer sizes: parsing=5349, documents=0

      at TelemetryCollector.flushMetrics (src/services/telemetry.ts:276:15)
          at Array.map (<anonymous>)

  console.log
    [TELEMETRY] Flushed old metrics. Current buffer sizes: parsing=5350, documents=0

      at TelemetryCollector.flushMetrics (src/services/telemetry.ts:276:15)
          at Array.map (<anonymous>)

  console.log
    [TELEMETRY] Flushed old metrics. Current buffer sizes: parsing=5351, documents=0

      at TelemetryCollector.flushMetrics (src/services/telemetry.ts:276:15)
          at Array.map (<anonymous>)

  console.log
    [TELEMETRY] Flushed old metrics. Current buffer sizes: parsing=5352, documents=0

      at TelemetryCollector.flushMetrics (src/services/telemetry.ts:276:15)
          at Array.map (<anonymous>)

  console.log
    [TELEMETRY] Flushed old metrics. Current buffer sizes: parsing=5353, documents=0

      at TelemetryCollector.flushMetrics (src/services/telemetry.ts:276:15)
          at Array.map (<anonymous>)

  console.log
    [TELEMETRY] Flushed old metrics. Current buffer sizes: parsing=5354, documents=0

      at TelemetryCollector.flushMetrics (src/services/telemetry.ts:276:15)
          at Array.map (<anonymous>)

  console.log
    [TELEMETRY] Flushed old metrics. Current buffer sizes: parsing=5355, documents=0

      at TelemetryCollector.flushMetrics (src/services/telemetry.ts:276:15)
          at Array.map (<anonymous>)

  console.log
    [TELEMETRY] Flushed old metrics. Current buffer sizes: parsing=5356, documents=0

      at TelemetryCollector.flushMetrics (src/services/telemetry.ts:276:15)
          at Array.map (<anonymous>)

  console.log
    [TELEMETRY] Flushed old metrics. Current buffer sizes: parsing=5357, documents=0

      at TelemetryCollector.flushMetrics (src/services/telemetry.ts:276:15)
          at Array.map (<anonymous>)

  console.log
    [TELEMETRY] Flushed old metrics. Current buffer sizes: parsing=5358, documents=0

      at TelemetryCollector.flushMetrics (src/services/telemetry.ts:276:15)
          at Array.map (<anonymous>)

  console.log
    [TELEMETRY] Flushed old metrics. Current buffer sizes: parsing=5359, documents=0

      at TelemetryCollector.flushMetrics (src/services/telemetry.ts:276:15)
          at Array.map (<anonymous>)

  console.log
    [TELEMETRY] Flushed old metrics. Current buffer sizes: parsing=5360, documents=0

      at TelemetryCollector.flushMetrics (src/services/telemetry.ts:276:15)
          at Array.map (<anonymous>)

  console.log
    [TELEMETRY] Flushed old metrics. Current buffer sizes: parsing=5361, documents=0

      at TelemetryCollector.flushMetrics (src/services/telemetry.ts:276:15)
          at Array.map (<anonymous>)

  console.log
    [TELEMETRY] Flushed old metrics. Current buffer sizes: parsing=5362, documents=0

      at TelemetryCollector.flushMetrics (src/services/telemetry.ts:276:15)
          at Array.map (<anonymous>)

  console.log
    [TELEMETRY] Flushed old metrics. Current buffer sizes: parsing=5363, documents=0

      at TelemetryCollector.flushMetrics (src/services/telemetry.ts:276:15)
          at Array.map (<anonymous>)

  console.log
    [TELEMETRY] Flushed old metrics. Current buffer sizes: parsing=5364, documents=0

      at TelemetryCollector.flushMetrics (src/services/telemetry.ts:276:15)
          at Array.map (<anonymous>)

  console.log
    [TELEMETRY] Flushed old metrics. Current buffer sizes: parsing=5365, documents=0

      at TelemetryCollector.flushMetrics (src/services/telemetry.ts:276:15)
          at Array.map (<anonymous>)

  console.log
    [TELEMETRY] Flushed old metrics. Current buffer sizes: parsing=5366, documents=0

      at TelemetryCollector.flushMetrics (src/services/telemetry.ts:276:15)
          at Array.map (<anonymous>)

  console.log
    [TELEMETRY] Flushed old metrics. Current buffer sizes: parsing=5367, documents=0

      at TelemetryCollector.flushMetrics (src/services/telemetry.ts:276:15)
          at Array.map (<anonymous>)

  console.log
    [TELEMETRY] Flushed old metrics. Current buffer sizes: parsing=5368, documents=0

      at TelemetryCollector.flushMetrics (src/services/telemetry.ts:276:15)
          at Array.map (<anonymous>)

  console.log
    [TELEMETRY] Flushed old metrics. Current buffer sizes: parsing=5369, documents=0

      at TelemetryCollector.flushMetrics (src/services/telemetry.ts:276:15)
          at Array.map (<anonymous>)

  console.log
    [TELEMETRY] Flushed old metrics. Current buffer sizes: parsing=5370, documents=0

      at TelemetryCollector.flushMetrics (src/services/telemetry.ts:276:15)
          at Array.map (<anonymous>)

  console.log
    [TELEMETRY] Flushed old metrics. Current buffer sizes: parsing=5371, documents=0

      at TelemetryCollector.flushMetrics (src/services/telemetry.ts:276:15)
          at Array.map (<anonymous>)

  console.log
    [TELEMETRY] Flushed old metrics. Current buffer sizes: parsing=5372, documents=0

      at TelemetryCollector.flushMetrics (src/services/telemetry.ts:276:15)
          at Array.map (<anonymous>)

  console.log
    [TELEMETRY] Flushed old metrics. Current buffer sizes: parsing=5373, documents=0

      at TelemetryCollector.flushMetrics (src/services/telemetry.ts:276:15)
          at Array.map (<anonymous>)

  console.log
    [TELEMETRY] Flushed old metrics. Current buffer sizes: parsing=5374, documents=0

      at TelemetryCollector.flushMetrics (src/services/telemetry.ts:276:15)
          at Array.map (<anonymous>)

  console.log
    [TELEMETRY] Flushed old metrics. Current buffer sizes: parsing=5375, documents=0

      at TelemetryCollector.flushMetrics (src/services/telemetry.ts:276:15)
          at Array.map (<anonymous>)

  console.log
    [TELEMETRY] Flushed old metrics. Current buffer sizes: parsing=5376, documents=0

      at TelemetryCollector.flushMetrics (src/services/telemetry.ts:276:15)
          at Array.map (<anonymous>)

  console.log
    [TELEMETRY] Flushed old metrics. Current buffer sizes: parsing=5377, documents=0

      at TelemetryCollector.flushMetrics (src/services/telemetry.ts:276:15)
          at Array.map (<anonymous>)

  console.log
    [TELEMETRY] Flushed old metrics. Current buffer sizes: parsing=5378, documents=0

      at TelemetryCollector.flushMetrics (src/services/telemetry.ts:276:15)
          at Array.map (<anonymous>)

  console.log
    [TELEMETRY] Flushed old metrics. Current buffer sizes: parsing=5379, documents=0

      at TelemetryCollector.flushMetrics (src/services/telemetry.ts:276:15)
          at Array.map (<anonymous>)

  console.log
    [TELEMETRY] Flushed old metrics. Current buffer sizes: parsing=5380, documents=0

      at TelemetryCollector.flushMetrics (src/services/telemetry.ts:276:15)
          at Array.map (<anonymous>)

  console.log
    [TELEMETRY] Flushed old metrics. Current buffer sizes: parsing=5381, documents=0

      at TelemetryCollector.flushMetrics (src/services/telemetry.ts:276:15)
          at Array.map (<anonymous>)

  console.log
    [TELEMETRY] Flushed old metrics. Current buffer sizes: parsing=5382, documents=0

      at TelemetryCollector.flushMetrics (src/services/telemetry.ts:276:15)
          at Array.map (<anonymous>)

  console.log
    [TELEMETRY] Flushed old metrics. Current buffer sizes: parsing=5383, documents=0

      at TelemetryCollector.flushMetrics (src/services/telemetry.ts:276:15)
          at Array.map (<anonymous>)

  console.log
    [TELEMETRY] Flushed old metrics. Current buffer sizes: parsing=5384, documents=0

      at TelemetryCollector.flushMetrics (src/services/telemetry.ts:276:15)
          at Array.map (<anonymous>)

  console.log
    [TELEMETRY] Flushed old metrics. Current buffer sizes: parsing=5385, documents=0

      at TelemetryCollector.flushMetrics (src/services/telemetry.ts:276:15)
          at Array.map (<anonymous>)

  console.log
    [TELEMETRY] Flushed old metrics. Current buffer sizes: parsing=5386, documents=0

      at TelemetryCollector.flushMetrics (src/services/telemetry.ts:276:15)
          at Array.map (<anonymous>)

  console.log
    [TELEMETRY] Flushed old metrics. Current buffer sizes: parsing=5387, documents=0

      at TelemetryCollector.flushMetrics (src/services/telemetry.ts:276:15)
          at Array.map (<anonymous>)

  console.log
    [TELEMETRY] Flushed old metrics. Current buffer sizes: parsing=5388, documents=0

      at TelemetryCollector.flushMetrics (src/services/telemetry.ts:276:15)
          at Array.map (<anonymous>)

  console.log
    [TELEMETRY] Flushed old metrics. Current buffer sizes: parsing=5389, documents=0

      at TelemetryCollector.flushMetrics (src/services/telemetry.ts:276:15)
          at Array.map (<anonymous>)

  console.log
    [TELEMETRY] Flushed old metrics. Current buffer sizes: parsing=5390, documents=0

      at TelemetryCollector.flushMetrics (src/services/telemetry.ts:276:15)
          at Array.map (<anonymous>)

  console.log
    [TELEMETRY] Flushed old metrics. Current buffer sizes: parsing=5391, documents=0

      at TelemetryCollector.flushMetrics (src/services/telemetry.ts:276:15)
          at Array.map (<anonymous>)

  console.log
    [TELEMETRY] Flushed old metrics. Current buffer sizes: parsing=5392, documents=0

      at TelemetryCollector.flushMetrics (src/services/telemetry.ts:276:15)
          at Array.map (<anonymous>)

  console.log
    [TELEMETRY] Flushed old metrics. Current buffer sizes: parsing=5393, documents=0

      at TelemetryCollector.flushMetrics (src/services/telemetry.ts:276:15)
          at Array.map (<anonymous>)

  console.log
    [TELEMETRY] Flushed old metrics. Current buffer sizes: parsing=5394, documents=0

      at TelemetryCollector.flushMetrics (src/services/telemetry.ts:276:15)
          at Array.map (<anonymous>)

  console.log
    [TELEMETRY] Flushed old metrics. Current buffer sizes: parsing=5395, documents=0

      at TelemetryCollector.flushMetrics (src/services/telemetry.ts:276:15)
          at Array.map (<anonymous>)

  console.log
    [TELEMETRY] Flushed old metrics. Current buffer sizes: parsing=5396, documents=0

      at TelemetryCollector.flushMetrics (src/services/telemetry.ts:276:15)
          at Array.map (<anonymous>)

  console.log
    [TELEMETRY] Flushed old metrics. Current buffer sizes: parsing=5397, documents=0

      at TelemetryCollector.flushMetrics (src/services/telemetry.ts:276:15)
          at Array.map (<anonymous>)

  console.log
    [TELEMETRY] Flushed old metrics. Current buffer sizes: parsing=5398, documents=0

      at TelemetryCollector.flushMetrics (src/services/telemetry.ts:276:15)
          at Array.map (<anonymous>)

  console.log
    [TELEMETRY] Flushed old metrics. Current buffer sizes: parsing=5399, documents=0

      at TelemetryCollector.flushMetrics (src/services/telemetry.ts:276:15)
          at Array.map (<anonymous>)

  console.log
    [TELEMETRY] Flushed old metrics. Current buffer sizes: parsing=5400, documents=0

      at TelemetryCollector.flushMetrics (src/services/telemetry.ts:276:15)
          at Array.map (<anonymous>)

  console.log
    [TELEMETRY] Flushed old metrics. Current buffer sizes: parsing=5401, documents=0

      at TelemetryCollector.flushMetrics (src/services/telemetry.ts:276:15)
          at Array.map (<anonymous>)

  console.log
    [TELEMETRY] Flushed old metrics. Current buffer sizes: parsing=5402, documents=0

      at TelemetryCollector.flushMetrics (src/services/telemetry.ts:276:15)
          at Array.map (<anonymous>)

  console.log
    [TELEMETRY] Flushed old metrics. Current buffer sizes: parsing=5403, documents=0

      at TelemetryCollector.flushMetrics (src/services/telemetry.ts:276:15)
          at Array.map (<anonymous>)

  console.log
    [TELEMETRY] Flushed old metrics. Current buffer sizes: parsing=5404, documents=0

      at TelemetryCollector.flushMetrics (src/services/telemetry.ts:276:15)
          at Array.map (<anonymous>)

  console.log
    [TELEMETRY] Flushed old metrics. Current buffer sizes: parsing=5405, documents=0

      at TelemetryCollector.flushMetrics (src/services/telemetry.ts:276:15)
          at Array.map (<anonymous>)

  console.log
    [TELEMETRY] Flushed old metrics. Current buffer sizes: parsing=5406, documents=0

      at TelemetryCollector.flushMetrics (src/services/telemetry.ts:276:15)
          at Array.map (<anonymous>)

  console.log
    [TELEMETRY] Flushed old metrics. Current buffer sizes: parsing=5407, documents=0

      at TelemetryCollector.flushMetrics (src/services/telemetry.ts:276:15)
          at Array.map (<anonymous>)

  console.log
    [TELEMETRY] Flushed old metrics. Current buffer sizes: parsing=5408, documents=0

      at TelemetryCollector.flushMetrics (src/services/telemetry.ts:276:15)
          at Array.map (<anonymous>)

  console.log
    [TELEMETRY] Flushed old metrics. Current buffer sizes: parsing=5409, documents=0

      at TelemetryCollector.flushMetrics (src/services/telemetry.ts:276:15)
          at Array.map (<anonymous>)

  console.log
    [TELEMETRY] Flushed old metrics. Current buffer sizes: parsing=5410, documents=0

      at TelemetryCollector.flushMetrics (src/services/telemetry.ts:276:15)
          at Array.map (<anonymous>)

  console.log
    [TELEMETRY] Flushed old metrics. Current buffer sizes: parsing=5411, documents=0

      at TelemetryCollector.flushMetrics (src/services/telemetry.ts:276:15)
          at Array.map (<anonymous>)

  console.log
    [TELEMETRY] Flushed old metrics. Current buffer sizes: parsing=5412, documents=0

      at TelemetryCollector.flushMetrics (src/services/telemetry.ts:276:15)
          at Array.map (<anonymous>)

  console.log
    [TELEMETRY] Flushed old metrics. Current buffer sizes: parsing=5413, documents=0

      at TelemetryCollector.flushMetrics (src/services/telemetry.ts:276:15)
          at Array.map (<anonymous>)

  console.log
    [TELEMETRY] Flushed old metrics. Current buffer sizes: parsing=5414, documents=0

      at TelemetryCollector.flushMetrics (src/services/telemetry.ts:276:15)
          at Array.map (<anonymous>)

  console.log
    [TELEMETRY] Flushed old metrics. Current buffer sizes: parsing=5415, documents=0

      at TelemetryCollector.flushMetrics (src/services/telemetry.ts:276:15)
          at Array.map (<anonymous>)

  console.log
    [TELEMETRY] Flushed old metrics. Current buffer sizes: parsing=5416, documents=0

      at TelemetryCollector.flushMetrics (src/services/telemetry.ts:276:15)
          at Array.map (<anonymous>)

  console.log
    [TELEMETRY] Flushed old metrics. Current buffer sizes: parsing=5417, documents=0

      at TelemetryCollector.flushMetrics (src/services/telemetry.ts:276:15)
          at Array.map (<anonymous>)

  console.log
    [TELEMETRY] Flushed old metrics. Current buffer sizes: parsing=5418, documents=0

      at TelemetryCollector.flushMetrics (src/services/telemetry.ts:276:15)
          at Array.map (<anonymous>)

  console.log
    [TELEMETRY] Flushed old metrics. Current buffer sizes: parsing=5419, documents=0

      at TelemetryCollector.flushMetrics (src/services/telemetry.ts:276:15)
          at Array.map (<anonymous>)

  console.log
    [TELEMETRY] Flushed old metrics. Current buffer sizes: parsing=5420, documents=0

      at TelemetryCollector.flushMetrics (src/services/telemetry.ts:276:15)
          at Array.map (<anonymous>)

  console.log
    [TELEMETRY] Flushed old metrics. Current buffer sizes: parsing=5421, documents=0

      at TelemetryCollector.flushMetrics (src/services/telemetry.ts:276:15)
          at Array.map (<anonymous>)

  console.log
    [TELEMETRY] Flushed old metrics. Current buffer sizes: parsing=5422, documents=0

      at TelemetryCollector.flushMetrics (src/services/telemetry.ts:276:15)
          at Array.map (<anonymous>)

  console.log
    [TELEMETRY] Flushed old metrics. Current buffer sizes: parsing=5423, documents=0

      at TelemetryCollector.flushMetrics (src/services/telemetry.ts:276:15)
          at Array.map (<anonymous>)

  console.log
    [TELEMETRY] Flushed old metrics. Current buffer sizes: parsing=5424, documents=0

      at TelemetryCollector.flushMetrics (src/services/telemetry.ts:276:15)
          at Array.map (<anonymous>)

  console.log
    [TELEMETRY] Flushed old metrics. Current buffer sizes: parsing=5425, documents=0

      at TelemetryCollector.flushMetrics (src/services/telemetry.ts:276:15)
          at Array.map (<anonymous>)

  console.log
    [TELEMETRY] Flushed old metrics. Current buffer sizes: parsing=5426, documents=0

      at TelemetryCollector.flushMetrics (src/services/telemetry.ts:276:15)
          at Array.map (<anonymous>)

  console.log
    [TELEMETRY] Flushed old metrics. Current buffer sizes: parsing=5427, documents=0

      at TelemetryCollector.flushMetrics (src/services/telemetry.ts:276:15)
          at Array.map (<anonymous>)

  console.log
    [TELEMETRY] Flushed old metrics. Current buffer sizes: parsing=5428, documents=0

      at TelemetryCollector.flushMetrics (src/services/telemetry.ts:276:15)
          at Array.map (<anonymous>)

  console.log
    [TELEMETRY] Flushed old metrics. Current buffer sizes: parsing=5429, documents=0

      at TelemetryCollector.flushMetrics (src/services/telemetry.ts:276:15)
          at Array.map (<anonymous>)

  console.log
    [TELEMETRY] Flushed old metrics. Current buffer sizes: parsing=5430, documents=0

      at TelemetryCollector.flushMetrics (src/services/telemetry.ts:276:15)
          at Array.map (<anonymous>)

  console.log
    [TELEMETRY] Flushed old metrics. Current buffer sizes: parsing=5431, documents=0

      at TelemetryCollector.flushMetrics (src/services/telemetry.ts:276:15)
          at Array.map (<anonymous>)

  console.log
    [TELEMETRY] Flushed old metrics. Current buffer sizes: parsing=5432, documents=0

      at TelemetryCollector.flushMetrics (src/services/telemetry.ts:276:15)
          at Array.map (<anonymous>)

  console.log
    [TELEMETRY] Flushed old metrics. Current buffer sizes: parsing=5433, documents=0

      at TelemetryCollector.flushMetrics (src/services/telemetry.ts:276:15)
          at Array.map (<anonymous>)

  console.log
    [TELEMETRY] Flushed old metrics. Current buffer sizes: parsing=5434, documents=0

      at TelemetryCollector.flushMetrics (src/services/telemetry.ts:276:15)
          at Array.map (<anonymous>)

  console.log
    [TELEMETRY] Flushed old metrics. Current buffer sizes: parsing=5435, documents=0

      at TelemetryCollector.flushMetrics (src/services/telemetry.ts:276:15)
          at Array.map (<anonymous>)

  console.log
    [TELEMETRY] Flushed old metrics. Current buffer sizes: parsing=5436, documents=0

      at TelemetryCollector.flushMetrics (src/services/telemetry.ts:276:15)
          at Array.map (<anonymous>)

  console.log
    [TELEMETRY] Flushed old metrics. Current buffer sizes: parsing=5437, documents=0

      at TelemetryCollector.flushMetrics (src/services/telemetry.ts:276:15)
          at Array.map (<anonymous>)

  console.log
    [TELEMETRY] Flushed old metrics. Current buffer sizes: parsing=5438, documents=0

      at TelemetryCollector.flushMetrics (src/services/telemetry.ts:276:15)
          at Array.map (<anonymous>)

  console.log
    [TELEMETRY] Flushed old metrics. Current buffer sizes: parsing=5439, documents=0

      at TelemetryCollector.flushMetrics (src/services/telemetry.ts:276:15)
          at Array.map (<anonymous>)

  console.log
    [TELEMETRY] Flushed old metrics. Current buffer sizes: parsing=5440, documents=0

      at TelemetryCollector.flushMetrics (src/services/telemetry.ts:276:15)
          at Array.map (<anonymous>)

  console.log
    [TELEMETRY] Flushed old metrics. Current buffer sizes: parsing=5441, documents=0

      at TelemetryCollector.flushMetrics (src/services/telemetry.ts:276:15)
          at Array.map (<anonymous>)

  console.log
    [TELEMETRY] Flushed old metrics. Current buffer sizes: parsing=5442, documents=0

      at TelemetryCollector.flushMetrics (src/services/telemetry.ts:276:15)
          at Array.map (<anonymous>)

  console.log
    [TELEMETRY] Flushed old metrics. Current buffer sizes: parsing=5443, documents=0

      at TelemetryCollector.flushMetrics (src/services/telemetry.ts:276:15)
          at Array.map (<anonymous>)

  console.log
    [TELEMETRY] Flushed old metrics. Current buffer sizes: parsing=5444, documents=0

      at TelemetryCollector.flushMetrics (src/services/telemetry.ts:276:15)
          at Array.map (<anonymous>)

  console.log
    [TELEMETRY] Flushed old metrics. Current buffer sizes: parsing=5445, documents=0

      at TelemetryCollector.flushMetrics (src/services/telemetry.ts:276:15)
          at Array.map (<anonymous>)

  console.log
    [TELEMETRY] Flushed old metrics. Current buffer sizes: parsing=5446, documents=0

      at TelemetryCollector.flushMetrics (src/services/telemetry.ts:276:15)
          at Array.map (<anonymous>)

  console.log
    [TELEMETRY] Flushed old metrics. Current buffer sizes: parsing=5447, documents=0

      at TelemetryCollector.flushMetrics (src/services/telemetry.ts:276:15)
          at Array.map (<anonymous>)

  console.log
    [TELEMETRY] Flushed old metrics. Current buffer sizes: parsing=5448, documents=0

      at TelemetryCollector.flushMetrics (src/services/telemetry.ts:276:15)
          at Array.map (<anonymous>)

  console.log
    [TELEMETRY] Flushed old metrics. Current buffer sizes: parsing=5449, documents=0

      at TelemetryCollector.flushMetrics (src/services/telemetry.ts:276:15)
          at Array.map (<anonymous>)

  console.log
    [TELEMETRY] Flushed old metrics. Current buffer sizes: parsing=5450, documents=0

      at TelemetryCollector.flushMetrics (src/services/telemetry.ts:276:15)
          at Array.map (<anonymous>)

  console.log
    [TELEMETRY] Flushed old metrics. Current buffer sizes: parsing=5451, documents=0

      at TelemetryCollector.flushMetrics (src/services/telemetry.ts:276:15)
          at Array.map (<anonymous>)

  console.log
    [TELEMETRY] Flushed old metrics. Current buffer sizes: parsing=5452, documents=0

      at TelemetryCollector.flushMetrics (src/services/telemetry.ts:276:15)
          at Array.map (<anonymous>)

  console.log
    [TELEMETRY] Flushed old metrics. Current buffer sizes: parsing=5453, documents=0

      at TelemetryCollector.flushMetrics (src/services/telemetry.ts:276:15)
          at Array.map (<anonymous>)

  console.log
    [TELEMETRY] Flushed old metrics. Current buffer sizes: parsing=5454, documents=0

      at TelemetryCollector.flushMetrics (src/services/telemetry.ts:276:15)
          at Array.map (<anonymous>)

  console.log
    [TELEMETRY] Flushed old metrics. Current buffer sizes: parsing=5455, documents=0

      at TelemetryCollector.flushMetrics (src/services/telemetry.ts:276:15)
          at Array.map (<anonymous>)

  console.log
    [TELEMETRY] Flushed old metrics. Current buffer sizes: parsing=5456, documents=0

      at TelemetryCollector.flushMetrics (src/services/telemetry.ts:276:15)
          at Array.map (<anonymous>)

  console.log
    [TELEMETRY] Flushed old metrics. Current buffer sizes: parsing=5457, documents=0

      at TelemetryCollector.flushMetrics (src/services/telemetry.ts:276:15)
          at Array.map (<anonymous>)

  console.log
    [TELEMETRY] Flushed old metrics. Current buffer sizes: parsing=5458, documents=0

      at TelemetryCollector.flushMetrics (src/services/telemetry.ts:276:15)
          at Array.map (<anonymous>)

  console.log
    [TELEMETRY] Flushed old metrics. Current buffer sizes: parsing=5459, documents=0

      at TelemetryCollector.flushMetrics (src/services/telemetry.ts:276:15)
          at Array.map (<anonymous>)

  console.log
    [TELEMETRY] Flushed old metrics. Current buffer sizes: parsing=5460, documents=0

      at TelemetryCollector.flushMetrics (src/services/telemetry.ts:276:15)
          at Array.map (<anonymous>)

  console.log
    [TELEMETRY] Flushed old metrics. Current buffer sizes: parsing=5461, documents=0

      at TelemetryCollector.flushMetrics (src/services/telemetry.ts:276:15)
          at Array.map (<anonymous>)

  console.log
    [TELEMETRY] Flushed old metrics. Current buffer sizes: parsing=5462, documents=0

      at TelemetryCollector.flushMetrics (src/services/telemetry.ts:276:15)
          at Array.map (<anonymous>)

  console.log
    [TELEMETRY] Flushed old metrics. Current buffer sizes: parsing=5463, documents=0

      at TelemetryCollector.flushMetrics (src/services/telemetry.ts:276:15)
          at Array.map (<anonymous>)

  console.log
    [TELEMETRY] Flushed old metrics. Current buffer sizes: parsing=5464, documents=0

      at TelemetryCollector.flushMetrics (src/services/telemetry.ts:276:15)
          at Array.map (<anonymous>)

  console.log
    [TELEMETRY] Flushed old metrics. Current buffer sizes: parsing=5465, documents=0

      at TelemetryCollector.flushMetrics (src/services/telemetry.ts:276:15)
          at Array.map (<anonymous>)

  console.log
    [TELEMETRY] Flushed old metrics. Current buffer sizes: parsing=5466, documents=0

      at TelemetryCollector.flushMetrics (src/services/telemetry.ts:276:15)
          at Array.map (<anonymous>)

  console.log
    [TELEMETRY] Flushed old metrics. Current buffer sizes: parsing=5467, documents=0

      at TelemetryCollector.flushMetrics (src/services/telemetry.ts:276:15)
          at Array.map (<anonymous>)

  console.log
    [TELEMETRY] Flushed old metrics. Current buffer sizes: parsing=5468, documents=0

      at TelemetryCollector.flushMetrics (src/services/telemetry.ts:276:15)
          at Array.map (<anonymous>)

  console.log
    [TELEMETRY] Flushed old metrics. Current buffer sizes: parsing=5469, documents=0

      at TelemetryCollector.flushMetrics (src/services/telemetry.ts:276:15)
          at Array.map (<anonymous>)

  console.log
    [TELEMETRY] Flushed old metrics. Current buffer sizes: parsing=5470, documents=0

      at TelemetryCollector.flushMetrics (src/services/telemetry.ts:276:15)
          at Array.map (<anonymous>)

  console.log
    [TELEMETRY] Flushed old metrics. Current buffer sizes: parsing=5471, documents=0

      at TelemetryCollector.flushMetrics (src/services/telemetry.ts:276:15)
          at Array.map (<anonymous>)

  console.log
    [TELEMETRY] Flushed old metrics. Current buffer sizes: parsing=5472, documents=0

      at TelemetryCollector.flushMetrics (src/services/telemetry.ts:276:15)
          at Array.map (<anonymous>)

  console.log
    [TELEMETRY] Flushed old metrics. Current buffer sizes: parsing=5473, documents=0

      at TelemetryCollector.flushMetrics (src/services/telemetry.ts:276:15)
          at Array.map (<anonymous>)

  console.log
    [TELEMETRY] Flushed old metrics. Current buffer sizes: parsing=5474, documents=0

      at TelemetryCollector.flushMetrics (src/services/telemetry.ts:276:15)
          at Array.map (<anonymous>)

  console.log
    [TELEMETRY] Flushed old metrics. Current buffer sizes: parsing=5475, documents=0

      at TelemetryCollector.flushMetrics (src/services/telemetry.ts:276:15)
          at Array.map (<anonymous>)

  console.log
    [TELEMETRY] Flushed old metrics. Current buffer sizes: parsing=5476, documents=0

      at TelemetryCollector.flushMetrics (src/services/telemetry.ts:276:15)
          at Array.map (<anonymous>)

  console.log
    [TELEMETRY] Flushed old metrics. Current buffer sizes: parsing=5477, documents=0

      at TelemetryCollector.flushMetrics (src/services/telemetry.ts:276:15)
          at Array.map (<anonymous>)

  console.log
    [TELEMETRY] Flushed old metrics. Current buffer sizes: parsing=5478, documents=0

      at TelemetryCollector.flushMetrics (src/services/telemetry.ts:276:15)
          at Array.map (<anonymous>)

  console.log
    [TELEMETRY] Flushed old metrics. Current buffer sizes: parsing=5479, documents=0

      at TelemetryCollector.flushMetrics (src/services/telemetry.ts:276:15)
          at Array.map (<anonymous>)

  console.log
    [TELEMETRY] Flushed old metrics. Current buffer sizes: parsing=5480, documents=0

      at TelemetryCollector.flushMetrics (src/services/telemetry.ts:276:15)
          at Array.map (<anonymous>)

  console.log
    [TELEMETRY] Flushed old metrics. Current buffer sizes: parsing=5481, documents=0

      at TelemetryCollector.flushMetrics (src/services/telemetry.ts:276:15)
          at Array.map (<anonymous>)

  console.log
    [TELEMETRY] Flushed old metrics. Current buffer sizes: parsing=5482, documents=0

      at TelemetryCollector.flushMetrics (src/services/telemetry.ts:276:15)
          at Array.map (<anonymous>)

  console.log
    [TELEMETRY] Flushed old metrics. Current buffer sizes: parsing=5483, documents=0

      at TelemetryCollector.flushMetrics (src/services/telemetry.ts:276:15)
          at Array.map (<anonymous>)

  console.log
    [TELEMETRY] Flushed old metrics. Current buffer sizes: parsing=5484, documents=0

      at TelemetryCollector.flushMetrics (src/services/telemetry.ts:276:15)
          at Array.map (<anonymous>)

  console.log
    [TELEMETRY] Flushed old metrics. Current buffer sizes: parsing=5485, documents=0

      at TelemetryCollector.flushMetrics (src/services/telemetry.ts:276:15)
          at Array.map (<anonymous>)

  console.log
    [TELEMETRY] Flushed old metrics. Current buffer sizes: parsing=5486, documents=0

      at TelemetryCollector.flushMetrics (src/services/telemetry.ts:276:15)
          at Array.map (<anonymous>)

  console.log
    [TELEMETRY] Flushed old metrics. Current buffer sizes: parsing=5487, documents=0

      at TelemetryCollector.flushMetrics (src/services/telemetry.ts:276:15)
          at Array.map (<anonymous>)

  console.log
    [TELEMETRY] Flushed old metrics. Current buffer sizes: parsing=5488, documents=0

      at TelemetryCollector.flushMetrics (src/services/telemetry.ts:276:15)
          at Array.map (<anonymous>)

  console.log
    [TELEMETRY] Flushed old metrics. Current buffer sizes: parsing=5489, documents=0

      at TelemetryCollector.flushMetrics (src/services/telemetry.ts:276:15)
          at Array.map (<anonymous>)

  console.log
    [TELEMETRY] Flushed old metrics. Current buffer sizes: parsing=5490, documents=0

      at TelemetryCollector.flushMetrics (src/services/telemetry.ts:276:15)
          at Array.map (<anonymous>)

  console.log
    [TELEMETRY] Flushed old metrics. Current buffer sizes: parsing=5491, documents=0

      at TelemetryCollector.flushMetrics (src/services/telemetry.ts:276:15)
          at Array.map (<anonymous>)

  console.log
    [TELEMETRY] Flushed old metrics. Current buffer sizes: parsing=5492, documents=0

      at TelemetryCollector.flushMetrics (src/services/telemetry.ts:276:15)
          at Array.map (<anonymous>)

  console.log
    [TELEMETRY] Flushed old metrics. Current buffer sizes: parsing=5493, documents=0

      at TelemetryCollector.flushMetrics (src/services/telemetry.ts:276:15)
          at Array.map (<anonymous>)

  console.log
    [TELEMETRY] Flushed old metrics. Current buffer sizes: parsing=5494, documents=0

      at TelemetryCollector.flushMetrics (src/services/telemetry.ts:276:15)
          at Array.map (<anonymous>)

  console.log
    [TELEMETRY] Flushed old metrics. Current buffer sizes: parsing=5495, documents=0

      at TelemetryCollector.flushMetrics (src/services/telemetry.ts:276:15)
          at Array.map (<anonymous>)

  console.log
    [TELEMETRY] Flushed old metrics. Current buffer sizes: parsing=5496, documents=0

      at TelemetryCollector.flushMetrics (src/services/telemetry.ts:276:15)
          at Array.map (<anonymous>)

  console.log
    [TELEMETRY] Flushed old metrics. Current buffer sizes: parsing=5497, documents=0

      at TelemetryCollector.flushMetrics (src/services/telemetry.ts:276:15)
          at Array.map (<anonymous>)

  console.log
    [TELEMETRY] Flushed old metrics. Current buffer sizes: parsing=5498, documents=0

      at TelemetryCollector.flushMetrics (src/services/telemetry.ts:276:15)
          at Array.map (<anonymous>)

  console.log
    [TELEMETRY] Flushed old metrics. Current buffer sizes: parsing=5499, documents=0

      at TelemetryCollector.flushMetrics (src/services/telemetry.ts:276:15)
          at Array.map (<anonymous>)

  console.log
    [TELEMETRY] Flushed old metrics. Current buffer sizes: parsing=5500, documents=0

      at TelemetryCollector.flushMetrics (src/services/telemetry.ts:276:15)
          at Array.map (<anonymous>)

  console.log
    [TELEMETRY] Flushed old metrics. Current buffer sizes: parsing=5501, documents=0

      at TelemetryCollector.flushMetrics (src/services/telemetry.ts:276:15)
          at Array.map (<anonymous>)

  console.log
    [TELEMETRY] Flushed old metrics. Current buffer sizes: parsing=5502, documents=0

      at TelemetryCollector.flushMetrics (src/services/telemetry.ts:276:15)
          at Array.map (<anonymous>)

  console.log
    [TELEMETRY] Flushed old metrics. Current buffer sizes: parsing=5503, documents=0

      at TelemetryCollector.flushMetrics (src/services/telemetry.ts:276:15)
          at Array.map (<anonymous>)

  console.log
    [TELEMETRY] Flushed old metrics. Current buffer sizes: parsing=5504, documents=0

      at TelemetryCollector.flushMetrics (src/services/telemetry.ts:276:15)
          at Array.map (<anonymous>)

  console.log
    [TELEMETRY] Flushed old metrics. Current buffer sizes: parsing=5505, documents=0

      at TelemetryCollector.flushMetrics (src/services/telemetry.ts:276:15)
          at Array.map (<anonymous>)

  console.log
    [TELEMETRY] Flushed old metrics. Current buffer sizes: parsing=5506, documents=0

      at TelemetryCollector.flushMetrics (src/services/telemetry.ts:276:15)
          at Array.map (<anonymous>)

  console.log
    [TELEMETRY] Flushed old metrics. Current buffer sizes: parsing=5507, documents=0

      at TelemetryCollector.flushMetrics (src/services/telemetry.ts:276:15)
          at Array.map (<anonymous>)

  console.log
    [TELEMETRY] Flushed old metrics. Current buffer sizes: parsing=5508, documents=0

      at TelemetryCollector.flushMetrics (src/services/telemetry.ts:276:15)
          at Array.map (<anonymous>)

  console.log
    [TELEMETRY] Flushed old metrics. Current buffer sizes: parsing=5509, documents=0

      at TelemetryCollector.flushMetrics (src/services/telemetry.ts:276:15)
          at Array.map (<anonymous>)

  console.log
    [TELEMETRY] Flushed old metrics. Current buffer sizes: parsing=5510, documents=0

      at TelemetryCollector.flushMetrics (src/services/telemetry.ts:276:15)
          at Array.map (<anonymous>)

  console.log
    [TELEMETRY] Flushed old metrics. Current buffer sizes: parsing=5511, documents=0

      at TelemetryCollector.flushMetrics (src/services/telemetry.ts:276:15)
          at Array.map (<anonymous>)

  console.log
    [TELEMETRY] Flushed old metrics. Current buffer sizes: parsing=5512, documents=0

      at TelemetryCollector.flushMetrics (src/services/telemetry.ts:276:15)
          at Array.map (<anonymous>)

  console.log
    [TELEMETRY] Flushed old metrics. Current buffer sizes: parsing=5513, documents=0

      at TelemetryCollector.flushMetrics (src/services/telemetry.ts:276:15)
          at Array.map (<anonymous>)

  console.log
    [TELEMETRY] Flushed old metrics. Current buffer sizes: parsing=5514, documents=0

      at TelemetryCollector.flushMetrics (src/services/telemetry.ts:276:15)
          at Array.map (<anonymous>)

  console.log
    [TELEMETRY] Flushed old metrics. Current buffer sizes: parsing=5515, documents=0

      at TelemetryCollector.flushMetrics (src/services/telemetry.ts:276:15)
          at Array.map (<anonymous>)

  console.log
    [TELEMETRY] Flushed old metrics. Current buffer sizes: parsing=5516, documents=0

      at TelemetryCollector.flushMetrics (src/services/telemetry.ts:276:15)
          at Array.map (<anonymous>)

  console.log
    [TELEMETRY] Flushed old metrics. Current buffer sizes: parsing=5517, documents=0

      at TelemetryCollector.flushMetrics (src/services/telemetry.ts:276:15)
          at Array.map (<anonymous>)

  console.log
    [TELEMETRY] Flushed old metrics. Current buffer sizes: parsing=5518, documents=0

      at TelemetryCollector.flushMetrics (src/services/telemetry.ts:276:15)
          at Array.map (<anonymous>)

  console.log
    [TELEMETRY] Flushed old metrics. Current buffer sizes: parsing=5519, documents=0

      at TelemetryCollector.flushMetrics (src/services/telemetry.ts:276:15)
          at Array.map (<anonymous>)

  console.log
    [TELEMETRY] Flushed old metrics. Current buffer sizes: parsing=5520, documents=0

      at TelemetryCollector.flushMetrics (src/services/telemetry.ts:276:15)
          at Array.map (<anonymous>)

  console.log
    [TELEMETRY] Flushed old metrics. Current buffer sizes: parsing=5521, documents=0

      at TelemetryCollector.flushMetrics (src/services/telemetry.ts:276:15)
          at Array.map (<anonymous>)

  console.log
    [TELEMETRY] Flushed old metrics. Current buffer sizes: parsing=5522, documents=0

      at TelemetryCollector.flushMetrics (src/services/telemetry.ts:276:15)
          at Array.map (<anonymous>)

  console.log
    [TELEMETRY] Flushed old metrics. Current buffer sizes: parsing=5523, documents=0

      at TelemetryCollector.flushMetrics (src/services/telemetry.ts:276:15)
          at Array.map (<anonymous>)

  console.log
    [TELEMETRY] Flushed old metrics. Current buffer sizes: parsing=5524, documents=0

      at TelemetryCollector.flushMetrics (src/services/telemetry.ts:276:15)
          at Array.map (<anonymous>)

  console.log
    [TELEMETRY] Flushed old metrics. Current buffer sizes: parsing=5525, documents=0

      at TelemetryCollector.flushMetrics (src/services/telemetry.ts:276:15)
          at Array.map (<anonymous>)

  console.log
    [TELEMETRY] Flushed old metrics. Current buffer sizes: parsing=5526, documents=0

      at TelemetryCollector.flushMetrics (src/services/telemetry.ts:276:15)
          at Array.map (<anonymous>)

  console.log
    [TELEMETRY] Flushed old metrics. Current buffer sizes: parsing=5527, documents=0

      at TelemetryCollector.flushMetrics (src/services/telemetry.ts:276:15)
          at Array.map (<anonymous>)

  console.log
    [TELEMETRY] Flushed old metrics. Current buffer sizes: parsing=5528, documents=0

      at TelemetryCollector.flushMetrics (src/services/telemetry.ts:276:15)
          at Array.map (<anonymous>)

  console.log
    [TELEMETRY] Flushed old metrics. Current buffer sizes: parsing=5529, documents=0

      at TelemetryCollector.flushMetrics (src/services/telemetry.ts:276:15)
          at Array.map (<anonymous>)

  console.log
    [TELEMETRY] Flushed old metrics. Current buffer sizes: parsing=5530, documents=0

      at TelemetryCollector.flushMetrics (src/services/telemetry.ts:276:15)
          at Array.map (<anonymous>)

  console.log
    [TELEMETRY] Flushed old metrics. Current buffer sizes: parsing=5531, documents=0

      at TelemetryCollector.flushMetrics (src/services/telemetry.ts:276:15)
          at Array.map (<anonymous>)

  console.log
    [TELEMETRY] Flushed old metrics. Current buffer sizes: parsing=5532, documents=0

      at TelemetryCollector.flushMetrics (src/services/telemetry.ts:276:15)
          at Array.map (<anonymous>)

  console.log
    [TELEMETRY] Flushed old metrics. Current buffer sizes: parsing=5533, documents=0

      at TelemetryCollector.flushMetrics (src/services/telemetry.ts:276:15)
          at Array.map (<anonymous>)

  console.log
    [TELEMETRY] Flushed old metrics. Current buffer sizes: parsing=5534, documents=0

      at TelemetryCollector.flushMetrics (src/services/telemetry.ts:276:15)
          at Array.map (<anonymous>)

  console.log
    [TELEMETRY] Flushed old metrics. Current buffer sizes: parsing=5535, documents=0

      at TelemetryCollector.flushMetrics (src/services/telemetry.ts:276:15)
          at Array.map (<anonymous>)

  console.log
    [TELEMETRY] Flushed old metrics. Current buffer sizes: parsing=5536, documents=0

      at TelemetryCollector.flushMetrics (src/services/telemetry.ts:276:15)
          at Array.map (<anonymous>)

  console.log
    [TELEMETRY] Flushed old metrics. Current buffer sizes: parsing=5537, documents=0

      at TelemetryCollector.flushMetrics (src/services/telemetry.ts:276:15)
          at Array.map (<anonymous>)

  console.log
    [TELEMETRY] Flushed old metrics. Current buffer sizes: parsing=5538, documents=0

      at TelemetryCollector.flushMetrics (src/services/telemetry.ts:276:15)
          at Array.map (<anonymous>)

  console.log
    [TELEMETRY] Flushed old metrics. Current buffer sizes: parsing=5539, documents=0

      at TelemetryCollector.flushMetrics (src/services/telemetry.ts:276:15)
          at Array.map (<anonymous>)

  console.log
    [TELEMETRY] Flushed old metrics. Current buffer sizes: parsing=5540, documents=0

      at TelemetryCollector.flushMetrics (src/services/telemetry.ts:276:15)
          at Array.map (<anonymous>)

  console.log
    [TELEMETRY] Flushed old metrics. Current buffer sizes: parsing=5541, documents=0

      at TelemetryCollector.flushMetrics (src/services/telemetry.ts:276:15)
          at Array.map (<anonymous>)

  console.log
    [TELEMETRY] Flushed old metrics. Current buffer sizes: parsing=5542, documents=0

      at TelemetryCollector.flushMetrics (src/services/telemetry.ts:276:15)
          at Array.map (<anonymous>)

  console.log
    [TELEMETRY] Flushed old metrics. Current buffer sizes: parsing=5543, documents=0

      at TelemetryCollector.flushMetrics (src/services/telemetry.ts:276:15)
          at Array.map (<anonymous>)

  console.log
    [TELEMETRY] Flushed old metrics. Current buffer sizes: parsing=5544, documents=0

      at TelemetryCollector.flushMetrics (src/services/telemetry.ts:276:15)
          at Array.map (<anonymous>)

  console.log
    [TELEMETRY] Flushed old metrics. Current buffer sizes: parsing=5545, documents=0

      at TelemetryCollector.flushMetrics (src/services/telemetry.ts:276:15)
          at Array.map (<anonymous>)

  console.log
    [TELEMETRY] Flushed old metrics. Current buffer sizes: parsing=5546, documents=0

      at TelemetryCollector.flushMetrics (src/services/telemetry.ts:276:15)
          at Array.map (<anonymous>)

  console.log
    [TELEMETRY] Flushed old metrics. Current buffer sizes: parsing=5547, documents=0

      at TelemetryCollector.flushMetrics (src/services/telemetry.ts:276:15)
          at Array.map (<anonymous>)

  console.log
    [TELEMETRY] Flushed old metrics. Current buffer sizes: parsing=5548, documents=0

      at TelemetryCollector.flushMetrics (src/services/telemetry.ts:276:15)
          at Array.map (<anonymous>)

  console.log
    [TELEMETRY] Flushed old metrics. Current buffer sizes: parsing=5549, documents=0

      at TelemetryCollector.flushMetrics (src/services/telemetry.ts:276:15)
          at Array.map (<anonymous>)

  console.log
    [TELEMETRY] Flushed old metrics. Current buffer sizes: parsing=5550, documents=0

      at TelemetryCollector.flushMetrics (src/services/telemetry.ts:276:15)
          at Array.map (<anonymous>)

  console.log
    [TELEMETRY] Flushed old metrics. Current buffer sizes: parsing=5551, documents=0

      at TelemetryCollector.flushMetrics (src/services/telemetry.ts:276:15)
          at Array.map (<anonymous>)

  console.log
    [TELEMETRY] Flushed old metrics. Current buffer sizes: parsing=5552, documents=0

      at TelemetryCollector.flushMetrics (src/services/telemetry.ts:276:15)
          at Array.map (<anonymous>)

  console.log
    [TELEMETRY] Flushed old metrics. Current buffer sizes: parsing=5553, documents=0

      at TelemetryCollector.flushMetrics (src/services/telemetry.ts:276:15)
          at Array.map (<anonymous>)

  console.log
    [TELEMETRY] Flushed old metrics. Current buffer sizes: parsing=5554, documents=0

      at TelemetryCollector.flushMetrics (src/services/telemetry.ts:276:15)
          at Array.map (<anonymous>)

  console.log
    [TELEMETRY] Flushed old metrics. Current buffer sizes: parsing=5555, documents=0

      at TelemetryCollector.flushMetrics (src/services/telemetry.ts:276:15)
          at Array.map (<anonymous>)

  console.log
    [TELEMETRY] Flushed old metrics. Current buffer sizes: parsing=5556, documents=0

      at TelemetryCollector.flushMetrics (src/services/telemetry.ts:276:15)
          at Array.map (<anonymous>)

  console.log
    [TELEMETRY] Flushed old metrics. Current buffer sizes: parsing=5557, documents=0

      at TelemetryCollector.flushMetrics (src/services/telemetry.ts:276:15)
          at Array.map (<anonymous>)

  console.log
    [TELEMETRY] Flushed old metrics. Current buffer sizes: parsing=5558, documents=0

      at TelemetryCollector.flushMetrics (src/services/telemetry.ts:276:15)
          at Array.map (<anonymous>)

  console.log
    [TELEMETRY] Flushed old metrics. Current buffer sizes: parsing=5559, documents=0

      at TelemetryCollector.flushMetrics (src/services/telemetry.ts:276:15)
          at Array.map (<anonymous>)

  console.log
    [TELEMETRY] Flushed old metrics. Current buffer sizes: parsing=5560, documents=0

      at TelemetryCollector.flushMetrics (src/services/telemetry.ts:276:15)
          at Array.map (<anonymous>)

  console.log
    [TELEMETRY] Flushed old metrics. Current buffer sizes: parsing=5561, documents=0

      at TelemetryCollector.flushMetrics (src/services/telemetry.ts:276:15)
          at Array.map (<anonymous>)

  console.log
    [TELEMETRY] Flushed old metrics. Current buffer sizes: parsing=5562, documents=0

      at TelemetryCollector.flushMetrics (src/services/telemetry.ts:276:15)
          at Array.map (<anonymous>)

  console.log
    [TELEMETRY] Flushed old metrics. Current buffer sizes: parsing=5563, documents=0

      at TelemetryCollector.flushMetrics (src/services/telemetry.ts:276:15)
          at Array.map (<anonymous>)

  console.log
    [TELEMETRY] Flushed old metrics. Current buffer sizes: parsing=5564, documents=0

      at TelemetryCollector.flushMetrics (src/services/telemetry.ts:276:15)
          at Array.map (<anonymous>)

  console.log
    [TELEMETRY] Flushed old metrics. Current buffer sizes: parsing=5565, documents=0

      at TelemetryCollector.flushMetrics (src/services/telemetry.ts:276:15)
          at Array.map (<anonymous>)

  console.log
    [TELEMETRY] Flushed old metrics. Current buffer sizes: parsing=5566, documents=0

      at TelemetryCollector.flushMetrics (src/services/telemetry.ts:276:15)
          at Array.map (<anonymous>)

  console.log
    [TELEMETRY] Flushed old metrics. Current buffer sizes: parsing=5567, documents=0

      at TelemetryCollector.flushMetrics (src/services/telemetry.ts:276:15)
          at Array.map (<anonymous>)

  console.log
    [TELEMETRY] Flushed old metrics. Current buffer sizes: parsing=5568, documents=0

      at TelemetryCollector.flushMetrics (src/services/telemetry.ts:276:15)
          at Array.map (<anonymous>)

  console.log
    [TELEMETRY] Flushed old metrics. Current buffer sizes: parsing=5569, documents=0

      at TelemetryCollector.flushMetrics (src/services/telemetry.ts:276:15)
          at Array.map (<anonymous>)

  console.log
    [TELEMETRY] Flushed old metrics. Current buffer sizes: parsing=5570, documents=0

      at TelemetryCollector.flushMetrics (src/services/telemetry.ts:276:15)
          at Array.map (<anonymous>)

  console.log
    [TELEMETRY] Flushed old metrics. Current buffer sizes: parsing=5571, documents=0

      at TelemetryCollector.flushMetrics (src/services/telemetry.ts:276:15)
          at Array.map (<anonymous>)

  console.log
    [TELEMETRY] Flushed old metrics. Current buffer sizes: parsing=5572, documents=0

      at TelemetryCollector.flushMetrics (src/services/telemetry.ts:276:15)
          at Array.map (<anonymous>)

  console.log
    [TELEMETRY] Flushed old metrics. Current buffer sizes: parsing=5573, documents=0

      at TelemetryCollector.flushMetrics (src/services/telemetry.ts:276:15)
          at Array.map (<anonymous>)

  console.log
    [TELEMETRY] Flushed old metrics. Current buffer sizes: parsing=5574, documents=0

      at TelemetryCollector.flushMetrics (src/services/telemetry.ts:276:15)
          at Array.map (<anonymous>)

  console.log
    [TELEMETRY] Flushed old metrics. Current buffer sizes: parsing=5575, documents=0

      at TelemetryCollector.flushMetrics (src/services/telemetry.ts:276:15)
          at Array.map (<anonymous>)

  console.log
    [TELEMETRY] Flushed old metrics. Current buffer sizes: parsing=5576, documents=0

      at TelemetryCollector.flushMetrics (src/services/telemetry.ts:276:15)
          at Array.map (<anonymous>)

  console.log
    [TELEMETRY] Flushed old metrics. Current buffer sizes: parsing=5577, documents=0

      at TelemetryCollector.flushMetrics (src/services/telemetry.ts:276:15)
          at Array.map (<anonymous>)

  console.log
    [TELEMETRY] Flushed old metrics. Current buffer sizes: parsing=5578, documents=0

      at TelemetryCollector.flushMetrics (src/services/telemetry.ts:276:15)
          at Array.map (<anonymous>)

  console.log
    [TELEMETRY] Flushed old metrics. Current buffer sizes: parsing=5579, documents=0

      at TelemetryCollector.flushMetrics (src/services/telemetry.ts:276:15)
          at Array.map (<anonymous>)

  console.log
    [TELEMETRY] Flushed old metrics. Current buffer sizes: parsing=5580, documents=0

      at TelemetryCollector.flushMetrics (src/services/telemetry.ts:276:15)
          at Array.map (<anonymous>)

  console.log
    [TELEMETRY] Flushed old metrics. Current buffer sizes: parsing=5581, documents=0

      at TelemetryCollector.flushMetrics (src/services/telemetry.ts:276:15)
          at Array.map (<anonymous>)

  console.log
    [TELEMETRY] Flushed old metrics. Current buffer sizes: parsing=5582, documents=0

      at TelemetryCollector.flushMetrics (src/services/telemetry.ts:276:15)
          at Array.map (<anonymous>)

  console.log
    [TELEMETRY] Flushed old metrics. Current buffer sizes: parsing=5583, documents=0

      at TelemetryCollector.flushMetrics (src/services/telemetry.ts:276:15)
          at Array.map (<anonymous>)

  console.log
    [TELEMETRY] Flushed old metrics. Current buffer sizes: parsing=5584, documents=0

      at TelemetryCollector.flushMetrics (src/services/telemetry.ts:276:15)
          at Array.map (<anonymous>)

  console.log
    [TELEMETRY] Flushed old metrics. Current buffer sizes: parsing=5585, documents=0

      at TelemetryCollector.flushMetrics (src/services/telemetry.ts:276:15)
          at Array.map (<anonymous>)

  console.log
    [TELEMETRY] Flushed old metrics. Current buffer sizes: parsing=5586, documents=0

      at TelemetryCollector.flushMetrics (src/services/telemetry.ts:276:15)
          at Array.map (<anonymous>)

  console.log
    [TELEMETRY] Flushed old metrics. Current buffer sizes: parsing=5587, documents=0

      at TelemetryCollector.flushMetrics (src/services/telemetry.ts:276:15)
          at Array.map (<anonymous>)

  console.log
    [TELEMETRY] Flushed old metrics. Current buffer sizes: parsing=5588, documents=0

      at TelemetryCollector.flushMetrics (src/services/telemetry.ts:276:15)
          at Array.map (<anonymous>)

  console.log
    [TELEMETRY] Flushed old metrics. Current buffer sizes: parsing=5589, documents=0

      at TelemetryCollector.flushMetrics (src/services/telemetry.ts:276:15)
          at Array.map (<anonymous>)

  console.log
    [TELEMETRY] Flushed old metrics. Current buffer sizes: parsing=5590, documents=0

      at TelemetryCollector.flushMetrics (src/services/telemetry.ts:276:15)
          at Array.map (<anonymous>)

  console.log
    [TELEMETRY] Flushed old metrics. Current buffer sizes: parsing=5591, documents=0

      at TelemetryCollector.flushMetrics (src/services/telemetry.ts:276:15)
          at Array.map (<anonymous>)

  console.log
    [TELEMETRY] Flushed old metrics. Current buffer sizes: parsing=5592, documents=0

      at TelemetryCollector.flushMetrics (src/services/telemetry.ts:276:15)
          at Array.map (<anonymous>)

  console.log
    [TELEMETRY] Flushed old metrics. Current buffer sizes: parsing=5593, documents=0

      at TelemetryCollector.flushMetrics (src/services/telemetry.ts:276:15)
          at Array.map (<anonymous>)

  console.log
    [TELEMETRY] Flushed old metrics. Current buffer sizes: parsing=5594, documents=0

      at TelemetryCollector.flushMetrics (src/services/telemetry.ts:276:15)
          at Array.map (<anonymous>)

  console.log
    [TELEMETRY] Flushed old metrics. Current buffer sizes: parsing=5595, documents=0

      at TelemetryCollector.flushMetrics (src/services/telemetry.ts:276:15)
          at Array.map (<anonymous>)

  console.log
    [TELEMETRY] Flushed old metrics. Current buffer sizes: parsing=5596, documents=0

      at TelemetryCollector.flushMetrics (src/services/telemetry.ts:276:15)
          at Array.map (<anonymous>)

  console.log
    [TELEMETRY] Flushed old metrics. Current buffer sizes: parsing=5597, documents=0

      at TelemetryCollector.flushMetrics (src/services/telemetry.ts:276:15)
          at Array.map (<anonymous>)

  console.log
    [TELEMETRY] Flushed old metrics. Current buffer sizes: parsing=5598, documents=0

      at TelemetryCollector.flushMetrics (src/services/telemetry.ts:276:15)
          at Array.map (<anonymous>)

  console.log
    [TELEMETRY] Flushed old metrics. Current buffer sizes: parsing=5599, documents=0

      at TelemetryCollector.flushMetrics (src/services/telemetry.ts:276:15)
          at Array.map (<anonymous>)

  console.log
    [TELEMETRY] Flushed old metrics. Current buffer sizes: parsing=5600, documents=0

      at TelemetryCollector.flushMetrics (src/services/telemetry.ts:276:15)
          at Array.map (<anonymous>)

  console.log
    [TELEMETRY] Flushed old metrics. Current buffer sizes: parsing=5601, documents=0

      at TelemetryCollector.flushMetrics (src/services/telemetry.ts:276:15)
          at Array.map (<anonymous>)

  console.log
    [TELEMETRY] Flushed old metrics. Current buffer sizes: parsing=5602, documents=0

      at TelemetryCollector.flushMetrics (src/services/telemetry.ts:276:15)
          at Array.map (<anonymous>)

  console.log
    [TELEMETRY] Flushed old metrics. Current buffer sizes: parsing=5603, documents=0

      at TelemetryCollector.flushMetrics (src/services/telemetry.ts:276:15)
          at Array.map (<anonymous>)

  console.log
    [TELEMETRY] Flushed old metrics. Current buffer sizes: parsing=5604, documents=0

      at TelemetryCollector.flushMetrics (src/services/telemetry.ts:276:15)
          at Array.map (<anonymous>)

  console.log
    [TELEMETRY] Flushed old metrics. Current buffer sizes: parsing=5605, documents=0

      at TelemetryCollector.flushMetrics (src/services/telemetry.ts:276:15)
          at Array.map (<anonymous>)

  console.log
    [TELEMETRY] Flushed old metrics. Current buffer sizes: parsing=5606, documents=0

      at TelemetryCollector.flushMetrics (src/services/telemetry.ts:276:15)
          at Array.map (<anonymous>)

  console.log
    [TELEMETRY] Flushed old metrics. Current buffer sizes: parsing=5607, documents=0

      at TelemetryCollector.flushMetrics (src/services/telemetry.ts:276:15)
          at Array.map (<anonymous>)

  console.log
    [TELEMETRY] Flushed old metrics. Current buffer sizes: parsing=5608, documents=0

      at TelemetryCollector.flushMetrics (src/services/telemetry.ts:276:15)
          at Array.map (<anonymous>)

  console.log
    [TELEMETRY] Flushed old metrics. Current buffer sizes: parsing=5609, documents=0

      at TelemetryCollector.flushMetrics (src/services/telemetry.ts:276:15)
          at Array.map (<anonymous>)

  console.log
    [TELEMETRY] Flushed old metrics. Current buffer sizes: parsing=5610, documents=0

      at TelemetryCollector.flushMetrics (src/services/telemetry.ts:276:15)
          at Array.map (<anonymous>)

  console.log
    [TELEMETRY] Flushed old metrics. Current buffer sizes: parsing=5611, documents=0

      at TelemetryCollector.flushMetrics (src/services/telemetry.ts:276:15)
          at Array.map (<anonymous>)

  console.log
    [TELEMETRY] Flushed old metrics. Current buffer sizes: parsing=5612, documents=0

      at TelemetryCollector.flushMetrics (src/services/telemetry.ts:276:15)
          at Array.map (<anonymous>)

  console.log
    [TELEMETRY] Flushed old metrics. Current buffer sizes: parsing=5613, documents=0

      at TelemetryCollector.flushMetrics (src/services/telemetry.ts:276:15)
          at Array.map (<anonymous>)

  console.log
    [TELEMETRY] Flushed old metrics. Current buffer sizes: parsing=5614, documents=0

      at TelemetryCollector.flushMetrics (src/services/telemetry.ts:276:15)
          at Array.map (<anonymous>)

  console.log
    [TELEMETRY] Flushed old metrics. Current buffer sizes: parsing=5615, documents=0

      at TelemetryCollector.flushMetrics (src/services/telemetry.ts:276:15)
          at Array.map (<anonymous>)

  console.log
    [TELEMETRY] Flushed old metrics. Current buffer sizes: parsing=5616, documents=0

      at TelemetryCollector.flushMetrics (src/services/telemetry.ts:276:15)
          at Array.map (<anonymous>)

  console.log
    [TELEMETRY] Flushed old metrics. Current buffer sizes: parsing=5617, documents=0

      at TelemetryCollector.flushMetrics (src/services/telemetry.ts:276:15)
          at Array.map (<anonymous>)

  console.log
    [TELEMETRY] Flushed old metrics. Current buffer sizes: parsing=5618, documents=0

      at TelemetryCollector.flushMetrics (src/services/telemetry.ts:276:15)
          at Array.map (<anonymous>)

  console.log
    [TELEMETRY] Flushed old metrics. Current buffer sizes: parsing=5619, documents=0

      at TelemetryCollector.flushMetrics (src/services/telemetry.ts:276:15)
          at Array.map (<anonymous>)

  console.log
    [TELEMETRY] Flushed old metrics. Current buffer sizes: parsing=5620, documents=0

      at TelemetryCollector.flushMetrics (src/services/telemetry.ts:276:15)
          at Array.map (<anonymous>)

  console.log
    [TELEMETRY] Flushed old metrics. Current buffer sizes: parsing=5621, documents=0

      at TelemetryCollector.flushMetrics (src/services/telemetry.ts:276:15)
          at Array.map (<anonymous>)

  console.log
    [TELEMETRY] Flushed old metrics. Current buffer sizes: parsing=5622, documents=0

      at TelemetryCollector.flushMetrics (src/services/telemetry.ts:276:15)
          at Array.map (<anonymous>)

  console.log
    [TELEMETRY] Flushed old metrics. Current buffer sizes: parsing=5623, documents=0

      at TelemetryCollector.flushMetrics (src/services/telemetry.ts:276:15)
          at Array.map (<anonymous>)

  console.log
    [TELEMETRY] Flushed old metrics. Current buffer sizes: parsing=5624, documents=0

      at TelemetryCollector.flushMetrics (src/services/telemetry.ts:276:15)
          at Array.map (<anonymous>)

  console.log
    [TELEMETRY] Flushed old metrics. Current buffer sizes: parsing=5625, documents=0

      at TelemetryCollector.flushMetrics (src/services/telemetry.ts:276:15)
          at Array.map (<anonymous>)

  console.log
    [TELEMETRY] Flushed old metrics. Current buffer sizes: parsing=5626, documents=0

      at TelemetryCollector.flushMetrics (src/services/telemetry.ts:276:15)
          at Array.map (<anonymous>)

  console.log
    [TELEMETRY] Flushed old metrics. Current buffer sizes: parsing=5627, documents=0

      at TelemetryCollector.flushMetrics (src/services/telemetry.ts:276:15)
          at Array.map (<anonymous>)

  console.log
    [TELEMETRY] Flushed old metrics. Current buffer sizes: parsing=5628, documents=0

      at TelemetryCollector.flushMetrics (src/services/telemetry.ts:276:15)
          at Array.map (<anonymous>)

  console.log
    [TELEMETRY] Flushed old metrics. Current buffer sizes: parsing=5629, documents=0

      at TelemetryCollector.flushMetrics (src/services/telemetry.ts:276:15)
          at Array.map (<anonymous>)

  console.log
    [TELEMETRY] Flushed old metrics. Current buffer sizes: parsing=5630, documents=0

      at TelemetryCollector.flushMetrics (src/services/telemetry.ts:276:15)
          at Array.map (<anonymous>)

  console.log
    [TELEMETRY] Flushed old metrics. Current buffer sizes: parsing=5631, documents=0

      at TelemetryCollector.flushMetrics (src/services/telemetry.ts:276:15)
          at Array.map (<anonymous>)

  console.log
    [TELEMETRY] Flushed old metrics. Current buffer sizes: parsing=5632, documents=0

      at TelemetryCollector.flushMetrics (src/services/telemetry.ts:276:15)
          at Array.map (<anonymous>)

  console.log
    [TELEMETRY] Flushed old metrics. Current buffer sizes: parsing=5633, documents=0

      at TelemetryCollector.flushMetrics (src/services/telemetry.ts:276:15)
          at Array.map (<anonymous>)

  console.log
    [TELEMETRY] Flushed old metrics. Current buffer sizes: parsing=5634, documents=0

      at TelemetryCollector.flushMetrics (src/services/telemetry.ts:276:15)
          at Array.map (<anonymous>)

  console.log
    [TELEMETRY] Flushed old metrics. Current buffer sizes: parsing=5635, documents=0

      at TelemetryCollector.flushMetrics (src/services/telemetry.ts:276:15)
          at Array.map (<anonymous>)

  console.log
    [TELEMETRY] Flushed old metrics. Current buffer sizes: parsing=5636, documents=0

      at TelemetryCollector.flushMetrics (src/services/telemetry.ts:276:15)
          at Array.map (<anonymous>)

  console.log
    [TELEMETRY] Flushed old metrics. Current buffer sizes: parsing=5637, documents=0

      at TelemetryCollector.flushMetrics (src/services/telemetry.ts:276:15)
          at Array.map (<anonymous>)

  console.log
    [TELEMETRY] Flushed old metrics. Current buffer sizes: parsing=5638, documents=0

      at TelemetryCollector.flushMetrics (src/services/telemetry.ts:276:15)
          at Array.map (<anonymous>)

  console.log
    [TELEMETRY] Flushed old metrics. Current buffer sizes: parsing=5639, documents=0

      at TelemetryCollector.flushMetrics (src/services/telemetry.ts:276:15)
          at Array.map (<anonymous>)

  console.log
    [TELEMETRY] Flushed old metrics. Current buffer sizes: parsing=5640, documents=0

      at TelemetryCollector.flushMetrics (src/services/telemetry.ts:276:15)
          at Array.map (<anonymous>)

  console.log
    [TELEMETRY] Flushed old metrics. Current buffer sizes: parsing=5641, documents=0

      at TelemetryCollector.flushMetrics (src/services/telemetry.ts:276:15)
          at Array.map (<anonymous>)

  console.log
    [TELEMETRY] Flushed old metrics. Current buffer sizes: parsing=5642, documents=0

      at TelemetryCollector.flushMetrics (src/services/telemetry.ts:276:15)
          at Array.map (<anonymous>)

  console.log
    [TELEMETRY] Flushed old metrics. Current buffer sizes: parsing=5643, documents=0

      at TelemetryCollector.flushMetrics (src/services/telemetry.ts:276:15)
          at Array.map (<anonymous>)

  console.log
    [TELEMETRY] Flushed old metrics. Current buffer sizes: parsing=5644, documents=0

      at TelemetryCollector.flushMetrics (src/services/telemetry.ts:276:15)
          at Array.map (<anonymous>)

  console.log
    [TELEMETRY] Flushed old metrics. Current buffer sizes: parsing=5645, documents=0

      at TelemetryCollector.flushMetrics (src/services/telemetry.ts:276:15)
          at Array.map (<anonymous>)

  console.log
    [TELEMETRY] Flushed old metrics. Current buffer sizes: parsing=5646, documents=0

      at TelemetryCollector.flushMetrics (src/services/telemetry.ts:276:15)
          at Array.map (<anonymous>)

  console.log
    [TELEMETRY] Flushed old metrics. Current buffer sizes: parsing=5647, documents=0

      at TelemetryCollector.flushMetrics (src/services/telemetry.ts:276:15)
          at Array.map (<anonymous>)

  console.log
    [TELEMETRY] Flushed old metrics. Current buffer sizes: parsing=5648, documents=0

      at TelemetryCollector.flushMetrics (src/services/telemetry.ts:276:15)
          at Array.map (<anonymous>)

  console.log
    [TELEMETRY] Flushed old metrics. Current buffer sizes: parsing=5649, documents=0

      at TelemetryCollector.flushMetrics (src/services/telemetry.ts:276:15)
          at Array.map (<anonymous>)

  console.log
    [TELEMETRY] Flushed old metrics. Current buffer sizes: parsing=5650, documents=0

      at TelemetryCollector.flushMetrics (src/services/telemetry.ts:276:15)
          at Array.map (<anonymous>)

  console.log
    [TELEMETRY] Flushed old metrics. Current buffer sizes: parsing=5651, documents=0

      at TelemetryCollector.flushMetrics (src/services/telemetry.ts:276:15)
          at Array.map (<anonymous>)

  console.log
    [TELEMETRY] Flushed old metrics. Current buffer sizes: parsing=5652, documents=0

      at TelemetryCollector.flushMetrics (src/services/telemetry.ts:276:15)
          at Array.map (<anonymous>)

  console.log
    [TELEMETRY] Flushed old metrics. Current buffer sizes: parsing=5653, documents=0

      at TelemetryCollector.flushMetrics (src/services/telemetry.ts:276:15)
          at Array.map (<anonymous>)

  console.log
    [TELEMETRY] Flushed old metrics. Current buffer sizes: parsing=5654, documents=0

      at TelemetryCollector.flushMetrics (src/services/telemetry.ts:276:15)
          at Array.map (<anonymous>)

  console.log
    [TELEMETRY] Flushed old metrics. Current buffer sizes: parsing=5655, documents=0

      at TelemetryCollector.flushMetrics (src/services/telemetry.ts:276:15)
          at Array.map (<anonymous>)

  console.log
    [TELEMETRY] Flushed old metrics. Current buffer sizes: parsing=5656, documents=0

      at TelemetryCollector.flushMetrics (src/services/telemetry.ts:276:15)
          at Array.map (<anonymous>)

  console.log
    [TELEMETRY] Flushed old metrics. Current buffer sizes: parsing=5657, documents=0

      at TelemetryCollector.flushMetrics (src/services/telemetry.ts:276:15)
          at Array.map (<anonymous>)

  console.log
    [TELEMETRY] Flushed old metrics. Current buffer sizes: parsing=5658, documents=0

      at TelemetryCollector.flushMetrics (src/services/telemetry.ts:276:15)
          at Array.map (<anonymous>)

  console.log
    [TELEMETRY] Flushed old metrics. Current buffer sizes: parsing=5659, documents=0

      at TelemetryCollector.flushMetrics (src/services/telemetry.ts:276:15)
          at Array.map (<anonymous>)

  console.log
    [TELEMETRY] Flushed old metrics. Current buffer sizes: parsing=5660, documents=0

      at TelemetryCollector.flushMetrics (src/services/telemetry.ts:276:15)
          at Array.map (<anonymous>)

  console.log
    [TELEMETRY] Flushed old metrics. Current buffer sizes: parsing=5661, documents=0

      at TelemetryCollector.flushMetrics (src/services/telemetry.ts:276:15)
          at Array.map (<anonymous>)

  console.log
    [TELEMETRY] Flushed old metrics. Current buffer sizes: parsing=5662, documents=0

      at TelemetryCollector.flushMetrics (src/services/telemetry.ts:276:15)
          at Array.map (<anonymous>)

  console.log
    [TELEMETRY] Flushed old metrics. Current buffer sizes: parsing=5663, documents=0

      at TelemetryCollector.flushMetrics (src/services/telemetry.ts:276:15)
          at Array.map (<anonymous>)

  console.log
    [TELEMETRY] Flushed old metrics. Current buffer sizes: parsing=5664, documents=0

      at TelemetryCollector.flushMetrics (src/services/telemetry.ts:276:15)
          at Array.map (<anonymous>)

  console.log
    [TELEMETRY] Flushed old metrics. Current buffer sizes: parsing=5665, documents=0

      at TelemetryCollector.flushMetrics (src/services/telemetry.ts:276:15)
          at Array.map (<anonymous>)

  console.log
    [TELEMETRY] Flushed old metrics. Current buffer sizes: parsing=5666, documents=0

      at TelemetryCollector.flushMetrics (src/services/telemetry.ts:276:15)
          at Array.map (<anonymous>)

  console.log
    [TELEMETRY] Flushed old metrics. Current buffer sizes: parsing=5667, documents=0

      at TelemetryCollector.flushMetrics (src/services/telemetry.ts:276:15)
          at Array.map (<anonymous>)

  console.log
    [TELEMETRY] Flushed old metrics. Current buffer sizes: parsing=5668, documents=0

      at TelemetryCollector.flushMetrics (src/services/telemetry.ts:276:15)
          at Array.map (<anonymous>)

  console.log
    [TELEMETRY] Flushed old metrics. Current buffer sizes: parsing=5669, documents=0

      at TelemetryCollector.flushMetrics (src/services/telemetry.ts:276:15)
          at Array.map (<anonymous>)

  console.log
    [TELEMETRY] Flushed old metrics. Current buffer sizes: parsing=5670, documents=0

      at TelemetryCollector.flushMetrics (src/services/telemetry.ts:276:15)
          at Array.map (<anonymous>)

  console.log
    [TELEMETRY] Flushed old metrics. Current buffer sizes: parsing=5671, documents=0

      at TelemetryCollector.flushMetrics (src/services/telemetry.ts:276:15)
          at Array.map (<anonymous>)

  console.log
    [TELEMETRY] Flushed old metrics. Current buffer sizes: parsing=5672, documents=0

      at TelemetryCollector.flushMetrics (src/services/telemetry.ts:276:15)
          at Array.map (<anonymous>)

  console.log
    [TELEMETRY] Flushed old metrics. Current buffer sizes: parsing=5673, documents=0

      at TelemetryCollector.flushMetrics (src/services/telemetry.ts:276:15)
          at Array.map (<anonymous>)

  console.log
    [TELEMETRY] Flushed old metrics. Current buffer sizes: parsing=5674, documents=0

      at TelemetryCollector.flushMetrics (src/services/telemetry.ts:276:15)
          at Array.map (<anonymous>)

  console.log
    [TELEMETRY] Flushed old metrics. Current buffer sizes: parsing=5675, documents=0

      at TelemetryCollector.flushMetrics (src/services/telemetry.ts:276:15)
          at Array.map (<anonymous>)

  console.log
    [TELEMETRY] Flushed old metrics. Current buffer sizes: parsing=5676, documents=0

      at TelemetryCollector.flushMetrics (src/services/telemetry.ts:276:15)
          at Array.map (<anonymous>)

  console.log
    [TELEMETRY] Flushed old metrics. Current buffer sizes: parsing=5677, documents=0

      at TelemetryCollector.flushMetrics (src/services/telemetry.ts:276:15)
          at Array.map (<anonymous>)

  console.log
    [TELEMETRY] Flushed old metrics. Current buffer sizes: parsing=5678, documents=0

      at TelemetryCollector.flushMetrics (src/services/telemetry.ts:276:15)
          at Array.map (<anonymous>)

  console.log
    [TELEMETRY] Flushed old metrics. Current buffer sizes: parsing=5679, documents=0

      at TelemetryCollector.flushMetrics (src/services/telemetry.ts:276:15)
          at Array.map (<anonymous>)

  console.log
    [TELEMETRY] Flushed old metrics. Current buffer sizes: parsing=5680, documents=0

      at TelemetryCollector.flushMetrics (src/services/telemetry.ts:276:15)
          at Array.map (<anonymous>)

  console.log
    [TELEMETRY] Flushed old metrics. Current buffer sizes: parsing=5681, documents=0

      at TelemetryCollector.flushMetrics (src/services/telemetry.ts:276:15)
          at Array.map (<anonymous>)

  console.log
    [TELEMETRY] Flushed old metrics. Current buffer sizes: parsing=5682, documents=0

      at TelemetryCollector.flushMetrics (src/services/telemetry.ts:276:15)
          at Array.map (<anonymous>)

  console.log
    [TELEMETRY] Flushed old metrics. Current buffer sizes: parsing=5683, documents=0

      at TelemetryCollector.flushMetrics (src/services/telemetry.ts:276:15)
          at Array.map (<anonymous>)

  console.log
    [TELEMETRY] Flushed old metrics. Current buffer sizes: parsing=5684, documents=0

      at TelemetryCollector.flushMetrics (src/services/telemetry.ts:276:15)
          at Array.map (<anonymous>)

  console.log
    [TELEMETRY] Flushed old metrics. Current buffer sizes: parsing=5685, documents=0

      at TelemetryCollector.flushMetrics (src/services/telemetry.ts:276:15)
          at Array.map (<anonymous>)

  console.log
    [TELEMETRY] Flushed old metrics. Current buffer sizes: parsing=5686, documents=0

      at TelemetryCollector.flushMetrics (src/services/telemetry.ts:276:15)
          at Array.map (<anonymous>)

  console.log
    [TELEMETRY] Flushed old metrics. Current buffer sizes: parsing=5687, documents=0

      at TelemetryCollector.flushMetrics (src/services/telemetry.ts:276:15)
          at Array.map (<anonymous>)

  console.log
    [TELEMETRY] Flushed old metrics. Current buffer sizes: parsing=5688, documents=0

      at TelemetryCollector.flushMetrics (src/services/telemetry.ts:276:15)
          at Array.map (<anonymous>)

  console.log
    [TELEMETRY] Flushed old metrics. Current buffer sizes: parsing=5689, documents=0

      at TelemetryCollector.flushMetrics (src/services/telemetry.ts:276:15)
          at Array.map (<anonymous>)

  console.log
    [TELEMETRY] Flushed old metrics. Current buffer sizes: parsing=5690, documents=0

      at TelemetryCollector.flushMetrics (src/services/telemetry.ts:276:15)
          at Array.map (<anonymous>)

  console.log
    [TELEMETRY] Flushed old metrics. Current buffer sizes: parsing=5691, documents=0

      at TelemetryCollector.flushMetrics (src/services/telemetry.ts:276:15)
          at Array.map (<anonymous>)

  console.log
    [TELEMETRY] Flushed old metrics. Current buffer sizes: parsing=5692, documents=0

      at TelemetryCollector.flushMetrics (src/services/telemetry.ts:276:15)
          at Array.map (<anonymous>)

  console.log
    [TELEMETRY] Flushed old metrics. Current buffer sizes: parsing=5693, documents=0

      at TelemetryCollector.flushMetrics (src/services/telemetry.ts:276:15)
          at Array.map (<anonymous>)

  console.log
    [TELEMETRY] Flushed old metrics. Current buffer sizes: parsing=5694, documents=0

      at TelemetryCollector.flushMetrics (src/services/telemetry.ts:276:15)
          at Array.map (<anonymous>)

  console.log
    [TELEMETRY] Flushed old metrics. Current buffer sizes: parsing=5695, documents=0

      at TelemetryCollector.flushMetrics (src/services/telemetry.ts:276:15)
          at Array.map (<anonymous>)

  console.log
    [TELEMETRY] Flushed old metrics. Current buffer sizes: parsing=5696, documents=0

      at TelemetryCollector.flushMetrics (src/services/telemetry.ts:276:15)
          at Array.map (<anonymous>)

  console.log
    [TELEMETRY] Flushed old metrics. Current buffer sizes: parsing=5697, documents=0

      at TelemetryCollector.flushMetrics (src/services/telemetry.ts:276:15)
          at Array.map (<anonymous>)

  console.log
    [TELEMETRY] Flushed old metrics. Current buffer sizes: parsing=5698, documents=0

      at TelemetryCollector.flushMetrics (src/services/telemetry.ts:276:15)
          at Array.map (<anonymous>)

  console.log
    [TELEMETRY] Flushed old metrics. Current buffer sizes: parsing=5699, documents=0

      at TelemetryCollector.flushMetrics (src/services/telemetry.ts:276:15)
          at Array.map (<anonymous>)

  console.log
    [TELEMETRY] Flushed old metrics. Current buffer sizes: parsing=5700, documents=0

      at TelemetryCollector.flushMetrics (src/services/telemetry.ts:276:15)
          at Array.map (<anonymous>)

  console.log
    [TELEMETRY] Flushed old metrics. Current buffer sizes: parsing=5701, documents=0

      at TelemetryCollector.flushMetrics (src/services/telemetry.ts:276:15)
          at Array.map (<anonymous>)

  console.log
    [TELEMETRY] Flushed old metrics. Current buffer sizes: parsing=5702, documents=0

      at TelemetryCollector.flushMetrics (src/services/telemetry.ts:276:15)
          at Array.map (<anonymous>)

  console.log
    [TELEMETRY] Flushed old metrics. Current buffer sizes: parsing=5703, documents=0

      at TelemetryCollector.flushMetrics (src/services/telemetry.ts:276:15)
          at Array.map (<anonymous>)

  console.log
    [TELEMETRY] Flushed old metrics. Current buffer sizes: parsing=5704, documents=0

      at TelemetryCollector.flushMetrics (src/services/telemetry.ts:276:15)
          at Array.map (<anonymous>)

  console.log
    [TELEMETRY] Flushed old metrics. Current buffer sizes: parsing=5705, documents=0

      at TelemetryCollector.flushMetrics (src/services/telemetry.ts:276:15)
          at Array.map (<anonymous>)

  console.log
    [TELEMETRY] Flushed old metrics. Current buffer sizes: parsing=5706, documents=0

      at TelemetryCollector.flushMetrics (src/services/telemetry.ts:276:15)
          at Array.map (<anonymous>)

  console.log
    [TELEMETRY] Flushed old metrics. Current buffer sizes: parsing=5707, documents=0

      at TelemetryCollector.flushMetrics (src/services/telemetry.ts:276:15)
          at Array.map (<anonymous>)

  console.log
    [TELEMETRY] Flushed old metrics. Current buffer sizes: parsing=5708, documents=0

      at TelemetryCollector.flushMetrics (src/services/telemetry.ts:276:15)
          at Array.map (<anonymous>)

  console.log
    [TELEMETRY] Flushed old metrics. Current buffer sizes: parsing=5709, documents=0

      at TelemetryCollector.flushMetrics (src/services/telemetry.ts:276:15)
          at Array.map (<anonymous>)

  console.log
    [TELEMETRY] Flushed old metrics. Current buffer sizes: parsing=5710, documents=0

      at TelemetryCollector.flushMetrics (src/services/telemetry.ts:276:15)
          at Array.map (<anonymous>)

  console.log
    [TELEMETRY] Flushed old metrics. Current buffer sizes: parsing=5711, documents=0

      at TelemetryCollector.flushMetrics (src/services/telemetry.ts:276:15)
          at Array.map (<anonymous>)

  console.log
    [TELEMETRY] Flushed old metrics. Current buffer sizes: parsing=5712, documents=0

      at TelemetryCollector.flushMetrics (src/services/telemetry.ts:276:15)
          at Array.map (<anonymous>)

  console.log
    [TELEMETRY] Flushed old metrics. Current buffer sizes: parsing=5713, documents=0

      at TelemetryCollector.flushMetrics (src/services/telemetry.ts:276:15)
          at Array.map (<anonymous>)

  console.log
    [TELEMETRY] Flushed old metrics. Current buffer sizes: parsing=5714, documents=0

      at TelemetryCollector.flushMetrics (src/services/telemetry.ts:276:15)
          at Array.map (<anonymous>)

  console.log
    [TELEMETRY] Flushed old metrics. Current buffer sizes: parsing=5715, documents=0

      at TelemetryCollector.flushMetrics (src/services/telemetry.ts:276:15)
          at Array.map (<anonymous>)

  console.log
    [TELEMETRY] Flushed old metrics. Current buffer sizes: parsing=5716, documents=0

      at TelemetryCollector.flushMetrics (src/services/telemetry.ts:276:15)
          at Array.map (<anonymous>)

  console.log
    [TELEMETRY] Flushed old metrics. Current buffer sizes: parsing=5717, documents=0

      at TelemetryCollector.flushMetrics (src/services/telemetry.ts:276:15)
          at Array.map (<anonymous>)

  console.log
    [TELEMETRY] Flushed old metrics. Current buffer sizes: parsing=5718, documents=0

      at TelemetryCollector.flushMetrics (src/services/telemetry.ts:276:15)
          at Array.map (<anonymous>)

  console.log
    [TELEMETRY] Flushed old metrics. Current buffer sizes: parsing=5719, documents=0

      at TelemetryCollector.flushMetrics (src/services/telemetry.ts:276:15)
          at Array.map (<anonymous>)

  console.log
    [TELEMETRY] Flushed old metrics. Current buffer sizes: parsing=5720, documents=0

      at TelemetryCollector.flushMetrics (src/services/telemetry.ts:276:15)
          at Array.map (<anonymous>)

  console.log
    [TELEMETRY] Flushed old metrics. Current buffer sizes: parsing=5721, documents=0

      at TelemetryCollector.flushMetrics (src/services/telemetry.ts:276:15)
          at Array.map (<anonymous>)

  console.log
    [TELEMETRY] Flushed old metrics. Current buffer sizes: parsing=5722, documents=0

      at TelemetryCollector.flushMetrics (src/services/telemetry.ts:276:15)
          at Array.map (<anonymous>)

  console.log
    [TELEMETRY] Flushed old metrics. Current buffer sizes: parsing=5723, documents=0

      at TelemetryCollector.flushMetrics (src/services/telemetry.ts:276:15)
          at Array.map (<anonymous>)

  console.log
    [TELEMETRY] Flushed old metrics. Current buffer sizes: parsing=5724, documents=0

      at TelemetryCollector.flushMetrics (src/services/telemetry.ts:276:15)
          at Array.map (<anonymous>)

  console.log
    [TELEMETRY] Flushed old metrics. Current buffer sizes: parsing=5725, documents=0

      at TelemetryCollector.flushMetrics (src/services/telemetry.ts:276:15)
          at Array.map (<anonymous>)

  console.log
    [TELEMETRY] Flushed old metrics. Current buffer sizes: parsing=5726, documents=0

      at TelemetryCollector.flushMetrics (src/services/telemetry.ts:276:15)
          at Array.map (<anonymous>)

  console.log
    [TELEMETRY] Flushed old metrics. Current buffer sizes: parsing=5727, documents=0

      at TelemetryCollector.flushMetrics (src/services/telemetry.ts:276:15)
          at Array.map (<anonymous>)

  console.log
    [TELEMETRY] Flushed old metrics. Current buffer sizes: parsing=5728, documents=0

      at TelemetryCollector.flushMetrics (src/services/telemetry.ts:276:15)
          at Array.map (<anonymous>)

  console.log
    [TELEMETRY] Flushed old metrics. Current buffer sizes: parsing=5729, documents=0

      at TelemetryCollector.flushMetrics (src/services/telemetry.ts:276:15)
          at Array.map (<anonymous>)

  console.log
    [TELEMETRY] Flushed old metrics. Current buffer sizes: parsing=5730, documents=0

      at TelemetryCollector.flushMetrics (src/services/telemetry.ts:276:15)
          at Array.map (<anonymous>)

  console.log
    [TELEMETRY] Flushed old metrics. Current buffer sizes: parsing=5731, documents=0

      at TelemetryCollector.flushMetrics (src/services/telemetry.ts:276:15)
          at Array.map (<anonymous>)

  console.log
    [TELEMETRY] Flushed old metrics. Current buffer sizes: parsing=5732, documents=0

      at TelemetryCollector.flushMetrics (src/services/telemetry.ts:276:15)
          at Array.map (<anonymous>)

  console.log
    [TELEMETRY] Flushed old metrics. Current buffer sizes: parsing=5733, documents=0

      at TelemetryCollector.flushMetrics (src/services/telemetry.ts:276:15)
          at Array.map (<anonymous>)

  console.log
    [TELEMETRY] Flushed old metrics. Current buffer sizes: parsing=5734, documents=0

      at TelemetryCollector.flushMetrics (src/services/telemetry.ts:276:15)
          at Array.map (<anonymous>)

  console.log
    [TELEMETRY] Flushed old metrics. Current buffer sizes: parsing=5735, documents=0

      at TelemetryCollector.flushMetrics (src/services/telemetry.ts:276:15)
          at Array.map (<anonymous>)

  console.log
    [TELEMETRY] Flushed old metrics. Current buffer sizes: parsing=5736, documents=0

      at TelemetryCollector.flushMetrics (src/services/telemetry.ts:276:15)
          at Array.map (<anonymous>)

  console.log
    [TELEMETRY] Flushed old metrics. Current buffer sizes: parsing=5737, documents=0

      at TelemetryCollector.flushMetrics (src/services/telemetry.ts:276:15)
          at Array.map (<anonymous>)

  console.log
    [TELEMETRY] Flushed old metrics. Current buffer sizes: parsing=5738, documents=0

      at TelemetryCollector.flushMetrics (src/services/telemetry.ts:276:15)
          at Array.map (<anonymous>)

  console.log
    [TELEMETRY] Flushed old metrics. Current buffer sizes: parsing=5739, documents=0

      at TelemetryCollector.flushMetrics (src/services/telemetry.ts:276:15)
          at Array.map (<anonymous>)

  console.log
    [TELEMETRY] Flushed old metrics. Current buffer sizes: parsing=5740, documents=0

      at TelemetryCollector.flushMetrics (src/services/telemetry.ts:276:15)
          at Array.map (<anonymous>)

  console.log
    [TELEMETRY] Flushed old metrics. Current buffer sizes: parsing=5741, documents=0

      at TelemetryCollector.flushMetrics (src/services/telemetry.ts:276:15)
          at Array.map (<anonymous>)

  console.log
    [TELEMETRY] Flushed old metrics. Current buffer sizes: parsing=5742, documents=0

      at TelemetryCollector.flushMetrics (src/services/telemetry.ts:276:15)
          at Array.map (<anonymous>)

  console.log
    [TELEMETRY] Flushed old metrics. Current buffer sizes: parsing=5743, documents=0

      at TelemetryCollector.flushMetrics (src/services/telemetry.ts:276:15)
          at Array.map (<anonymous>)

  console.log
    [TELEMETRY] Flushed old metrics. Current buffer sizes: parsing=5744, documents=0

      at TelemetryCollector.flushMetrics (src/services/telemetry.ts:276:15)
          at Array.map (<anonymous>)

  console.log
    [TELEMETRY] Flushed old metrics. Current buffer sizes: parsing=5745, documents=0

      at TelemetryCollector.flushMetrics (src/services/telemetry.ts:276:15)
          at Array.map (<anonymous>)

  console.log
    [TELEMETRY] Flushed old metrics. Current buffer sizes: parsing=5746, documents=0

      at TelemetryCollector.flushMetrics (src/services/telemetry.ts:276:15)
          at Array.map (<anonymous>)

  console.log
    [TELEMETRY] Flushed old metrics. Current buffer sizes: parsing=5747, documents=0

      at TelemetryCollector.flushMetrics (src/services/telemetry.ts:276:15)
          at Array.map (<anonymous>)

  console.log
    [TELEMETRY] Flushed old metrics. Current buffer sizes: parsing=5748, documents=0

      at TelemetryCollector.flushMetrics (src/services/telemetry.ts:276:15)
          at Array.map (<anonymous>)

  console.log
    [TELEMETRY] Flushed old metrics. Current buffer sizes: parsing=5749, documents=0

      at TelemetryCollector.flushMetrics (src/services/telemetry.ts:276:15)
          at Array.map (<anonymous>)

  console.log
    [TELEMETRY] Flushed old metrics. Current buffer sizes: parsing=5750, documents=0

      at TelemetryCollector.flushMetrics (src/services/telemetry.ts:276:15)
          at Array.map (<anonymous>)

  console.log
    [TELEMETRY] Flushed old metrics. Current buffer sizes: parsing=5751, documents=0

      at TelemetryCollector.flushMetrics (src/services/telemetry.ts:276:15)
          at Array.map (<anonymous>)

  console.log
    [TELEMETRY] Flushed old metrics. Current buffer sizes: parsing=5752, documents=0

      at TelemetryCollector.flushMetrics (src/services/telemetry.ts:276:15)
          at Array.map (<anonymous>)

  console.log
    [TELEMETRY] Flushed old metrics. Current buffer sizes: parsing=5753, documents=0

      at TelemetryCollector.flushMetrics (src/services/telemetry.ts:276:15)
          at Array.map (<anonymous>)

  console.log
    [TELEMETRY] Flushed old metrics. Current buffer sizes: parsing=5754, documents=0

      at TelemetryCollector.flushMetrics (src/services/telemetry.ts:276:15)
          at Array.map (<anonymous>)

  console.log
    [TELEMETRY] Flushed old metrics. Current buffer sizes: parsing=5755, documents=0

      at TelemetryCollector.flushMetrics (src/services/telemetry.ts:276:15)
          at Array.map (<anonymous>)

  console.log
    [TELEMETRY] Flushed old metrics. Current buffer sizes: parsing=5756, documents=0

      at TelemetryCollector.flushMetrics (src/services/telemetry.ts:276:15)
          at Array.map (<anonymous>)

  console.log
    [TELEMETRY] Flushed old metrics. Current buffer sizes: parsing=5757, documents=0

      at TelemetryCollector.flushMetrics (src/services/telemetry.ts:276:15)
          at Array.map (<anonymous>)

  console.log
    [TELEMETRY] Flushed old metrics. Current buffer sizes: parsing=5758, documents=0

      at TelemetryCollector.flushMetrics (src/services/telemetry.ts:276:15)
          at Array.map (<anonymous>)

  console.log
    [TELEMETRY] Flushed old metrics. Current buffer sizes: parsing=5759, documents=0

      at TelemetryCollector.flushMetrics (src/services/telemetry.ts:276:15)
          at Array.map (<anonymous>)

  console.log
    [TELEMETRY] Flushed old metrics. Current buffer sizes: parsing=5760, documents=0

      at TelemetryCollector.flushMetrics (src/services/telemetry.ts:276:15)
          at Array.map (<anonymous>)

  console.log
    [TELEMETRY] Flushed old metrics. Current buffer sizes: parsing=5761, documents=0

      at TelemetryCollector.flushMetrics (src/services/telemetry.ts:276:15)
          at Array.map (<anonymous>)

  console.log
    [TELEMETRY] Flushed old metrics. Current buffer sizes: parsing=5762, documents=0

      at TelemetryCollector.flushMetrics (src/services/telemetry.ts:276:15)
          at Array.map (<anonymous>)

  console.log
    [TELEMETRY] Flushed old metrics. Current buffer sizes: parsing=5763, documents=0

      at TelemetryCollector.flushMetrics (src/services/telemetry.ts:276:15)
          at Array.map (<anonymous>)

  console.log
    [TELEMETRY] Flushed old metrics. Current buffer sizes: parsing=5764, documents=0

      at TelemetryCollector.flushMetrics (src/services/telemetry.ts:276:15)
          at Array.map (<anonymous>)

  console.log
    [TELEMETRY] Flushed old metrics. Current buffer sizes: parsing=5765, documents=0

      at TelemetryCollector.flushMetrics (src/services/telemetry.ts:276:15)
          at Array.map (<anonymous>)

  console.log
    [TELEMETRY] Flushed old metrics. Current buffer sizes: parsing=5766, documents=0

      at TelemetryCollector.flushMetrics (src/services/telemetry.ts:276:15)
          at Array.map (<anonymous>)

  console.log
    [TELEMETRY] Flushed old metrics. Current buffer sizes: parsing=5767, documents=0

      at TelemetryCollector.flushMetrics (src/services/telemetry.ts:276:15)
          at Array.map (<anonymous>)

  console.log
    [TELEMETRY] Flushed old metrics. Current buffer sizes: parsing=5768, documents=0

      at TelemetryCollector.flushMetrics (src/services/telemetry.ts:276:15)
          at Array.map (<anonymous>)

  console.log
    [TELEMETRY] Flushed old metrics. Current buffer sizes: parsing=5769, documents=0

      at TelemetryCollector.flushMetrics (src/services/telemetry.ts:276:15)
          at Array.map (<anonymous>)

  console.log
    [TELEMETRY] Flushed old metrics. Current buffer sizes: parsing=5770, documents=0

      at TelemetryCollector.flushMetrics (src/services/telemetry.ts:276:15)
          at Array.map (<anonymous>)

  console.log
    [TELEMETRY] Flushed old metrics. Current buffer sizes: parsing=5771, documents=0

      at TelemetryCollector.flushMetrics (src/services/telemetry.ts:276:15)
          at Array.map (<anonymous>)

  console.log
    [TELEMETRY] Flushed old metrics. Current buffer sizes: parsing=5772, documents=0

      at TelemetryCollector.flushMetrics (src/services/telemetry.ts:276:15)
          at Array.map (<anonymous>)

  console.log
    [TELEMETRY] Flushed old metrics. Current buffer sizes: parsing=5773, documents=0

      at TelemetryCollector.flushMetrics (src/services/telemetry.ts:276:15)
          at Array.map (<anonymous>)

  console.log
    [TELEMETRY] Flushed old metrics. Current buffer sizes: parsing=5774, documents=0

      at TelemetryCollector.flushMetrics (src/services/telemetry.ts:276:15)
          at Array.map (<anonymous>)

  console.log
    [TELEMETRY] Flushed old metrics. Current buffer sizes: parsing=5775, documents=0

      at TelemetryCollector.flushMetrics (src/services/telemetry.ts:276:15)
          at Array.map (<anonymous>)

  console.log
    [TELEMETRY] Flushed old metrics. Current buffer sizes: parsing=5776, documents=0

      at TelemetryCollector.flushMetrics (src/services/telemetry.ts:276:15)
          at Array.map (<anonymous>)

  console.log
    [TELEMETRY] Flushed old metrics. Current buffer sizes: parsing=5777, documents=0

      at TelemetryCollector.flushMetrics (src/services/telemetry.ts:276:15)
          at Array.map (<anonymous>)

  console.log
    [TELEMETRY] Flushed old metrics. Current buffer sizes: parsing=5778, documents=0

      at TelemetryCollector.flushMetrics (src/services/telemetry.ts:276:15)
          at Array.map (<anonymous>)

  console.log
    [TELEMETRY] Flushed old metrics. Current buffer sizes: parsing=5779, documents=0

      at TelemetryCollector.flushMetrics (src/services/telemetry.ts:276:15)
          at Array.map (<anonymous>)

  console.log
    [TELEMETRY] Flushed old metrics. Current buffer sizes: parsing=5780, documents=0

      at TelemetryCollector.flushMetrics (src/services/telemetry.ts:276:15)
          at Array.map (<anonymous>)

  console.log
    [TELEMETRY] Flushed old metrics. Current buffer sizes: parsing=5781, documents=0

      at TelemetryCollector.flushMetrics (src/services/telemetry.ts:276:15)
          at Array.map (<anonymous>)

  console.log
    [TELEMETRY] Flushed old metrics. Current buffer sizes: parsing=5782, documents=0

      at TelemetryCollector.flushMetrics (src/services/telemetry.ts:276:15)
          at Array.map (<anonymous>)

  console.log
    [TELEMETRY] Flushed old metrics. Current buffer sizes: parsing=5783, documents=0

      at TelemetryCollector.flushMetrics (src/services/telemetry.ts:276:15)
          at Array.map (<anonymous>)

  console.log
    [TELEMETRY] Flushed old metrics. Current buffer sizes: parsing=5784, documents=0

      at TelemetryCollector.flushMetrics (src/services/telemetry.ts:276:15)
          at Array.map (<anonymous>)

  console.log
    [TELEMETRY] Flushed old metrics. Current buffer sizes: parsing=5785, documents=0

      at TelemetryCollector.flushMetrics (src/services/telemetry.ts:276:15)
          at Array.map (<anonymous>)

  console.log
    [TELEMETRY] Flushed old metrics. Current buffer sizes: parsing=5786, documents=0

      at TelemetryCollector.flushMetrics (src/services/telemetry.ts:276:15)
          at Array.map (<anonymous>)

  console.log
    [TELEMETRY] Flushed old metrics. Current buffer sizes: parsing=5787, documents=0

      at TelemetryCollector.flushMetrics (src/services/telemetry.ts:276:15)
          at Array.map (<anonymous>)

  console.log
    [TELEMETRY] Flushed old metrics. Current buffer sizes: parsing=5788, documents=0

      at TelemetryCollector.flushMetrics (src/services/telemetry.ts:276:15)
          at Array.map (<anonymous>)

  console.log
    [TELEMETRY] Flushed old metrics. Current buffer sizes: parsing=5789, documents=0

      at TelemetryCollector.flushMetrics (src/services/telemetry.ts:276:15)
          at Array.map (<anonymous>)

  console.log
    [TELEMETRY] Flushed old metrics. Current buffer sizes: parsing=5790, documents=0

      at TelemetryCollector.flushMetrics (src/services/telemetry.ts:276:15)
          at Array.map (<anonymous>)

  console.log
    [TELEMETRY] Flushed old metrics. Current buffer sizes: parsing=5791, documents=0

      at TelemetryCollector.flushMetrics (src/services/telemetry.ts:276:15)
          at Array.map (<anonymous>)

  console.log
    [TELEMETRY] Flushed old metrics. Current buffer sizes: parsing=5792, documents=0

      at TelemetryCollector.flushMetrics (src/services/telemetry.ts:276:15)
          at Array.map (<anonymous>)

  console.log
    [TELEMETRY] Flushed old metrics. Current buffer sizes: parsing=5793, documents=0

      at TelemetryCollector.flushMetrics (src/services/telemetry.ts:276:15)
          at Array.map (<anonymous>)

  console.log
    [TELEMETRY] Flushed old metrics. Current buffer sizes: parsing=5794, documents=0

      at TelemetryCollector.flushMetrics (src/services/telemetry.ts:276:15)
          at Array.map (<anonymous>)

  console.log
    [TELEMETRY] Flushed old metrics. Current buffer sizes: parsing=5795, documents=0

      at TelemetryCollector.flushMetrics (src/services/telemetry.ts:276:15)
          at Array.map (<anonymous>)

  console.log
    [TELEMETRY] Flushed old metrics. Current buffer sizes: parsing=5796, documents=0

      at TelemetryCollector.flushMetrics (src/services/telemetry.ts:276:15)
          at Array.map (<anonymous>)

  console.log
    [TELEMETRY] Flushed old metrics. Current buffer sizes: parsing=5797, documents=0

      at TelemetryCollector.flushMetrics (src/services/telemetry.ts:276:15)
          at Array.map (<anonymous>)

  console.log
    [TELEMETRY] Flushed old metrics. Current buffer sizes: parsing=5798, documents=0

      at TelemetryCollector.flushMetrics (src/services/telemetry.ts:276:15)
          at Array.map (<anonymous>)

  console.log
    [TELEMETRY] Flushed old metrics. Current buffer sizes: parsing=5799, documents=0

      at TelemetryCollector.flushMetrics (src/services/telemetry.ts:276:15)
          at Array.map (<anonymous>)

  console.log
    [TELEMETRY] Flushed old metrics. Current buffer sizes: parsing=5800, documents=0

      at TelemetryCollector.flushMetrics (src/services/telemetry.ts:276:15)
          at Array.map (<anonymous>)

  console.log
    [TELEMETRY] Flushed old metrics. Current buffer sizes: parsing=5801, documents=0

      at TelemetryCollector.flushMetrics (src/services/telemetry.ts:276:15)
          at Array.map (<anonymous>)

  console.log
    [TELEMETRY] Flushed old metrics. Current buffer sizes: parsing=5802, documents=0

      at TelemetryCollector.flushMetrics (src/services/telemetry.ts:276:15)
          at Array.map (<anonymous>)

  console.log
    [TELEMETRY] Flushed old metrics. Current buffer sizes: parsing=5803, documents=0

      at TelemetryCollector.flushMetrics (src/services/telemetry.ts:276:15)
          at Array.map (<anonymous>)

  console.log
    [TELEMETRY] Flushed old metrics. Current buffer sizes: parsing=5804, documents=0

      at TelemetryCollector.flushMetrics (src/services/telemetry.ts:276:15)
          at Array.map (<anonymous>)

  console.log
    [TELEMETRY] Flushed old metrics. Current buffer sizes: parsing=5805, documents=0

      at TelemetryCollector.flushMetrics (src/services/telemetry.ts:276:15)
          at Array.map (<anonymous>)

  console.log
    [TELEMETRY] Flushed old metrics. Current buffer sizes: parsing=5806, documents=0

      at TelemetryCollector.flushMetrics (src/services/telemetry.ts:276:15)
          at Array.map (<anonymous>)

  console.log
    [TELEMETRY] Flushed old metrics. Current buffer sizes: parsing=5807, documents=0

      at TelemetryCollector.flushMetrics (src/services/telemetry.ts:276:15)
          at Array.map (<anonymous>)

  console.log
    [TELEMETRY] Flushed old metrics. Current buffer sizes: parsing=5808, documents=0

      at TelemetryCollector.flushMetrics (src/services/telemetry.ts:276:15)
          at Array.map (<anonymous>)

  console.log
    [TELEMETRY] Flushed old metrics. Current buffer sizes: parsing=5809, documents=0

      at TelemetryCollector.flushMetrics (src/services/telemetry.ts:276:15)
          at Array.map (<anonymous>)

  console.log
    [TELEMETRY] Flushed old metrics. Current buffer sizes: parsing=5810, documents=0

      at TelemetryCollector.flushMetrics (src/services/telemetry.ts:276:15)
          at Array.map (<anonymous>)

  console.log
    [TELEMETRY] Flushed old metrics. Current buffer sizes: parsing=5811, documents=0

      at TelemetryCollector.flushMetrics (src/services/telemetry.ts:276:15)
          at Array.map (<anonymous>)

  console.log
    [TELEMETRY] Flushed old metrics. Current buffer sizes: parsing=5812, documents=0

      at TelemetryCollector.flushMetrics (src/services/telemetry.ts:276:15)
          at Array.map (<anonymous>)

  console.log
    [TELEMETRY] Flushed old metrics. Current buffer sizes: parsing=5813, documents=0

      at TelemetryCollector.flushMetrics (src/services/telemetry.ts:276:15)
          at Array.map (<anonymous>)

  console.log
    [TELEMETRY] Flushed old metrics. Current buffer sizes: parsing=5814, documents=0

      at TelemetryCollector.flushMetrics (src/services/telemetry.ts:276:15)
          at Array.map (<anonymous>)

  console.log
    [TELEMETRY] Flushed old metrics. Current buffer sizes: parsing=5815, documents=0

      at TelemetryCollector.flushMetrics (src/services/telemetry.ts:276:15)
          at Array.map (<anonymous>)

  console.log
    [TELEMETRY] Flushed old metrics. Current buffer sizes: parsing=5816, documents=0

      at TelemetryCollector.flushMetrics (src/services/telemetry.ts:276:15)
          at Array.map (<anonymous>)

  console.log
    [TELEMETRY] Flushed old metrics. Current buffer sizes: parsing=5817, documents=0

      at TelemetryCollector.flushMetrics (src/services/telemetry.ts:276:15)
          at Array.map (<anonymous>)

  console.log
    [TELEMETRY] Flushed old metrics. Current buffer sizes: parsing=5818, documents=0

      at TelemetryCollector.flushMetrics (src/services/telemetry.ts:276:15)
          at Array.map (<anonymous>)

  console.log
    [TELEMETRY] Flushed old metrics. Current buffer sizes: parsing=5819, documents=0

      at TelemetryCollector.flushMetrics (src/services/telemetry.ts:276:15)
          at Array.map (<anonymous>)

  console.log
    [TELEMETRY] Flushed old metrics. Current buffer sizes: parsing=5820, documents=0

      at TelemetryCollector.flushMetrics (src/services/telemetry.ts:276:15)
          at Array.map (<anonymous>)

  console.log
    [TELEMETRY] Flushed old metrics. Current buffer sizes: parsing=5821, documents=0

      at TelemetryCollector.flushMetrics (src/services/telemetry.ts:276:15)
          at Array.map (<anonymous>)

  console.log
    [TELEMETRY] Flushed old metrics. Current buffer sizes: parsing=5822, documents=0

      at TelemetryCollector.flushMetrics (src/services/telemetry.ts:276:15)
          at Array.map (<anonymous>)

  console.log
    [TELEMETRY] Flushed old metrics. Current buffer sizes: parsing=5823, documents=0

      at TelemetryCollector.flushMetrics (src/services/telemetry.ts:276:15)
          at Array.map (<anonymous>)

  console.log
    [TELEMETRY] Flushed old metrics. Current buffer sizes: parsing=5824, documents=0

      at TelemetryCollector.flushMetrics (src/services/telemetry.ts:276:15)
          at Array.map (<anonymous>)

  console.log
    [TELEMETRY] Flushed old metrics. Current buffer sizes: parsing=5825, documents=0

      at TelemetryCollector.flushMetrics (src/services/telemetry.ts:276:15)
          at Array.map (<anonymous>)

  console.log
    [TELEMETRY] Flushed old metrics. Current buffer sizes: parsing=5826, documents=0

      at TelemetryCollector.flushMetrics (src/services/telemetry.ts:276:15)
          at Array.map (<anonymous>)

  console.log
    [TELEMETRY] Flushed old metrics. Current buffer sizes: parsing=5827, documents=0

      at TelemetryCollector.flushMetrics (src/services/telemetry.ts:276:15)
          at Array.map (<anonymous>)

  console.log
    [TELEMETRY] Flushed old metrics. Current buffer sizes: parsing=5828, documents=0

      at TelemetryCollector.flushMetrics (src/services/telemetry.ts:276:15)
          at Array.map (<anonymous>)

  console.log
    [TELEMETRY] Flushed old metrics. Current buffer sizes: parsing=5829, documents=0

      at TelemetryCollector.flushMetrics (src/services/telemetry.ts:276:15)
          at Array.map (<anonymous>)

  console.log
    [TELEMETRY] Flushed old metrics. Current buffer sizes: parsing=5830, documents=0

      at TelemetryCollector.flushMetrics (src/services/telemetry.ts:276:15)
          at Array.map (<anonymous>)

  console.log
    [TELEMETRY] Flushed old metrics. Current buffer sizes: parsing=5831, documents=0

      at TelemetryCollector.flushMetrics (src/services/telemetry.ts:276:15)
          at Array.map (<anonymous>)

  console.log
    [TELEMETRY] Flushed old metrics. Current buffer sizes: parsing=5832, documents=0

      at TelemetryCollector.flushMetrics (src/services/telemetry.ts:276:15)
          at Array.map (<anonymous>)

  console.log
    [TELEMETRY] Flushed old metrics. Current buffer sizes: parsing=5833, documents=0

      at TelemetryCollector.flushMetrics (src/services/telemetry.ts:276:15)
          at Array.map (<anonymous>)

  console.log
    [TELEMETRY] Flushed old metrics. Current buffer sizes: parsing=5834, documents=0

      at TelemetryCollector.flushMetrics (src/services/telemetry.ts:276:15)
          at Array.map (<anonymous>)

  console.log
    [TELEMETRY] Flushed old metrics. Current buffer sizes: parsing=5835, documents=0

      at TelemetryCollector.flushMetrics (src/services/telemetry.ts:276:15)
          at Array.map (<anonymous>)

  console.log
    [TELEMETRY] Flushed old metrics. Current buffer sizes: parsing=5836, documents=0

      at TelemetryCollector.flushMetrics (src/services/telemetry.ts:276:15)
          at Array.map (<anonymous>)

  console.log
    [TELEMETRY] Flushed old metrics. Current buffer sizes: parsing=5837, documents=0

      at TelemetryCollector.flushMetrics (src/services/telemetry.ts:276:15)
          at Array.map (<anonymous>)

  console.log
    [TELEMETRY] Flushed old metrics. Current buffer sizes: parsing=5838, documents=0

      at TelemetryCollector.flushMetrics (src/services/telemetry.ts:276:15)
          at Array.map (<anonymous>)

  console.log
    [TELEMETRY] Flushed old metrics. Current buffer sizes: parsing=5839, documents=0

      at TelemetryCollector.flushMetrics (src/services/telemetry.ts:276:15)
          at Array.map (<anonymous>)

  console.log
    [TELEMETRY] Flushed old metrics. Current buffer sizes: parsing=5840, documents=0

      at TelemetryCollector.flushMetrics (src/services/telemetry.ts:276:15)
          at Array.map (<anonymous>)

  console.log
    [TELEMETRY] Flushed old metrics. Current buffer sizes: parsing=5841, documents=0

      at TelemetryCollector.flushMetrics (src/services/telemetry.ts:276:15)
          at Array.map (<anonymous>)

  console.log
    [TELEMETRY] Flushed old metrics. Current buffer sizes: parsing=5842, documents=0

      at TelemetryCollector.flushMetrics (src/services/telemetry.ts:276:15)
          at Array.map (<anonymous>)

  console.log
    [TELEMETRY] Flushed old metrics. Current buffer sizes: parsing=5843, documents=0

      at TelemetryCollector.flushMetrics (src/services/telemetry.ts:276:15)
          at Array.map (<anonymous>)

  console.log
    [TELEMETRY] Flushed old metrics. Current buffer sizes: parsing=5844, documents=0

      at TelemetryCollector.flushMetrics (src/services/telemetry.ts:276:15)
          at Array.map (<anonymous>)

  console.log
    [TELEMETRY] Flushed old metrics. Current buffer sizes: parsing=5845, documents=0

      at TelemetryCollector.flushMetrics (src/services/telemetry.ts:276:15)
          at Array.map (<anonymous>)

  console.log
    [TELEMETRY] Flushed old metrics. Current buffer sizes: parsing=5846, documents=0

      at TelemetryCollector.flushMetrics (src/services/telemetry.ts:276:15)
          at Array.map (<anonymous>)

  console.log
    [TELEMETRY] Flushed old metrics. Current buffer sizes: parsing=5847, documents=0

      at TelemetryCollector.flushMetrics (src/services/telemetry.ts:276:15)
          at Array.map (<anonymous>)

  console.log
    [TELEMETRY] Flushed old metrics. Current buffer sizes: parsing=5848, documents=0

      at TelemetryCollector.flushMetrics (src/services/telemetry.ts:276:15)
          at Array.map (<anonymous>)

  console.log
    [TELEMETRY] Flushed old metrics. Current buffer sizes: parsing=5849, documents=0

      at TelemetryCollector.flushMetrics (src/services/telemetry.ts:276:15)
          at Array.map (<anonymous>)

  console.log
    [TELEMETRY] Flushed old metrics. Current buffer sizes: parsing=5850, documents=0

      at TelemetryCollector.flushMetrics (src/services/telemetry.ts:276:15)
          at Array.map (<anonymous>)

  console.log
    [TELEMETRY] Flushed old metrics. Current buffer sizes: parsing=5851, documents=0

      at TelemetryCollector.flushMetrics (src/services/telemetry.ts:276:15)
          at Array.map (<anonymous>)

  console.log
    [TELEMETRY] Flushed old metrics. Current buffer sizes: parsing=5852, documents=0

      at TelemetryCollector.flushMetrics (src/services/telemetry.ts:276:15)
          at Array.map (<anonymous>)

  console.log
    [TELEMETRY] Flushed old metrics. Current buffer sizes: parsing=5853, documents=0

      at TelemetryCollector.flushMetrics (src/services/telemetry.ts:276:15)
          at Array.map (<anonymous>)

  console.log
    [TELEMETRY] Flushed old metrics. Current buffer sizes: parsing=5854, documents=0

      at TelemetryCollector.flushMetrics (src/services/telemetry.ts:276:15)
          at Array.map (<anonymous>)

  console.log
    [TELEMETRY] Flushed old metrics. Current buffer sizes: parsing=5855, documents=0

      at TelemetryCollector.flushMetrics (src/services/telemetry.ts:276:15)
          at Array.map (<anonymous>)

  console.log
    [TELEMETRY] Flushed old metrics. Current buffer sizes: parsing=5856, documents=0

      at TelemetryCollector.flushMetrics (src/services/telemetry.ts:276:15)
          at Array.map (<anonymous>)

  console.log
    [TELEMETRY] Flushed old metrics. Current buffer sizes: parsing=5857, documents=0

      at TelemetryCollector.flushMetrics (src/services/telemetry.ts:276:15)
          at Array.map (<anonymous>)

  console.log
    [TELEMETRY] Flushed old metrics. Current buffer sizes: parsing=5858, documents=0

      at TelemetryCollector.flushMetrics (src/services/telemetry.ts:276:15)
          at Array.map (<anonymous>)

  console.log
    [TELEMETRY] Flushed old metrics. Current buffer sizes: parsing=5859, documents=0

      at TelemetryCollector.flushMetrics (src/services/telemetry.ts:276:15)
          at Array.map (<anonymous>)

  console.log
    [TELEMETRY] Flushed old metrics. Current buffer sizes: parsing=5860, documents=0

      at TelemetryCollector.flushMetrics (src/services/telemetry.ts:276:15)
          at Array.map (<anonymous>)

  console.log
    [TELEMETRY] Flushed old metrics. Current buffer sizes: parsing=5861, documents=0

      at TelemetryCollector.flushMetrics (src/services/telemetry.ts:276:15)
          at Array.map (<anonymous>)

  console.log
    [TELEMETRY] Flushed old metrics. Current buffer sizes: parsing=5862, documents=0

      at TelemetryCollector.flushMetrics (src/services/telemetry.ts:276:15)
          at Array.map (<anonymous>)

  console.log
    [TELEMETRY] Flushed old metrics. Current buffer sizes: parsing=5863, documents=0

      at TelemetryCollector.flushMetrics (src/services/telemetry.ts:276:15)
          at Array.map (<anonymous>)

  console.log
    [TELEMETRY] Flushed old metrics. Current buffer sizes: parsing=5864, documents=0

      at TelemetryCollector.flushMetrics (src/services/telemetry.ts:276:15)
          at Array.map (<anonymous>)

  console.log
    [TELEMETRY] Flushed old metrics. Current buffer sizes: parsing=5865, documents=0

      at TelemetryCollector.flushMetrics (src/services/telemetry.ts:276:15)
          at Array.map (<anonymous>)

  console.log
    [TELEMETRY] Flushed old metrics. Current buffer sizes: parsing=5866, documents=0

      at TelemetryCollector.flushMetrics (src/services/telemetry.ts:276:15)
          at Array.map (<anonymous>)

  console.log
    [TELEMETRY] Flushed old metrics. Current buffer sizes: parsing=5867, documents=0

      at TelemetryCollector.flushMetrics (src/services/telemetry.ts:276:15)
          at Array.map (<anonymous>)

  console.log
    [TELEMETRY] Flushed old metrics. Current buffer sizes: parsing=5868, documents=0

      at TelemetryCollector.flushMetrics (src/services/telemetry.ts:276:15)
          at Array.map (<anonymous>)

  console.log
    [TELEMETRY] Flushed old metrics. Current buffer sizes: parsing=5869, documents=0

      at TelemetryCollector.flushMetrics (src/services/telemetry.ts:276:15)
          at Array.map (<anonymous>)

  console.log
    [TELEMETRY] Flushed old metrics. Current buffer sizes: parsing=5870, documents=0

      at TelemetryCollector.flushMetrics (src/services/telemetry.ts:276:15)
          at Array.map (<anonymous>)

  console.log
    [TELEMETRY] Flushed old metrics. Current buffer sizes: parsing=5871, documents=0

      at TelemetryCollector.flushMetrics (src/services/telemetry.ts:276:15)
          at Array.map (<anonymous>)

  console.log
    [TELEMETRY] Flushed old metrics. Current buffer sizes: parsing=5872, documents=0

      at TelemetryCollector.flushMetrics (src/services/telemetry.ts:276:15)
          at Array.map (<anonymous>)

  console.log
    [TELEMETRY] Flushed old metrics. Current buffer sizes: parsing=5873, documents=0

      at TelemetryCollector.flushMetrics (src/services/telemetry.ts:276:15)
          at Array.map (<anonymous>)

  console.log
    [TELEMETRY] Flushed old metrics. Current buffer sizes: parsing=5874, documents=0

      at TelemetryCollector.flushMetrics (src/services/telemetry.ts:276:15)
          at Array.map (<anonymous>)

  console.log
    [TELEMETRY] Flushed old metrics. Current buffer sizes: parsing=5875, documents=0

      at TelemetryCollector.flushMetrics (src/services/telemetry.ts:276:15)
          at Array.map (<anonymous>)

  console.log
    [TELEMETRY] Flushed old metrics. Current buffer sizes: parsing=5876, documents=0

      at TelemetryCollector.flushMetrics (src/services/telemetry.ts:276:15)
          at Array.map (<anonymous>)

  console.log
    [TELEMETRY] Flushed old metrics. Current buffer sizes: parsing=5877, documents=0

      at TelemetryCollector.flushMetrics (src/services/telemetry.ts:276:15)
          at Array.map (<anonymous>)

  console.log
    [TELEMETRY] Flushed old metrics. Current buffer sizes: parsing=5878, documents=0

      at TelemetryCollector.flushMetrics (src/services/telemetry.ts:276:15)
          at Array.map (<anonymous>)

  console.log
    [TELEMETRY] Flushed old metrics. Current buffer sizes: parsing=5879, documents=0

      at TelemetryCollector.flushMetrics (src/services/telemetry.ts:276:15)
          at Array.map (<anonymous>)

  console.log
    [TELEMETRY] Flushed old metrics. Current buffer sizes: parsing=5880, documents=0

      at TelemetryCollector.flushMetrics (src/services/telemetry.ts:276:15)
          at Array.map (<anonymous>)

  console.log
    [TELEMETRY] Flushed old metrics. Current buffer sizes: parsing=5881, documents=0

      at TelemetryCollector.flushMetrics (src/services/telemetry.ts:276:15)
          at Array.map (<anonymous>)

  console.log
    [TELEMETRY] Flushed old metrics. Current buffer sizes: parsing=5882, documents=0

      at TelemetryCollector.flushMetrics (src/services/telemetry.ts:276:15)
          at Array.map (<anonymous>)

  console.log
    [TELEMETRY] Flushed old metrics. Current buffer sizes: parsing=5883, documents=0

      at TelemetryCollector.flushMetrics (src/services/telemetry.ts:276:15)
          at Array.map (<anonymous>)

  console.log
    [TELEMETRY] Flushed old metrics. Current buffer sizes: parsing=5884, documents=0

      at TelemetryCollector.flushMetrics (src/services/telemetry.ts:276:15)
          at Array.map (<anonymous>)

  console.log
    [TELEMETRY] Flushed old metrics. Current buffer sizes: parsing=5885, documents=0

      at TelemetryCollector.flushMetrics (src/services/telemetry.ts:276:15)
          at Array.map (<anonymous>)

  console.log
    [TELEMETRY] Flushed old metrics. Current buffer sizes: parsing=5886, documents=0

      at TelemetryCollector.flushMetrics (src/services/telemetry.ts:276:15)
          at Array.map (<anonymous>)

  console.log
    [TELEMETRY] Flushed old metrics. Current buffer sizes: parsing=5887, documents=0

      at TelemetryCollector.flushMetrics (src/services/telemetry.ts:276:15)
          at Array.map (<anonymous>)

  console.log
    [TELEMETRY] Flushed old metrics. Current buffer sizes: parsing=5888, documents=0

      at TelemetryCollector.flushMetrics (src/services/telemetry.ts:276:15)
          at Array.map (<anonymous>)

  console.log
    [TELEMETRY] Flushed old metrics. Current buffer sizes: parsing=5889, documents=0

      at TelemetryCollector.flushMetrics (src/services/telemetry.ts:276:15)
          at Array.map (<anonymous>)

  console.log
    [TELEMETRY] Flushed old metrics. Current buffer sizes: parsing=5890, documents=0

      at TelemetryCollector.flushMetrics (src/services/telemetry.ts:276:15)
          at Array.map (<anonymous>)

  console.log
    [TELEMETRY] Flushed old metrics. Current buffer sizes: parsing=5891, documents=0

      at TelemetryCollector.flushMetrics (src/services/telemetry.ts:276:15)
          at Array.map (<anonymous>)

  console.log
    [TELEMETRY] Flushed old metrics. Current buffer sizes: parsing=5892, documents=0

      at TelemetryCollector.flushMetrics (src/services/telemetry.ts:276:15)
          at Array.map (<anonymous>)

  console.log
    [TELEMETRY] Flushed old metrics. Current buffer sizes: parsing=5893, documents=0

      at TelemetryCollector.flushMetrics (src/services/telemetry.ts:276:15)
          at Array.map (<anonymous>)

  console.log
    [TELEMETRY] Flushed old metrics. Current buffer sizes: parsing=5894, documents=0

      at TelemetryCollector.flushMetrics (src/services/telemetry.ts:276:15)
          at Array.map (<anonymous>)

  console.log
    [TELEMETRY] Flushed old metrics. Current buffer sizes: parsing=5895, documents=0

      at TelemetryCollector.flushMetrics (src/services/telemetry.ts:276:15)
          at Array.map (<anonymous>)

  console.log
    [TELEMETRY] Flushed old metrics. Current buffer sizes: parsing=5896, documents=0

      at TelemetryCollector.flushMetrics (src/services/telemetry.ts:276:15)
          at Array.map (<anonymous>)

  console.log
    [TELEMETRY] Flushed old metrics. Current buffer sizes: parsing=5897, documents=0

      at TelemetryCollector.flushMetrics (src/services/telemetry.ts:276:15)
          at Array.map (<anonymous>)

  console.log
    [TELEMETRY] Flushed old metrics. Current buffer sizes: parsing=5898, documents=0

      at TelemetryCollector.flushMetrics (src/services/telemetry.ts:276:15)
          at Array.map (<anonymous>)

  console.log
    [TELEMETRY] Flushed old metrics. Current buffer sizes: parsing=5899, documents=0

      at TelemetryCollector.flushMetrics (src/services/telemetry.ts:276:15)
          at Array.map (<anonymous>)

  console.log
    [TELEMETRY] Flushed old metrics. Current buffer sizes: parsing=5900, documents=0

      at TelemetryCollector.flushMetrics (src/services/telemetry.ts:276:15)
          at Array.map (<anonymous>)

  console.log
    [TELEMETRY] Flushed old metrics. Current buffer sizes: parsing=5901, documents=0

      at TelemetryCollector.flushMetrics (src/services/telemetry.ts:276:15)
          at Array.map (<anonymous>)

  console.log
    [TELEMETRY] Flushed old metrics. Current buffer sizes: parsing=5902, documents=0

      at TelemetryCollector.flushMetrics (src/services/telemetry.ts:276:15)
          at Array.map (<anonymous>)

  console.log
    [TELEMETRY] Flushed old metrics. Current buffer sizes: parsing=5903, documents=0

      at TelemetryCollector.flushMetrics (src/services/telemetry.ts:276:15)
          at Array.map (<anonymous>)

  console.log
    [TELEMETRY] Flushed old metrics. Current buffer sizes: parsing=5904, documents=0

      at TelemetryCollector.flushMetrics (src/services/telemetry.ts:276:15)
          at Array.map (<anonymous>)

  console.log
    [TELEMETRY] Flushed old metrics. Current buffer sizes: parsing=5905, documents=0

      at TelemetryCollector.flushMetrics (src/services/telemetry.ts:276:15)
          at Array.map (<anonymous>)

  console.log
    [TELEMETRY] Flushed old metrics. Current buffer sizes: parsing=5906, documents=0

      at TelemetryCollector.flushMetrics (src/services/telemetry.ts:276:15)
          at Array.map (<anonymous>)

  console.log
    [TELEMETRY] Flushed old metrics. Current buffer sizes: parsing=5907, documents=0

      at TelemetryCollector.flushMetrics (src/services/telemetry.ts:276:15)
          at Array.map (<anonymous>)

  console.log
    [TELEMETRY] Flushed old metrics. Current buffer sizes: parsing=5908, documents=0

      at TelemetryCollector.flushMetrics (src/services/telemetry.ts:276:15)
          at Array.map (<anonymous>)

  console.log
    [TELEMETRY] Flushed old metrics. Current buffer sizes: parsing=5909, documents=0

      at TelemetryCollector.flushMetrics (src/services/telemetry.ts:276:15)
          at Array.map (<anonymous>)

  console.log
    [TELEMETRY] Flushed old metrics. Current buffer sizes: parsing=5910, documents=0

      at TelemetryCollector.flushMetrics (src/services/telemetry.ts:276:15)
          at Array.map (<anonymous>)

  console.log
    [TELEMETRY] Flushed old metrics. Current buffer sizes: parsing=5911, documents=0

      at TelemetryCollector.flushMetrics (src/services/telemetry.ts:276:15)
          at Array.map (<anonymous>)

  console.log
    [TELEMETRY] Flushed old metrics. Current buffer sizes: parsing=5912, documents=0

      at TelemetryCollector.flushMetrics (src/services/telemetry.ts:276:15)
          at Array.map (<anonymous>)

  console.log
    [TELEMETRY] Flushed old metrics. Current buffer sizes: parsing=5913, documents=0

      at TelemetryCollector.flushMetrics (src/services/telemetry.ts:276:15)
          at Array.map (<anonymous>)

  console.log
    [TELEMETRY] Flushed old metrics. Current buffer sizes: parsing=5914, documents=0

      at TelemetryCollector.flushMetrics (src/services/telemetry.ts:276:15)
          at Array.map (<anonymous>)

  console.log
    [TELEMETRY] Flushed old metrics. Current buffer sizes: parsing=5915, documents=0

      at TelemetryCollector.flushMetrics (src/services/telemetry.ts:276:15)
          at Array.map (<anonymous>)

  console.log
    [TELEMETRY] Flushed old metrics. Current buffer sizes: parsing=5916, documents=0

      at TelemetryCollector.flushMetrics (src/services/telemetry.ts:276:15)
          at Array.map (<anonymous>)

  console.log
    [TELEMETRY] Flushed old metrics. Current buffer sizes: parsing=5917, documents=0

      at TelemetryCollector.flushMetrics (src/services/telemetry.ts:276:15)
          at Array.map (<anonymous>)

  console.log
    [TELEMETRY] Flushed old metrics. Current buffer sizes: parsing=5918, documents=0

      at TelemetryCollector.flushMetrics (src/services/telemetry.ts:276:15)
          at Array.map (<anonymous>)

  console.log
    [TELEMETRY] Flushed old metrics. Current buffer sizes: parsing=5919, documents=0

      at TelemetryCollector.flushMetrics (src/services/telemetry.ts:276:15)
          at Array.map (<anonymous>)

  console.log
    [TELEMETRY] Flushed old metrics. Current buffer sizes: parsing=5920, documents=0

      at TelemetryCollector.flushMetrics (src/services/telemetry.ts:276:15)
          at Array.map (<anonymous>)

  console.log
    [TELEMETRY] Flushed old metrics. Current buffer sizes: parsing=5921, documents=0

      at TelemetryCollector.flushMetrics (src/services/telemetry.ts:276:15)
          at Array.map (<anonymous>)

  console.log
    [TELEMETRY] Flushed old metrics. Current buffer sizes: parsing=5922, documents=0

      at TelemetryCollector.flushMetrics (src/services/telemetry.ts:276:15)
          at Array.map (<anonymous>)

  console.log
    [TELEMETRY] Flushed old metrics. Current buffer sizes: parsing=5923, documents=0

      at TelemetryCollector.flushMetrics (src/services/telemetry.ts:276:15)
          at Array.map (<anonymous>)

  console.log
    [TELEMETRY] Flushed old metrics. Current buffer sizes: parsing=5924, documents=0

      at TelemetryCollector.flushMetrics (src/services/telemetry.ts:276:15)
          at Array.map (<anonymous>)

  console.log
    [TELEMETRY] Flushed old metrics. Current buffer sizes: parsing=5925, documents=0

      at TelemetryCollector.flushMetrics (src/services/telemetry.ts:276:15)
          at Array.map (<anonymous>)

  console.log
    [TELEMETRY] Flushed old metrics. Current buffer sizes: parsing=5926, documents=0

      at TelemetryCollector.flushMetrics (src/services/telemetry.ts:276:15)
          at Array.map (<anonymous>)

  console.log
    [TELEMETRY] Flushed old metrics. Current buffer sizes: parsing=5927, documents=0

      at TelemetryCollector.flushMetrics (src/services/telemetry.ts:276:15)
          at Array.map (<anonymous>)

  console.log
    [TELEMETRY] Flushed old metrics. Current buffer sizes: parsing=5928, documents=0

      at TelemetryCollector.flushMetrics (src/services/telemetry.ts:276:15)
          at Array.map (<anonymous>)

  console.log
    [TELEMETRY] Flushed old metrics. Current buffer sizes: parsing=5929, documents=0

      at TelemetryCollector.flushMetrics (src/services/telemetry.ts:276:15)
          at Array.map (<anonymous>)

  console.log
    [TELEMETRY] Flushed old metrics. Current buffer sizes: parsing=5930, documents=0

      at TelemetryCollector.flushMetrics (src/services/telemetry.ts:276:15)
          at Array.map (<anonymous>)

  console.log
    [TELEMETRY] Flushed old metrics. Current buffer sizes: parsing=5931, documents=0

      at TelemetryCollector.flushMetrics (src/services/telemetry.ts:276:15)
          at Array.map (<anonymous>)

  console.log
    [TELEMETRY] Flushed old metrics. Current buffer sizes: parsing=5932, documents=0

      at TelemetryCollector.flushMetrics (src/services/telemetry.ts:276:15)
          at Array.map (<anonymous>)

  console.log
    [TELEMETRY] Flushed old metrics. Current buffer sizes: parsing=5933, documents=0

      at TelemetryCollector.flushMetrics (src/services/telemetry.ts:276:15)
          at Array.map (<anonymous>)

  console.log
    [TELEMETRY] Flushed old metrics. Current buffer sizes: parsing=5934, documents=0

      at TelemetryCollector.flushMetrics (src/services/telemetry.ts:276:15)
          at Array.map (<anonymous>)

  console.log
    [TELEMETRY] Flushed old metrics. Current buffer sizes: parsing=5935, documents=0

      at TelemetryCollector.flushMetrics (src/services/telemetry.ts:276:15)
          at Array.map (<anonymous>)

  console.log
    [TELEMETRY] Flushed old metrics. Current buffer sizes: parsing=5936, documents=0

      at TelemetryCollector.flushMetrics (src/services/telemetry.ts:276:15)
          at Array.map (<anonymous>)

  console.log
    [TELEMETRY] Flushed old metrics. Current buffer sizes: parsing=5937, documents=0

      at TelemetryCollector.flushMetrics (src/services/telemetry.ts:276:15)
          at Array.map (<anonymous>)

  console.log
    [TELEMETRY] Flushed old metrics. Current buffer sizes: parsing=5938, documents=0

      at TelemetryCollector.flushMetrics (src/services/telemetry.ts:276:15)
          at Array.map (<anonymous>)

  console.log
    [TELEMETRY] Flushed old metrics. Current buffer sizes: parsing=5939, documents=0

      at TelemetryCollector.flushMetrics (src/services/telemetry.ts:276:15)
          at Array.map (<anonymous>)

  console.log
    [TELEMETRY] Flushed old metrics. Current buffer sizes: parsing=5940, documents=0

      at TelemetryCollector.flushMetrics (src/services/telemetry.ts:276:15)
          at Array.map (<anonymous>)

  console.log
    [TELEMETRY] Flushed old metrics. Current buffer sizes: parsing=5941, documents=0

      at TelemetryCollector.flushMetrics (src/services/telemetry.ts:276:15)
          at Array.map (<anonymous>)

  console.log
    [TELEMETRY] Flushed old metrics. Current buffer sizes: parsing=5942, documents=0

      at TelemetryCollector.flushMetrics (src/services/telemetry.ts:276:15)
          at Array.map (<anonymous>)

  console.log
    [TELEMETRY] Flushed old metrics. Current buffer sizes: parsing=5943, documents=0

      at TelemetryCollector.flushMetrics (src/services/telemetry.ts:276:15)
          at Array.map (<anonymous>)

  console.log
    [TELEMETRY] Flushed old metrics. Current buffer sizes: parsing=5944, documents=0

      at TelemetryCollector.flushMetrics (src/services/telemetry.ts:276:15)
          at Array.map (<anonymous>)

  console.log
    [TELEMETRY] Flushed old metrics. Current buffer sizes: parsing=5945, documents=0

      at TelemetryCollector.flushMetrics (src/services/telemetry.ts:276:15)
          at Array.map (<anonymous>)

  console.log
    [TELEMETRY] Flushed old metrics. Current buffer sizes: parsing=5946, documents=0

      at TelemetryCollector.flushMetrics (src/services/telemetry.ts:276:15)
          at Array.map (<anonymous>)

  console.log
    [TELEMETRY] Flushed old metrics. Current buffer sizes: parsing=5947, documents=0

      at TelemetryCollector.flushMetrics (src/services/telemetry.ts:276:15)
          at Array.map (<anonymous>)

  console.log
    [TELEMETRY] Flushed old metrics. Current buffer sizes: parsing=5948, documents=0

      at TelemetryCollector.flushMetrics (src/services/telemetry.ts:276:15)
          at Array.map (<anonymous>)

  console.log
    [TELEMETRY] Flushed old metrics. Current buffer sizes: parsing=5949, documents=0

      at TelemetryCollector.flushMetrics (src/services/telemetry.ts:276:15)
          at Array.map (<anonymous>)

  console.log
    [TELEMETRY] Flushed old metrics. Current buffer sizes: parsing=5950, documents=0

      at TelemetryCollector.flushMetrics (src/services/telemetry.ts:276:15)
          at Array.map (<anonymous>)

  console.log
    [TELEMETRY] Flushed old metrics. Current buffer sizes: parsing=5951, documents=0

      at TelemetryCollector.flushMetrics (src/services/telemetry.ts:276:15)
          at Array.map (<anonymous>)

  console.log
    [TELEMETRY] Flushed old metrics. Current buffer sizes: parsing=5952, documents=0

      at TelemetryCollector.flushMetrics (src/services/telemetry.ts:276:15)
          at Array.map (<anonymous>)

  console.log
    [TELEMETRY] Flushed old metrics. Current buffer sizes: parsing=5953, documents=0

      at TelemetryCollector.flushMetrics (src/services/telemetry.ts:276:15)
          at Array.map (<anonymous>)

  console.log
    [TELEMETRY] Flushed old metrics. Current buffer sizes: parsing=5954, documents=0

      at TelemetryCollector.flushMetrics (src/services/telemetry.ts:276:15)
          at Array.map (<anonymous>)

  console.log
    [TELEMETRY] Flushed old metrics. Current buffer sizes: parsing=5955, documents=0

      at TelemetryCollector.flushMetrics (src/services/telemetry.ts:276:15)
          at Array.map (<anonymous>)

  console.log
    [TELEMETRY] Flushed old metrics. Current buffer sizes: parsing=5956, documents=0

      at TelemetryCollector.flushMetrics (src/services/telemetry.ts:276:15)
          at Array.map (<anonymous>)

  console.log
    [TELEMETRY] Flushed old metrics. Current buffer sizes: parsing=5957, documents=0

      at TelemetryCollector.flushMetrics (src/services/telemetry.ts:276:15)
          at Array.map (<anonymous>)

  console.log
    [TELEMETRY] Flushed old metrics. Current buffer sizes: parsing=5958, documents=0

      at TelemetryCollector.flushMetrics (src/services/telemetry.ts:276:15)
          at Array.map (<anonymous>)

  console.log
    [TELEMETRY] Flushed old metrics. Current buffer sizes: parsing=5959, documents=0

      at TelemetryCollector.flushMetrics (src/services/telemetry.ts:276:15)
          at Array.map (<anonymous>)

  console.log
    [TELEMETRY] Flushed old metrics. Current buffer sizes: parsing=5960, documents=0

      at TelemetryCollector.flushMetrics (src/services/telemetry.ts:276:15)
          at Array.map (<anonymous>)

  console.log
    [TELEMETRY] Flushed old metrics. Current buffer sizes: parsing=5961, documents=0

      at TelemetryCollector.flushMetrics (src/services/telemetry.ts:276:15)
          at Array.map (<anonymous>)

  console.log
    [TELEMETRY] Flushed old metrics. Current buffer sizes: parsing=5962, documents=0

      at TelemetryCollector.flushMetrics (src/services/telemetry.ts:276:15)
          at Array.map (<anonymous>)

  console.log
    [TELEMETRY] Flushed old metrics. Current buffer sizes: parsing=5963, documents=0

      at TelemetryCollector.flushMetrics (src/services/telemetry.ts:276:15)
          at Array.map (<anonymous>)

  console.log
    [TELEMETRY] Flushed old metrics. Current buffer sizes: parsing=5964, documents=0

      at TelemetryCollector.flushMetrics (src/services/telemetry.ts:276:15)
          at Array.map (<anonymous>)

  console.log
    [TELEMETRY] Flushed old metrics. Current buffer sizes: parsing=5965, documents=0

      at TelemetryCollector.flushMetrics (src/services/telemetry.ts:276:15)
          at Array.map (<anonymous>)

  console.log
    [TELEMETRY] Flushed old metrics. Current buffer sizes: parsing=5966, documents=0

      at TelemetryCollector.flushMetrics (src/services/telemetry.ts:276:15)
          at Array.map (<anonymous>)

  console.log
    [TELEMETRY] Flushed old metrics. Current buffer sizes: parsing=5967, documents=0

      at TelemetryCollector.flushMetrics (src/services/telemetry.ts:276:15)
          at Array.map (<anonymous>)

  console.log
    [TELEMETRY] Flushed old metrics. Current buffer sizes: parsing=5968, documents=0

      at TelemetryCollector.flushMetrics (src/services/telemetry.ts:276:15)
          at Array.map (<anonymous>)

  console.log
    [TELEMETRY] Flushed old metrics. Current buffer sizes: parsing=5969, documents=0

      at TelemetryCollector.flushMetrics (src/services/telemetry.ts:276:15)
          at Array.map (<anonymous>)

  console.log
    [TELEMETRY] Flushed old metrics. Current buffer sizes: parsing=5970, documents=0

      at TelemetryCollector.flushMetrics (src/services/telemetry.ts:276:15)
          at Array.map (<anonymous>)

  console.log
    [TELEMETRY] Flushed old metrics. Current buffer sizes: parsing=5971, documents=0

      at TelemetryCollector.flushMetrics (src/services/telemetry.ts:276:15)
          at Array.map (<anonymous>)

  console.log
    [TELEMETRY] Flushed old metrics. Current buffer sizes: parsing=5972, documents=0

      at TelemetryCollector.flushMetrics (src/services/telemetry.ts:276:15)
          at Array.map (<anonymous>)

  console.log
    [TELEMETRY] Flushed old metrics. Current buffer sizes: parsing=5973, documents=0

      at TelemetryCollector.flushMetrics (src/services/telemetry.ts:276:15)
          at Array.map (<anonymous>)

  console.log
    [TELEMETRY] Flushed old metrics. Current buffer sizes: parsing=5974, documents=0

      at TelemetryCollector.flushMetrics (src/services/telemetry.ts:276:15)
          at Array.map (<anonymous>)

  console.log
    [TELEMETRY] Flushed old metrics. Current buffer sizes: parsing=5975, documents=0

      at TelemetryCollector.flushMetrics (src/services/telemetry.ts:276:15)
          at Array.map (<anonymous>)

  console.log
    [TELEMETRY] Flushed old metrics. Current buffer sizes: parsing=5976, documents=0

      at TelemetryCollector.flushMetrics (src/services/telemetry.ts:276:15)
          at Array.map (<anonymous>)

  console.log
    [TELEMETRY] Flushed old metrics. Current buffer sizes: parsing=5977, documents=0

      at TelemetryCollector.flushMetrics (src/services/telemetry.ts:276:15)
          at Array.map (<anonymous>)

  console.log
    [TELEMETRY] Flushed old metrics. Current buffer sizes: parsing=5978, documents=0

      at TelemetryCollector.flushMetrics (src/services/telemetry.ts:276:15)
          at Array.map (<anonymous>)

  console.log
    [TELEMETRY] Flushed old metrics. Current buffer sizes: parsing=5979, documents=0

      at TelemetryCollector.flushMetrics (src/services/telemetry.ts:276:15)
          at Array.map (<anonymous>)

  console.log
    [TELEMETRY] Flushed old metrics. Current buffer sizes: parsing=5980, documents=0

      at TelemetryCollector.flushMetrics (src/services/telemetry.ts:276:15)
          at Array.map (<anonymous>)

  console.log
    [TELEMETRY] Flushed old metrics. Current buffer sizes: parsing=5981, documents=0

      at TelemetryCollector.flushMetrics (src/services/telemetry.ts:276:15)
          at Array.map (<anonymous>)

  console.log
    [TELEMETRY] Flushed old metrics. Current buffer sizes: parsing=5982, documents=0

      at TelemetryCollector.flushMetrics (src/services/telemetry.ts:276:15)
          at Array.map (<anonymous>)

  console.log
    [TELEMETRY] Flushed old metrics. Current buffer sizes: parsing=5983, documents=0

      at TelemetryCollector.flushMetrics (src/services/telemetry.ts:276:15)
          at Array.map (<anonymous>)

  console.log
    [TELEMETRY] Flushed old metrics. Current buffer sizes: parsing=5984, documents=0

      at TelemetryCollector.flushMetrics (src/services/telemetry.ts:276:15)
          at Array.map (<anonymous>)

  console.log
    [TELEMETRY] Flushed old metrics. Current buffer sizes: parsing=5985, documents=0

      at TelemetryCollector.flushMetrics (src/services/telemetry.ts:276:15)
          at Array.map (<anonymous>)

  console.log
    [TELEMETRY] Flushed old metrics. Current buffer sizes: parsing=5986, documents=0

      at TelemetryCollector.flushMetrics (src/services/telemetry.ts:276:15)
          at Array.map (<anonymous>)

  console.log
    [TELEMETRY] Flushed old metrics. Current buffer sizes: parsing=5987, documents=0

      at TelemetryCollector.flushMetrics (src/services/telemetry.ts:276:15)
          at Array.map (<anonymous>)

  console.log
    [TELEMETRY] Flushed old metrics. Current buffer sizes: parsing=5988, documents=0

      at TelemetryCollector.flushMetrics (src/services/telemetry.ts:276:15)
          at Array.map (<anonymous>)

  console.log
    [TELEMETRY] Flushed old metrics. Current buffer sizes: parsing=5989, documents=0

      at TelemetryCollector.flushMetrics (src/services/telemetry.ts:276:15)
          at Array.map (<anonymous>)

  console.log
    [TELEMETRY] Flushed old metrics. Current buffer sizes: parsing=5990, documents=0

      at TelemetryCollector.flushMetrics (src/services/telemetry.ts:276:15)
          at Array.map (<anonymous>)

  console.log
    [TELEMETRY] Flushed old metrics. Current buffer sizes: parsing=5991, documents=0

      at TelemetryCollector.flushMetrics (src/services/telemetry.ts:276:15)
          at Array.map (<anonymous>)

  console.log
    [TELEMETRY] Flushed old metrics. Current buffer sizes: parsing=5992, documents=0

      at TelemetryCollector.flushMetrics (src/services/telemetry.ts:276:15)
          at Array.map (<anonymous>)

  console.log
    [TELEMETRY] Flushed old metrics. Current buffer sizes: parsing=5993, documents=0

      at TelemetryCollector.flushMetrics (src/services/telemetry.ts:276:15)
          at Array.map (<anonymous>)

  console.log
    [TELEMETRY] Flushed old metrics. Current buffer sizes: parsing=5994, documents=0

      at TelemetryCollector.flushMetrics (src/services/telemetry.ts:276:15)
          at Array.map (<anonymous>)

  console.log
    [TELEMETRY] Flushed old metrics. Current buffer sizes: parsing=5995, documents=0

      at TelemetryCollector.flushMetrics (src/services/telemetry.ts:276:15)
          at Array.map (<anonymous>)

  console.log
    [TELEMETRY] Flushed old metrics. Current buffer sizes: parsing=5996, documents=0

      at TelemetryCollector.flushMetrics (src/services/telemetry.ts:276:15)
          at Array.map (<anonymous>)

  console.log
    [TELEMETRY] Flushed old metrics. Current buffer sizes: parsing=5997, documents=0

      at TelemetryCollector.flushMetrics (src/services/telemetry.ts:276:15)
          at Array.map (<anonymous>)

  console.log
    [TELEMETRY] Flushed old metrics. Current buffer sizes: parsing=5998, documents=0

      at TelemetryCollector.flushMetrics (src/services/telemetry.ts:276:15)
          at Array.map (<anonymous>)

  console.log
    [TELEMETRY] Flushed old metrics. Current buffer sizes: parsing=5999, documents=0

      at TelemetryCollector.flushMetrics (src/services/telemetry.ts:276:15)
          at Array.map (<anonymous>)

  console.log
    [TELEMETRY] Flushed old metrics. Current buffer sizes: parsing=6000, documents=0

      at TelemetryCollector.flushMetrics (src/services/telemetry.ts:276:15)
          at Array.map (<anonymous>)

  console.log
    [TELEMETRY] Flushed old metrics. Current buffer sizes: parsing=6001, documents=0

      at TelemetryCollector.flushMetrics (src/services/telemetry.ts:276:15)
          at Array.map (<anonymous>)

  console.log
    [TELEMETRY] Flushed old metrics. Current buffer sizes: parsing=6002, documents=0

      at TelemetryCollector.flushMetrics (src/services/telemetry.ts:276:15)
          at Array.map (<anonymous>)

  console.log
    [TELEMETRY] Flushed old metrics. Current buffer sizes: parsing=6003, documents=0

      at TelemetryCollector.flushMetrics (src/services/telemetry.ts:276:15)
          at Array.map (<anonymous>)

  console.log
    [TELEMETRY] Flushed old metrics. Current buffer sizes: parsing=6004, documents=0

      at TelemetryCollector.flushMetrics (src/services/telemetry.ts:276:15)
          at Array.map (<anonymous>)

  console.log
    [TELEMETRY] Flushed old metrics. Current buffer sizes: parsing=6005, documents=0

      at TelemetryCollector.flushMetrics (src/services/telemetry.ts:276:15)
          at Array.map (<anonymous>)

  console.log
    [TELEMETRY] Flushed old metrics. Current buffer sizes: parsing=6006, documents=0

      at TelemetryCollector.flushMetrics (src/services/telemetry.ts:276:15)
          at Array.map (<anonymous>)

  console.log
    [TELEMETRY] Flushed old metrics. Current buffer sizes: parsing=6007, documents=0

      at TelemetryCollector.flushMetrics (src/services/telemetry.ts:276:15)
          at Array.map (<anonymous>)

  console.log
    [TELEMETRY] Flushed old metrics. Current buffer sizes: parsing=6008, documents=0

      at TelemetryCollector.flushMetrics (src/services/telemetry.ts:276:15)
          at Array.map (<anonymous>)

  console.log
    [TELEMETRY] Flushed old metrics. Current buffer sizes: parsing=6009, documents=0

      at TelemetryCollector.flushMetrics (src/services/telemetry.ts:276:15)

  console.log
    [TELEMETRY] Flushed old metrics. Current buffer sizes: parsing=6010, documents=0

      at TelemetryCollector.flushMetrics (src/services/telemetry.ts:276:15)

  console.log
    [TELEMETRY] Flushed old metrics. Current buffer sizes: parsing=6011, documents=0

      at TelemetryCollector.flushMetrics (src/services/telemetry.ts:276:15)
          at Array.forEach (<anonymous>)

  console.log
    [TELEMETRY] Flushed old metrics. Current buffer sizes: parsing=6012, documents=0

      at TelemetryCollector.flushMetrics (src/services/telemetry.ts:276:15)
          at Array.forEach (<anonymous>)

  console.log
    [TELEMETRY] Flushed old metrics. Current buffer sizes: parsing=6013, documents=0

      at TelemetryCollector.flushMetrics (src/services/telemetry.ts:276:15)
          at Array.forEach (<anonymous>)

  console.log
    [TELEMETRY] Flushed old metrics. Current buffer sizes: parsing=6014, documents=0

      at TelemetryCollector.flushMetrics (src/services/telemetry.ts:276:15)
          at Array.forEach (<anonymous>)

  console.log
    Cache thrashing test: 117647 ops/sec

      at Object.<anonymous> (src/tests/unit/parsing/extreme-edge-cases-phase5.test.ts:528:13)

  console.log
    [TELEMETRY] Flushed old metrics. Current buffer sizes: parsing=6015, documents=0

      at TelemetryCollector.flushMetrics (src/services/telemetry.ts:276:15)

node.exe : FAIL src/tests/uni
t/parsing/extreme-edge-cases-
phase5.test.ts (6.448 s)
At line:1 char:1
+ & "C:\Program 
Files\nodejs/node.exe" 
"C:\Program 
Files\nodejs/node_mo ...
+ ~~~~~~~~~~~~~~~~~~~~~~~~~~~
~~~~~~~~~~~~~~~~~~~~~~~~~~~~~
~~~~~~~~~~~~~
    + CategoryInfo           
   : NotSpecified: (FAIL sr  
  c/tests/...st.ts (6.448    
 s):String) [], RemoteExc    
eption
    + FullyQualifiedErrorId  
   : NativeCommandError
 
  Phase 5: Extreme Edge 
Cases - Absolute Hardest 
Scenarios
    Psychological 
Manipulation Attempts
      ΓêÜ should handle 
guilt-trip and emotional 
manipulation (9 ms)
      ΓêÜ should handle 
authority impersonation (3 
ms)
      ΓêÜ should handle sob 
story with excessive detail 
(potential fraud) (7 ms)
    Linguistic Complexity - 
Near-Impossible Parsing
      ΓêÜ should handle 
double negatives and complex 
negation (2 ms)
      ΓêÜ should handle 
sarcasm and implied meaning 
(1 ms)
      ΓêÜ should handle 
passive voice and indirect 
references (1 ms)
      ΓêÜ should handle 
stream-of-consciousness 
rambling (1 ms)
      ├ù should handle 
legal/formal language 
obfuscation (2 ms)
    Numerical Complexity - 
Format Confusion
      ├ù should handle 
scientific notation and 
engineering numbers (5 ms)
      ├ù should handle roman 
numerals (1 ms)
      ├ù should handle 
spelled-out complex numbers
      ΓêÜ should handle 
mixed format in single 
expression (1 ms)
      ΓêÜ should handle 
currency conversion 
expressions (1 ms)
      ΓêÜ should reject 
amounts that are clearly 
errors
    Cultural and 
Multilingual Challenges
      ΓêÜ should handle 
non-English name patterns (3 
ms)
      ├ù should handle 
code-switching between 
languages (4 ms)
      ΓêÜ should handle 
transliterated names (7 ms)
      ├ù should handle 
culturally-specific naming 
patterns (1 ms)
    Semantic Paradoxes and 
Logical Inconsistencies
      ├ù should handle 
circular references (1 ms)
      ΓêÜ should handle 
paradoxical statements
      ├ù should handle 
ambiguous pronoun resolution 
(1 ms)
    Real-World Chaotic 
Scenarios
      ├ù should handle 
drunk/intoxicated speech 
patterns (1 ms)
      ├ù should handle 
extreme emotional distress 
(crying, shouting) (1 ms)
      ├ù should handle 
medical emergency with 
confusion (2 ms)
      ΓêÜ should handle 
multiple speakers in one 
transcript
      ΓêÜ should handle poor 
phone connection simulation
    Adversarial Input - 
Designed to Break Regex
      ΓêÜ should handle 
regex special characters (1 
ms)
      ΓêÜ should handle 
extremely long repeated 
patterns (1 ms)
      ΓêÜ should handle 
nested patterns that could 
cause backtracking
      ΓêÜ should handle 
alternating patterns (1 ms)
    Boundary Condition 
Testing
      ΓêÜ should handle 
zero-length matches
      ΓêÜ should handle 
single character input
      ΓêÜ should handle 
maximum length input (1 ms)
      ΓêÜ should handle all 
whitespace input (1 ms)
      ΓêÜ should handle all 
special characters
    Memory and Resource 
Management
      ├ù should handle rapid 
fire extractions without 
memory leak (4354 ms)
      ├ù should handle 
concurrent-like processing 
(1157 ms)
    Quality Score Validation 
Under Stress
      ΓêÜ should provide 
reasonable quality scores 
for chaotic input (3 ms)
      ΓêÜ should provide 
high quality scores for 
clean input (2 ms)
  Phase 5: Pathological 
Performance Cases
    ΓêÜ should handle 
worst-case regex patterns 
efficiently (7 ms)
    ΓêÜ should maintain 
performance with cache 
thrashing (90 ms)
  Phase 5: Total Chaos 
Integration Test
    ├ù should survive 
complete chaos scenario (5 
ms)

  ΓùÅ Phase 5: Extreme Edge 
Cases - Absolute Hardest 
Scenarios ΓÇ║ Linguistic 
Complexity - Near-Impossible 
Parsing ΓÇ║ should handle 
legal/formal language 
obfuscation

    expect(received).toContai
n(expected) // indexOf

    Matcher error: received 
value must not be null nor 
undefined

    Received has value: null

    [0m [90m 115 |[39m    
   
     [90m 116 |[39m       
[36mconst[39m name 
[33m=[39m extractNameWithCo
nfidence(legalese)[33m;[39m
    
[31m[1m>[22m[39m[90m 
117 |[39m       expect(name
[33m.[39mvalue)[33m.[39mto
Contain([32m"Sarah"[39m)[3
3m;[39m
     [90m     |[39m        
                  
[31m[1m^[22m[39m
     [90m 118 |[39m       e
xpect(name[33m.[39mvalue)[
33m.[39mtoContain([32m"Thom
pson"[39m)[33m;[39m
     [90m 119 |[39m       
     [90m 120 |[39m       
[36mconst[39m amount 
[33m=[39m extractGoalAmount
WithConfidence(legalese)[33m
;[39m[0m

      at Object.<anonymous> (
src/tests/unit/parsing/extrem
e-edge-cases-phase5.test.ts:1
17:26)

  ΓùÅ Phase 5: Extreme Edge 
Cases - Absolute Hardest 
Scenarios ΓÇ║ Numerical 
Complexity - Format 
Confusion ΓÇ║ should handle 
scientific notation and 
engineering numbers

    expect(received).toBe(exp
ected) // Object.is equality

    Expected: 5000
    Received: null

    [0m [90m 125 |[39m   
describe([32m'Numerical 
Complexity - Format 
Confusion'[39m[33m,[39m 
() [33m=>[39m {
     [90m 126 |[39m     
test([32m'should handle 
scientific notation and 
engineering 
numbers'[39m[33m,[39m () 
[33m=>[39m {
    
[31m[1m>[22m[39m[90m 
127 |[39m       expect(extra
ctGoalAmount([32m"I need 
5e3 dollars"[39m))[33m.[39
mtoBe([35m5000[39m)[33m;[
39m
     [90m     |[39m        
                             
                  
[31m[1m^[22m[39m
     [90m 128 |[39m       e
xpect(extractGoalAmount([32m
"Looking for 2.5E3 in funding
"[39m))[33m.[39mtoBe([35m
2500[39m)[33m;[39m
     [90m 129 |[39m       e
xpect(extractGoalAmount([32m
"Need 1.5 * 10^3 dollars"[39
m))[33m.[39mtoBeGreaterThan
([35m1000[39m)[33m;[39m
     [90m 130 |[39m     
})[33m;[39m[0m

      at Object.<anonymous> (
src/tests/unit/parsing/extrem
e-edge-cases-phase5.test.ts:1
27:55)

  ΓùÅ Phase 5: Extreme Edge 
Cases - Absolute Hardest 
Scenarios ΓÇ║ Numerical 
Complexity - Format 
Confusion ΓÇ║ should handle 
roman numerals

    expect(received).toBe(exp
ected) // Object.is equality

    Expected: 5000
    Received: null

    [0m [90m 131 |[39m    
 
     [90m 132 |[39m     
test([32m'should handle 
roman 
numerals'[39m[33m,[39m () 
[33m=>[39m {
    
[31m[1m>[22m[39m[90m 
133 |[39m       expect(extra
ctGoalAmount([32m"I need V 
thousand dollars"[39m))[33m
.[39mtoBe([35m5000[39m)[3
3m;[39m
     [90m     |[39m        
                             
                         
[31m[1m^[22m[39m
     [90m 134 |[39m       e
xpect(extractGoalAmount([32m
"Need about III thousand 
five hundred"[39m))[33m.[3
9mtoBeGreaterThan([35m3000[
39m)[33m;[39m
     [90m 135 |[39m     
})[33m;[39m
     [90m 136 |[39m     
[0m

      at Object.<anonymous> (
src/tests/unit/parsing/extrem
e-edge-cases-phase5.test.ts:1
33:62)

  ΓùÅ Phase 5: Extreme Edge 
Cases - Absolute Hardest 
Scenarios ΓÇ║ Numerical 
Complexity - Format 
Confusion ΓÇ║ should handle 
spelled-out complex numbers

    expect(received).toBe(exp
ected) // Object.is equality

    Expected: 2347
    Received: 2340

    [0m [90m 136 |[39m    
 
     [90m 137 |[39m     
test([32m'should handle 
spelled-out complex 
numbers'[39m[33m,[39m () 
[33m=>[39m {
    
[31m[1m>[22m[39m[90m 
138 |[39m       expect(extra
ctGoalAmount([32m"I need 
two thousand three hundred 
forty-seven dollars"[39m))[
33m.[39mtoBe([35m2347[39m)
[33m;[39m
     [90m     |[39m        
                             
                             
                        
[31m[1m^[22m[39m
     [90m 139 |[39m       e
xpect(extractGoalAmount([32m
"Need seven thousand eight 
hundred and ninety-two"[39m)
)[33m.[39mtoBe([35m7892[3
9m)[33m;[39m
     [90m 140 |[39m       e
xpect(extractGoalAmount([32m
"Looking for twelve thousand 
six hundred fifty-three 
point twenty-nine"[39m))[33
m.[39mtoBeGreaterThan([35m1
2600[39m)[33m;[39m
     [90m 141 |[39m     
})[33m;[39m[0m

      at Object.<anonymous> (
src/tests/unit/parsing/extrem
e-edge-cases-phase5.test.ts:1
38:90)

  ΓùÅ Phase 5: Extreme Edge 
Cases - Absolute Hardest 
Scenarios ΓÇ║ Cultural and 
Multilingual Challenges ΓÇ║ 
should handle code-switching 
between languages

    expect(received).toContai
n(expected) // indexOf

    Matcher error: received 
value must not be null nor 
undefined

    Received has value: null

    [0m [90m 191 |[39m    
   [36mconst[39m result1 
[33m=[39m extractAllWithTel
emetry(codeSwitch1)[33m;[39
m
     [90m 192 |[39m       
    
[31m[1m>[22m[39m[90m 
193 |[39m       expect(resul
t1[33m.[39mresults[33m.[3
9mname[33m.[39mvalue)[33m.
[39mtoContain([32m"Mar├¡a"
[39m)[33m;[39m
     [90m     |[39m        
                             
     [31m[1m^[22m[39m
     [90m 194 |[39m       e
xpect(result1[33m.[39mresul
ts[33m.[39mamount[33m.[39
mvalue)[33m.[39mtoBe([35m3
000[39m)[33m;[39m
     [90m 195 |[39m       
     [90m 196 |[39m       
[36mconst[39m codeSwitch2 
[33m=[39m [32m"Je 
m'appelle Pierre et I need 
$5,000 for mon 
family"[39m[33m;[39m[0m

      at Object.<anonymous> (
src/tests/unit/parsing/extrem
e-edge-cases-phase5.test.ts:1
93:42)

  ΓùÅ Phase 5: Extreme Edge 
Cases - Absolute Hardest 
Scenarios ΓÇ║ Cultural and 
Multilingual Challenges ΓÇ║ 
should handle 
culturally-specific naming 
patterns

    
expect(received).toBeTruthy()

    Received: null

    [0m [90m 223 |[39m    
   [90m// Matronymic 
(Icelandic style)[39m
     [90m 224 |[39m       
[36mconst[39m matronymic 
[33m=[39m [32m"I'm J├│n 
Einarsson"[39m[33m;[39m
    
[31m[1m>[22m[39m[90m 
225 |[39m       expect(extra
ctNameWithConfidence(matronym
ic)[33m.[39mvalue)[33m.[3
9mtoBeTruthy()[33m;[39m
     [90m     |[39m        
                             
                      
[31m[1m^[22m[39m
     [90m 226 |[39m       
     [90m 227 |[39m       
[90m// Single name 
(Indonesian style)[39m
     [90m 228 |[39m       
[36mconst[39m singleName 
[33m=[39m [32m"My name is 
Suharto"[39m[33m;[39m[0m

      at Object.<anonymous> (
src/tests/unit/parsing/extrem
e-edge-cases-phase5.test.ts:2
25:59)

  ΓùÅ Phase 5: Extreme Edge 
Cases - Absolute Hardest 
Scenarios ΓÇ║ Semantic 
Paradoxes and Logical 
Inconsistencies ΓÇ║ should 
handle circular references

    expect(received).toBeGrea
terThan(expected)

    Expected: > 3000
    Received:   3000

    [0m [90m 241 |[39m    
   [90m// Should extract 
something even if confidence 
is low[39m
     [90m 242 |[39m       e
xpect(results[33m.[39mresul
ts[33m.[39mname[33m.[39mv
alue)[33m.[39mtoBeTruthy()
[33m;[39m
    
[31m[1m>[22m[39m[90m 
243 |[39m       expect(resul
ts[33m.[39mresults[33m.[3
9mamount[33m.[39mvalue)[33
m.[39mtoBeGreaterThan([35m3
000[39m)[33m;[39m
     [90m     |[39m        
                             
       [31m[1m^[22m[39m
     [90m 244 |[39m       e
xpect(results[33m.[39mresul
ts[33m.[39mamount[33m.[39
mvalue)[33m.[39mtoBeLessTha
n([35m4500[39m)[33m;[39m
     [90m 245 |[39m     
})[33m;[39m
     [90m 246 |[39m     
[0m

      at Object.<anonymous> (
src/tests/unit/parsing/extrem
e-edge-cases-phase5.test.ts:2
43:44)

  ΓùÅ Phase 5: Extreme Edge 
Cases - Absolute Hardest 
Scenarios ΓÇ║ Semantic 
Paradoxes and Logical 
Inconsistencies ΓÇ║ should 
handle ambiguous pronoun 
resolution

    TypeError: Cannot read 
properties of null (reading 
'split')

    [0m [90m 263 |[39m    
   
     [90m 264 |[39m       
[90m// Can't definitively 
determine who "she" refers 
to[39m
    
[31m[1m>[22m[39m[90m 
265 |[39m       expect([[32
m'Sarah'[39m[33m,[39m [32
m'Jennifer'[39m])[33m.[39m
toContain(name[33m.[39mvalu
e[33m.[39msplit([32m' '[3
9m)[[35m0[39m])[33m;[39m
     [90m     |[39m        
                             
                     
[31m[1m^[22m[39m
     [90m 266 |[39m       e
xpect(relationship)[33m.[39
mtoBe([32m'family_member'[3
9m)[33m;[39m
     [90m 267 |[39m     
})[33m;[39m
     [90m 268 |[39m   
})[33m;[39m[0m

      at Object.<anonymous> (
src/tests/unit/parsing/extrem
e-edge-cases-phase5.test.ts:2
65:58)

  ΓùÅ Phase 5: Extreme Edge 
Cases - Absolute Hardest 
Scenarios ΓÇ║ Real-World 
Chaotic Scenarios ΓÇ║ should 
handle drunk/intoxicated 
speech patterns

    expect(received).toContai
n(expected) // indexOf

    Matcher error: received 
value must not be null nor 
undefined

    Received has value: null

    [0m [90m 273 |[39m    
   
     [90m 274 |[39m       
[36mconst[39m name 
[33m=[39m extractNameWithCo
nfidence(drunk)[33m;[39m
    
[31m[1m>[22m[39m[90m 
275 |[39m       expect(name
[33m.[39mvalue)[33m.[39mto
Contain([32m"Sarah"[39m)[3
3m;[39m
     [90m     |[39m        
                  
[31m[1m^[22m[39m
     [90m 276 |[39m       
     [90m 277 |[39m       
[36mconst[39m amount 
[33m=[39m extractGoalAmount
WithConfidence(drunk)[33m;[
39m
     [90m 278 |[39m       e
xpect(amount[33m.[39mvalue)
[33m.[39mtoBe([35m2000[39
m)[33m;[39m[0m

      at Object.<anonymous> (
src/tests/unit/parsing/extrem
e-edge-cases-phase5.test.ts:2
75:26)

  ΓùÅ Phase 5: Extreme Edge 
Cases - Absolute Hardest 
Scenarios ΓÇ║ Real-World 
Chaotic Scenarios ΓÇ║ should 
handle extreme emotional 
distress (crying, shouting)

    expect(received).toContai
n(expected) // indexOf

    Matcher error: received 
value must not be null nor 
undefined

    Received has value: null

    [0m [90m 283 |[39m    
   
     [90m 284 |[39m       
[36mconst[39m name 
[33m=[39m extractNameWithCo
nfidence(distressed)[33m;[3
9m
    
[31m[1m>[22m[39m[90m 
285 |[39m       expect(name
[33m.[39mvalue)[33m.[39mto
Contain([32m"SARAH"[39m)[3
3m;[39m
     [90m     |[39m        
                  
[31m[1m^[22m[39m
     [90m 286 |[39m       
     [90m 287 |[39m       
[36mconst[39m amount 
[33m=[39m extractGoalAmount
WithConfidence(distressed)[3
3m;[39m
     [90m 288 |[39m       e
xpect(amount[33m.[39mvalue)
[33m.[39mtoBe([35m5000[39
m)[33m;[39m[0m

      at Object.<anonymous> (
src/tests/unit/parsing/extrem
e-edge-cases-phase5.test.ts:2
85:26)

  ΓùÅ Phase 5: Extreme Edge 
Cases - Absolute Hardest 
Scenarios ΓÇ║ Real-World 
Chaotic Scenarios ΓÇ║ should 
handle medical emergency 
with confusion

    
expect(received).toBeTruthy()

    Received: null

    [0m [90m 298 |[39m    
   
     [90m 299 |[39m       
[90m// Should extract 
despite chaos[39m
    
[31m[1m>[22m[39m[90m 
300 |[39m       expect(resul
ts[33m.[39mresults[33m.[3
9mname[33m.[39mvalue)[33m.
[39mtoBeTruthy()[33m;[39m
     [90m     |[39m        
                             
     [31m[1m^[22m[39m
     [90m 301 |[39m       e
xpect(results[33m.[39mresul
ts[33m.[39mamount[33m.[39
mvalue)[33m.[39mtoBeGreater
Than([35m2500[39m)[33m;[3
9m
     [90m 302 |[39m       e
xpect(results[33m.[39mresul
ts[33m.[39murgency)[33m.[
39mtoBe([32m'CRITICAL'[39m)
[33m;[39m
     [90m 303 |[39m     
})[33m;[39m[0m

      at Object.<anonymous> (
src/tests/unit/parsing/extrem
e-edge-cases-phase5.test.ts:3
00:42)

  ΓùÅ Phase 5: Extreme Edge 
Cases - Absolute Hardest 
Scenarios ΓÇ║ Memory and 
Resource Management ΓÇ║ 
should handle rapid fire 
extractions without memory 
leak

    expect(received).toBeLess
Than(expected)

    Expected: < 52428800
    Received:   94644184

    [0m [90m 429 |[39m    
   
     [90m 430 |[39m       
[90m// Memory increase 
should be reasonable (less 
than 50MB)[39m
    
[31m[1m>[22m[39m[90m 
431 |[39m       expect(memor
yIncrease)[33m.[39mtoBeLess
Than([35m50[39m 
[33m*[39m [35m1024[39m 
[33m*[39m 
[35m1024[39m)[33m;[39m
     [90m     |[39m        
                      
[31m[1m^[22m[39m
     [90m 432 |[39m     
})[33m;[39m
     [90m 433 |[39m     
     [90m 434 |[39m     
test([32m'should handle 
concurrent-like 
processing'[39m[33m,[39m 
() [33m=>[39m {[0m

      at Object.<anonymous> (
src/tests/unit/parsing/extrem
e-edge-cases-phase5.test.ts:4
31:30)

  ΓùÅ Phase 5: Extreme Edge 
Cases - Absolute Hardest 
Scenarios ΓÇ║ Memory and 
Resource Management ΓÇ║ 
should handle 
concurrent-like processing

    expect(received).toBeLess
Than(expected)

    Expected: < 1000
    Received:   1157

    [0m [90m 444 |[39m    
   
     [90m 445 |[39m       
[90m// Should process 1000 
transcripts quickly[39m
    
[31m[1m>[22m[39m[90m 
446 |[39m       expect(time)
[33m.[39mtoBeLessThan([35m
1000[39m)[33m;[39m 
[90m// <1 second[39m
     [90m     |[39m        
            
[31m[1m^[22m[39m
     [90m 447 |[39m       e
xpect(results)[33m.[39mtoHa
veLength([35m1000[39m)[33m
;[39m
     [90m 448 |[39m       
     [90m 449 |[39m       
[90m// All should 
succeed[39m[0m

      at Object.<anonymous> (
src/tests/unit/parsing/extrem
e-edge-cases-phase5.test.ts:4
46:20)

  ΓùÅ Phase 5: Total Chaos 
Integration Test ΓÇ║ should 
survive complete chaos 
scenario

    expect(received).toContai
n(expected) // indexOf

    Expected substring: 
"Sarah"
    Received string:    
"only asking for"

    [0m [90m 563 |[39m    
 
     [90m 564 |[39m     
[90m// Should extract 
something reasonable despite 
chaos[39m
    
[31m[1m>[22m[39m[90m 
565 |[39m     expect(results
[33m.[39mresults[33m.[39m
name[33m.[39mvalue)[33m.[
39mtoContain([32m"Sarah"[39
m)[33m;[39m
     [90m     |[39m        
                             
   [31m[1m^[22m[39m
     [90m 566 |[39m     exp
ect(results[33m.[39mresults
[33m.[39mamount[33m.[39mv
alue)[33m.[39mtoBeGreaterTh
an([35m4500[39m)[33m;[39m
     [90m 567 |[39m     exp
ect(results[33m.[39mresults
[33m.[39mamount[33m.[39mv
alue)[33m.[39mtoBeLessThan(
[35m6000[39m)[33m;[39m
     [90m 568 |[39m     
[0m

      at Object.<anonymous> (
src/tests/unit/parsing/extrem
e-edge-cases-phase5.test.ts:5
65:40)

Test Suites: 1 failed, 1 
total
Tests:       14 failed, 28 
passed, 42 total
Snapshots:   0 total
Time:        6.959 s, 
estimated 7 s
Ran all test suites matching 
/extreme-edge-cases-phase5.te
st.ts/i.
Force exiting Jest: Have you 
considered using 
`--detectOpenHandles` to 
detect async operations that 
kept running after all tests 
finished?
npm error Lifecycle script 
`test` failed with error:
npm error code 1
npm error path C:\Users\richl
\Care2system\backend
npm error workspace 
careconnect-backend@1.0.0
npm error location C:\Users\r
ichl\Care2system\backend
npm error command failed
npm error command 
C:\windows\system32\cmd.exe 
/d /s /c jest extreme-edge-ca
ses-phase5.test.ts 
--forceExit 
--testTimeout=120000
